[0.836s] DEBUG:colcon:Command line arguments: ['/usr/bin/colcon', 'build', '--symlink-install']
[0.836s] DEBUG:colcon:Parsed command line arguments: Namespace(log_base=None, log_level=None, verb_name='build', build_base='build', install_base='install', merge_install=False, symlink_install=True, test_result_base=None, continue_on_error=False, executor='parallel', parallel_workers=16, event_handlers=None, ignore_user_meta=False, metas=['./colcon.meta'], base_paths=['.'], packages_ignore=None, packages_ignore_regex=None, paths=None, packages_up_to=None, packages_up_to_regex=None, packages_above=None, packages_above_and_dependencies=None, packages_above_depth=None, packages_select_by_dep=None, packages_skip_by_dep=None, packages_skip_up_to=None, packages_select_build_failed=False, packages_skip_build_finished=False, packages_select_test_failures=False, packages_skip_test_passed=False, packages_select=None, packages_skip=None, packages_select_regex=None, packages_skip_regex=None, packages_start=None, packages_end=None, allow_overriding=[], cmake_args=None, cmake_target=None, cmake_target_skip_unavailable=False, cmake_clean_cache=False, cmake_clean_first=False, cmake_force_configure=False, ament_cmake_args=None, catkin_cmake_args=None, catkin_skip_building_tests=False, verb_parser=<colcon_defaults.argument_parser.defaults.DefaultArgumentsDecorator object at 0x745905fdea40>, verb_extension=<colcon_core.verb.build.BuildVerb object at 0x745906167e80>, main=<bound method BuildVerb.main of <colcon_core.verb.build.BuildVerb object at 0x745906167e80>>)
[1.270s] Level 1:colcon.colcon_core.package_discovery:discover_packages(colcon_meta) check parameters
[1.270s] Level 1:colcon.colcon_core.package_discovery:discover_packages(recursive) check parameters
[1.270s] Level 1:colcon.colcon_core.package_discovery:discover_packages(ignore) check parameters
[1.270s] Level 1:colcon.colcon_core.package_discovery:discover_packages(path) check parameters
[1.270s] Level 1:colcon.colcon_core.package_discovery:discover_packages(colcon_meta) discover
[1.271s] Level 1:colcon.colcon_core.package_discovery:discover_packages(recursive) discover
[1.271s] INFO:colcon.colcon_core.package_discovery:Crawling recursively for packages in '/home/chino/uvix_ws'
[1.271s] Level 1:colcon.colcon_core.package_identification:_identify(.) by extensions ['ignore', 'ignore_ament_install']
[1.271s] Level 1:colcon.colcon_core.package_identification:_identify(.) by extension 'ignore'
[1.272s] Level 1:colcon.colcon_core.package_identification:_identify(.) by extension 'ignore_ament_install'
[1.272s] Level 1:colcon.colcon_core.package_identification:_identify(.) by extensions ['colcon_pkg']
[1.272s] Level 1:colcon.colcon_core.package_identification:_identify(.) by extension 'colcon_pkg'
[1.272s] Level 1:colcon.colcon_core.package_identification:_identify(.) by extensions ['colcon_meta']
[1.272s] Level 1:colcon.colcon_core.package_identification:_identify(.) by extension 'colcon_meta'
[1.272s] Level 1:colcon.colcon_core.package_identification:_identify(.) by extensions ['ros']
[1.272s] Level 1:colcon.colcon_core.package_identification:_identify(.) by extension 'ros'
[1.297s] Level 1:colcon.colcon_core.package_identification:_identify(.) by extensions ['cmake', 'python']
[1.297s] Level 1:colcon.colcon_core.package_identification:_identify(.) by extension 'cmake'
[1.297s] Level 1:colcon.colcon_core.package_identification:_identify(.) by extension 'python'
[1.298s] Level 1:colcon.colcon_core.package_identification:_identify(.) by extensions ['python_setup_py']
[1.298s] Level 1:colcon.colcon_core.package_identification:_identify(.) by extension 'python_setup_py'
[1.298s] Level 1:colcon.colcon_core.package_identification:_identify(build) by extensions ['ignore', 'ignore_ament_install']
[1.298s] Level 1:colcon.colcon_core.package_identification:_identify(build) by extension 'ignore'
[1.298s] Level 1:colcon.colcon_core.package_identification:_identify(build) ignored
[1.299s] Level 1:colcon.colcon_core.package_identification:_identify(install) by extensions ['ignore', 'ignore_ament_install']
[1.299s] Level 1:colcon.colcon_core.package_identification:_identify(install) by extension 'ignore'
[1.299s] Level 1:colcon.colcon_core.package_identification:_identify(install) ignored
[1.299s] Level 1:colcon.colcon_core.package_identification:_identify(log) by extensions ['ignore', 'ignore_ament_install']
[1.300s] Level 1:colcon.colcon_core.package_identification:_identify(log) by extension 'ignore'
[1.300s] Level 1:colcon.colcon_core.package_identification:_identify(log) ignored
[1.300s] Level 1:colcon.colcon_core.package_identification:_identify(src) by extensions ['ignore', 'ignore_ament_install']
[1.300s] Level 1:colcon.colcon_core.package_identification:_identify(src) by extension 'ignore'
[1.300s] Level 1:colcon.colcon_core.package_identification:_identify(src) by extension 'ignore_ament_install'
[1.301s] Level 1:colcon.colcon_core.package_identification:_identify(src) by extensions ['colcon_pkg']
[1.301s] Level 1:colcon.colcon_core.package_identification:_identify(src) by extension 'colcon_pkg'
[1.301s] Level 1:colcon.colcon_core.package_identification:_identify(src) by extensions ['colcon_meta']
[1.301s] Level 1:colcon.colcon_core.package_identification:_identify(src) by extension 'colcon_meta'
[1.301s] Level 1:colcon.colcon_core.package_identification:_identify(src) by extensions ['ros']
[1.302s] Level 1:colcon.colcon_core.package_identification:_identify(src) by extension 'ros'
[1.302s] Level 1:colcon.colcon_core.package_identification:_identify(src) by extensions ['cmake', 'python']
[1.302s] Level 1:colcon.colcon_core.package_identification:_identify(src) by extension 'cmake'
[1.302s] Level 1:colcon.colcon_core.package_identification:_identify(src) by extension 'python'
[1.302s] Level 1:colcon.colcon_core.package_identification:_identify(src) by extensions ['python_setup_py']
[1.303s] Level 1:colcon.colcon_core.package_identification:_identify(src) by extension 'python_setup_py'
[1.303s] Level 1:colcon.colcon_core.package_identification:_identify(src/Uvix_sim) by extensions ['ignore', 'ignore_ament_install']
[1.303s] Level 1:colcon.colcon_core.package_identification:_identify(src/Uvix_sim) by extension 'ignore'
[1.303s] Level 1:colcon.colcon_core.package_identification:_identify(src/Uvix_sim) by extension 'ignore_ament_install'
[1.303s] Level 1:colcon.colcon_core.package_identification:_identify(src/Uvix_sim) by extensions ['colcon_pkg']
[1.304s] Level 1:colcon.colcon_core.package_identification:_identify(src/Uvix_sim) by extension 'colcon_pkg'
[1.304s] Level 1:colcon.colcon_core.package_identification:_identify(src/Uvix_sim) by extensions ['colcon_meta']
[1.304s] Level 1:colcon.colcon_core.package_identification:_identify(src/Uvix_sim) by extension 'colcon_meta'
[1.304s] Level 1:colcon.colcon_core.package_identification:_identify(src/Uvix_sim) by extensions ['ros']
[1.304s] Level 1:colcon.colcon_core.package_identification:_identify(src/Uvix_sim) by extension 'ros'
[1.311s] DEBUG:colcon.colcon_core.package_identification:Package 'src/Uvix_sim' with type 'ros.ament_python' and name 'Uvix_sim'
[1.312s] Level 1:colcon.colcon_core.package_identification:_identify(src/bobert_sim) by extensions ['ignore', 'ignore_ament_install']
[1.312s] Level 1:colcon.colcon_core.package_identification:_identify(src/bobert_sim) by extension 'ignore'
[1.313s] Level 1:colcon.colcon_core.package_identification:_identify(src/bobert_sim) by extension 'ignore_ament_install'
[1.313s] Level 1:colcon.colcon_core.package_identification:_identify(src/bobert_sim) by extensions ['colcon_pkg']
[1.313s] Level 1:colcon.colcon_core.package_identification:_identify(src/bobert_sim) by extension 'colcon_pkg'
[1.313s] Level 1:colcon.colcon_core.package_identification:_identify(src/bobert_sim) by extensions ['colcon_meta']
[1.313s] Level 1:colcon.colcon_core.package_identification:_identify(src/bobert_sim) by extension 'colcon_meta'
[1.313s] Level 1:colcon.colcon_core.package_identification:_identify(src/bobert_sim) by extensions ['ros']
[1.313s] Level 1:colcon.colcon_core.package_identification:_identify(src/bobert_sim) by extension 'ros'
[1.329s] DEBUG:colcon.colcon_core.package_identification:Package 'src/bobert_sim' with type 'ros.ament_python' and name 'bobert_sim'
[1.329s] Level 1:colcon.colcon_core.package_identification:_identify(src/joy_bridge) by extensions ['ignore', 'ignore_ament_install']
[1.329s] Level 1:colcon.colcon_core.package_identification:_identify(src/joy_bridge) by extension 'ignore'
[1.330s] Level 1:colcon.colcon_core.package_identification:_identify(src/joy_bridge) by extension 'ignore_ament_install'
[1.330s] Level 1:colcon.colcon_core.package_identification:_identify(src/joy_bridge) by extensions ['colcon_pkg']
[1.330s] Level 1:colcon.colcon_core.package_identification:_identify(src/joy_bridge) by extension 'colcon_pkg'
[1.330s] Level 1:colcon.colcon_core.package_identification:_identify(src/joy_bridge) by extensions ['colcon_meta']
[1.330s] Level 1:colcon.colcon_core.package_identification:_identify(src/joy_bridge) by extension 'colcon_meta'
[1.330s] Level 1:colcon.colcon_core.package_identification:_identify(src/joy_bridge) by extensions ['ros']
[1.330s] Level 1:colcon.colcon_core.package_identification:_identify(src/joy_bridge) by extension 'ros'
[1.332s] DEBUG:colcon.colcon_core.package_identification:Package 'src/joy_bridge' with type 'ros.ament_python' and name 'joy_bridge'
[1.332s] Level 1:colcon.colcon_core.package_discovery:discover_packages(recursive) using defaults
[1.332s] Level 1:colcon.colcon_core.package_discovery:discover_packages(ignore) discover
[1.333s] Level 1:colcon.colcon_core.package_discovery:discover_packages(ignore) using defaults
[1.333s] Level 1:colcon.colcon_core.package_discovery:discover_packages(path) discover
[1.333s] Level 1:colcon.colcon_core.package_discovery:discover_packages(path) using defaults
[1.386s] Level 1:colcon.colcon_core.package_discovery:discover_packages(prefix_path) check parameters
[1.387s] Level 1:colcon.colcon_core.package_discovery:discover_packages(prefix_path) discover
[1.393s] WARNING:colcon.colcon_ros.prefix_path.ament:The path '/home/chino/uvix_ws/install/joy_bridge' in the environment variable AMENT_PREFIX_PATH doesn't exist
[1.393s] WARNING:colcon.colcon_ros.prefix_path.ament:The path '/home/chino/uvix_ws/install/bobert_sim' in the environment variable AMENT_PREFIX_PATH doesn't exist
[1.393s] WARNING:colcon.colcon_ros.prefix_path.ament:The path '/home/chino/uvix_ws/install/Uvix_sim' in the environment variable AMENT_PREFIX_PATH doesn't exist
[1.397s] DEBUG:colcon.colcon_installed_package_information.package_discovery:Found 0 installed packages in /home/chino/uvix_ws/install
[1.402s] DEBUG:colcon.colcon_installed_package_information.package_discovery:Found 499 installed packages in /opt/ros/humble
[1.407s] Level 1:colcon.colcon_core.package_discovery:discover_packages(prefix_path) using defaults
[1.536s] Level 5:colcon.colcon_core.verb:set package 'Uvix_sim' build argument 'cmake_args' from command line to 'None'
[1.537s] Level 5:colcon.colcon_core.verb:set package 'Uvix_sim' build argument 'cmake_target' from command line to 'None'
[1.537s] Level 5:colcon.colcon_core.verb:set package 'Uvix_sim' build argument 'cmake_target_skip_unavailable' from command line to 'False'
[1.537s] Level 5:colcon.colcon_core.verb:set package 'Uvix_sim' build argument 'cmake_clean_cache' from command line to 'False'
[1.537s] Level 5:colcon.colcon_core.verb:set package 'Uvix_sim' build argument 'cmake_clean_first' from command line to 'False'
[1.537s] Level 5:colcon.colcon_core.verb:set package 'Uvix_sim' build argument 'cmake_force_configure' from command line to 'False'
[1.537s] Level 5:colcon.colcon_core.verb:set package 'Uvix_sim' build argument 'ament_cmake_args' from command line to 'None'
[1.537s] Level 5:colcon.colcon_core.verb:set package 'Uvix_sim' build argument 'catkin_cmake_args' from command line to 'None'
[1.537s] Level 5:colcon.colcon_core.verb:set package 'Uvix_sim' build argument 'catkin_skip_building_tests' from command line to 'False'
[1.537s] DEBUG:colcon.colcon_core.verb:Building package 'Uvix_sim' with the following arguments: {'ament_cmake_args': None, 'build_base': '/home/chino/uvix_ws/build/Uvix_sim', 'catkin_cmake_args': None, 'catkin_skip_building_tests': False, 'cmake_args': None, 'cmake_clean_cache': False, 'cmake_clean_first': False, 'cmake_force_configure': False, 'cmake_target': None, 'cmake_target_skip_unavailable': False, 'install_base': '/home/chino/uvix_ws/install/Uvix_sim', 'merge_install': False, 'path': '/home/chino/uvix_ws/src/Uvix_sim', 'symlink_install': True, 'test_result_base': None}
[1.538s] Level 5:colcon.colcon_core.verb:set package 'bobert_sim' build argument 'cmake_args' from command line to 'None'
[1.538s] Level 5:colcon.colcon_core.verb:set package 'bobert_sim' build argument 'cmake_target' from command line to 'None'
[1.538s] Level 5:colcon.colcon_core.verb:set package 'bobert_sim' build argument 'cmake_target_skip_unavailable' from command line to 'False'
[1.538s] Level 5:colcon.colcon_core.verb:set package 'bobert_sim' build argument 'cmake_clean_cache' from command line to 'False'
[1.538s] Level 5:colcon.colcon_core.verb:set package 'bobert_sim' build argument 'cmake_clean_first' from command line to 'False'
[1.538s] Level 5:colcon.colcon_core.verb:set package 'bobert_sim' build argument 'cmake_force_configure' from command line to 'False'
[1.538s] Level 5:colcon.colcon_core.verb:set package 'bobert_sim' build argument 'ament_cmake_args' from command line to 'None'
[1.538s] Level 5:colcon.colcon_core.verb:set package 'bobert_sim' build argument 'catkin_cmake_args' from command line to 'None'
[1.539s] Level 5:colcon.colcon_core.verb:set package 'bobert_sim' build argument 'catkin_skip_building_tests' from command line to 'False'
[1.539s] DEBUG:colcon.colcon_core.verb:Building package 'bobert_sim' with the following arguments: {'ament_cmake_args': None, 'build_base': '/home/chino/uvix_ws/build/bobert_sim', 'catkin_cmake_args': None, 'catkin_skip_building_tests': False, 'cmake_args': None, 'cmake_clean_cache': False, 'cmake_clean_first': False, 'cmake_force_configure': False, 'cmake_target': None, 'cmake_target_skip_unavailable': False, 'install_base': '/home/chino/uvix_ws/install/bobert_sim', 'merge_install': False, 'path': '/home/chino/uvix_ws/src/bobert_sim', 'symlink_install': True, 'test_result_base': None}
[1.539s] Level 5:colcon.colcon_core.verb:set package 'joy_bridge' build argument 'cmake_args' from command line to 'None'
[1.539s] Level 5:colcon.colcon_core.verb:set package 'joy_bridge' build argument 'cmake_target' from command line to 'None'
[1.539s] Level 5:colcon.colcon_core.verb:set package 'joy_bridge' build argument 'cmake_target_skip_unavailable' from command line to 'False'
[1.539s] Level 5:colcon.colcon_core.verb:set package 'joy_bridge' build argument 'cmake_clean_cache' from command line to 'False'
[1.540s] Level 5:colcon.colcon_core.verb:set package 'joy_bridge' build argument 'cmake_clean_first' from command line to 'False'
[1.540s] Level 5:colcon.colcon_core.verb:set package 'joy_bridge' build argument 'cmake_force_configure' from command line to 'False'
[1.540s] Level 5:colcon.colcon_core.verb:set package 'joy_bridge' build argument 'ament_cmake_args' from command line to 'None'
[1.540s] Level 5:colcon.colcon_core.verb:set package 'joy_bridge' build argument 'catkin_cmake_args' from command line to 'None'
[1.540s] Level 5:colcon.colcon_core.verb:set package 'joy_bridge' build argument 'catkin_skip_building_tests' from command line to 'False'
[1.540s] DEBUG:colcon.colcon_core.verb:Building package 'joy_bridge' with the following arguments: {'ament_cmake_args': None, 'build_base': '/home/chino/uvix_ws/build/joy_bridge', 'catkin_cmake_args': None, 'catkin_skip_building_tests': False, 'cmake_args': None, 'cmake_clean_cache': False, 'cmake_clean_first': False, 'cmake_force_configure': False, 'cmake_target': None, 'cmake_target_skip_unavailable': False, 'install_base': '/home/chino/uvix_ws/install/joy_bridge', 'merge_install': False, 'path': '/home/chino/uvix_ws/src/joy_bridge', 'symlink_install': True, 'test_result_base': None}
[1.540s] INFO:colcon.colcon_core.executor:Executing jobs using 'parallel' executor
[1.542s] DEBUG:colcon.colcon_parallel_executor.executor.parallel:run_until_complete
[1.544s] INFO:colcon.colcon_ros.task.ament_python.build:Building ROS package in '/home/chino/uvix_ws/src/Uvix_sim' with build type 'ament_python'
[1.545s] Level 1:colcon.colcon_core.shell:create_environment_hook('Uvix_sim', 'ament_prefix_path')
[1.557s] INFO:colcon.colcon_core.plugin_system:Skipping extension 'colcon_core.shell.bat': Not used on non-Windows systems
[1.558s] INFO:colcon.colcon_core.shell:Creating environment hook '/home/chino/uvix_ws/install/Uvix_sim/share/Uvix_sim/hook/ament_prefix_path.ps1'
[1.564s] INFO:colcon.colcon_core.shell:Creating environment descriptor '/home/chino/uvix_ws/install/Uvix_sim/share/Uvix_sim/hook/ament_prefix_path.dsv'
[1.566s] INFO:colcon.colcon_core.shell:Creating environment hook '/home/chino/uvix_ws/install/Uvix_sim/share/Uvix_sim/hook/ament_prefix_path.sh'
[1.568s] INFO:colcon.colcon_core.shell:Skip shell extension 'powershell' for command environment: Not usable outside of PowerShell
[1.568s] DEBUG:colcon.colcon_core.shell:Skip shell extension 'dsv' for command environment
[1.579s] INFO:colcon.colcon_ros.task.ament_python.build:Building ROS package in '/home/chino/uvix_ws/src/bobert_sim' with build type 'ament_python'
[1.579s] Level 1:colcon.colcon_core.shell:create_environment_hook('bobert_sim', 'ament_prefix_path')
[1.580s] INFO:colcon.colcon_core.shell:Creating environment hook '/home/chino/uvix_ws/install/bobert_sim/share/bobert_sim/hook/ament_prefix_path.ps1'
[1.584s] INFO:colcon.colcon_core.shell:Creating environment descriptor '/home/chino/uvix_ws/install/bobert_sim/share/bobert_sim/hook/ament_prefix_path.dsv'
[1.585s] INFO:colcon.colcon_core.shell:Creating environment hook '/home/chino/uvix_ws/install/bobert_sim/share/bobert_sim/hook/ament_prefix_path.sh'
[1.587s] INFO:colcon.colcon_core.shell:Skip shell extension 'powershell' for command environment: Not usable outside of PowerShell
[1.587s] DEBUG:colcon.colcon_core.shell:Skip shell extension 'dsv' for command environment
[1.596s] INFO:colcon.colcon_ros.task.ament_python.build:Building ROS package in '/home/chino/uvix_ws/src/joy_bridge' with build type 'ament_python'
[1.596s] Level 1:colcon.colcon_core.shell:create_environment_hook('joy_bridge', 'ament_prefix_path')
[1.597s] INFO:colcon.colcon_core.shell:Creating environment hook '/home/chino/uvix_ws/install/joy_bridge/share/joy_bridge/hook/ament_prefix_path.ps1'
[1.602s] INFO:colcon.colcon_core.shell:Creating environment descriptor '/home/chino/uvix_ws/install/joy_bridge/share/joy_bridge/hook/ament_prefix_path.dsv'
[1.603s] INFO:colcon.colcon_core.shell:Creating environment hook '/home/chino/uvix_ws/install/joy_bridge/share/joy_bridge/hook/ament_prefix_path.sh'
[1.604s] INFO:colcon.colcon_core.shell:Skip shell extension 'powershell' for command environment: Not usable outside of PowerShell
[1.604s] DEBUG:colcon.colcon_core.shell:Skip shell extension 'dsv' for command environment
[2.301s] INFO:colcon.colcon_core.task.python.build:Building Python package in '/home/chino/uvix_ws/src/Uvix_sim'
[2.302s] INFO:colcon.colcon_core.shell:Skip shell extension 'powershell' for command environment: Not usable outside of PowerShell
[2.302s] DEBUG:colcon.colcon_core.shell:Skip shell extension 'dsv' for command environment
[2.935s] INFO:colcon.colcon_core.task.python.build:Building Python package in '/home/chino/uvix_ws/src/bobert_sim'
[2.936s] INFO:colcon.colcon_core.shell:Skip shell extension 'powershell' for command environment: Not usable outside of PowerShell
[2.936s] DEBUG:colcon.colcon_core.shell:Skip shell extension 'dsv' for command environment
[3.570s] INFO:colcon.colcon_core.task.python.build:Building Python package in '/home/chino/uvix_ws/src/joy_bridge'
[3.571s] INFO:colcon.colcon_core.shell:Skip shell extension 'powershell' for command environment: Not usable outside of PowerShell
[3.571s] DEBUG:colcon.colcon_core.shell:Skip shell extension 'dsv' for command environment
[5.329s] DEBUG:colcon.colcon_core.event_handler.log_command:Invoking command in '/home/chino/uvix_ws/build/bobert_sim': PYTHONPATH=/home/chino/uvix_ws/build/bobert_sim/prefix_override:/usr/lib/python3/dist-packages/colcon_core/task/python/colcon_distutils_commands:/home/chino/uvix_ws/install/bobert_sim/lib/python3.10/site-packages:${PYTHONPATH} /usr/bin/python3 -W ignore:setup.py install is deprecated -W ignore:easy_install command is deprecated setup.py develop --editable --build-directory /home/chino/uvix_ws/build/bobert_sim/build --no-deps symlink_data
[5.345s] DEBUG:colcon.colcon_core.event_handler.log_command:Invoking command in '/home/chino/uvix_ws/build/joy_bridge': PYTHONPATH=/home/chino/uvix_ws/build/joy_bridge/prefix_override:/usr/lib/python3/dist-packages/colcon_core/task/python/colcon_distutils_commands:/home/chino/uvix_ws/install/joy_bridge/lib/python3.10/site-packages:${PYTHONPATH} /usr/bin/python3 -W ignore:setup.py install is deprecated -W ignore:easy_install command is deprecated setup.py develop --editable --build-directory /home/chino/uvix_ws/build/joy_bridge/build --no-deps symlink_data
[5.774s] DEBUG:colcon.colcon_core.event_handler.log_command:Invoking command in '/home/chino/uvix_ws/build/Uvix_sim': PYTHONPATH=/home/chino/uvix_ws/build/Uvix_sim/prefix_override:/usr/lib/python3/dist-packages/colcon_core/task/python/colcon_distutils_commands:/home/chino/uvix_ws/install/Uvix_sim/lib/python3.10/site-packages:${PYTHONPATH} /usr/bin/python3 -W ignore:setup.py install is deprecated -W ignore:easy_install command is deprecated setup.py develop --editable --build-directory /home/chino/uvix_ws/build/Uvix_sim/build --no-deps symlink_data
[6.602s] Level 1:colcon.colcon_core.shell:create_environment_hook('joy_bridge', 'pythonpath_develop')
[6.602s] INFO:colcon.colcon_core.shell:Creating environment hook '/home/chino/uvix_ws/build/joy_bridge/share/joy_bridge/hook/pythonpath_develop.ps1'
[6.607s] DEBUG:colcon.colcon_core.event_handler.log_command:Invoked command in '/home/chino/uvix_ws/build/joy_bridge' returned '0': PYTHONPATH=/home/chino/uvix_ws/build/joy_bridge/prefix_override:/usr/lib/python3/dist-packages/colcon_core/task/python/colcon_distutils_commands:/home/chino/uvix_ws/install/joy_bridge/lib/python3.10/site-packages:${PYTHONPATH} /usr/bin/python3 -W ignore:setup.py install is deprecated -W ignore:easy_install command is deprecated setup.py develop --editable --build-directory /home/chino/uvix_ws/build/joy_bridge/build --no-deps symlink_data
[6.611s] INFO:colcon.colcon_core.shell:Creating environment descriptor '/home/chino/uvix_ws/build/joy_bridge/share/joy_bridge/hook/pythonpath_develop.dsv'
[6.615s] INFO:colcon.colcon_core.shell:Creating environment hook '/home/chino/uvix_ws/build/joy_bridge/share/joy_bridge/hook/pythonpath_develop.sh'
[6.644s] Level 1:colcon.colcon_core.environment:checking '/home/chino/uvix_ws/install/joy_bridge' for CMake module files
[6.648s] Level 1:colcon.colcon_core.environment:checking '/home/chino/uvix_ws/install/joy_bridge' for CMake config files
[6.653s] Level 1:colcon.colcon_core.environment:checking '/home/chino/uvix_ws/install/joy_bridge/lib'
[6.654s] Level 1:colcon.colcon_core.environment:checking '/home/chino/uvix_ws/install/joy_bridge/bin'
[6.655s] Level 1:colcon.colcon_core.environment:checking '/home/chino/uvix_ws/install/joy_bridge/lib/pkgconfig/joy_bridge.pc'
[6.655s] Level 1:colcon.colcon_core.environment:checking '/home/chino/uvix_ws/install/joy_bridge/lib/python3.10/site-packages'
[6.656s] Level 1:colcon.colcon_core.shell:create_environment_hook('joy_bridge', 'pythonpath')
[6.657s] INFO:colcon.colcon_core.shell:Creating environment hook '/home/chino/uvix_ws/install/joy_bridge/share/joy_bridge/hook/pythonpath.ps1'
[6.660s] INFO:colcon.colcon_core.shell:Creating environment descriptor '/home/chino/uvix_ws/install/joy_bridge/share/joy_bridge/hook/pythonpath.dsv'
[6.663s] INFO:colcon.colcon_core.shell:Creating environment hook '/home/chino/uvix_ws/install/joy_bridge/share/joy_bridge/hook/pythonpath.sh'
[6.666s] Level 1:colcon.colcon_core.environment:checking '/home/chino/uvix_ws/install/joy_bridge/bin'
[6.667s] Level 1:colcon.colcon_core.environment:create_environment_scripts_only(joy_bridge)
[6.668s] INFO:colcon.colcon_core.shell:Creating package script '/home/chino/uvix_ws/install/joy_bridge/share/joy_bridge/package.ps1'
[6.672s] INFO:colcon.colcon_core.shell:Creating package descriptor '/home/chino/uvix_ws/install/joy_bridge/share/joy_bridge/package.dsv'
[6.677s] INFO:colcon.colcon_core.shell:Creating package script '/home/chino/uvix_ws/install/joy_bridge/share/joy_bridge/package.sh'
[6.681s] INFO:colcon.colcon_core.shell:Creating package script '/home/chino/uvix_ws/install/joy_bridge/share/joy_bridge/package.bash'
[6.685s] INFO:colcon.colcon_core.shell:Creating package script '/home/chino/uvix_ws/install/joy_bridge/share/joy_bridge/package.zsh'
[6.690s] Level 1:colcon.colcon_core.environment:create_file_with_runtime_dependencies(/home/chino/uvix_ws/install/joy_bridge/share/colcon-core/packages/joy_bridge)
[7.225s] Level 1:colcon.colcon_core.shell:create_environment_hook('bobert_sim', 'pythonpath_develop')
[7.226s] INFO:colcon.colcon_core.shell:Creating environment hook '/home/chino/uvix_ws/build/bobert_sim/share/bobert_sim/hook/pythonpath_develop.ps1'
[7.228s] DEBUG:colcon.colcon_core.event_handler.log_command:Invoked command in '/home/chino/uvix_ws/build/bobert_sim' returned '0': PYTHONPATH=/home/chino/uvix_ws/build/bobert_sim/prefix_override:/usr/lib/python3/dist-packages/colcon_core/task/python/colcon_distutils_commands:/home/chino/uvix_ws/install/bobert_sim/lib/python3.10/site-packages:${PYTHONPATH} /usr/bin/python3 -W ignore:setup.py install is deprecated -W ignore:easy_install command is deprecated setup.py develop --editable --build-directory /home/chino/uvix_ws/build/bobert_sim/build --no-deps symlink_data
[7.233s] INFO:colcon.colcon_core.shell:Creating environment descriptor '/home/chino/uvix_ws/build/bobert_sim/share/bobert_sim/hook/pythonpath_develop.dsv'
[7.235s] INFO:colcon.colcon_core.shell:Creating environment hook '/home/chino/uvix_ws/build/bobert_sim/share/bobert_sim/hook/pythonpath_develop.sh'
[7.238s] Level 1:colcon.colcon_core.environment:checking '/home/chino/uvix_ws/install/bobert_sim' for CMake module files
[7.243s] Level 1:colcon.colcon_core.environment:checking '/home/chino/uvix_ws/install/bobert_sim' for CMake config files
[7.365s] Level 1:colcon.colcon_core.environment:checking '/home/chino/uvix_ws/install/bobert_sim/lib'
[7.366s] Level 1:colcon.colcon_core.environment:checking '/home/chino/uvix_ws/install/bobert_sim/bin'
[7.367s] Level 1:colcon.colcon_core.environment:checking '/home/chino/uvix_ws/install/bobert_sim/lib/pkgconfig/bobert_sim.pc'
[7.368s] Level 1:colcon.colcon_core.environment:checking '/home/chino/uvix_ws/install/bobert_sim/lib/python3.10/site-packages'
[7.369s] Level 1:colcon.colcon_core.shell:create_environment_hook('bobert_sim', 'pythonpath')
[7.370s] INFO:colcon.colcon_core.shell:Creating environment hook '/home/chino/uvix_ws/install/bobert_sim/share/bobert_sim/hook/pythonpath.ps1'
[7.376s] INFO:colcon.colcon_core.shell:Creating environment descriptor '/home/chino/uvix_ws/install/bobert_sim/share/bobert_sim/hook/pythonpath.dsv'
[7.383s] INFO:colcon.colcon_core.shell:Creating environment hook '/home/chino/uvix_ws/install/bobert_sim/share/bobert_sim/hook/pythonpath.sh'
[7.391s] Level 1:colcon.colcon_core.environment:checking '/home/chino/uvix_ws/install/bobert_sim/bin'
[7.391s] Level 1:colcon.colcon_core.environment:create_environment_scripts_only(bobert_sim)
[7.393s] INFO:colcon.colcon_core.shell:Creating package script '/home/chino/uvix_ws/install/bobert_sim/share/bobert_sim/package.ps1'
[7.396s] INFO:colcon.colcon_core.shell:Creating package descriptor '/home/chino/uvix_ws/install/bobert_sim/share/bobert_sim/package.dsv'
[7.400s] INFO:colcon.colcon_core.shell:Creating package script '/home/chino/uvix_ws/install/bobert_sim/share/bobert_sim/package.sh'
[7.406s] INFO:colcon.colcon_core.shell:Creating package script '/home/chino/uvix_ws/install/bobert_sim/share/bobert_sim/package.bash'
[7.410s] INFO:colcon.colcon_core.shell:Creating package script '/home/chino/uvix_ws/install/bobert_sim/share/bobert_sim/package.zsh'
[7.412s] Level 1:colcon.colcon_core.environment:create_file_with_runtime_dependencies(/home/chino/uvix_ws/install/bobert_sim/share/colcon-core/packages/bobert_sim)
[7.644s] Level 1:colcon.colcon_core.shell:create_environment_hook('Uvix_sim', 'pythonpath_develop')
[7.645s] INFO:colcon.colcon_core.shell:Creating environment hook '/home/chino/uvix_ws/build/Uvix_sim/share/Uvix_sim/hook/pythonpath_develop.ps1'
[7.645s] DEBUG:colcon.colcon_core.event_handler.log_command:Invoked command in '/home/chino/uvix_ws/build/Uvix_sim' returned '0': PYTHONPATH=/home/chino/uvix_ws/build/Uvix_sim/prefix_override:/usr/lib/python3/dist-packages/colcon_core/task/python/colcon_distutils_commands:/home/chino/uvix_ws/install/Uvix_sim/lib/python3.10/site-packages:${PYTHONPATH} /usr/bin/python3 -W ignore:setup.py install is deprecated -W ignore:easy_install command is deprecated setup.py develop --editable --build-directory /home/chino/uvix_ws/build/Uvix_sim/build --no-deps symlink_data
[7.649s] INFO:colcon.colcon_core.shell:Creating environment descriptor '/home/chino/uvix_ws/build/Uvix_sim/share/Uvix_sim/hook/pythonpath_develop.dsv'
[7.650s] INFO:colcon.colcon_core.shell:Creating environment hook '/home/chino/uvix_ws/build/Uvix_sim/share/Uvix_sim/hook/pythonpath_develop.sh'
[7.651s] Level 1:colcon.colcon_core.environment:checking '/home/chino/uvix_ws/install/Uvix_sim' for CMake module files
[7.652s] Level 1:colcon.colcon_core.environment:checking '/home/chino/uvix_ws/install/Uvix_sim' for CMake config files
[7.671s] Level 1:colcon.colcon_core.environment:checking '/home/chino/uvix_ws/install/Uvix_sim/lib'
[7.671s] Level 1:colcon.colcon_core.environment:checking '/home/chino/uvix_ws/install/Uvix_sim/bin'
[7.671s] Level 1:colcon.colcon_core.environment:checking '/home/chino/uvix_ws/install/Uvix_sim/lib/pkgconfig/Uvix_sim.pc'
[7.672s] Level 1:colcon.colcon_core.environment:checking '/home/chino/uvix_ws/install/Uvix_sim/lib/python3.10/site-packages'
[7.672s] Level 1:colcon.colcon_core.shell:create_environment_hook('Uvix_sim', 'pythonpath')
[7.673s] INFO:colcon.colcon_core.shell:Creating environment hook '/home/chino/uvix_ws/install/Uvix_sim/share/Uvix_sim/hook/pythonpath.ps1'
[7.674s] INFO:colcon.colcon_core.shell:Creating environment descriptor '/home/chino/uvix_ws/install/Uvix_sim/share/Uvix_sim/hook/pythonpath.dsv'
[7.675s] INFO:colcon.colcon_core.shell:Creating environment hook '/home/chino/uvix_ws/install/Uvix_sim/share/Uvix_sim/hook/pythonpath.sh'
[7.677s] Level 1:colcon.colcon_core.environment:checking '/home/chino/uvix_ws/install/Uvix_sim/bin'
[7.678s] Level 1:colcon.colcon_core.environment:create_environment_scripts_only(Uvix_sim)
[7.679s] INFO:colcon.colcon_core.shell:Creating package script '/home/chino/uvix_ws/install/Uvix_sim/share/Uvix_sim/package.ps1'
[7.680s] INFO:colcon.colcon_core.shell:Creating package descriptor '/home/chino/uvix_ws/install/Uvix_sim/share/Uvix_sim/package.dsv'
[7.681s] INFO:colcon.colcon_core.shell:Creating package script '/home/chino/uvix_ws/install/Uvix_sim/share/Uvix_sim/package.sh'
[7.683s] INFO:colcon.colcon_core.shell:Creating package script '/home/chino/uvix_ws/install/Uvix_sim/share/Uvix_sim/package.bash'
[7.685s] INFO:colcon.colcon_core.shell:Creating package script '/home/chino/uvix_ws/install/Uvix_sim/share/Uvix_sim/package.zsh'
[7.686s] Level 1:colcon.colcon_core.environment:create_file_with_runtime_dependencies(/home/chino/uvix_ws/install/Uvix_sim/share/colcon-core/packages/Uvix_sim)
[7.690s] DEBUG:colcon.colcon_parallel_executor.executor.parallel:closing loop
[7.691s] DEBUG:colcon.colcon_parallel_executor.executor.parallel:loop closed
[7.692s] DEBUG:colcon.colcon_parallel_executor.executor.parallel:run_until_complete finished with '0'
[7.692s] DEBUG:colcon.colcon_core.event_reactor:joining thread
[7.989s] INFO:colcon.colcon_core.plugin_system:Skipping extension 'colcon_notification.desktop_notification.notify_send': Could not find 'notify-send'
[7.989s] INFO:colcon.colcon_core.plugin_system:Skipping extension 'colcon_notification.desktop_notification.terminal_notifier': Not used on non-Darwin systems
[7.990s] INFO:colcon.colcon_core.plugin_system:Skipping extension 'colcon_notification.desktop_notification.win32': Not used on non-Windows systems
[7.990s] INFO:colcon.colcon_notification.desktop_notification:Sending desktop notification using 'notify2'
[7.990s] DEBUG:colcon.colcon_notification.desktop_notification.notify2:Failed to initialize notify2: org.freedesktop.DBus.Error.FileNotFound: Failed to connect to socket /run/user/1000/bus: No such file or directory
[7.990s] DEBUG:colcon.colcon_core.event_reactor:joined thread
[7.991s] INFO:colcon.colcon_core.shell:Creating prefix script '/home/chino/uvix_ws/install/local_setup.ps1'
[7.993s] INFO:colcon.colcon_core.shell:Creating prefix util module '/home/chino/uvix_ws/install/_local_setup_util_ps1.py'
[7.996s] INFO:colcon.colcon_core.shell:Creating prefix chain script '/home/chino/uvix_ws/install/setup.ps1'
[8.000s] INFO:colcon.colcon_core.shell:Creating prefix script '/home/chino/uvix_ws/install/local_setup.sh'
[8.002s] INFO:colcon.colcon_core.shell:Creating prefix util module '/home/chino/uvix_ws/install/_local_setup_util_sh.py'
[8.003s] INFO:colcon.colcon_core.shell:Creating prefix chain script '/home/chino/uvix_ws/install/setup.sh'
[8.006s] INFO:colcon.colcon_core.shell:Creating prefix script '/home/chino/uvix_ws/install/local_setup.bash'
[8.007s] INFO:colcon.colcon_core.shell:Creating prefix chain script '/home/chino/uvix_ws/install/setup.bash'
[8.010s] INFO:colcon.colcon_core.shell:Creating prefix script '/home/chino/uvix_ws/install/local_setup.zsh'
[8.012s] INFO:colcon.colcon_core.shell:Creating prefix chain script '/home/chino/uvix_ws/install/setup.zsh'
