running develop
running egg_info
creating Uvix_sim.egg-info
writing Uvix_sim.egg-info/PKG-INFO
writing dependency_links to Uvix_sim.egg-info/dependency_links.txt
writing entry points to Uvix_sim.egg-info/entry_points.txt
writing requirements to Uvix_sim.egg-info/requires.txt
writing top-level names to Uvix_sim.egg-info/top_level.txt
writing manifest file 'Uvix_sim.egg-info/SOURCES.txt'
reading manifest file 'Uvix_sim.egg-info/SOURCES.txt'
writing manifest file 'Uvix_sim.egg-info/SOURCES.txt'
running build_ext
Creating /home/chino/uvix_ws/install/Uvix_sim/lib/python3.10/site-packages/Uvix-sim.egg-link (link to .)
Installing gazebo_ready_watcher script to /home/chino/uvix_ws/install/Uvix_sim/lib/Uvix_sim
Installing slam_prereq_checker script to /home/chino/uvix_ws/install/Uvix_sim/lib/Uvix_sim

Installed /home/chino/uvix_ws/build/Uvix_sim
running symlink_data
creating /home/chino/uvix_ws/install/Uvix_sim/share/ament_index
creating /home/chino/uvix_ws/install/Uvix_sim/share/ament_index/resource_index
creating /home/chino/uvix_ws/install/Uvix_sim/share/ament_index/resource_index/packages
symbolically linking /home/chino/uvix_ws/build/Uvix_sim/resource/Uvix_sim -> /home/chino/uvix_ws/install/Uvix_sim/share/ament_index/resource_index/packages
symbolically linking /home/chino/uvix_ws/build/Uvix_sim/package.xml -> /home/chino/uvix_ws/install/Uvix_sim/share/Uvix_sim
creating /home/chino/uvix_ws/install/Uvix_sim/share/Uvix_sim/worlds
symbolically linking /home/chino/uvix_ws/build/Uvix_sim/worlds/hospital.world -> /home/chino/uvix_ws/install/Uvix_sim/share/Uvix_sim/worlds
symbolically linking /home/chino/uvix_ws/build/Uvix_sim/worlds/hospital_two_floors.world -> /home/chino/uvix_ws/install/Uvix_sim/share/Uvix_sim/worlds
symbolically linking /home/chino/uvix_ws/build/Uvix_sim/worlds/hospital_three_floors.world -> /home/chino/uvix_ws/install/Uvix_sim/share/Uvix_sim/worlds
creating /home/chino/uvix_ws/install/Uvix_sim/share/Uvix_sim/meshes
symbolically linking /home/chino/uvix_ws/build/Uvix_sim/meshes/base_link.dae -> /home/chino/uvix_ws/install/Uvix_sim/share/Uvix_sim/meshes
symbolically linking /home/chino/uvix_ws/build/Uvix_sim/meshes/Cuerpo_robot-v4.stl -> /home/chino/uvix_ws/install/Uvix_sim/share/Uvix_sim/meshes
symbolically linking /home/chino/uvix_ws/build/Uvix_sim/meshes/Rueda_izquierda-v2.stl -> /home/chino/uvix_ws/install/Uvix_sim/share/Uvix_sim/meshes
symbolically linking /home/chino/uvix_ws/build/Uvix_sim/meshes/rotatori_suport_rigth-v3.stl -> /home/chino/uvix_ws/install/Uvix_sim/share/Uvix_sim/meshes
symbolically linking /home/chino/uvix_ws/build/Uvix_sim/meshes/rotatori_suport_left-v3.stl -> /home/chino/uvix_ws/install/Uvix_sim/share/Uvix_sim/meshes
symbolically linking /home/chino/uvix_ws/build/Uvix_sim/meshes/Rueda_derecha-v3.stl -> /home/chino/uvix_ws/install/Uvix_sim/share/Uvix_sim/meshes
symbolically linking /home/chino/uvix_ws/build/Uvix_sim/meshes/LIDAR-v5.stl -> /home/chino/uvix_ws/install/Uvix_sim/share/Uvix_sim/meshes
symbolically linking /home/chino/uvix_ws/build/Uvix_sim/meshes/road_left-v3.stl -> /home/chino/uvix_ws/install/Uvix_sim/share/Uvix_sim/meshes
symbolically linking /home/chino/uvix_ws/build/Uvix_sim/meshes/Camara_1-v4.stl -> /home/chino/uvix_ws/install/Uvix_sim/share/Uvix_sim/meshes
symbolically linking /home/chino/uvix_ws/build/Uvix_sim/meshes/Camara_2-v2.stl -> /home/chino/uvix_ws/install/Uvix_sim/share/Uvix_sim/meshes
symbolically linking /home/chino/uvix_ws/build/Uvix_sim/meshes/road_rigth-v3.stl -> /home/chino/uvix_ws/install/Uvix_sim/share/Uvix_sim/meshes
creating /home/chino/uvix_ws/install/Uvix_sim/share/Uvix_sim/urdf
symbolically linking /home/chino/uvix_ws/build/Uvix_sim/urdf/uvix.xacro -> /home/chino/uvix_ws/install/Uvix_sim/share/Uvix_sim/urdf
symbolically linking /home/chino/uvix_ws/build/Uvix_sim/urdf/uvix.gazebo -> /home/chino/uvix_ws/install/Uvix_sim/share/Uvix_sim/urdf
symbolically linking /home/chino/uvix_ws/build/Uvix_sim/urdf/materials.xacro -> /home/chino/uvix_ws/install/Uvix_sim/share/Uvix_sim/urdf
creating /home/chino/uvix_ws/install/Uvix_sim/share/Uvix_sim/launch
symbolically linking /home/chino/uvix_ws/build/Uvix_sim/launch/sim_launch.py -> /home/chino/uvix_ws/install/Uvix_sim/share/Uvix_sim/launch
symbolically linking /home/chino/uvix_ws/build/Uvix_sim/launch/test_mundo.launch.py -> /home/chino/uvix_ws/install/Uvix_sim/share/Uvix_sim/launch
creating /home/chino/uvix_ws/install/Uvix_sim/share/Uvix_sim/config
symbolically linking /home/chino/uvix_ws/build/Uvix_sim/config/main.rviz -> /home/chino/uvix_ws/install/Uvix_sim/share/Uvix_sim/config
symbolically linking /home/chino/uvix_ws/build/Uvix_sim/config/ekf.yaml -> /home/chino/uvix_ws/install/Uvix_sim/share/Uvix_sim/config
symbolically linking /home/chino/uvix_ws/build/Uvix_sim/config/mapper_params_online_async.yaml -> /home/chino/uvix_ws/install/Uvix_sim/share/Uvix_sim/config
symbolically linking /home/chino/uvix_ws/build/Uvix_sim/config/Uvix_controllers.yaml -> /home/chino/uvix_ws/install/Uvix_sim/share/Uvix_sim/config
creating /home/chino/uvix_ws/install/Uvix_sim/share/Uvix_sim/maps
creating /home/chino/uvix_ws/install/Uvix_sim/share/Uvix_sim/models
creating /home/chino/uvix_ws/install/Uvix_sim/share/Uvix_sim/models/aws_robomaker_warehouse_ClutteringC_01
symbolically linking /home/chino/uvix_ws/build/Uvix_sim/models/aws_robomaker_warehouse_ClutteringC_01/model.config -> /home/chino/uvix_ws/install/Uvix_sim/share/Uvix_sim/models/aws_robomaker_warehouse_ClutteringC_01
symbolically linking /home/chino/uvix_ws/build/Uvix_sim/models/aws_robomaker_warehouse_ClutteringC_01/model.sdf -> /home/chino/uvix_ws/install/Uvix_sim/share/Uvix_sim/models/aws_robomaker_warehouse_ClutteringC_01
creating /home/chino/uvix_ws/install/Uvix_sim/share/Uvix_sim/models/aws_robomaker_warehouse_ClutteringC_01/meshes
symbolically linking /home/chino/uvix_ws/build/Uvix_sim/models/aws_robomaker_warehouse_ClutteringC_01/meshes/aws_robomaker_warehouse_ClutteringC_01_collision.DAE -> /home/chino/uvix_ws/install/Uvix_sim/share/Uvix_sim/models/aws_robomaker_warehouse_ClutteringC_01/meshes
symbolically linking /home/chino/uvix_ws/build/Uvix_sim/models/aws_robomaker_warehouse_ClutteringC_01/meshes/aws_robomaker_warehouse_ClutteringC_01_visual.DAE -> /home/chino/uvix_ws/install/Uvix_sim/share/Uvix_sim/models/aws_robomaker_warehouse_ClutteringC_01/meshes
creating /home/chino/uvix_ws/install/Uvix_sim/share/Uvix_sim/models/aws_robomaker_warehouse_ClutteringC_01/materials
creating /home/chino/uvix_ws/install/Uvix_sim/share/Uvix_sim/models/aws_robomaker_warehouse_ClutteringC_01/materials/textures
symbolically linking /home/chino/uvix_ws/build/Uvix_sim/models/aws_robomaker_warehouse_ClutteringC_01/materials/textures/aws_robomaker_warehouse_ClutteringC_02.png -> /home/chino/uvix_ws/install/Uvix_sim/share/Uvix_sim/models/aws_robomaker_warehouse_ClutteringC_01/materials/textures
symbolically linking /home/chino/uvix_ws/build/Uvix_sim/models/aws_robomaker_warehouse_ClutteringC_01/materials/textures/aws_robomaker_warehouse_ClutteringC_01.png -> /home/chino/uvix_ws/install/Uvix_sim/share/Uvix_sim/models/aws_robomaker_warehouse_ClutteringC_01/materials/textures
creating /home/chino/uvix_ws/install/Uvix_sim/share/Uvix_sim/models/aws_robomaker_residential_Sofa_01
symbolically linking /home/chino/uvix_ws/build/Uvix_sim/models/aws_robomaker_residential_Sofa_01/model.config -> /home/chino/uvix_ws/install/Uvix_sim/share/Uvix_sim/models/aws_robomaker_residential_Sofa_01
symbolically linking /home/chino/uvix_ws/build/Uvix_sim/models/aws_robomaker_residential_Sofa_01/model.sdf -> /home/chino/uvix_ws/install/Uvix_sim/share/Uvix_sim/models/aws_robomaker_residential_Sofa_01
creating /home/chino/uvix_ws/install/Uvix_sim/share/Uvix_sim/models/aws_robomaker_residential_Sofa_01/meshes
symbolically linking /home/chino/uvix_ws/build/Uvix_sim/models/aws_robomaker_residential_Sofa_01/meshes/aws_Sofa_01_collision.DAE -> /home/chino/uvix_ws/install/Uvix_sim/share/Uvix_sim/models/aws_robomaker_residential_Sofa_01/meshes
symbolically linking /home/chino/uvix_ws/build/Uvix_sim/models/aws_robomaker_residential_Sofa_01/meshes/aws_Sofa_01.DAE -> /home/chino/uvix_ws/install/Uvix_sim/share/Uvix_sim/models/aws_robomaker_residential_Sofa_01/meshes
symbolically linking /home/chino/uvix_ws/build/Uvix_sim/models/aws_robomaker_residential_Sofa_01/meshes/aws_Sofa_01_visual.DAE -> /home/chino/uvix_ws/install/Uvix_sim/share/Uvix_sim/models/aws_robomaker_residential_Sofa_01/meshes
creating /home/chino/uvix_ws/install/Uvix_sim/share/Uvix_sim/models/aws_robomaker_residential_Sofa_01/materials
creating /home/chino/uvix_ws/install/Uvix_sim/share/Uvix_sim/models/aws_robomaker_residential_Sofa_01/materials/textures
symbolically linking /home/chino/uvix_ws/build/Uvix_sim/models/aws_robomaker_residential_Sofa_01/materials/textures/aws_Sofa_01.png -> /home/chino/uvix_ws/install/Uvix_sim/share/Uvix_sim/models/aws_robomaker_residential_Sofa_01/materials/textures
creating /home/chino/uvix_ws/install/Uvix_sim/share/Uvix_sim/models/aws_robomaker_hospital_elevator_01_portal
symbolically linking /home/chino/uvix_ws/build/Uvix_sim/models/aws_robomaker_hospital_elevator_01_portal/model.config -> /home/chino/uvix_ws/install/Uvix_sim/share/Uvix_sim/models/aws_robomaker_hospital_elevator_01_portal
symbolically linking /home/chino/uvix_ws/build/Uvix_sim/models/aws_robomaker_hospital_elevator_01_portal/model.sdf -> /home/chino/uvix_ws/install/Uvix_sim/share/Uvix_sim/models/aws_robomaker_hospital_elevator_01_portal
creating /home/chino/uvix_ws/install/Uvix_sim/share/Uvix_sim/models/aws_robomaker_hospital_elevator_01_portal/meshes
symbolically linking /home/chino/uvix_ws/build/Uvix_sim/models/aws_robomaker_hospital_elevator_01_portal/meshes/aws_robomaker_hospital_elevator_01_low.png -> /home/chino/uvix_ws/install/Uvix_sim/share/Uvix_sim/models/aws_robomaker_hospital_elevator_01_portal/meshes
symbolically linking /home/chino/uvix_ws/build/Uvix_sim/models/aws_robomaker_hospital_elevator_01_portal/meshes/aws_robomaker_hospital_elevator_01_portal_collision.dae -> /home/chino/uvix_ws/install/Uvix_sim/share/Uvix_sim/models/aws_robomaker_hospital_elevator_01_portal/meshes
symbolically linking /home/chino/uvix_ws/build/Uvix_sim/models/aws_robomaker_hospital_elevator_01_portal/meshes/aws_robomaker_hospital_elevator_01_visual.png -> /home/chino/uvix_ws/install/Uvix_sim/share/Uvix_sim/models/aws_robomaker_hospital_elevator_01_portal/meshes
symbolically linking /home/chino/uvix_ws/build/Uvix_sim/models/aws_robomaker_hospital_elevator_01_portal/meshes/aws_robomaker_hospital_elevator_01_portal_visual.dae -> /home/chino/uvix_ws/install/Uvix_sim/share/Uvix_sim/models/aws_robomaker_hospital_elevator_01_portal/meshes
symbolically linking /home/chino/uvix_ws/build/Uvix_sim/models/aws_robomaker_hospital_elevator_01_portal/meshes/aws_robomaker_hospital_elevator_01_portal_low.dae -> /home/chino/uvix_ws/install/Uvix_sim/share/Uvix_sim/models/aws_robomaker_hospital_elevator_01_portal/meshes
symbolically linking /home/chino/uvix_ws/build/Uvix_sim/models/aws_robomaker_hospital_elevator_01_portal/meshes/aws_robomaker_hospital_elevator_01_low_normal.png -> /home/chino/uvix_ws/install/Uvix_sim/share/Uvix_sim/models/aws_robomaker_hospital_elevator_01_portal/meshes
symbolically linking /home/chino/uvix_ws/build/Uvix_sim/models/aws_robomaker_hospital_elevator_01_portal/meshes/aws_robomaker_hospital_elevator_01_visual_normal.png -> /home/chino/uvix_ws/install/Uvix_sim/share/Uvix_sim/models/aws_robomaker_hospital_elevator_01_portal/meshes
creating /home/chino/uvix_ws/install/Uvix_sim/share/Uvix_sim/models/aws_robomaker_residential_CoffeeTable_01
symbolically linking /home/chino/uvix_ws/build/Uvix_sim/models/aws_robomaker_residential_CoffeeTable_01/model.config -> /home/chino/uvix_ws/install/Uvix_sim/share/Uvix_sim/models/aws_robomaker_residential_CoffeeTable_01
symbolically linking /home/chino/uvix_ws/build/Uvix_sim/models/aws_robomaker_residential_CoffeeTable_01/model.sdf -> /home/chino/uvix_ws/install/Uvix_sim/share/Uvix_sim/models/aws_robomaker_residential_CoffeeTable_01
creating /home/chino/uvix_ws/install/Uvix_sim/share/Uvix_sim/models/aws_robomaker_residential_CoffeeTable_01/meshes
symbolically linking /home/chino/uvix_ws/build/Uvix_sim/models/aws_robomaker_residential_CoffeeTable_01/meshes/aws_CoffeeTable_01_collision.DAE -> /home/chino/uvix_ws/install/Uvix_sim/share/Uvix_sim/models/aws_robomaker_residential_CoffeeTable_01/meshes
symbolically linking /home/chino/uvix_ws/build/Uvix_sim/models/aws_robomaker_residential_CoffeeTable_01/meshes/aws_CoffeeTable_01_visual.DAE -> /home/chino/uvix_ws/install/Uvix_sim/share/Uvix_sim/models/aws_robomaker_residential_CoffeeTable_01/meshes
creating /home/chino/uvix_ws/install/Uvix_sim/share/Uvix_sim/models/aws_robomaker_residential_CoffeeTable_01/materials
creating /home/chino/uvix_ws/install/Uvix_sim/share/Uvix_sim/models/aws_robomaker_residential_CoffeeTable_01/materials/textures
symbolically linking /home/chino/uvix_ws/build/Uvix_sim/models/aws_robomaker_residential_CoffeeTable_01/materials/textures/aws_CoffeeTable_01.png -> /home/chino/uvix_ws/install/Uvix_sim/share/Uvix_sim/models/aws_robomaker_residential_CoffeeTable_01/materials/textures
creating /home/chino/uvix_ws/install/Uvix_sim/share/Uvix_sim/models/aws_robomaker_hospital_curtain_half_open_01
symbolically linking /home/chino/uvix_ws/build/Uvix_sim/models/aws_robomaker_hospital_curtain_half_open_01/model.config -> /home/chino/uvix_ws/install/Uvix_sim/share/Uvix_sim/models/aws_robomaker_hospital_curtain_half_open_01
symbolically linking /home/chino/uvix_ws/build/Uvix_sim/models/aws_robomaker_hospital_curtain_half_open_01/model.sdf -> /home/chino/uvix_ws/install/Uvix_sim/share/Uvix_sim/models/aws_robomaker_hospital_curtain_half_open_01
creating /home/chino/uvix_ws/install/Uvix_sim/share/Uvix_sim/models/aws_robomaker_hospital_curtain_half_open_01/meshes
symbolically linking /home/chino/uvix_ws/build/Uvix_sim/models/aws_robomaker_hospital_curtain_half_open_01/meshes/aws_robomaker_hospital_curtain_half_open_01_visual_normal.png -> /home/chino/uvix_ws/install/Uvix_sim/share/Uvix_sim/models/aws_robomaker_hospital_curtain_half_open_01/meshes
symbolically linking /home/chino/uvix_ws/build/Uvix_sim/models/aws_robomaker_hospital_curtain_half_open_01/meshes/aws_robomaker_hospital_curtain_half_open_01_low_normal.png -> /home/chino/uvix_ws/install/Uvix_sim/share/Uvix_sim/models/aws_robomaker_hospital_curtain_half_open_01/meshes
symbolically linking /home/chino/uvix_ws/build/Uvix_sim/models/aws_robomaker_hospital_curtain_half_open_01/meshes/aws_robomaker_hospital_curtain_half_open_01_visual.png -> /home/chino/uvix_ws/install/Uvix_sim/share/Uvix_sim/models/aws_robomaker_hospital_curtain_half_open_01/meshes
symbolically linking /home/chino/uvix_ws/build/Uvix_sim/models/aws_robomaker_hospital_curtain_half_open_01/meshes/aws_robomaker_hospital_curtainrail_01_low_normal.png -> /home/chino/uvix_ws/install/Uvix_sim/share/Uvix_sim/models/aws_robomaker_hospital_curtain_half_open_01/meshes
symbolically linking /home/chino/uvix_ws/build/Uvix_sim/models/aws_robomaker_hospital_curtain_half_open_01/meshes/aws_robomaker_hospital_curtain_half_open_01_collision.dae -> /home/chino/uvix_ws/install/Uvix_sim/share/Uvix_sim/models/aws_robomaker_hospital_curtain_half_open_01/meshes
symbolically linking /home/chino/uvix_ws/build/Uvix_sim/models/aws_robomaker_hospital_curtain_half_open_01/meshes/aws_robomaker_hospital_curtain_half_open_01_low.png -> /home/chino/uvix_ws/install/Uvix_sim/share/Uvix_sim/models/aws_robomaker_hospital_curtain_half_open_01/meshes
symbolically linking /home/chino/uvix_ws/build/Uvix_sim/models/aws_robomaker_hospital_curtain_half_open_01/meshes/aws_robomaker_hospital_curtainrail_01_low.png -> /home/chino/uvix_ws/install/Uvix_sim/share/Uvix_sim/models/aws_robomaker_hospital_curtain_half_open_01/meshes
symbolically linking /home/chino/uvix_ws/build/Uvix_sim/models/aws_robomaker_hospital_curtain_half_open_01/meshes/aws_robomaker_hospital_curtain_half_open_01_visual.dae -> /home/chino/uvix_ws/install/Uvix_sim/share/Uvix_sim/models/aws_robomaker_hospital_curtain_half_open_01/meshes
symbolically linking /home/chino/uvix_ws/build/Uvix_sim/models/aws_robomaker_hospital_curtain_half_open_01/meshes/aws_robomaker_hospital_curtainrail_01_visual.png -> /home/chino/uvix_ws/install/Uvix_sim/share/Uvix_sim/models/aws_robomaker_hospital_curtain_half_open_01/meshes
symbolically linking /home/chino/uvix_ws/build/Uvix_sim/models/aws_robomaker_hospital_curtain_half_open_01/meshes/aws_robomaker_hospital_curtainrail_01_visual_normal.png -> /home/chino/uvix_ws/install/Uvix_sim/share/Uvix_sim/models/aws_robomaker_hospital_curtain_half_open_01/meshes
creating /home/chino/uvix_ws/install/Uvix_sim/share/Uvix_sim/models/aws_robomaker_hospital_floor_02_floor
symbolically linking /home/chino/uvix_ws/build/Uvix_sim/models/aws_robomaker_hospital_floor_02_floor/model.config -> /home/chino/uvix_ws/install/Uvix_sim/share/Uvix_sim/models/aws_robomaker_hospital_floor_02_floor
symbolically linking /home/chino/uvix_ws/build/Uvix_sim/models/aws_robomaker_hospital_floor_02_floor/model.sdf -> /home/chino/uvix_ws/install/Uvix_sim/share/Uvix_sim/models/aws_robomaker_hospital_floor_02_floor
creating /home/chino/uvix_ws/install/Uvix_sim/share/Uvix_sim/models/aws_robomaker_hospital_floor_02_floor/meshes
symbolically linking /home/chino/uvix_ws/build/Uvix_sim/models/aws_robomaker_hospital_floor_02_floor/meshes/aws_robomaker_hospital_floor_02_floor_collision.dae -> /home/chino/uvix_ws/install/Uvix_sim/share/Uvix_sim/models/aws_robomaker_hospital_floor_02_floor/meshes
symbolically linking /home/chino/uvix_ws/build/Uvix_sim/models/aws_robomaker_hospital_floor_02_floor/meshes/aws_robomaker_hospital_floor_02_floor_normal.png -> /home/chino/uvix_ws/install/Uvix_sim/share/Uvix_sim/models/aws_robomaker_hospital_floor_02_floor/meshes
symbolically linking /home/chino/uvix_ws/build/Uvix_sim/models/aws_robomaker_hospital_floor_02_floor/meshes/aws_robomaker_hospital_floor_02_floor.png -> /home/chino/uvix_ws/install/Uvix_sim/share/Uvix_sim/models/aws_robomaker_hospital_floor_02_floor/meshes
symbolically linking /home/chino/uvix_ws/build/Uvix_sim/models/aws_robomaker_hospital_floor_02_floor/meshes/aws_robomaker_hospital_floor_02_floor_visual.dae -> /home/chino/uvix_ws/install/Uvix_sim/share/Uvix_sim/models/aws_robomaker_hospital_floor_02_floor/meshes
creating /home/chino/uvix_ws/install/Uvix_sim/share/Uvix_sim/models/aws_robomaker_hospital_floor_01_walls
symbolically linking /home/chino/uvix_ws/build/Uvix_sim/models/aws_robomaker_hospital_floor_01_walls/model.config -> /home/chino/uvix_ws/install/Uvix_sim/share/Uvix_sim/models/aws_robomaker_hospital_floor_01_walls
symbolically linking /home/chino/uvix_ws/build/Uvix_sim/models/aws_robomaker_hospital_floor_01_walls/model.sdf -> /home/chino/uvix_ws/install/Uvix_sim/share/Uvix_sim/models/aws_robomaker_hospital_floor_01_walls
creating /home/chino/uvix_ws/install/Uvix_sim/share/Uvix_sim/models/aws_robomaker_hospital_floor_01_walls/meshes
symbolically linking /home/chino/uvix_ws/build/Uvix_sim/models/aws_robomaker_hospital_floor_01_walls/meshes/aws_robomaker_hospital_floor_01_doorsign.png -> /home/chino/uvix_ws/install/Uvix_sim/share/Uvix_sim/models/aws_robomaker_hospital_floor_01_walls/meshes
symbolically linking /home/chino/uvix_ws/build/Uvix_sim/models/aws_robomaker_hospital_floor_01_walls/meshes/aws_robomaker_hospital_floor_01_doorframes_small.png -> /home/chino/uvix_ws/install/Uvix_sim/share/Uvix_sim/models/aws_robomaker_hospital_floor_01_walls/meshes
symbolically linking /home/chino/uvix_ws/build/Uvix_sim/models/aws_robomaker_hospital_floor_01_walls/meshes/aws_robomaker_hospital_floor_01_handrail.png -> /home/chino/uvix_ws/install/Uvix_sim/share/Uvix_sim/models/aws_robomaker_hospital_floor_01_walls/meshes
symbolically linking /home/chino/uvix_ws/build/Uvix_sim/models/aws_robomaker_hospital_floor_01_walls/meshes/aws_robomaker_hospital_floor_01_doorframes_big.png -> /home/chino/uvix_ws/install/Uvix_sim/share/Uvix_sim/models/aws_robomaker_hospital_floor_01_walls/meshes
symbolically linking /home/chino/uvix_ws/build/Uvix_sim/models/aws_robomaker_hospital_floor_01_walls/meshes/aws_robomaker_hospital_floor_01_stairs.png -> /home/chino/uvix_ws/install/Uvix_sim/share/Uvix_sim/models/aws_robomaker_hospital_floor_01_walls/meshes
symbolically linking /home/chino/uvix_ws/build/Uvix_sim/models/aws_robomaker_hospital_floor_01_walls/meshes/aws_robomaker_hospital_floor_01_walls_visual.dae -> /home/chino/uvix_ws/install/Uvix_sim/share/Uvix_sim/models/aws_robomaker_hospital_floor_01_walls/meshes
symbolically linking /home/chino/uvix_ws/build/Uvix_sim/models/aws_robomaker_hospital_floor_01_walls/meshes/aws_robomaker_hospital_floor_01_bumprail.png -> /home/chino/uvix_ws/install/Uvix_sim/share/Uvix_sim/models/aws_robomaker_hospital_floor_01_walls/meshes
symbolically linking /home/chino/uvix_ws/build/Uvix_sim/models/aws_robomaker_hospital_floor_01_walls/meshes/aws_robomaker_hospital_floor_01_windows.png -> /home/chino/uvix_ws/install/Uvix_sim/share/Uvix_sim/models/aws_robomaker_hospital_floor_01_walls/meshes
symbolically linking /home/chino/uvix_ws/build/Uvix_sim/models/aws_robomaker_hospital_floor_01_walls/meshes/aws_robomaker_hospital_floor_01_walls_collision.dae -> /home/chino/uvix_ws/install/Uvix_sim/share/Uvix_sim/models/aws_robomaker_hospital_floor_01_walls/meshes
symbolically linking /home/chino/uvix_ws/build/Uvix_sim/models/aws_robomaker_hospital_floor_01_walls/meshes/aws_robomaker_hospital_floor_01_walls.png -> /home/chino/uvix_ws/install/Uvix_sim/share/Uvix_sim/models/aws_robomaker_hospital_floor_01_walls/meshes
creating /home/chino/uvix_ws/install/Uvix_sim/share/Uvix_sim/models/aws_robomaker_retail_BookshelfB_01
symbolically linking /home/chino/uvix_ws/build/Uvix_sim/models/aws_robomaker_retail_BookshelfB_01/model.config -> /home/chino/uvix_ws/install/Uvix_sim/share/Uvix_sim/models/aws_robomaker_retail_BookshelfB_01
symbolically linking /home/chino/uvix_ws/build/Uvix_sim/models/aws_robomaker_retail_BookshelfB_01/model.sdf -> /home/chino/uvix_ws/install/Uvix_sim/share/Uvix_sim/models/aws_robomaker_retail_BookshelfB_01
creating /home/chino/uvix_ws/install/Uvix_sim/share/Uvix_sim/models/aws_robomaker_retail_BookshelfB_01/meshes
symbolically linking /home/chino/uvix_ws/build/Uvix_sim/models/aws_robomaker_retail_BookshelfB_01/meshes/aws_BookshelfB_01_collision.DAE -> /home/chino/uvix_ws/install/Uvix_sim/share/Uvix_sim/models/aws_robomaker_retail_BookshelfB_01/meshes
symbolically linking /home/chino/uvix_ws/build/Uvix_sim/models/aws_robomaker_retail_BookshelfB_01/meshes/aws_BookshelfB_01_visual.DAE -> /home/chino/uvix_ws/install/Uvix_sim/share/Uvix_sim/models/aws_robomaker_retail_BookshelfB_01/meshes
creating /home/chino/uvix_ws/install/Uvix_sim/share/Uvix_sim/models/aws_robomaker_retail_BookshelfB_01/materials
creating /home/chino/uvix_ws/install/Uvix_sim/share/Uvix_sim/models/aws_robomaker_retail_BookshelfB_01/materials/textures
symbolically linking /home/chino/uvix_ws/build/Uvix_sim/models/aws_robomaker_retail_BookshelfB_01/materials/textures/aws_BookshelfB_02.png -> /home/chino/uvix_ws/install/Uvix_sim/share/Uvix_sim/models/aws_robomaker_retail_BookshelfB_01/materials/textures
symbolically linking /home/chino/uvix_ws/build/Uvix_sim/models/aws_robomaker_retail_BookshelfB_01/materials/textures/aws_BookshelfB_01.png -> /home/chino/uvix_ws/install/Uvix_sim/share/Uvix_sim/models/aws_robomaker_retail_BookshelfB_01/materials/textures
creating /home/chino/uvix_ws/install/Uvix_sim/share/Uvix_sim/models/aws_robomaker_residential_PortraitB_01
symbolically linking /home/chino/uvix_ws/build/Uvix_sim/models/aws_robomaker_residential_PortraitB_01/model.config -> /home/chino/uvix_ws/install/Uvix_sim/share/Uvix_sim/models/aws_robomaker_residential_PortraitB_01
symbolically linking /home/chino/uvix_ws/build/Uvix_sim/models/aws_robomaker_residential_PortraitB_01/model.sdf -> /home/chino/uvix_ws/install/Uvix_sim/share/Uvix_sim/models/aws_robomaker_residential_PortraitB_01
creating /home/chino/uvix_ws/install/Uvix_sim/share/Uvix_sim/models/aws_robomaker_residential_PortraitB_01/meshes
symbolically linking /home/chino/uvix_ws/build/Uvix_sim/models/aws_robomaker_residential_PortraitB_01/meshes/aws_PortraitB_01_visual.DAE -> /home/chino/uvix_ws/install/Uvix_sim/share/Uvix_sim/models/aws_robomaker_residential_PortraitB_01/meshes
symbolically linking /home/chino/uvix_ws/build/Uvix_sim/models/aws_robomaker_residential_PortraitB_01/meshes/aws_PortraitB_01_collision.DAE -> /home/chino/uvix_ws/install/Uvix_sim/share/Uvix_sim/models/aws_robomaker_residential_PortraitB_01/meshes
creating /home/chino/uvix_ws/install/Uvix_sim/share/Uvix_sim/models/aws_robomaker_residential_PortraitB_01/materials
creating /home/chino/uvix_ws/install/Uvix_sim/share/Uvix_sim/models/aws_robomaker_residential_PortraitB_01/materials/textures
symbolically linking /home/chino/uvix_ws/build/Uvix_sim/models/aws_robomaker_residential_PortraitB_01/materials/textures/aws_PortraitB_02.png -> /home/chino/uvix_ws/install/Uvix_sim/share/Uvix_sim/models/aws_robomaker_residential_PortraitB_01/materials/textures
symbolically linking /home/chino/uvix_ws/build/Uvix_sim/models/aws_robomaker_residential_PortraitB_01/materials/textures/aws_PortraitB_01.png -> /home/chino/uvix_ws/install/Uvix_sim/share/Uvix_sim/models/aws_robomaker_residential_PortraitB_01/materials/textures
creating /home/chino/uvix_ws/install/Uvix_sim/share/Uvix_sim/models/aws_robomaker_residential_TV_02
symbolically linking /home/chino/uvix_ws/build/Uvix_sim/models/aws_robomaker_residential_TV_02/model.config -> /home/chino/uvix_ws/install/Uvix_sim/share/Uvix_sim/models/aws_robomaker_residential_TV_02
symbolically linking /home/chino/uvix_ws/build/Uvix_sim/models/aws_robomaker_residential_TV_02/model.sdf -> /home/chino/uvix_ws/install/Uvix_sim/share/Uvix_sim/models/aws_robomaker_residential_TV_02
creating /home/chino/uvix_ws/install/Uvix_sim/share/Uvix_sim/models/aws_robomaker_residential_TV_02/meshes
symbolically linking /home/chino/uvix_ws/build/Uvix_sim/models/aws_robomaker_residential_TV_02/meshes/aws_TV_01_collision.DAE -> /home/chino/uvix_ws/install/Uvix_sim/share/Uvix_sim/models/aws_robomaker_residential_TV_02/meshes
symbolically linking /home/chino/uvix_ws/build/Uvix_sim/models/aws_robomaker_residential_TV_02/meshes/aws_TV_01_visual.DAE -> /home/chino/uvix_ws/install/Uvix_sim/share/Uvix_sim/models/aws_robomaker_residential_TV_02/meshes
creating /home/chino/uvix_ws/install/Uvix_sim/share/Uvix_sim/models/aws_robomaker_residential_TV_02/materials
creating /home/chino/uvix_ws/install/Uvix_sim/share/Uvix_sim/models/aws_robomaker_residential_TV_02/materials/textures
symbolically linking /home/chino/uvix_ws/build/Uvix_sim/models/aws_robomaker_residential_TV_02/materials/textures/aws_TV_01.png -> /home/chino/uvix_ws/install/Uvix_sim/share/Uvix_sim/models/aws_robomaker_residential_TV_02/materials/textures
creating /home/chino/uvix_ws/install/Uvix_sim/share/Uvix_sim/models/aws_robomaker_residential_Refrigerator_01
symbolically linking /home/chino/uvix_ws/build/Uvix_sim/models/aws_robomaker_residential_Refrigerator_01/model.config -> /home/chino/uvix_ws/install/Uvix_sim/share/Uvix_sim/models/aws_robomaker_residential_Refrigerator_01
symbolically linking /home/chino/uvix_ws/build/Uvix_sim/models/aws_robomaker_residential_Refrigerator_01/model.sdf -> /home/chino/uvix_ws/install/Uvix_sim/share/Uvix_sim/models/aws_robomaker_residential_Refrigerator_01
creating /home/chino/uvix_ws/install/Uvix_sim/share/Uvix_sim/models/aws_robomaker_residential_Refrigerator_01/meshes
symbolically linking /home/chino/uvix_ws/build/Uvix_sim/models/aws_robomaker_residential_Refrigerator_01/meshes/aws_Refrigerator_01.DAE -> /home/chino/uvix_ws/install/Uvix_sim/share/Uvix_sim/models/aws_robomaker_residential_Refrigerator_01/meshes
symbolically linking /home/chino/uvix_ws/build/Uvix_sim/models/aws_robomaker_residential_Refrigerator_01/meshes/aws_Refrigerator_01_collision.DAE -> /home/chino/uvix_ws/install/Uvix_sim/share/Uvix_sim/models/aws_robomaker_residential_Refrigerator_01/meshes
symbolically linking /home/chino/uvix_ws/build/Uvix_sim/models/aws_robomaker_residential_Refrigerator_01/meshes/aws_Refrigerator_01_visual.DAE -> /home/chino/uvix_ws/install/Uvix_sim/share/Uvix_sim/models/aws_robomaker_residential_Refrigerator_01/meshes
creating /home/chino/uvix_ws/install/Uvix_sim/share/Uvix_sim/models/aws_robomaker_residential_Refrigerator_01/materials
creating /home/chino/uvix_ws/install/Uvix_sim/share/Uvix_sim/models/aws_robomaker_residential_Refrigerator_01/materials/textures
symbolically linking /home/chino/uvix_ws/build/Uvix_sim/models/aws_robomaker_residential_Refrigerator_01/materials/textures/aws_Refrigerator_01.png -> /home/chino/uvix_ws/install/Uvix_sim/share/Uvix_sim/models/aws_robomaker_residential_Refrigerator_01/materials/textures
symbolically linking /home/chino/uvix_ws/build/Uvix_sim/models/aws_robomaker_residential_Refrigerator_01/materials/textures/aws_Refrigerator_02.png -> /home/chino/uvix_ws/install/Uvix_sim/share/Uvix_sim/models/aws_robomaker_residential_Refrigerator_01/materials/textures
creating /home/chino/uvix_ws/install/Uvix_sim/share/Uvix_sim/models/aws_robomaker_hospital_elevator_01_car
symbolically linking /home/chino/uvix_ws/build/Uvix_sim/models/aws_robomaker_hospital_elevator_01_car/model.config -> /home/chino/uvix_ws/install/Uvix_sim/share/Uvix_sim/models/aws_robomaker_hospital_elevator_01_car
symbolically linking /home/chino/uvix_ws/build/Uvix_sim/models/aws_robomaker_hospital_elevator_01_car/model.sdf -> /home/chino/uvix_ws/install/Uvix_sim/share/Uvix_sim/models/aws_robomaker_hospital_elevator_01_car
creating /home/chino/uvix_ws/install/Uvix_sim/share/Uvix_sim/models/aws_robomaker_hospital_elevator_01_car/meshes
symbolically linking /home/chino/uvix_ws/build/Uvix_sim/models/aws_robomaker_hospital_elevator_01_car/meshes/aws_robomaker_hospital_elevator_01_low.png -> /home/chino/uvix_ws/install/Uvix_sim/share/Uvix_sim/models/aws_robomaker_hospital_elevator_01_car/meshes
symbolically linking /home/chino/uvix_ws/build/Uvix_sim/models/aws_robomaker_hospital_elevator_01_car/meshes/aws_robomaker_hospital_elevator_01_car_low.dae -> /home/chino/uvix_ws/install/Uvix_sim/share/Uvix_sim/models/aws_robomaker_hospital_elevator_01_car/meshes
symbolically linking /home/chino/uvix_ws/build/Uvix_sim/models/aws_robomaker_hospital_elevator_01_car/meshes/aws_robomaker_hospital_elevator_01_visual.png -> /home/chino/uvix_ws/install/Uvix_sim/share/Uvix_sim/models/aws_robomaker_hospital_elevator_01_car/meshes
symbolically linking /home/chino/uvix_ws/build/Uvix_sim/models/aws_robomaker_hospital_elevator_01_car/meshes/aws_robomaker_hospital_elevator_01_car_collision.dae -> /home/chino/uvix_ws/install/Uvix_sim/share/Uvix_sim/models/aws_robomaker_hospital_elevator_01_car/meshes
symbolically linking /home/chino/uvix_ws/build/Uvix_sim/models/aws_robomaker_hospital_elevator_01_car/meshes/aws_robomaker_hospital_elevator_01_low_normal.png -> /home/chino/uvix_ws/install/Uvix_sim/share/Uvix_sim/models/aws_robomaker_hospital_elevator_01_car/meshes
symbolically linking /home/chino/uvix_ws/build/Uvix_sim/models/aws_robomaker_hospital_elevator_01_car/meshes/aws_robomaker_hospital_elevator_01_visual_normal.png -> /home/chino/uvix_ws/install/Uvix_sim/share/Uvix_sim/models/aws_robomaker_hospital_elevator_01_car/meshes
symbolically linking /home/chino/uvix_ws/build/Uvix_sim/models/aws_robomaker_hospital_elevator_01_car/meshes/aws_robomaker_hospital_elevator_01_car_visual.dae -> /home/chino/uvix_ws/install/Uvix_sim/share/Uvix_sim/models/aws_robomaker_hospital_elevator_01_car/meshes
creating /home/chino/uvix_ws/install/Uvix_sim/share/Uvix_sim/models/aws_robomaker_residential_PortraitB_03
symbolically linking /home/chino/uvix_ws/build/Uvix_sim/models/aws_robomaker_residential_PortraitB_03/model.config -> /home/chino/uvix_ws/install/Uvix_sim/share/Uvix_sim/models/aws_robomaker_residential_PortraitB_03
symbolically linking /home/chino/uvix_ws/build/Uvix_sim/models/aws_robomaker_residential_PortraitB_03/model.sdf -> /home/chino/uvix_ws/install/Uvix_sim/share/Uvix_sim/models/aws_robomaker_residential_PortraitB_03
creating /home/chino/uvix_ws/install/Uvix_sim/share/Uvix_sim/models/aws_robomaker_residential_PortraitB_03/meshes
symbolically linking /home/chino/uvix_ws/build/Uvix_sim/models/aws_robomaker_residential_PortraitB_03/meshes/aws_PortraitB_01_visual.DAE -> /home/chino/uvix_ws/install/Uvix_sim/share/Uvix_sim/models/aws_robomaker_residential_PortraitB_03/meshes
symbolically linking /home/chino/uvix_ws/build/Uvix_sim/models/aws_robomaker_residential_PortraitB_03/meshes/aws_PortraitB_01_collision.DAE -> /home/chino/uvix_ws/install/Uvix_sim/share/Uvix_sim/models/aws_robomaker_residential_PortraitB_03/meshes
creating /home/chino/uvix_ws/install/Uvix_sim/share/Uvix_sim/models/aws_robomaker_residential_PortraitB_03/materials
creating /home/chino/uvix_ws/install/Uvix_sim/share/Uvix_sim/models/aws_robomaker_residential_PortraitB_03/materials/textures
symbolically linking /home/chino/uvix_ws/build/Uvix_sim/models/aws_robomaker_residential_PortraitB_03/materials/textures/aws_PortraitB_02.png -> /home/chino/uvix_ws/install/Uvix_sim/share/Uvix_sim/models/aws_robomaker_residential_PortraitB_03/materials/textures
symbolically linking /home/chino/uvix_ws/build/Uvix_sim/models/aws_robomaker_residential_PortraitB_03/materials/textures/aws_PortraitB_01.png -> /home/chino/uvix_ws/install/Uvix_sim/share/Uvix_sim/models/aws_robomaker_residential_PortraitB_03/materials/textures
creating /home/chino/uvix_ws/install/Uvix_sim/share/Uvix_sim/models/aws_robomaker_hospital_curtain_closed_01
symbolically linking /home/chino/uvix_ws/build/Uvix_sim/models/aws_robomaker_hospital_curtain_closed_01/model.config -> /home/chino/uvix_ws/install/Uvix_sim/share/Uvix_sim/models/aws_robomaker_hospital_curtain_closed_01
symbolically linking /home/chino/uvix_ws/build/Uvix_sim/models/aws_robomaker_hospital_curtain_closed_01/model.sdf -> /home/chino/uvix_ws/install/Uvix_sim/share/Uvix_sim/models/aws_robomaker_hospital_curtain_closed_01
creating /home/chino/uvix_ws/install/Uvix_sim/share/Uvix_sim/models/aws_robomaker_hospital_curtain_closed_01/meshes
symbolically linking /home/chino/uvix_ws/build/Uvix_sim/models/aws_robomaker_hospital_curtain_closed_01/meshes/aws_robomaker_hospital_curtain_closed_01_visual.png -> /home/chino/uvix_ws/install/Uvix_sim/share/Uvix_sim/models/aws_robomaker_hospital_curtain_closed_01/meshes
symbolically linking /home/chino/uvix_ws/build/Uvix_sim/models/aws_robomaker_hospital_curtain_closed_01/meshes/aws_robomaker_hospital_curtainrail_01_low_normal.png -> /home/chino/uvix_ws/install/Uvix_sim/share/Uvix_sim/models/aws_robomaker_hospital_curtain_closed_01/meshes
symbolically linking /home/chino/uvix_ws/build/Uvix_sim/models/aws_robomaker_hospital_curtain_closed_01/meshes/aws_robomaker_hospital_curtain_closed_01_low.png -> /home/chino/uvix_ws/install/Uvix_sim/share/Uvix_sim/models/aws_robomaker_hospital_curtain_closed_01/meshes
symbolically linking /home/chino/uvix_ws/build/Uvix_sim/models/aws_robomaker_hospital_curtain_closed_01/meshes/aws_robomaker_hospital_curtain_closed_01_low_normal.png -> /home/chino/uvix_ws/install/Uvix_sim/share/Uvix_sim/models/aws_robomaker_hospital_curtain_closed_01/meshes
symbolically linking /home/chino/uvix_ws/build/Uvix_sim/models/aws_robomaker_hospital_curtain_closed_01/meshes/aws_robomaker_hospital_curtain_closed_01_visual_normal.png -> /home/chino/uvix_ws/install/Uvix_sim/share/Uvix_sim/models/aws_robomaker_hospital_curtain_closed_01/meshes
symbolically linking /home/chino/uvix_ws/build/Uvix_sim/models/aws_robomaker_hospital_curtain_closed_01/meshes/aws_robomaker_hospital_curtain_closed_01_collision.dae -> /home/chino/uvix_ws/install/Uvix_sim/share/Uvix_sim/models/aws_robomaker_hospital_curtain_closed_01/meshes
symbolically linking /home/chino/uvix_ws/build/Uvix_sim/models/aws_robomaker_hospital_curtain_closed_01/meshes/aws_robomaker_hospital_curtainrail_01_low.png -> /home/chino/uvix_ws/install/Uvix_sim/share/Uvix_sim/models/aws_robomaker_hospital_curtain_closed_01/meshes
symbolically linking /home/chino/uvix_ws/build/Uvix_sim/models/aws_robomaker_hospital_curtain_closed_01/meshes/aws_robomaker_hospital_curtainrail_01_visual.png -> /home/chino/uvix_ws/install/Uvix_sim/share/Uvix_sim/models/aws_robomaker_hospital_curtain_closed_01/meshes
symbolically linking /home/chino/uvix_ws/build/Uvix_sim/models/aws_robomaker_hospital_curtain_closed_01/meshes/aws_robomaker_hospital_curtain_closed_01_visual.dae -> /home/chino/uvix_ws/install/Uvix_sim/share/Uvix_sim/models/aws_robomaker_hospital_curtain_closed_01/meshes
symbolically linking /home/chino/uvix_ws/build/Uvix_sim/models/aws_robomaker_hospital_curtain_closed_01/meshes/aws_robomaker_hospital_curtainrail_01_visual_normal.png -> /home/chino/uvix_ws/install/Uvix_sim/share/Uvix_sim/models/aws_robomaker_hospital_curtain_closed_01/meshes
creating /home/chino/uvix_ws/install/Uvix_sim/share/Uvix_sim/models/aws_robomaker_residential_PortraitD_02
symbolically linking /home/chino/uvix_ws/build/Uvix_sim/models/aws_robomaker_residential_PortraitD_02/model.config -> /home/chino/uvix_ws/install/Uvix_sim/share/Uvix_sim/models/aws_robomaker_residential_PortraitD_02
symbolically linking /home/chino/uvix_ws/build/Uvix_sim/models/aws_robomaker_residential_PortraitD_02/model.sdf -> /home/chino/uvix_ws/install/Uvix_sim/share/Uvix_sim/models/aws_robomaker_residential_PortraitD_02
creating /home/chino/uvix_ws/install/Uvix_sim/share/Uvix_sim/models/aws_robomaker_residential_PortraitD_02/meshes
symbolically linking /home/chino/uvix_ws/build/Uvix_sim/models/aws_robomaker_residential_PortraitD_02/meshes/aws_PortraitD_01_visual.DAE -> /home/chino/uvix_ws/install/Uvix_sim/share/Uvix_sim/models/aws_robomaker_residential_PortraitD_02/meshes
symbolically linking /home/chino/uvix_ws/build/Uvix_sim/models/aws_robomaker_residential_PortraitD_02/meshes/aws_PortraitD_01_collision.DAE -> /home/chino/uvix_ws/install/Uvix_sim/share/Uvix_sim/models/aws_robomaker_residential_PortraitD_02/meshes
creating /home/chino/uvix_ws/install/Uvix_sim/share/Uvix_sim/models/aws_robomaker_residential_PortraitD_02/materials
creating /home/chino/uvix_ws/install/Uvix_sim/share/Uvix_sim/models/aws_robomaker_residential_PortraitD_02/materials/textures
symbolically linking /home/chino/uvix_ws/build/Uvix_sim/models/aws_robomaker_residential_PortraitD_02/materials/textures/aws_PortraitD_02.png -> /home/chino/uvix_ws/install/Uvix_sim/share/Uvix_sim/models/aws_robomaker_residential_PortraitD_02/materials/textures
symbolically linking /home/chino/uvix_ws/build/Uvix_sim/models/aws_robomaker_residential_PortraitD_02/materials/textures/aws_PortraitD_01.png -> /home/chino/uvix_ws/install/Uvix_sim/share/Uvix_sim/models/aws_robomaker_residential_PortraitD_02/materials/textures
creating /home/chino/uvix_ws/install/Uvix_sim/share/Uvix_sim/models/aws_robomaker_residential_Carpet_01
symbolically linking /home/chino/uvix_ws/build/Uvix_sim/models/aws_robomaker_residential_Carpet_01/model.config -> /home/chino/uvix_ws/install/Uvix_sim/share/Uvix_sim/models/aws_robomaker_residential_Carpet_01
symbolically linking /home/chino/uvix_ws/build/Uvix_sim/models/aws_robomaker_residential_Carpet_01/model.sdf -> /home/chino/uvix_ws/install/Uvix_sim/share/Uvix_sim/models/aws_robomaker_residential_Carpet_01
creating /home/chino/uvix_ws/install/Uvix_sim/share/Uvix_sim/models/aws_robomaker_residential_Carpet_01/meshes
symbolically linking /home/chino/uvix_ws/build/Uvix_sim/models/aws_robomaker_residential_Carpet_01/meshes/aws_Carpet_01_collision.DAE -> /home/chino/uvix_ws/install/Uvix_sim/share/Uvix_sim/models/aws_robomaker_residential_Carpet_01/meshes
symbolically linking /home/chino/uvix_ws/build/Uvix_sim/models/aws_robomaker_residential_Carpet_01/meshes/aws_Carpet_01_visual.DAE -> /home/chino/uvix_ws/install/Uvix_sim/share/Uvix_sim/models/aws_robomaker_residential_Carpet_01/meshes
creating /home/chino/uvix_ws/install/Uvix_sim/share/Uvix_sim/models/aws_robomaker_residential_Carpet_01/materials
creating /home/chino/uvix_ws/install/Uvix_sim/share/Uvix_sim/models/aws_robomaker_residential_Carpet_01/materials/textures
symbolically linking /home/chino/uvix_ws/build/Uvix_sim/models/aws_robomaker_residential_Carpet_01/materials/textures/aws_Carpet_01.png -> /home/chino/uvix_ws/install/Uvix_sim/share/Uvix_sim/models/aws_robomaker_residential_Carpet_01/materials/textures
creating /home/chino/uvix_ws/install/Uvix_sim/share/Uvix_sim/models/aws_robomaker_residential_PortraitD_01
symbolically linking /home/chino/uvix_ws/build/Uvix_sim/models/aws_robomaker_residential_PortraitD_01/model.config -> /home/chino/uvix_ws/install/Uvix_sim/share/Uvix_sim/models/aws_robomaker_residential_PortraitD_01
symbolically linking /home/chino/uvix_ws/build/Uvix_sim/models/aws_robomaker_residential_PortraitD_01/model.sdf -> /home/chino/uvix_ws/install/Uvix_sim/share/Uvix_sim/models/aws_robomaker_residential_PortraitD_01
creating /home/chino/uvix_ws/install/Uvix_sim/share/Uvix_sim/models/aws_robomaker_residential_PortraitD_01/meshes
symbolically linking /home/chino/uvix_ws/build/Uvix_sim/models/aws_robomaker_residential_PortraitD_01/meshes/aws_PortraitD_01_visual.DAE -> /home/chino/uvix_ws/install/Uvix_sim/share/Uvix_sim/models/aws_robomaker_residential_PortraitD_01/meshes
symbolically linking /home/chino/uvix_ws/build/Uvix_sim/models/aws_robomaker_residential_PortraitD_01/meshes/aws_PortraitD_01_collision.DAE -> /home/chino/uvix_ws/install/Uvix_sim/share/Uvix_sim/models/aws_robomaker_residential_PortraitD_01/meshes
creating /home/chino/uvix_ws/install/Uvix_sim/share/Uvix_sim/models/aws_robomaker_residential_PortraitD_01/materials
creating /home/chino/uvix_ws/install/Uvix_sim/share/Uvix_sim/models/aws_robomaker_residential_PortraitD_01/materials/textures
symbolically linking /home/chino/uvix_ws/build/Uvix_sim/models/aws_robomaker_residential_PortraitD_01/materials/textures/aws_PortraitD_02.png -> /home/chino/uvix_ws/install/Uvix_sim/share/Uvix_sim/models/aws_robomaker_residential_PortraitD_01/materials/textures
symbolically linking /home/chino/uvix_ws/build/Uvix_sim/models/aws_robomaker_residential_PortraitD_01/materials/textures/aws_PortraitD_01.png -> /home/chino/uvix_ws/install/Uvix_sim/share/Uvix_sim/models/aws_robomaker_residential_PortraitD_01/materials/textures
creating /home/chino/uvix_ws/install/Uvix_sim/share/Uvix_sim/models/aws_robomaker_residential_Trash_01
symbolically linking /home/chino/uvix_ws/build/Uvix_sim/models/aws_robomaker_residential_Trash_01/model.config -> /home/chino/uvix_ws/install/Uvix_sim/share/Uvix_sim/models/aws_robomaker_residential_Trash_01
symbolically linking /home/chino/uvix_ws/build/Uvix_sim/models/aws_robomaker_residential_Trash_01/model.sdf -> /home/chino/uvix_ws/install/Uvix_sim/share/Uvix_sim/models/aws_robomaker_residential_Trash_01
creating /home/chino/uvix_ws/install/Uvix_sim/share/Uvix_sim/models/aws_robomaker_residential_Trash_01/meshes
symbolically linking /home/chino/uvix_ws/build/Uvix_sim/models/aws_robomaker_residential_Trash_01/meshes/aws_Trash_01_collision.DAE -> /home/chino/uvix_ws/install/Uvix_sim/share/Uvix_sim/models/aws_robomaker_residential_Trash_01/meshes
symbolically linking /home/chino/uvix_ws/build/Uvix_sim/models/aws_robomaker_residential_Trash_01/meshes/aws_Trash_01_visual.DAE -> /home/chino/uvix_ws/install/Uvix_sim/share/Uvix_sim/models/aws_robomaker_residential_Trash_01/meshes
creating /home/chino/uvix_ws/install/Uvix_sim/share/Uvix_sim/models/aws_robomaker_residential_Trash_01/materials
creating /home/chino/uvix_ws/install/Uvix_sim/share/Uvix_sim/models/aws_robomaker_residential_Trash_01/materials/textures
symbolically linking /home/chino/uvix_ws/build/Uvix_sim/models/aws_robomaker_residential_Trash_01/materials/textures/aws_Trash_01.png -> /home/chino/uvix_ws/install/Uvix_sim/share/Uvix_sim/models/aws_robomaker_residential_Trash_01/materials/textures
creating /home/chino/uvix_ws/install/Uvix_sim/share/Uvix_sim/models/aws_robomaker_residential_PortraitA_01
symbolically linking /home/chino/uvix_ws/build/Uvix_sim/models/aws_robomaker_residential_PortraitA_01/model.config -> /home/chino/uvix_ws/install/Uvix_sim/share/Uvix_sim/models/aws_robomaker_residential_PortraitA_01
symbolically linking /home/chino/uvix_ws/build/Uvix_sim/models/aws_robomaker_residential_PortraitA_01/model.sdf -> /home/chino/uvix_ws/install/Uvix_sim/share/Uvix_sim/models/aws_robomaker_residential_PortraitA_01
creating /home/chino/uvix_ws/install/Uvix_sim/share/Uvix_sim/models/aws_robomaker_residential_PortraitA_01/meshes
symbolically linking /home/chino/uvix_ws/build/Uvix_sim/models/aws_robomaker_residential_PortraitA_01/meshes/aws_PortraitA_01_collision.DAE -> /home/chino/uvix_ws/install/Uvix_sim/share/Uvix_sim/models/aws_robomaker_residential_PortraitA_01/meshes
symbolically linking /home/chino/uvix_ws/build/Uvix_sim/models/aws_robomaker_residential_PortraitA_01/meshes/aws_PortraitA_01_visual.DAE -> /home/chino/uvix_ws/install/Uvix_sim/share/Uvix_sim/models/aws_robomaker_residential_PortraitA_01/meshes
creating /home/chino/uvix_ws/install/Uvix_sim/share/Uvix_sim/models/aws_robomaker_residential_PortraitA_01/materials
creating /home/chino/uvix_ws/install/Uvix_sim/share/Uvix_sim/models/aws_robomaker_residential_PortraitA_01/materials/textures
symbolically linking /home/chino/uvix_ws/build/Uvix_sim/models/aws_robomaker_residential_PortraitA_01/materials/textures/aws_PortraitA_02.png -> /home/chino/uvix_ws/install/Uvix_sim/share/Uvix_sim/models/aws_robomaker_residential_PortraitA_01/materials/textures
symbolically linking /home/chino/uvix_ws/build/Uvix_sim/models/aws_robomaker_residential_PortraitA_01/materials/textures/aws_PortraitA_01.png -> /home/chino/uvix_ws/install/Uvix_sim/share/Uvix_sim/models/aws_robomaker_residential_PortraitA_01/materials/textures
creating /home/chino/uvix_ws/install/Uvix_sim/share/Uvix_sim/models/aws_robomaker_hospital_floor_01_ceiling
symbolically linking /home/chino/uvix_ws/build/Uvix_sim/models/aws_robomaker_hospital_floor_01_ceiling/model.config -> /home/chino/uvix_ws/install/Uvix_sim/share/Uvix_sim/models/aws_robomaker_hospital_floor_01_ceiling
symbolically linking /home/chino/uvix_ws/build/Uvix_sim/models/aws_robomaker_hospital_floor_01_ceiling/model.sdf -> /home/chino/uvix_ws/install/Uvix_sim/share/Uvix_sim/models/aws_robomaker_hospital_floor_01_ceiling
creating /home/chino/uvix_ws/install/Uvix_sim/share/Uvix_sim/models/aws_robomaker_hospital_floor_01_ceiling/meshes
symbolically linking /home/chino/uvix_ws/build/Uvix_sim/models/aws_robomaker_hospital_floor_01_ceiling/meshes/aws_robomaker_hospital_floor_01_ceiling.png -> /home/chino/uvix_ws/install/Uvix_sim/share/Uvix_sim/models/aws_robomaker_hospital_floor_01_ceiling/meshes
symbolically linking /home/chino/uvix_ws/build/Uvix_sim/models/aws_robomaker_hospital_floor_01_ceiling/meshes/aws_robomaker_hospital_floor_01_ceiling_normal.png -> /home/chino/uvix_ws/install/Uvix_sim/share/Uvix_sim/models/aws_robomaker_hospital_floor_01_ceiling/meshes
symbolically linking /home/chino/uvix_ws/build/Uvix_sim/models/aws_robomaker_hospital_floor_01_ceiling/meshes/aws_robomaker_hospital_floor_01_ceiling_collision.dae -> /home/chino/uvix_ws/install/Uvix_sim/share/Uvix_sim/models/aws_robomaker_hospital_floor_01_ceiling/meshes
symbolically linking /home/chino/uvix_ws/build/Uvix_sim/models/aws_robomaker_hospital_floor_01_ceiling/meshes/aws_robomaker_hospital_floor_01_ceiling_visual.dae -> /home/chino/uvix_ws/install/Uvix_sim/share/Uvix_sim/models/aws_robomaker_hospital_floor_01_ceiling/meshes
creating /home/chino/uvix_ws/install/Uvix_sim/share/Uvix_sim/models/aws_robomaker_residential_PortraitE_01
symbolically linking /home/chino/uvix_ws/build/Uvix_sim/models/aws_robomaker_residential_PortraitE_01/model.config -> /home/chino/uvix_ws/install/Uvix_sim/share/Uvix_sim/models/aws_robomaker_residential_PortraitE_01
symbolically linking /home/chino/uvix_ws/build/Uvix_sim/models/aws_robomaker_residential_PortraitE_01/model.sdf -> /home/chino/uvix_ws/install/Uvix_sim/share/Uvix_sim/models/aws_robomaker_residential_PortraitE_01
creating /home/chino/uvix_ws/install/Uvix_sim/share/Uvix_sim/models/aws_robomaker_residential_PortraitE_01/meshes
symbolically linking /home/chino/uvix_ws/build/Uvix_sim/models/aws_robomaker_residential_PortraitE_01/meshes/aws_PortraitE_01_collision.DAE -> /home/chino/uvix_ws/install/Uvix_sim/share/Uvix_sim/models/aws_robomaker_residential_PortraitE_01/meshes
symbolically linking /home/chino/uvix_ws/build/Uvix_sim/models/aws_robomaker_residential_PortraitE_01/meshes/aws_PortraitE_01_visual.DAE -> /home/chino/uvix_ws/install/Uvix_sim/share/Uvix_sim/models/aws_robomaker_residential_PortraitE_01/meshes
creating /home/chino/uvix_ws/install/Uvix_sim/share/Uvix_sim/models/aws_robomaker_residential_PortraitE_01/materials
creating /home/chino/uvix_ws/install/Uvix_sim/share/Uvix_sim/models/aws_robomaker_residential_PortraitE_01/materials/textures
symbolically linking /home/chino/uvix_ws/build/Uvix_sim/models/aws_robomaker_residential_PortraitE_01/materials/textures/aws_PortraitE_01.png -> /home/chino/uvix_ws/install/Uvix_sim/share/Uvix_sim/models/aws_robomaker_residential_PortraitE_01/materials/textures
symbolically linking /home/chino/uvix_ws/build/Uvix_sim/models/aws_robomaker_residential_PortraitE_01/materials/textures/aws_PortraitE_02.png -> /home/chino/uvix_ws/install/Uvix_sim/share/Uvix_sim/models/aws_robomaker_residential_PortraitE_01/materials/textures
creating /home/chino/uvix_ws/install/Uvix_sim/share/Uvix_sim/models/aws_robomaker_residential_PortraitA_02
symbolically linking /home/chino/uvix_ws/build/Uvix_sim/models/aws_robomaker_residential_PortraitA_02/model.config -> /home/chino/uvix_ws/install/Uvix_sim/share/Uvix_sim/models/aws_robomaker_residential_PortraitA_02
symbolically linking /home/chino/uvix_ws/build/Uvix_sim/models/aws_robomaker_residential_PortraitA_02/model.sdf -> /home/chino/uvix_ws/install/Uvix_sim/share/Uvix_sim/models/aws_robomaker_residential_PortraitA_02
creating /home/chino/uvix_ws/install/Uvix_sim/share/Uvix_sim/models/aws_robomaker_residential_PortraitA_02/meshes
symbolically linking /home/chino/uvix_ws/build/Uvix_sim/models/aws_robomaker_residential_PortraitA_02/meshes/aws_PortraitA_01_collision.DAE -> /home/chino/uvix_ws/install/Uvix_sim/share/Uvix_sim/models/aws_robomaker_residential_PortraitA_02/meshes
symbolically linking /home/chino/uvix_ws/build/Uvix_sim/models/aws_robomaker_residential_PortraitA_02/meshes/aws_PortraitA_01_visual.DAE -> /home/chino/uvix_ws/install/Uvix_sim/share/Uvix_sim/models/aws_robomaker_residential_PortraitA_02/meshes
creating /home/chino/uvix_ws/install/Uvix_sim/share/Uvix_sim/models/aws_robomaker_residential_PortraitA_02/materials
creating /home/chino/uvix_ws/install/Uvix_sim/share/Uvix_sim/models/aws_robomaker_residential_PortraitA_02/materials/textures
symbolically linking /home/chino/uvix_ws/build/Uvix_sim/models/aws_robomaker_residential_PortraitA_02/materials/textures/aws_PortraitA_02.png -> /home/chino/uvix_ws/install/Uvix_sim/share/Uvix_sim/models/aws_robomaker_residential_PortraitA_02/materials/textures
symbolically linking /home/chino/uvix_ws/build/Uvix_sim/models/aws_robomaker_residential_PortraitA_02/materials/textures/aws_PortraitA_01.png -> /home/chino/uvix_ws/install/Uvix_sim/share/Uvix_sim/models/aws_robomaker_residential_PortraitA_02/materials/textures
creating /home/chino/uvix_ws/install/Uvix_sim/share/Uvix_sim/models/aws_robomaker_residential_PortraitE_02
symbolically linking /home/chino/uvix_ws/build/Uvix_sim/models/aws_robomaker_residential_PortraitE_02/model.config -> /home/chino/uvix_ws/install/Uvix_sim/share/Uvix_sim/models/aws_robomaker_residential_PortraitE_02
symbolically linking /home/chino/uvix_ws/build/Uvix_sim/models/aws_robomaker_residential_PortraitE_02/model.sdf -> /home/chino/uvix_ws/install/Uvix_sim/share/Uvix_sim/models/aws_robomaker_residential_PortraitE_02
creating /home/chino/uvix_ws/install/Uvix_sim/share/Uvix_sim/models/aws_robomaker_residential_PortraitE_02/meshes
symbolically linking /home/chino/uvix_ws/build/Uvix_sim/models/aws_robomaker_residential_PortraitE_02/meshes/aws_PortraitE_01_collision.DAE -> /home/chino/uvix_ws/install/Uvix_sim/share/Uvix_sim/models/aws_robomaker_residential_PortraitE_02/meshes
symbolically linking /home/chino/uvix_ws/build/Uvix_sim/models/aws_robomaker_residential_PortraitE_02/meshes/aws_PortraitE_01_visual.DAE -> /home/chino/uvix_ws/install/Uvix_sim/share/Uvix_sim/models/aws_robomaker_residential_PortraitE_02/meshes
creating /home/chino/uvix_ws/install/Uvix_sim/share/Uvix_sim/models/aws_robomaker_residential_PortraitE_02/materials
creating /home/chino/uvix_ws/install/Uvix_sim/share/Uvix_sim/models/aws_robomaker_residential_PortraitE_02/materials/textures
symbolically linking /home/chino/uvix_ws/build/Uvix_sim/models/aws_robomaker_residential_PortraitE_02/materials/textures/aws_PortraitE_01.png -> /home/chino/uvix_ws/install/Uvix_sim/share/Uvix_sim/models/aws_robomaker_residential_PortraitE_02/materials/textures
symbolically linking /home/chino/uvix_ws/build/Uvix_sim/models/aws_robomaker_residential_PortraitE_02/materials/textures/aws_PortraitE_02.png -> /home/chino/uvix_ws/install/Uvix_sim/share/Uvix_sim/models/aws_robomaker_residential_PortraitE_02/materials/textures
creating /home/chino/uvix_ws/install/Uvix_sim/share/Uvix_sim/models/aws_robomaker_hospital_curtain_open_01
symbolically linking /home/chino/uvix_ws/build/Uvix_sim/models/aws_robomaker_hospital_curtain_open_01/model.config -> /home/chino/uvix_ws/install/Uvix_sim/share/Uvix_sim/models/aws_robomaker_hospital_curtain_open_01
symbolically linking /home/chino/uvix_ws/build/Uvix_sim/models/aws_robomaker_hospital_curtain_open_01/model.sdf -> /home/chino/uvix_ws/install/Uvix_sim/share/Uvix_sim/models/aws_robomaker_hospital_curtain_open_01
creating /home/chino/uvix_ws/install/Uvix_sim/share/Uvix_sim/models/aws_robomaker_hospital_curtain_open_01/meshes
symbolically linking /home/chino/uvix_ws/build/Uvix_sim/models/aws_robomaker_hospital_curtain_open_01/meshes/aws_robomaker_hospital_curtain_open_01_visual_normal.png -> /home/chino/uvix_ws/install/Uvix_sim/share/Uvix_sim/models/aws_robomaker_hospital_curtain_open_01/meshes
symbolically linking /home/chino/uvix_ws/build/Uvix_sim/models/aws_robomaker_hospital_curtain_open_01/meshes/aws_robomaker_hospital_curtain_open_01_low_normal.png -> /home/chino/uvix_ws/install/Uvix_sim/share/Uvix_sim/models/aws_robomaker_hospital_curtain_open_01/meshes
symbolically linking /home/chino/uvix_ws/build/Uvix_sim/models/aws_robomaker_hospital_curtain_open_01/meshes/aws_robomaker_hospital_curtainrail_01_low_normal.png -> /home/chino/uvix_ws/install/Uvix_sim/share/Uvix_sim/models/aws_robomaker_hospital_curtain_open_01/meshes
symbolically linking /home/chino/uvix_ws/build/Uvix_sim/models/aws_robomaker_hospital_curtain_open_01/meshes/aws_robomaker_hospital_curtain_open_01_collision.dae -> /home/chino/uvix_ws/install/Uvix_sim/share/Uvix_sim/models/aws_robomaker_hospital_curtain_open_01/meshes
symbolically linking /home/chino/uvix_ws/build/Uvix_sim/models/aws_robomaker_hospital_curtain_open_01/meshes/aws_robomaker_hospital_curtain_open_01_visual.dae -> /home/chino/uvix_ws/install/Uvix_sim/share/Uvix_sim/models/aws_robomaker_hospital_curtain_open_01/meshes
symbolically linking /home/chino/uvix_ws/build/Uvix_sim/models/aws_robomaker_hospital_curtain_open_01/meshes/aws_robomaker_hospital_curtain_open_01_visual.png -> /home/chino/uvix_ws/install/Uvix_sim/share/Uvix_sim/models/aws_robomaker_hospital_curtain_open_01/meshes
symbolically linking /home/chino/uvix_ws/build/Uvix_sim/models/aws_robomaker_hospital_curtain_open_01/meshes/aws_robomaker_hospital_curtainrail_01_low.png -> /home/chino/uvix_ws/install/Uvix_sim/share/Uvix_sim/models/aws_robomaker_hospital_curtain_open_01/meshes
symbolically linking /home/chino/uvix_ws/build/Uvix_sim/models/aws_robomaker_hospital_curtain_open_01/meshes/aws_robomaker_hospital_curtain_open_01_low.png -> /home/chino/uvix_ws/install/Uvix_sim/share/Uvix_sim/models/aws_robomaker_hospital_curtain_open_01/meshes
symbolically linking /home/chino/uvix_ws/build/Uvix_sim/models/aws_robomaker_hospital_curtain_open_01/meshes/aws_robomaker_hospital_curtainrail_01_visual.png -> /home/chino/uvix_ws/install/Uvix_sim/share/Uvix_sim/models/aws_robomaker_hospital_curtain_open_01/meshes
symbolically linking /home/chino/uvix_ws/build/Uvix_sim/models/aws_robomaker_hospital_curtain_open_01/meshes/aws_robomaker_hospital_curtainrail_01_visual_normal.png -> /home/chino/uvix_ws/install/Uvix_sim/share/Uvix_sim/models/aws_robomaker_hospital_curtain_open_01/meshes
creating /home/chino/uvix_ws/install/Uvix_sim/share/Uvix_sim/models/aws_robomaker_residential_KitchenCabinet_01
symbolically linking /home/chino/uvix_ws/build/Uvix_sim/models/aws_robomaker_residential_KitchenCabinet_01/model.config -> /home/chino/uvix_ws/install/Uvix_sim/share/Uvix_sim/models/aws_robomaker_residential_KitchenCabinet_01
symbolically linking /home/chino/uvix_ws/build/Uvix_sim/models/aws_robomaker_residential_KitchenCabinet_01/model.sdf -> /home/chino/uvix_ws/install/Uvix_sim/share/Uvix_sim/models/aws_robomaker_residential_KitchenCabinet_01
creating /home/chino/uvix_ws/install/Uvix_sim/share/Uvix_sim/models/aws_robomaker_residential_KitchenCabinet_01/meshes
symbolically linking /home/chino/uvix_ws/build/Uvix_sim/models/aws_robomaker_residential_KitchenCabinet_01/meshes/aws_KitchenCabinet_01_collision.DAE -> /home/chino/uvix_ws/install/Uvix_sim/share/Uvix_sim/models/aws_robomaker_residential_KitchenCabinet_01/meshes
symbolically linking /home/chino/uvix_ws/build/Uvix_sim/models/aws_robomaker_residential_KitchenCabinet_01/meshes/aws_KitchenCabinet_01_visual.DAE -> /home/chino/uvix_ws/install/Uvix_sim/share/Uvix_sim/models/aws_robomaker_residential_KitchenCabinet_01/meshes
creating /home/chino/uvix_ws/install/Uvix_sim/share/Uvix_sim/models/aws_robomaker_residential_KitchenCabinet_01/materials
creating /home/chino/uvix_ws/install/Uvix_sim/share/Uvix_sim/models/aws_robomaker_residential_KitchenCabinet_01/materials/textures
symbolically linking /home/chino/uvix_ws/build/Uvix_sim/models/aws_robomaker_residential_KitchenCabinet_01/materials/textures/aws_KitchenCabinet_01.png -> /home/chino/uvix_ws/install/Uvix_sim/share/Uvix_sim/models/aws_robomaker_residential_KitchenCabinet_01/materials/textures
creating /home/chino/uvix_ws/install/Uvix_sim/share/Uvix_sim/models/aws_robomaker_hospital_nursesstation_01
symbolically linking /home/chino/uvix_ws/build/Uvix_sim/models/aws_robomaker_hospital_nursesstation_01/model.config -> /home/chino/uvix_ws/install/Uvix_sim/share/Uvix_sim/models/aws_robomaker_hospital_nursesstation_01
symbolically linking /home/chino/uvix_ws/build/Uvix_sim/models/aws_robomaker_hospital_nursesstation_01/model.sdf -> /home/chino/uvix_ws/install/Uvix_sim/share/Uvix_sim/models/aws_robomaker_hospital_nursesstation_01
creating /home/chino/uvix_ws/install/Uvix_sim/share/Uvix_sim/models/aws_robomaker_hospital_nursesstation_01/meshes
symbolically linking /home/chino/uvix_ws/build/Uvix_sim/models/aws_robomaker_hospital_nursesstation_01/meshes/aws_robomaker_hospital_nursesstation_01_visual.dae -> /home/chino/uvix_ws/install/Uvix_sim/share/Uvix_sim/models/aws_robomaker_hospital_nursesstation_01/meshes
symbolically linking /home/chino/uvix_ws/build/Uvix_sim/models/aws_robomaker_hospital_nursesstation_01/meshes/aws_robomaker_hospital_nursesstation_01_low.dae -> /home/chino/uvix_ws/install/Uvix_sim/share/Uvix_sim/models/aws_robomaker_hospital_nursesstation_01/meshes
symbolically linking /home/chino/uvix_ws/build/Uvix_sim/models/aws_robomaker_hospital_nursesstation_01/meshes/aws_robomaker_hospital_nursesstation_01_visual_normal.png -> /home/chino/uvix_ws/install/Uvix_sim/share/Uvix_sim/models/aws_robomaker_hospital_nursesstation_01/meshes
symbolically linking /home/chino/uvix_ws/build/Uvix_sim/models/aws_robomaker_hospital_nursesstation_01/meshes/aws_robomaker_hospital_nursesstation_01_low.png -> /home/chino/uvix_ws/install/Uvix_sim/share/Uvix_sim/models/aws_robomaker_hospital_nursesstation_01/meshes
symbolically linking /home/chino/uvix_ws/build/Uvix_sim/models/aws_robomaker_hospital_nursesstation_01/meshes/aws_robomaker_hospital_nursesstation_01_collision.dae -> /home/chino/uvix_ws/install/Uvix_sim/share/Uvix_sim/models/aws_robomaker_hospital_nursesstation_01/meshes
symbolically linking /home/chino/uvix_ws/build/Uvix_sim/models/aws_robomaker_hospital_nursesstation_01/meshes/aws_robomaker_hospital_nursesstation_01_visual.png -> /home/chino/uvix_ws/install/Uvix_sim/share/Uvix_sim/models/aws_robomaker_hospital_nursesstation_01/meshes
symbolically linking /home/chino/uvix_ws/build/Uvix_sim/models/aws_robomaker_hospital_nursesstation_01/meshes/aws_robomaker_hospital_nursesstation_01_low_normal.png -> /home/chino/uvix_ws/install/Uvix_sim/share/Uvix_sim/models/aws_robomaker_hospital_nursesstation_01/meshes
creating /home/chino/uvix_ws/install/Uvix_sim/share/Uvix_sim/models/aws_robomaker_hospital_floor_02_walls
symbolically linking /home/chino/uvix_ws/build/Uvix_sim/models/aws_robomaker_hospital_floor_02_walls/model.config -> /home/chino/uvix_ws/install/Uvix_sim/share/Uvix_sim/models/aws_robomaker_hospital_floor_02_walls
symbolically linking /home/chino/uvix_ws/build/Uvix_sim/models/aws_robomaker_hospital_floor_02_walls/model.sdf -> /home/chino/uvix_ws/install/Uvix_sim/share/Uvix_sim/models/aws_robomaker_hospital_floor_02_walls
creating /home/chino/uvix_ws/install/Uvix_sim/share/Uvix_sim/models/aws_robomaker_hospital_floor_02_walls/meshes
symbolically linking /home/chino/uvix_ws/build/Uvix_sim/models/aws_robomaker_hospital_floor_02_walls/meshes/aws_robomaker_hospital_floor_02_windows.png -> /home/chino/uvix_ws/install/Uvix_sim/share/Uvix_sim/models/aws_robomaker_hospital_floor_02_walls/meshes
symbolically linking /home/chino/uvix_ws/build/Uvix_sim/models/aws_robomaker_hospital_floor_02_walls/meshes/aws_robomaker_hospital_floor_02_doorframes_small.png -> /home/chino/uvix_ws/install/Uvix_sim/share/Uvix_sim/models/aws_robomaker_hospital_floor_02_walls/meshes
symbolically linking /home/chino/uvix_ws/build/Uvix_sim/models/aws_robomaker_hospital_floor_02_walls/meshes/aws_robomaker_hospital_floor_02_handrail.png -> /home/chino/uvix_ws/install/Uvix_sim/share/Uvix_sim/models/aws_robomaker_hospital_floor_02_walls/meshes
symbolically linking /home/chino/uvix_ws/build/Uvix_sim/models/aws_robomaker_hospital_floor_02_walls/meshes/aws_robomaker_hospital_floor_02_doorsign.png -> /home/chino/uvix_ws/install/Uvix_sim/share/Uvix_sim/models/aws_robomaker_hospital_floor_02_walls/meshes
symbolically linking /home/chino/uvix_ws/build/Uvix_sim/models/aws_robomaker_hospital_floor_02_walls/meshes/aws_robomaker_hospital_floor_02_bumprail.png -> /home/chino/uvix_ws/install/Uvix_sim/share/Uvix_sim/models/aws_robomaker_hospital_floor_02_walls/meshes
symbolically linking /home/chino/uvix_ws/build/Uvix_sim/models/aws_robomaker_hospital_floor_02_walls/meshes/aws_robomaker_hospital_floor_02_walls_visual.dae -> /home/chino/uvix_ws/install/Uvix_sim/share/Uvix_sim/models/aws_robomaker_hospital_floor_02_walls/meshes
symbolically linking /home/chino/uvix_ws/build/Uvix_sim/models/aws_robomaker_hospital_floor_02_walls/meshes/aws_robomaker_hospital_floor_02_walls_collision.dae -> /home/chino/uvix_ws/install/Uvix_sim/share/Uvix_sim/models/aws_robomaker_hospital_floor_02_walls/meshes
symbolically linking /home/chino/uvix_ws/build/Uvix_sim/models/aws_robomaker_hospital_floor_02_walls/meshes/aws_robomaker_hospital_floor_02_walls.png -> /home/chino/uvix_ws/install/Uvix_sim/share/Uvix_sim/models/aws_robomaker_hospital_floor_02_walls/meshes
symbolically linking /home/chino/uvix_ws/build/Uvix_sim/models/aws_robomaker_hospital_floor_02_walls/meshes/aws_robomaker_hospital_floor_02_doorframes_big.png -> /home/chino/uvix_ws/install/Uvix_sim/share/Uvix_sim/models/aws_robomaker_hospital_floor_02_walls/meshes
symbolically linking /home/chino/uvix_ws/build/Uvix_sim/models/aws_robomaker_hospital_floor_02_walls/meshes/aws_robomaker_hospital_floor_02_stairs.png -> /home/chino/uvix_ws/install/Uvix_sim/share/Uvix_sim/models/aws_robomaker_hospital_floor_02_walls/meshes
creating /home/chino/uvix_ws/install/Uvix_sim/share/Uvix_sim/models/aws_robomaker_residential_SofaB_01
symbolically linking /home/chino/uvix_ws/build/Uvix_sim/models/aws_robomaker_residential_SofaB_01/model.config -> /home/chino/uvix_ws/install/Uvix_sim/share/Uvix_sim/models/aws_robomaker_residential_SofaB_01
symbolically linking /home/chino/uvix_ws/build/Uvix_sim/models/aws_robomaker_residential_SofaB_01/model.sdf -> /home/chino/uvix_ws/install/Uvix_sim/share/Uvix_sim/models/aws_robomaker_residential_SofaB_01
creating /home/chino/uvix_ws/install/Uvix_sim/share/Uvix_sim/models/aws_robomaker_residential_SofaB_01/meshes
symbolically linking /home/chino/uvix_ws/build/Uvix_sim/models/aws_robomaker_residential_SofaB_01/meshes/aws_SofaB_01_collision.DAE -> /home/chino/uvix_ws/install/Uvix_sim/share/Uvix_sim/models/aws_robomaker_residential_SofaB_01/meshes
symbolically linking /home/chino/uvix_ws/build/Uvix_sim/models/aws_robomaker_residential_SofaB_01/meshes/aws_SofaB_01_visual.DAE -> /home/chino/uvix_ws/install/Uvix_sim/share/Uvix_sim/models/aws_robomaker_residential_SofaB_01/meshes
creating /home/chino/uvix_ws/install/Uvix_sim/share/Uvix_sim/models/aws_robomaker_residential_SofaB_01/materials
creating /home/chino/uvix_ws/install/Uvix_sim/share/Uvix_sim/models/aws_robomaker_residential_SofaB_01/materials/textures
symbolically linking /home/chino/uvix_ws/build/Uvix_sim/models/aws_robomaker_residential_SofaB_01/materials/textures/aws_SofaB_01.png -> /home/chino/uvix_ws/install/Uvix_sim/share/Uvix_sim/models/aws_robomaker_residential_SofaB_01/materials/textures
creating /home/chino/uvix_ws/install/Uvix_sim/share/Uvix_sim/models/aws_robomaker_hospital_hospitalsign_01
symbolically linking /home/chino/uvix_ws/build/Uvix_sim/models/aws_robomaker_hospital_hospitalsign_01/model.config -> /home/chino/uvix_ws/install/Uvix_sim/share/Uvix_sim/models/aws_robomaker_hospital_hospitalsign_01
symbolically linking /home/chino/uvix_ws/build/Uvix_sim/models/aws_robomaker_hospital_hospitalsign_01/model.sdf -> /home/chino/uvix_ws/install/Uvix_sim/share/Uvix_sim/models/aws_robomaker_hospital_hospitalsign_01
creating /home/chino/uvix_ws/install/Uvix_sim/share/Uvix_sim/models/aws_robomaker_hospital_hospitalsign_01/meshes
symbolically linking /home/chino/uvix_ws/build/Uvix_sim/models/aws_robomaker_hospital_hospitalsign_01/meshes/aws_robomaker_hospital_hospitalsign_01_collision.dae -> /home/chino/uvix_ws/install/Uvix_sim/share/Uvix_sim/models/aws_robomaker_hospital_hospitalsign_01/meshes
symbolically linking /home/chino/uvix_ws/build/Uvix_sim/models/aws_robomaker_hospital_hospitalsign_01/meshes/aws_robomaker_hospital_hospitalsign_01_normal.png -> /home/chino/uvix_ws/install/Uvix_sim/share/Uvix_sim/models/aws_robomaker_hospital_hospitalsign_01/meshes
symbolically linking /home/chino/uvix_ws/build/Uvix_sim/models/aws_robomaker_hospital_hospitalsign_01/meshes/aws_robomaker_hospital_hospitalsign_01.png -> /home/chino/uvix_ws/install/Uvix_sim/share/Uvix_sim/models/aws_robomaker_hospital_hospitalsign_01/meshes
symbolically linking /home/chino/uvix_ws/build/Uvix_sim/models/aws_robomaker_hospital_hospitalsign_01/meshes/aws_robomaker_hospital_hospitalsign_01_visual.dae -> /home/chino/uvix_ws/install/Uvix_sim/share/Uvix_sim/models/aws_robomaker_hospital_hospitalsign_01/meshes
creating /home/chino/uvix_ws/install/Uvix_sim/share/Uvix_sim/models/aws_robomaker_warehouse_ClutteringA_01
symbolically linking /home/chino/uvix_ws/build/Uvix_sim/models/aws_robomaker_warehouse_ClutteringA_01/model.config -> /home/chino/uvix_ws/install/Uvix_sim/share/Uvix_sim/models/aws_robomaker_warehouse_ClutteringA_01
symbolically linking /home/chino/uvix_ws/build/Uvix_sim/models/aws_robomaker_warehouse_ClutteringA_01/model.sdf -> /home/chino/uvix_ws/install/Uvix_sim/share/Uvix_sim/models/aws_robomaker_warehouse_ClutteringA_01
creating /home/chino/uvix_ws/install/Uvix_sim/share/Uvix_sim/models/aws_robomaker_warehouse_ClutteringA_01/meshes
symbolically linking /home/chino/uvix_ws/build/Uvix_sim/models/aws_robomaker_warehouse_ClutteringA_01/meshes/aws_robomaker_warehouse_ClutteringA_01_collision.DAE -> /home/chino/uvix_ws/install/Uvix_sim/share/Uvix_sim/models/aws_robomaker_warehouse_ClutteringA_01/meshes
symbolically linking /home/chino/uvix_ws/build/Uvix_sim/models/aws_robomaker_warehouse_ClutteringA_01/meshes/aws_robomaker_warehouse_ClutteringA_01_visual.DAE -> /home/chino/uvix_ws/install/Uvix_sim/share/Uvix_sim/models/aws_robomaker_warehouse_ClutteringA_01/meshes
creating /home/chino/uvix_ws/install/Uvix_sim/share/Uvix_sim/models/aws_robomaker_warehouse_ClutteringA_01/materials
creating /home/chino/uvix_ws/install/Uvix_sim/share/Uvix_sim/models/aws_robomaker_warehouse_ClutteringA_01/materials/textures
symbolically linking /home/chino/uvix_ws/build/Uvix_sim/models/aws_robomaker_warehouse_ClutteringA_01/materials/textures/aws_robomaker_warehouse_ClutteringA_03.png -> /home/chino/uvix_ws/install/Uvix_sim/share/Uvix_sim/models/aws_robomaker_warehouse_ClutteringA_01/materials/textures
symbolically linking /home/chino/uvix_ws/build/Uvix_sim/models/aws_robomaker_warehouse_ClutteringA_01/materials/textures/aws_robomaker_warehouse_ClutteringA_01.png -> /home/chino/uvix_ws/install/Uvix_sim/share/Uvix_sim/models/aws_robomaker_warehouse_ClutteringA_01/materials/textures
symbolically linking /home/chino/uvix_ws/build/Uvix_sim/models/aws_robomaker_warehouse_ClutteringA_01/materials/textures/aws_robomaker_warehouse_ClutteringA_02.png -> /home/chino/uvix_ws/install/Uvix_sim/share/Uvix_sim/models/aws_robomaker_warehouse_ClutteringA_01/materials/textures
creating /home/chino/uvix_ws/install/Uvix_sim/share/Uvix_sim/models/aws_robomaker_hospital_floor_01_floor
symbolically linking /home/chino/uvix_ws/build/Uvix_sim/models/aws_robomaker_hospital_floor_01_floor/model.config -> /home/chino/uvix_ws/install/Uvix_sim/share/Uvix_sim/models/aws_robomaker_hospital_floor_01_floor
symbolically linking /home/chino/uvix_ws/build/Uvix_sim/models/aws_robomaker_hospital_floor_01_floor/model.sdf -> /home/chino/uvix_ws/install/Uvix_sim/share/Uvix_sim/models/aws_robomaker_hospital_floor_01_floor
creating /home/chino/uvix_ws/install/Uvix_sim/share/Uvix_sim/models/aws_robomaker_hospital_floor_01_floor/meshes
symbolically linking /home/chino/uvix_ws/build/Uvix_sim/models/aws_robomaker_hospital_floor_01_floor/meshes/aws_robomaker_hospital_floor_01_floor.png -> /home/chino/uvix_ws/install/Uvix_sim/share/Uvix_sim/models/aws_robomaker_hospital_floor_01_floor/meshes
symbolically linking /home/chino/uvix_ws/build/Uvix_sim/models/aws_robomaker_hospital_floor_01_floor/meshes/aws_robomaker_hospital_floor_01_floor_collision.dae -> /home/chino/uvix_ws/install/Uvix_sim/share/Uvix_sim/models/aws_robomaker_hospital_floor_01_floor/meshes
symbolically linking /home/chino/uvix_ws/build/Uvix_sim/models/aws_robomaker_hospital_floor_01_floor/meshes/aws_robomaker_hospital_floor_01_floor_visual.dae -> /home/chino/uvix_ws/install/Uvix_sim/share/Uvix_sim/models/aws_robomaker_hospital_floor_01_floor/meshes
symbolically linking /home/chino/uvix_ws/build/Uvix_sim/models/aws_robomaker_hospital_floor_01_floor/meshes/aws_robomaker_hospital_floor_01_floor_normal.png -> /home/chino/uvix_ws/install/Uvix_sim/share/Uvix_sim/models/aws_robomaker_hospital_floor_01_floor/meshes
creating /home/chino/uvix_ws/install/Uvix_sim/share/Uvix_sim/models/aws_robomaker_hospital_floor_02_ceiling
symbolically linking /home/chino/uvix_ws/build/Uvix_sim/models/aws_robomaker_hospital_floor_02_ceiling/model.config -> /home/chino/uvix_ws/install/Uvix_sim/share/Uvix_sim/models/aws_robomaker_hospital_floor_02_ceiling
symbolically linking /home/chino/uvix_ws/build/Uvix_sim/models/aws_robomaker_hospital_floor_02_ceiling/model.sdf -> /home/chino/uvix_ws/install/Uvix_sim/share/Uvix_sim/models/aws_robomaker_hospital_floor_02_ceiling
creating /home/chino/uvix_ws/install/Uvix_sim/share/Uvix_sim/models/aws_robomaker_hospital_floor_02_ceiling/meshes
symbolically linking /home/chino/uvix_ws/build/Uvix_sim/models/aws_robomaker_hospital_floor_02_ceiling/meshes/aws_robomaker_hospital_floor_02_ceiling_normal.png -> /home/chino/uvix_ws/install/Uvix_sim/share/Uvix_sim/models/aws_robomaker_hospital_floor_02_ceiling/meshes
symbolically linking /home/chino/uvix_ws/build/Uvix_sim/models/aws_robomaker_hospital_floor_02_ceiling/meshes/aws_robomaker_hospital_floor_02_ceiling.png -> /home/chino/uvix_ws/install/Uvix_sim/share/Uvix_sim/models/aws_robomaker_hospital_floor_02_ceiling/meshes
symbolically linking /home/chino/uvix_ws/build/Uvix_sim/models/aws_robomaker_hospital_floor_02_ceiling/meshes/aws_robomaker_hospital_floor_02_ceiling_collision.dae -> /home/chino/uvix_ws/install/Uvix_sim/share/Uvix_sim/models/aws_robomaker_hospital_floor_02_ceiling/meshes
symbolically linking /home/chino/uvix_ws/build/Uvix_sim/models/aws_robomaker_hospital_floor_02_ceiling/meshes/aws_robomaker_hospital_floor_02_ceiling_visual.dae -> /home/chino/uvix_ws/install/Uvix_sim/share/Uvix_sim/models/aws_robomaker_hospital_floor_02_ceiling/meshes
creating /home/chino/uvix_ws/install/Uvix_sim/share/Uvix_sim/models/aws_robomaker_hospital_floor_02_ceiling/materials
symbolically linking /home/chino/uvix_ws/build/Uvix_sim/models/aws_robomaker_hospital_floor_02_ceiling/materials/model.sdf -> /home/chino/uvix_ws/install/Uvix_sim/share/Uvix_sim/models/aws_robomaker_hospital_floor_02_ceiling/materials
creating /home/chino/uvix_ws/install/Uvix_sim/share/Uvix_sim/models/aws_robomaker_residential_PortraitB_02
symbolically linking /home/chino/uvix_ws/build/Uvix_sim/models/aws_robomaker_residential_PortraitB_02/model.config -> /home/chino/uvix_ws/install/Uvix_sim/share/Uvix_sim/models/aws_robomaker_residential_PortraitB_02
symbolically linking /home/chino/uvix_ws/build/Uvix_sim/models/aws_robomaker_residential_PortraitB_02/model.sdf -> /home/chino/uvix_ws/install/Uvix_sim/share/Uvix_sim/models/aws_robomaker_residential_PortraitB_02
creating /home/chino/uvix_ws/install/Uvix_sim/share/Uvix_sim/models/aws_robomaker_residential_PortraitB_02/meshes
symbolically linking /home/chino/uvix_ws/build/Uvix_sim/models/aws_robomaker_residential_PortraitB_02/meshes/aws_PortraitB_01_visual.DAE -> /home/chino/uvix_ws/install/Uvix_sim/share/Uvix_sim/models/aws_robomaker_residential_PortraitB_02/meshes
symbolically linking /home/chino/uvix_ws/build/Uvix_sim/models/aws_robomaker_residential_PortraitB_02/meshes/aws_PortraitB_01_collision.DAE -> /home/chino/uvix_ws/install/Uvix_sim/share/Uvix_sim/models/aws_robomaker_residential_PortraitB_02/meshes
creating /home/chino/uvix_ws/install/Uvix_sim/share/Uvix_sim/models/aws_robomaker_residential_PortraitB_02/materials
creating /home/chino/uvix_ws/install/Uvix_sim/share/Uvix_sim/models/aws_robomaker_residential_PortraitB_02/materials/textures
symbolically linking /home/chino/uvix_ws/build/Uvix_sim/models/aws_robomaker_residential_PortraitB_02/materials/textures/aws_PortraitB_02.png -> /home/chino/uvix_ws/install/Uvix_sim/share/Uvix_sim/models/aws_robomaker_residential_PortraitB_02/materials/textures
symbolically linking /home/chino/uvix_ws/build/Uvix_sim/models/aws_robomaker_residential_PortraitB_02/materials/textures/aws_PortraitB_01.png -> /home/chino/uvix_ws/install/Uvix_sim/share/Uvix_sim/models/aws_robomaker_residential_PortraitB_02/materials/textures
creating /home/chino/uvix_ws/install/Uvix_sim/share/Uvix_sim/models/aws_robomaker_residential_PortraitC_01
symbolically linking /home/chino/uvix_ws/build/Uvix_sim/models/aws_robomaker_residential_PortraitC_01/model.config -> /home/chino/uvix_ws/install/Uvix_sim/share/Uvix_sim/models/aws_robomaker_residential_PortraitC_01
symbolically linking /home/chino/uvix_ws/build/Uvix_sim/models/aws_robomaker_residential_PortraitC_01/model.sdf -> /home/chino/uvix_ws/install/Uvix_sim/share/Uvix_sim/models/aws_robomaker_residential_PortraitC_01
creating /home/chino/uvix_ws/install/Uvix_sim/share/Uvix_sim/models/aws_robomaker_residential_PortraitC_01/meshes
symbolically linking /home/chino/uvix_ws/build/Uvix_sim/models/aws_robomaker_residential_PortraitC_01/meshes/aws_PortraitC_01_visual.DAE -> /home/chino/uvix_ws/install/Uvix_sim/share/Uvix_sim/models/aws_robomaker_residential_PortraitC_01/meshes
symbolically linking /home/chino/uvix_ws/build/Uvix_sim/models/aws_robomaker_residential_PortraitC_01/meshes/aws_PortraitC_01_collision.DAE -> /home/chino/uvix_ws/install/Uvix_sim/share/Uvix_sim/models/aws_robomaker_residential_PortraitC_01/meshes
creating /home/chino/uvix_ws/install/Uvix_sim/share/Uvix_sim/models/aws_robomaker_residential_PortraitC_01/materials
creating /home/chino/uvix_ws/install/Uvix_sim/share/Uvix_sim/models/aws_robomaker_residential_PortraitC_01/materials/textures
symbolically linking /home/chino/uvix_ws/build/Uvix_sim/models/aws_robomaker_residential_PortraitC_01/materials/textures/aws_PortraitC_02.png -> /home/chino/uvix_ws/install/Uvix_sim/share/Uvix_sim/models/aws_robomaker_residential_PortraitC_01/materials/textures
symbolically linking /home/chino/uvix_ws/build/Uvix_sim/models/aws_robomaker_residential_PortraitC_01/materials/textures/aws_PortraitC_01.png -> /home/chino/uvix_ws/install/Uvix_sim/share/Uvix_sim/models/aws_robomaker_residential_PortraitC_01/materials/textures
creating /home/chino/uvix_ws/install/Uvix_sim/share/Uvix_sim/models/aws_robomaker_retail_Computer_01
symbolically linking /home/chino/uvix_ws/build/Uvix_sim/models/aws_robomaker_retail_Computer_01/model.config -> /home/chino/uvix_ws/install/Uvix_sim/share/Uvix_sim/models/aws_robomaker_retail_Computer_01
symbolically linking /home/chino/uvix_ws/build/Uvix_sim/models/aws_robomaker_retail_Computer_01/model.sdf -> /home/chino/uvix_ws/install/Uvix_sim/share/Uvix_sim/models/aws_robomaker_retail_Computer_01
creating /home/chino/uvix_ws/install/Uvix_sim/share/Uvix_sim/models/aws_robomaker_retail_Computer_01/meshes
symbolically linking /home/chino/uvix_ws/build/Uvix_sim/models/aws_robomaker_retail_Computer_01/meshes/aws_Computer_01_visual.DAE -> /home/chino/uvix_ws/install/Uvix_sim/share/Uvix_sim/models/aws_robomaker_retail_Computer_01/meshes
symbolically linking /home/chino/uvix_ws/build/Uvix_sim/models/aws_robomaker_retail_Computer_01/meshes/aws_Computer_01_collision.DAE -> /home/chino/uvix_ws/install/Uvix_sim/share/Uvix_sim/models/aws_robomaker_retail_Computer_01/meshes
creating /home/chino/uvix_ws/install/Uvix_sim/share/Uvix_sim/models/aws_robomaker_retail_Computer_01/materials
creating /home/chino/uvix_ws/install/Uvix_sim/share/Uvix_sim/models/aws_robomaker_retail_Computer_01/materials/textures
symbolically linking /home/chino/uvix_ws/build/Uvix_sim/models/aws_robomaker_retail_Computer_01/materials/textures/aws_Computer_01.png -> /home/chino/uvix_ws/install/Uvix_sim/share/Uvix_sim/models/aws_robomaker_retail_Computer_01/materials/textures
creating /home/chino/uvix_ws/install/Uvix_sim/share/Uvix_sim/models/aws_robomaker_hospital_ramp_01
symbolically linking /home/chino/uvix_ws/build/Uvix_sim/models/aws_robomaker_hospital_ramp_01/model.config -> /home/chino/uvix_ws/install/Uvix_sim/share/Uvix_sim/models/aws_robomaker_hospital_ramp_01
symbolically linking /home/chino/uvix_ws/build/Uvix_sim/models/aws_robomaker_hospital_ramp_01/model.sdf -> /home/chino/uvix_ws/install/Uvix_sim/share/Uvix_sim/models/aws_robomaker_hospital_ramp_01
creating /home/chino/uvix_ws/install/Uvix_sim/share/Uvix_sim/models/aws_robomaker_hospital_ramp_01/meshes
symbolically linking /home/chino/uvix_ws/build/Uvix_sim/models/aws_robomaker_hospital_ramp_01/meshes/aws_robomaker_hospital_ramp_01_visual.dae -> /home/chino/uvix_ws/install/Uvix_sim/share/Uvix_sim/models/aws_robomaker_hospital_ramp_01/meshes
symbolically linking /home/chino/uvix_ws/build/Uvix_sim/models/aws_robomaker_hospital_ramp_01/meshes/aws_robomaker_hospital_ramp_01_collision.dae -> /home/chino/uvix_ws/install/Uvix_sim/share/Uvix_sim/models/aws_robomaker_hospital_ramp_01/meshes
symbolically linking /home/chino/uvix_ws/build/Uvix_sim/models/aws_robomaker_hospital_ramp_01/meshes/aws_robomaker_hospital_ramp_01_normal.png -> /home/chino/uvix_ws/install/Uvix_sim/share/Uvix_sim/models/aws_robomaker_hospital_ramp_01/meshes
symbolically linking /home/chino/uvix_ws/build/Uvix_sim/models/aws_robomaker_hospital_ramp_01/meshes/aws_robomaker_hospital_ramp_01.png -> /home/chino/uvix_ws/install/Uvix_sim/share/Uvix_sim/models/aws_robomaker_hospital_ramp_01/meshes
creating /home/chino/uvix_ws/install/Uvix_sim/share/Uvix_sim/models/aws_robomaker_hospital_elevator_01_door
symbolically linking /home/chino/uvix_ws/build/Uvix_sim/models/aws_robomaker_hospital_elevator_01_door/model.config -> /home/chino/uvix_ws/install/Uvix_sim/share/Uvix_sim/models/aws_robomaker_hospital_elevator_01_door
symbolically linking /home/chino/uvix_ws/build/Uvix_sim/models/aws_robomaker_hospital_elevator_01_door/model.sdf -> /home/chino/uvix_ws/install/Uvix_sim/share/Uvix_sim/models/aws_robomaker_hospital_elevator_01_door
creating /home/chino/uvix_ws/install/Uvix_sim/share/Uvix_sim/models/aws_robomaker_hospital_elevator_01_door/meshes
symbolically linking /home/chino/uvix_ws/build/Uvix_sim/models/aws_robomaker_hospital_elevator_01_door/meshes/aws_robomaker_hospital_elevator_01_low.png -> /home/chino/uvix_ws/install/Uvix_sim/share/Uvix_sim/models/aws_robomaker_hospital_elevator_01_door/meshes
symbolically linking /home/chino/uvix_ws/build/Uvix_sim/models/aws_robomaker_hospital_elevator_01_door/meshes/aws_robomaker_hospital_elevator_01_door_visual.dae -> /home/chino/uvix_ws/install/Uvix_sim/share/Uvix_sim/models/aws_robomaker_hospital_elevator_01_door/meshes
symbolically linking /home/chino/uvix_ws/build/Uvix_sim/models/aws_robomaker_hospital_elevator_01_door/meshes/aws_robomaker_hospital_elevator_01_visual.png -> /home/chino/uvix_ws/install/Uvix_sim/share/Uvix_sim/models/aws_robomaker_hospital_elevator_01_door/meshes
symbolically linking /home/chino/uvix_ws/build/Uvix_sim/models/aws_robomaker_hospital_elevator_01_door/meshes/aws_robomaker_hospital_elevator_01_door_collision.dae -> /home/chino/uvix_ws/install/Uvix_sim/share/Uvix_sim/models/aws_robomaker_hospital_elevator_01_door/meshes
symbolically linking /home/chino/uvix_ws/build/Uvix_sim/models/aws_robomaker_hospital_elevator_01_door/meshes/aws_robomaker_hospital_elevator_01_low_normal.png -> /home/chino/uvix_ws/install/Uvix_sim/share/Uvix_sim/models/aws_robomaker_hospital_elevator_01_door/meshes
symbolically linking /home/chino/uvix_ws/build/Uvix_sim/models/aws_robomaker_hospital_elevator_01_door/meshes/aws_robomaker_hospital_elevator_01_door_low.dae -> /home/chino/uvix_ws/install/Uvix_sim/share/Uvix_sim/models/aws_robomaker_hospital_elevator_01_door/meshes
symbolically linking /home/chino/uvix_ws/build/Uvix_sim/models/aws_robomaker_hospital_elevator_01_door/meshes/aws_robomaker_hospital_elevator_01_visual_normal.png -> /home/chino/uvix_ws/install/Uvix_sim/share/Uvix_sim/models/aws_robomaker_hospital_elevator_01_door/meshes
