[4.228s] Invoking command in '/home/chino/uvix_ws/build/Uvix_sim': PYTHONPATH=/home/chino/uvix_ws/build/Uvix_sim/prefix_override:/usr/lib/python3/dist-packages/colcon_core/task/python/colcon_distutils_commands:/home/chino/uvix_ws/install/Uvix_sim/lib/python3.10/site-packages:${PYTHONPATH} /usr/bin/python3 -W ignore:setup.py install is deprecated -W ignore:easy_install command is deprecated setup.py develop --editable --build-directory /home/chino/uvix_ws/build/Uvix_sim/build --no-deps symlink_data
[4.908s] running develop
[5.444s] running egg_info
[5.445s] creating Uvix_sim.egg-info
[5.446s] writing Uvix_sim.egg-info/PKG-INFO
[5.447s] writing dependency_links to Uvix_sim.egg-info/dependency_links.txt
[5.448s] writing entry points to Uvix_sim.egg-info/entry_points.txt
[5.448s] writing requirements to Uvix_sim.egg-info/requires.txt
[5.449s] writing top-level names to Uvix_sim.egg-info/top_level.txt
[5.450s] writing manifest file 'Uvix_sim.egg-info/SOURCES.txt'
[5.465s] reading manifest file 'Uvix_sim.egg-info/SOURCES.txt'
[5.478s] writing manifest file 'Uvix_sim.egg-info/SOURCES.txt'
[5.485s] running build_ext
[5.485s] Creating /home/chino/uvix_ws/install/Uvix_sim/lib/python3.10/site-packages/Uvix-sim.egg-link (link to .)
[5.487s] Installing gazebo_ready_watcher script to /home/chino/uvix_ws/install/Uvix_sim/lib/Uvix_sim
[5.488s] Installing slam_prereq_checker script to /home/chino/uvix_ws/install/Uvix_sim/lib/Uvix_sim
[5.489s] 
[5.490s] Installed /home/chino/uvix_ws/build/Uvix_sim
[5.490s] running symlink_data
[5.490s] creating /home/chino/uvix_ws/install/Uvix_sim/share/ament_index
[5.491s] creating /home/chino/uvix_ws/install/Uvix_sim/share/ament_index/resource_index
[5.492s] creating /home/chino/uvix_ws/install/Uvix_sim/share/ament_index/resource_index/packages
[5.494s] symbolically linking /home/chino/uvix_ws/build/Uvix_sim/resource/Uvix_sim -> /home/chino/uvix_ws/install/Uvix_sim/share/ament_index/resource_index/packages
[5.495s] symbolically linking /home/chino/uvix_ws/build/Uvix_sim/package.xml -> /home/chino/uvix_ws/install/Uvix_sim/share/Uvix_sim
[5.495s] creating /home/chino/uvix_ws/install/Uvix_sim/share/Uvix_sim/worlds
[5.496s] symbolically linking /home/chino/uvix_ws/build/Uvix_sim/worlds/hospital.world -> /home/chino/uvix_ws/install/Uvix_sim/share/Uvix_sim/worlds
[5.497s] symbolically linking /home/chino/uvix_ws/build/Uvix_sim/worlds/hospital_two_floors.world -> /home/chino/uvix_ws/install/Uvix_sim/share/Uvix_sim/worlds
[5.498s] symbolically linking /home/chino/uvix_ws/build/Uvix_sim/worlds/hospital_three_floors.world -> /home/chino/uvix_ws/install/Uvix_sim/share/Uvix_sim/worlds
[5.498s] creating /home/chino/uvix_ws/install/Uvix_sim/share/Uvix_sim/meshes
[5.499s] symbolically linking /home/chino/uvix_ws/build/Uvix_sim/meshes/base_link.dae -> /home/chino/uvix_ws/install/Uvix_sim/share/Uvix_sim/meshes
[5.500s] symbolically linking /home/chino/uvix_ws/build/Uvix_sim/meshes/Cuerpo_robot-v4.stl -> /home/chino/uvix_ws/install/Uvix_sim/share/Uvix_sim/meshes
[5.502s] symbolically linking /home/chino/uvix_ws/build/Uvix_sim/meshes/Rueda_izquierda-v2.stl -> /home/chino/uvix_ws/install/Uvix_sim/share/Uvix_sim/meshes
[5.504s] symbolically linking /home/chino/uvix_ws/build/Uvix_sim/meshes/rotatori_suport_rigth-v3.stl -> /home/chino/uvix_ws/install/Uvix_sim/share/Uvix_sim/meshes
[5.505s] symbolically linking /home/chino/uvix_ws/build/Uvix_sim/meshes/rotatori_suport_left-v3.stl -> /home/chino/uvix_ws/install/Uvix_sim/share/Uvix_sim/meshes
[5.507s] symbolically linking /home/chino/uvix_ws/build/Uvix_sim/meshes/Rueda_derecha-v3.stl -> /home/chino/uvix_ws/install/Uvix_sim/share/Uvix_sim/meshes
[5.507s] symbolically linking /home/chino/uvix_ws/build/Uvix_sim/meshes/LIDAR-v5.stl -> /home/chino/uvix_ws/install/Uvix_sim/share/Uvix_sim/meshes
[5.509s] symbolically linking /home/chino/uvix_ws/build/Uvix_sim/meshes/road_left-v3.stl -> /home/chino/uvix_ws/install/Uvix_sim/share/Uvix_sim/meshes
[5.510s] symbolically linking /home/chino/uvix_ws/build/Uvix_sim/meshes/Camara_1-v4.stl -> /home/chino/uvix_ws/install/Uvix_sim/share/Uvix_sim/meshes
[5.510s] symbolically linking /home/chino/uvix_ws/build/Uvix_sim/meshes/Camara_2-v2.stl -> /home/chino/uvix_ws/install/Uvix_sim/share/Uvix_sim/meshes
[5.511s] symbolically linking /home/chino/uvix_ws/build/Uvix_sim/meshes/road_rigth-v3.stl -> /home/chino/uvix_ws/install/Uvix_sim/share/Uvix_sim/meshes
[5.512s] creating /home/chino/uvix_ws/install/Uvix_sim/share/Uvix_sim/urdf
[5.512s] symbolically linking /home/chino/uvix_ws/build/Uvix_sim/urdf/uvix.xacro -> /home/chino/uvix_ws/install/Uvix_sim/share/Uvix_sim/urdf
[5.512s] symbolically linking /home/chino/uvix_ws/build/Uvix_sim/urdf/uvix.gazebo -> /home/chino/uvix_ws/install/Uvix_sim/share/Uvix_sim/urdf
[5.513s] symbolically linking /home/chino/uvix_ws/build/Uvix_sim/urdf/materials.xacro -> /home/chino/uvix_ws/install/Uvix_sim/share/Uvix_sim/urdf
[5.513s] creating /home/chino/uvix_ws/install/Uvix_sim/share/Uvix_sim/launch
[5.514s] symbolically linking /home/chino/uvix_ws/build/Uvix_sim/launch/sim_launch.py -> /home/chino/uvix_ws/install/Uvix_sim/share/Uvix_sim/launch
[5.515s] symbolically linking /home/chino/uvix_ws/build/Uvix_sim/launch/test_mundo.launch.py -> /home/chino/uvix_ws/install/Uvix_sim/share/Uvix_sim/launch
[5.516s] creating /home/chino/uvix_ws/install/Uvix_sim/share/Uvix_sim/config
[5.518s] symbolically linking /home/chino/uvix_ws/build/Uvix_sim/config/main.rviz -> /home/chino/uvix_ws/install/Uvix_sim/share/Uvix_sim/config
[5.518s] symbolically linking /home/chino/uvix_ws/build/Uvix_sim/config/ekf.yaml -> /home/chino/uvix_ws/install/Uvix_sim/share/Uvix_sim/config
[5.518s] symbolically linking /home/chino/uvix_ws/build/Uvix_sim/config/mapper_params_online_async.yaml -> /home/chino/uvix_ws/install/Uvix_sim/share/Uvix_sim/config
[5.519s] symbolically linking /home/chino/uvix_ws/build/Uvix_sim/config/Uvix_controllers.yaml -> /home/chino/uvix_ws/install/Uvix_sim/share/Uvix_sim/config
[5.521s] creating /home/chino/uvix_ws/install/Uvix_sim/share/Uvix_sim/maps
[5.523s] creating /home/chino/uvix_ws/install/Uvix_sim/share/Uvix_sim/models
[5.526s] creating /home/chino/uvix_ws/install/Uvix_sim/share/Uvix_sim/models/aws_robomaker_warehouse_ClutteringC_01
[5.526s] symbolically linking /home/chino/uvix_ws/build/Uvix_sim/models/aws_robomaker_warehouse_ClutteringC_01/model.config -> /home/chino/uvix_ws/install/Uvix_sim/share/Uvix_sim/models/aws_robomaker_warehouse_ClutteringC_01
[5.528s] symbolically linking /home/chino/uvix_ws/build/Uvix_sim/models/aws_robomaker_warehouse_ClutteringC_01/model.sdf -> /home/chino/uvix_ws/install/Uvix_sim/share/Uvix_sim/models/aws_robomaker_warehouse_ClutteringC_01
[5.529s] creating /home/chino/uvix_ws/install/Uvix_sim/share/Uvix_sim/models/aws_robomaker_warehouse_ClutteringC_01/meshes
[5.530s] symbolically linking /home/chino/uvix_ws/build/Uvix_sim/models/aws_robomaker_warehouse_ClutteringC_01/meshes/aws_robomaker_warehouse_ClutteringC_01_collision.DAE -> /home/chino/uvix_ws/install/Uvix_sim/share/Uvix_sim/models/aws_robomaker_warehouse_ClutteringC_01/meshes
[5.532s] symbolically linking /home/chino/uvix_ws/build/Uvix_sim/models/aws_robomaker_warehouse_ClutteringC_01/meshes/aws_robomaker_warehouse_ClutteringC_01_visual.DAE -> /home/chino/uvix_ws/install/Uvix_sim/share/Uvix_sim/models/aws_robomaker_warehouse_ClutteringC_01/meshes
[5.533s] creating /home/chino/uvix_ws/install/Uvix_sim/share/Uvix_sim/models/aws_robomaker_warehouse_ClutteringC_01/materials
[5.535s] creating /home/chino/uvix_ws/install/Uvix_sim/share/Uvix_sim/models/aws_robomaker_warehouse_ClutteringC_01/materials/textures
[5.536s] symbolically linking /home/chino/uvix_ws/build/Uvix_sim/models/aws_robomaker_warehouse_ClutteringC_01/materials/textures/aws_robomaker_warehouse_ClutteringC_02.png -> /home/chino/uvix_ws/install/Uvix_sim/share/Uvix_sim/models/aws_robomaker_warehouse_ClutteringC_01/materials/textures
[5.538s] symbolically linking /home/chino/uvix_ws/build/Uvix_sim/models/aws_robomaker_warehouse_ClutteringC_01/materials/textures/aws_robomaker_warehouse_ClutteringC_01.png -> /home/chino/uvix_ws/install/Uvix_sim/share/Uvix_sim/models/aws_robomaker_warehouse_ClutteringC_01/materials/textures
[5.540s] creating /home/chino/uvix_ws/install/Uvix_sim/share/Uvix_sim/models/aws_robomaker_residential_Sofa_01
[5.541s] symbolically linking /home/chino/uvix_ws/build/Uvix_sim/models/aws_robomaker_residential_Sofa_01/model.config -> /home/chino/uvix_ws/install/Uvix_sim/share/Uvix_sim/models/aws_robomaker_residential_Sofa_01
[5.543s] symbolically linking /home/chino/uvix_ws/build/Uvix_sim/models/aws_robomaker_residential_Sofa_01/model.sdf -> /home/chino/uvix_ws/install/Uvix_sim/share/Uvix_sim/models/aws_robomaker_residential_Sofa_01
[5.545s] creating /home/chino/uvix_ws/install/Uvix_sim/share/Uvix_sim/models/aws_robomaker_residential_Sofa_01/meshes
[5.546s] symbolically linking /home/chino/uvix_ws/build/Uvix_sim/models/aws_robomaker_residential_Sofa_01/meshes/aws_Sofa_01_collision.DAE -> /home/chino/uvix_ws/install/Uvix_sim/share/Uvix_sim/models/aws_robomaker_residential_Sofa_01/meshes
[5.548s] symbolically linking /home/chino/uvix_ws/build/Uvix_sim/models/aws_robomaker_residential_Sofa_01/meshes/aws_Sofa_01.DAE -> /home/chino/uvix_ws/install/Uvix_sim/share/Uvix_sim/models/aws_robomaker_residential_Sofa_01/meshes
[5.548s] symbolically linking /home/chino/uvix_ws/build/Uvix_sim/models/aws_robomaker_residential_Sofa_01/meshes/aws_Sofa_01_visual.DAE -> /home/chino/uvix_ws/install/Uvix_sim/share/Uvix_sim/models/aws_robomaker_residential_Sofa_01/meshes
[5.549s] creating /home/chino/uvix_ws/install/Uvix_sim/share/Uvix_sim/models/aws_robomaker_residential_Sofa_01/materials
[5.551s] creating /home/chino/uvix_ws/install/Uvix_sim/share/Uvix_sim/models/aws_robomaker_residential_Sofa_01/materials/textures
[5.552s] symbolically linking /home/chino/uvix_ws/build/Uvix_sim/models/aws_robomaker_residential_Sofa_01/materials/textures/aws_Sofa_01.png -> /home/chino/uvix_ws/install/Uvix_sim/share/Uvix_sim/models/aws_robomaker_residential_Sofa_01/materials/textures
[5.554s] creating /home/chino/uvix_ws/install/Uvix_sim/share/Uvix_sim/models/aws_robomaker_hospital_elevator_01_portal
[5.555s] symbolically linking /home/chino/uvix_ws/build/Uvix_sim/models/aws_robomaker_hospital_elevator_01_portal/model.config -> /home/chino/uvix_ws/install/Uvix_sim/share/Uvix_sim/models/aws_robomaker_hospital_elevator_01_portal
[5.556s] symbolically linking /home/chino/uvix_ws/build/Uvix_sim/models/aws_robomaker_hospital_elevator_01_portal/model.sdf -> /home/chino/uvix_ws/install/Uvix_sim/share/Uvix_sim/models/aws_robomaker_hospital_elevator_01_portal
[5.558s] creating /home/chino/uvix_ws/install/Uvix_sim/share/Uvix_sim/models/aws_robomaker_hospital_elevator_01_portal/meshes
[5.559s] symbolically linking /home/chino/uvix_ws/build/Uvix_sim/models/aws_robomaker_hospital_elevator_01_portal/meshes/aws_robomaker_hospital_elevator_01_low.png -> /home/chino/uvix_ws/install/Uvix_sim/share/Uvix_sim/models/aws_robomaker_hospital_elevator_01_portal/meshes
[5.560s] symbolically linking /home/chino/uvix_ws/build/Uvix_sim/models/aws_robomaker_hospital_elevator_01_portal/meshes/aws_robomaker_hospital_elevator_01_portal_collision.dae -> /home/chino/uvix_ws/install/Uvix_sim/share/Uvix_sim/models/aws_robomaker_hospital_elevator_01_portal/meshes
[5.562s] symbolically linking /home/chino/uvix_ws/build/Uvix_sim/models/aws_robomaker_hospital_elevator_01_portal/meshes/aws_robomaker_hospital_elevator_01_visual.png -> /home/chino/uvix_ws/install/Uvix_sim/share/Uvix_sim/models/aws_robomaker_hospital_elevator_01_portal/meshes
[5.563s] symbolically linking /home/chino/uvix_ws/build/Uvix_sim/models/aws_robomaker_hospital_elevator_01_portal/meshes/aws_robomaker_hospital_elevator_01_portal_visual.dae -> /home/chino/uvix_ws/install/Uvix_sim/share/Uvix_sim/models/aws_robomaker_hospital_elevator_01_portal/meshes
[5.564s] symbolically linking /home/chino/uvix_ws/build/Uvix_sim/models/aws_robomaker_hospital_elevator_01_portal/meshes/aws_robomaker_hospital_elevator_01_portal_low.dae -> /home/chino/uvix_ws/install/Uvix_sim/share/Uvix_sim/models/aws_robomaker_hospital_elevator_01_portal/meshes
[5.565s] symbolically linking /home/chino/uvix_ws/build/Uvix_sim/models/aws_robomaker_hospital_elevator_01_portal/meshes/aws_robomaker_hospital_elevator_01_low_normal.png -> /home/chino/uvix_ws/install/Uvix_sim/share/Uvix_sim/models/aws_robomaker_hospital_elevator_01_portal/meshes
[5.567s] symbolically linking /home/chino/uvix_ws/build/Uvix_sim/models/aws_robomaker_hospital_elevator_01_portal/meshes/aws_robomaker_hospital_elevator_01_visual_normal.png -> /home/chino/uvix_ws/install/Uvix_sim/share/Uvix_sim/models/aws_robomaker_hospital_elevator_01_portal/meshes
[5.568s] creating /home/chino/uvix_ws/install/Uvix_sim/share/Uvix_sim/models/aws_robomaker_residential_CoffeeTable_01
[5.569s] symbolically linking /home/chino/uvix_ws/build/Uvix_sim/models/aws_robomaker_residential_CoffeeTable_01/model.config -> /home/chino/uvix_ws/install/Uvix_sim/share/Uvix_sim/models/aws_robomaker_residential_CoffeeTable_01
[5.570s] symbolically linking /home/chino/uvix_ws/build/Uvix_sim/models/aws_robomaker_residential_CoffeeTable_01/model.sdf -> /home/chino/uvix_ws/install/Uvix_sim/share/Uvix_sim/models/aws_robomaker_residential_CoffeeTable_01
[5.572s] creating /home/chino/uvix_ws/install/Uvix_sim/share/Uvix_sim/models/aws_robomaker_residential_CoffeeTable_01/meshes
[5.573s] symbolically linking /home/chino/uvix_ws/build/Uvix_sim/models/aws_robomaker_residential_CoffeeTable_01/meshes/aws_CoffeeTable_01_collision.DAE -> /home/chino/uvix_ws/install/Uvix_sim/share/Uvix_sim/models/aws_robomaker_residential_CoffeeTable_01/meshes
[5.574s] symbolically linking /home/chino/uvix_ws/build/Uvix_sim/models/aws_robomaker_residential_CoffeeTable_01/meshes/aws_CoffeeTable_01_visual.DAE -> /home/chino/uvix_ws/install/Uvix_sim/share/Uvix_sim/models/aws_robomaker_residential_CoffeeTable_01/meshes
[5.575s] creating /home/chino/uvix_ws/install/Uvix_sim/share/Uvix_sim/models/aws_robomaker_residential_CoffeeTable_01/materials
[5.577s] creating /home/chino/uvix_ws/install/Uvix_sim/share/Uvix_sim/models/aws_robomaker_residential_CoffeeTable_01/materials/textures
[5.578s] symbolically linking /home/chino/uvix_ws/build/Uvix_sim/models/aws_robomaker_residential_CoffeeTable_01/materials/textures/aws_CoffeeTable_01.png -> /home/chino/uvix_ws/install/Uvix_sim/share/Uvix_sim/models/aws_robomaker_residential_CoffeeTable_01/materials/textures
[5.580s] creating /home/chino/uvix_ws/install/Uvix_sim/share/Uvix_sim/models/aws_robomaker_hospital_curtain_half_open_01
[5.581s] symbolically linking /home/chino/uvix_ws/build/Uvix_sim/models/aws_robomaker_hospital_curtain_half_open_01/model.config -> /home/chino/uvix_ws/install/Uvix_sim/share/Uvix_sim/models/aws_robomaker_hospital_curtain_half_open_01
[5.582s] symbolically linking /home/chino/uvix_ws/build/Uvix_sim/models/aws_robomaker_hospital_curtain_half_open_01/model.sdf -> /home/chino/uvix_ws/install/Uvix_sim/share/Uvix_sim/models/aws_robomaker_hospital_curtain_half_open_01
[5.583s] creating /home/chino/uvix_ws/install/Uvix_sim/share/Uvix_sim/models/aws_robomaker_hospital_curtain_half_open_01/meshes
[5.585s] symbolically linking /home/chino/uvix_ws/build/Uvix_sim/models/aws_robomaker_hospital_curtain_half_open_01/meshes/aws_robomaker_hospital_curtain_half_open_01_visual_normal.png -> /home/chino/uvix_ws/install/Uvix_sim/share/Uvix_sim/models/aws_robomaker_hospital_curtain_half_open_01/meshes
[5.587s] symbolically linking /home/chino/uvix_ws/build/Uvix_sim/models/aws_robomaker_hospital_curtain_half_open_01/meshes/aws_robomaker_hospital_curtain_half_open_01_low_normal.png -> /home/chino/uvix_ws/install/Uvix_sim/share/Uvix_sim/models/aws_robomaker_hospital_curtain_half_open_01/meshes
[5.588s] symbolically linking /home/chino/uvix_ws/build/Uvix_sim/models/aws_robomaker_hospital_curtain_half_open_01/meshes/aws_robomaker_hospital_curtain_half_open_01_visual.png -> /home/chino/uvix_ws/install/Uvix_sim/share/Uvix_sim/models/aws_robomaker_hospital_curtain_half_open_01/meshes
[5.589s] symbolically linking /home/chino/uvix_ws/build/Uvix_sim/models/aws_robomaker_hospital_curtain_half_open_01/meshes/aws_robomaker_hospital_curtainrail_01_low_normal.png -> /home/chino/uvix_ws/install/Uvix_sim/share/Uvix_sim/models/aws_robomaker_hospital_curtain_half_open_01/meshes
[5.590s] symbolically linking /home/chino/uvix_ws/build/Uvix_sim/models/aws_robomaker_hospital_curtain_half_open_01/meshes/aws_robomaker_hospital_curtain_half_open_01_collision.dae -> /home/chino/uvix_ws/install/Uvix_sim/share/Uvix_sim/models/aws_robomaker_hospital_curtain_half_open_01/meshes
[5.592s] symbolically linking /home/chino/uvix_ws/build/Uvix_sim/models/aws_robomaker_hospital_curtain_half_open_01/meshes/aws_robomaker_hospital_curtain_half_open_01_low.png -> /home/chino/uvix_ws/install/Uvix_sim/share/Uvix_sim/models/aws_robomaker_hospital_curtain_half_open_01/meshes
[5.593s] symbolically linking /home/chino/uvix_ws/build/Uvix_sim/models/aws_robomaker_hospital_curtain_half_open_01/meshes/aws_robomaker_hospital_curtainrail_01_low.png -> /home/chino/uvix_ws/install/Uvix_sim/share/Uvix_sim/models/aws_robomaker_hospital_curtain_half_open_01/meshes
[5.594s] symbolically linking /home/chino/uvix_ws/build/Uvix_sim/models/aws_robomaker_hospital_curtain_half_open_01/meshes/aws_robomaker_hospital_curtain_half_open_01_visual.dae -> /home/chino/uvix_ws/install/Uvix_sim/share/Uvix_sim/models/aws_robomaker_hospital_curtain_half_open_01/meshes
[5.595s] symbolically linking /home/chino/uvix_ws/build/Uvix_sim/models/aws_robomaker_hospital_curtain_half_open_01/meshes/aws_robomaker_hospital_curtainrail_01_visual.png -> /home/chino/uvix_ws/install/Uvix_sim/share/Uvix_sim/models/aws_robomaker_hospital_curtain_half_open_01/meshes
[5.596s] symbolically linking /home/chino/uvix_ws/build/Uvix_sim/models/aws_robomaker_hospital_curtain_half_open_01/meshes/aws_robomaker_hospital_curtainrail_01_visual_normal.png -> /home/chino/uvix_ws/install/Uvix_sim/share/Uvix_sim/models/aws_robomaker_hospital_curtain_half_open_01/meshes
[5.597s] creating /home/chino/uvix_ws/install/Uvix_sim/share/Uvix_sim/models/aws_robomaker_hospital_floor_02_floor
[5.598s] symbolically linking /home/chino/uvix_ws/build/Uvix_sim/models/aws_robomaker_hospital_floor_02_floor/model.config -> /home/chino/uvix_ws/install/Uvix_sim/share/Uvix_sim/models/aws_robomaker_hospital_floor_02_floor
[5.599s] symbolically linking /home/chino/uvix_ws/build/Uvix_sim/models/aws_robomaker_hospital_floor_02_floor/model.sdf -> /home/chino/uvix_ws/install/Uvix_sim/share/Uvix_sim/models/aws_robomaker_hospital_floor_02_floor
[5.600s] creating /home/chino/uvix_ws/install/Uvix_sim/share/Uvix_sim/models/aws_robomaker_hospital_floor_02_floor/meshes
[5.602s] symbolically linking /home/chino/uvix_ws/build/Uvix_sim/models/aws_robomaker_hospital_floor_02_floor/meshes/aws_robomaker_hospital_floor_02_floor_collision.dae -> /home/chino/uvix_ws/install/Uvix_sim/share/Uvix_sim/models/aws_robomaker_hospital_floor_02_floor/meshes
[5.603s] symbolically linking /home/chino/uvix_ws/build/Uvix_sim/models/aws_robomaker_hospital_floor_02_floor/meshes/aws_robomaker_hospital_floor_02_floor_normal.png -> /home/chino/uvix_ws/install/Uvix_sim/share/Uvix_sim/models/aws_robomaker_hospital_floor_02_floor/meshes
[5.604s] symbolically linking /home/chino/uvix_ws/build/Uvix_sim/models/aws_robomaker_hospital_floor_02_floor/meshes/aws_robomaker_hospital_floor_02_floor.png -> /home/chino/uvix_ws/install/Uvix_sim/share/Uvix_sim/models/aws_robomaker_hospital_floor_02_floor/meshes
[5.606s] symbolically linking /home/chino/uvix_ws/build/Uvix_sim/models/aws_robomaker_hospital_floor_02_floor/meshes/aws_robomaker_hospital_floor_02_floor_visual.dae -> /home/chino/uvix_ws/install/Uvix_sim/share/Uvix_sim/models/aws_robomaker_hospital_floor_02_floor/meshes
[5.607s] creating /home/chino/uvix_ws/install/Uvix_sim/share/Uvix_sim/models/aws_robomaker_hospital_floor_01_walls
[5.609s] symbolically linking /home/chino/uvix_ws/build/Uvix_sim/models/aws_robomaker_hospital_floor_01_walls/model.config -> /home/chino/uvix_ws/install/Uvix_sim/share/Uvix_sim/models/aws_robomaker_hospital_floor_01_walls
[5.610s] symbolically linking /home/chino/uvix_ws/build/Uvix_sim/models/aws_robomaker_hospital_floor_01_walls/model.sdf -> /home/chino/uvix_ws/install/Uvix_sim/share/Uvix_sim/models/aws_robomaker_hospital_floor_01_walls
[5.611s] creating /home/chino/uvix_ws/install/Uvix_sim/share/Uvix_sim/models/aws_robomaker_hospital_floor_01_walls/meshes
[5.613s] symbolically linking /home/chino/uvix_ws/build/Uvix_sim/models/aws_robomaker_hospital_floor_01_walls/meshes/aws_robomaker_hospital_floor_01_doorsign.png -> /home/chino/uvix_ws/install/Uvix_sim/share/Uvix_sim/models/aws_robomaker_hospital_floor_01_walls/meshes
[5.614s] symbolically linking /home/chino/uvix_ws/build/Uvix_sim/models/aws_robomaker_hospital_floor_01_walls/meshes/aws_robomaker_hospital_floor_01_doorframes_small.png -> /home/chino/uvix_ws/install/Uvix_sim/share/Uvix_sim/models/aws_robomaker_hospital_floor_01_walls/meshes
[5.615s] symbolically linking /home/chino/uvix_ws/build/Uvix_sim/models/aws_robomaker_hospital_floor_01_walls/meshes/aws_robomaker_hospital_floor_01_handrail.png -> /home/chino/uvix_ws/install/Uvix_sim/share/Uvix_sim/models/aws_robomaker_hospital_floor_01_walls/meshes
[5.616s] symbolically linking /home/chino/uvix_ws/build/Uvix_sim/models/aws_robomaker_hospital_floor_01_walls/meshes/aws_robomaker_hospital_floor_01_doorframes_big.png -> /home/chino/uvix_ws/install/Uvix_sim/share/Uvix_sim/models/aws_robomaker_hospital_floor_01_walls/meshes
[5.618s] symbolically linking /home/chino/uvix_ws/build/Uvix_sim/models/aws_robomaker_hospital_floor_01_walls/meshes/aws_robomaker_hospital_floor_01_stairs.png -> /home/chino/uvix_ws/install/Uvix_sim/share/Uvix_sim/models/aws_robomaker_hospital_floor_01_walls/meshes
[5.620s] symbolically linking /home/chino/uvix_ws/build/Uvix_sim/models/aws_robomaker_hospital_floor_01_walls/meshes/aws_robomaker_hospital_floor_01_walls_visual.dae -> /home/chino/uvix_ws/install/Uvix_sim/share/Uvix_sim/models/aws_robomaker_hospital_floor_01_walls/meshes
[5.621s] symbolically linking /home/chino/uvix_ws/build/Uvix_sim/models/aws_robomaker_hospital_floor_01_walls/meshes/aws_robomaker_hospital_floor_01_bumprail.png -> /home/chino/uvix_ws/install/Uvix_sim/share/Uvix_sim/models/aws_robomaker_hospital_floor_01_walls/meshes
[5.622s] symbolically linking /home/chino/uvix_ws/build/Uvix_sim/models/aws_robomaker_hospital_floor_01_walls/meshes/aws_robomaker_hospital_floor_01_windows.png -> /home/chino/uvix_ws/install/Uvix_sim/share/Uvix_sim/models/aws_robomaker_hospital_floor_01_walls/meshes
[5.623s] symbolically linking /home/chino/uvix_ws/build/Uvix_sim/models/aws_robomaker_hospital_floor_01_walls/meshes/aws_robomaker_hospital_floor_01_walls_collision.dae -> /home/chino/uvix_ws/install/Uvix_sim/share/Uvix_sim/models/aws_robomaker_hospital_floor_01_walls/meshes
[5.625s] symbolically linking /home/chino/uvix_ws/build/Uvix_sim/models/aws_robomaker_hospital_floor_01_walls/meshes/aws_robomaker_hospital_floor_01_walls.png -> /home/chino/uvix_ws/install/Uvix_sim/share/Uvix_sim/models/aws_robomaker_hospital_floor_01_walls/meshes
[5.626s] creating /home/chino/uvix_ws/install/Uvix_sim/share/Uvix_sim/models/aws_robomaker_retail_BookshelfB_01
[5.627s] symbolically linking /home/chino/uvix_ws/build/Uvix_sim/models/aws_robomaker_retail_BookshelfB_01/model.config -> /home/chino/uvix_ws/install/Uvix_sim/share/Uvix_sim/models/aws_robomaker_retail_BookshelfB_01
[5.630s] symbolically linking /home/chino/uvix_ws/build/Uvix_sim/models/aws_robomaker_retail_BookshelfB_01/model.sdf -> /home/chino/uvix_ws/install/Uvix_sim/share/Uvix_sim/models/aws_robomaker_retail_BookshelfB_01
[5.631s] creating /home/chino/uvix_ws/install/Uvix_sim/share/Uvix_sim/models/aws_robomaker_retail_BookshelfB_01/meshes
[5.635s] symbolically linking /home/chino/uvix_ws/build/Uvix_sim/models/aws_robomaker_retail_BookshelfB_01/meshes/aws_BookshelfB_01_collision.DAE -> /home/chino/uvix_ws/install/Uvix_sim/share/Uvix_sim/models/aws_robomaker_retail_BookshelfB_01/meshes
[5.637s] symbolically linking /home/chino/uvix_ws/build/Uvix_sim/models/aws_robomaker_retail_BookshelfB_01/meshes/aws_BookshelfB_01_visual.DAE -> /home/chino/uvix_ws/install/Uvix_sim/share/Uvix_sim/models/aws_robomaker_retail_BookshelfB_01/meshes
[5.638s] creating /home/chino/uvix_ws/install/Uvix_sim/share/Uvix_sim/models/aws_robomaker_retail_BookshelfB_01/materials
[5.640s] creating /home/chino/uvix_ws/install/Uvix_sim/share/Uvix_sim/models/aws_robomaker_retail_BookshelfB_01/materials/textures
[5.641s] symbolically linking /home/chino/uvix_ws/build/Uvix_sim/models/aws_robomaker_retail_BookshelfB_01/materials/textures/aws_BookshelfB_02.png -> /home/chino/uvix_ws/install/Uvix_sim/share/Uvix_sim/models/aws_robomaker_retail_BookshelfB_01/materials/textures
[5.643s] symbolically linking /home/chino/uvix_ws/build/Uvix_sim/models/aws_robomaker_retail_BookshelfB_01/materials/textures/aws_BookshelfB_01.png -> /home/chino/uvix_ws/install/Uvix_sim/share/Uvix_sim/models/aws_robomaker_retail_BookshelfB_01/materials/textures
[5.645s] creating /home/chino/uvix_ws/install/Uvix_sim/share/Uvix_sim/models/aws_robomaker_residential_PortraitB_01
[5.646s] symbolically linking /home/chino/uvix_ws/build/Uvix_sim/models/aws_robomaker_residential_PortraitB_01/model.config -> /home/chino/uvix_ws/install/Uvix_sim/share/Uvix_sim/models/aws_robomaker_residential_PortraitB_01
[5.648s] symbolically linking /home/chino/uvix_ws/build/Uvix_sim/models/aws_robomaker_residential_PortraitB_01/model.sdf -> /home/chino/uvix_ws/install/Uvix_sim/share/Uvix_sim/models/aws_robomaker_residential_PortraitB_01
[5.650s] creating /home/chino/uvix_ws/install/Uvix_sim/share/Uvix_sim/models/aws_robomaker_residential_PortraitB_01/meshes
[5.651s] symbolically linking /home/chino/uvix_ws/build/Uvix_sim/models/aws_robomaker_residential_PortraitB_01/meshes/aws_PortraitB_01_visual.DAE -> /home/chino/uvix_ws/install/Uvix_sim/share/Uvix_sim/models/aws_robomaker_residential_PortraitB_01/meshes
[5.652s] symbolically linking /home/chino/uvix_ws/build/Uvix_sim/models/aws_robomaker_residential_PortraitB_01/meshes/aws_PortraitB_01_collision.DAE -> /home/chino/uvix_ws/install/Uvix_sim/share/Uvix_sim/models/aws_robomaker_residential_PortraitB_01/meshes
[5.654s] creating /home/chino/uvix_ws/install/Uvix_sim/share/Uvix_sim/models/aws_robomaker_residential_PortraitB_01/materials
[5.655s] creating /home/chino/uvix_ws/install/Uvix_sim/share/Uvix_sim/models/aws_robomaker_residential_PortraitB_01/materials/textures
[5.656s] symbolically linking /home/chino/uvix_ws/build/Uvix_sim/models/aws_robomaker_residential_PortraitB_01/materials/textures/aws_PortraitB_02.png -> /home/chino/uvix_ws/install/Uvix_sim/share/Uvix_sim/models/aws_robomaker_residential_PortraitB_01/materials/textures
[5.658s] symbolically linking /home/chino/uvix_ws/build/Uvix_sim/models/aws_robomaker_residential_PortraitB_01/materials/textures/aws_PortraitB_01.png -> /home/chino/uvix_ws/install/Uvix_sim/share/Uvix_sim/models/aws_robomaker_residential_PortraitB_01/materials/textures
[5.659s] creating /home/chino/uvix_ws/install/Uvix_sim/share/Uvix_sim/models/aws_robomaker_residential_TV_02
[5.660s] symbolically linking /home/chino/uvix_ws/build/Uvix_sim/models/aws_robomaker_residential_TV_02/model.config -> /home/chino/uvix_ws/install/Uvix_sim/share/Uvix_sim/models/aws_robomaker_residential_TV_02
[5.661s] symbolically linking /home/chino/uvix_ws/build/Uvix_sim/models/aws_robomaker_residential_TV_02/model.sdf -> /home/chino/uvix_ws/install/Uvix_sim/share/Uvix_sim/models/aws_robomaker_residential_TV_02
[5.662s] creating /home/chino/uvix_ws/install/Uvix_sim/share/Uvix_sim/models/aws_robomaker_residential_TV_02/meshes
[5.663s] symbolically linking /home/chino/uvix_ws/build/Uvix_sim/models/aws_robomaker_residential_TV_02/meshes/aws_TV_01_collision.DAE -> /home/chino/uvix_ws/install/Uvix_sim/share/Uvix_sim/models/aws_robomaker_residential_TV_02/meshes
[5.665s] symbolically linking /home/chino/uvix_ws/build/Uvix_sim/models/aws_robomaker_residential_TV_02/meshes/aws_TV_01_visual.DAE -> /home/chino/uvix_ws/install/Uvix_sim/share/Uvix_sim/models/aws_robomaker_residential_TV_02/meshes
[5.666s] creating /home/chino/uvix_ws/install/Uvix_sim/share/Uvix_sim/models/aws_robomaker_residential_TV_02/materials
[5.667s] creating /home/chino/uvix_ws/install/Uvix_sim/share/Uvix_sim/models/aws_robomaker_residential_TV_02/materials/textures
[5.668s] symbolically linking /home/chino/uvix_ws/build/Uvix_sim/models/aws_robomaker_residential_TV_02/materials/textures/aws_TV_01.png -> /home/chino/uvix_ws/install/Uvix_sim/share/Uvix_sim/models/aws_robomaker_residential_TV_02/materials/textures
[5.670s] creating /home/chino/uvix_ws/install/Uvix_sim/share/Uvix_sim/models/aws_robomaker_residential_Refrigerator_01
[5.672s] symbolically linking /home/chino/uvix_ws/build/Uvix_sim/models/aws_robomaker_residential_Refrigerator_01/model.config -> /home/chino/uvix_ws/install/Uvix_sim/share/Uvix_sim/models/aws_robomaker_residential_Refrigerator_01
[5.676s] symbolically linking /home/chino/uvix_ws/build/Uvix_sim/models/aws_robomaker_residential_Refrigerator_01/model.sdf -> /home/chino/uvix_ws/install/Uvix_sim/share/Uvix_sim/models/aws_robomaker_residential_Refrigerator_01
[5.679s] creating /home/chino/uvix_ws/install/Uvix_sim/share/Uvix_sim/models/aws_robomaker_residential_Refrigerator_01/meshes
[5.682s] symbolically linking /home/chino/uvix_ws/build/Uvix_sim/models/aws_robomaker_residential_Refrigerator_01/meshes/aws_Refrigerator_01.DAE -> /home/chino/uvix_ws/install/Uvix_sim/share/Uvix_sim/models/aws_robomaker_residential_Refrigerator_01/meshes
[5.684s] symbolically linking /home/chino/uvix_ws/build/Uvix_sim/models/aws_robomaker_residential_Refrigerator_01/meshes/aws_Refrigerator_01_collision.DAE -> /home/chino/uvix_ws/install/Uvix_sim/share/Uvix_sim/models/aws_robomaker_residential_Refrigerator_01/meshes
[5.684s] symbolically linking /home/chino/uvix_ws/build/Uvix_sim/models/aws_robomaker_residential_Refrigerator_01/meshes/aws_Refrigerator_01_visual.DAE -> /home/chino/uvix_ws/install/Uvix_sim/share/Uvix_sim/models/aws_robomaker_residential_Refrigerator_01/meshes
[5.685s] creating /home/chino/uvix_ws/install/Uvix_sim/share/Uvix_sim/models/aws_robomaker_residential_Refrigerator_01/materials
[5.687s] creating /home/chino/uvix_ws/install/Uvix_sim/share/Uvix_sim/models/aws_robomaker_residential_Refrigerator_01/materials/textures
[5.690s] symbolically linking /home/chino/uvix_ws/build/Uvix_sim/models/aws_robomaker_residential_Refrigerator_01/materials/textures/aws_Refrigerator_01.png -> /home/chino/uvix_ws/install/Uvix_sim/share/Uvix_sim/models/aws_robomaker_residential_Refrigerator_01/materials/textures
[5.690s] symbolically linking /home/chino/uvix_ws/build/Uvix_sim/models/aws_robomaker_residential_Refrigerator_01/materials/textures/aws_Refrigerator_02.png -> /home/chino/uvix_ws/install/Uvix_sim/share/Uvix_sim/models/aws_robomaker_residential_Refrigerator_01/materials/textures
[5.691s] creating /home/chino/uvix_ws/install/Uvix_sim/share/Uvix_sim/models/aws_robomaker_hospital_elevator_01_car
[5.694s] symbolically linking /home/chino/uvix_ws/build/Uvix_sim/models/aws_robomaker_hospital_elevator_01_car/model.config -> /home/chino/uvix_ws/install/Uvix_sim/share/Uvix_sim/models/aws_robomaker_hospital_elevator_01_car
[5.694s] symbolically linking /home/chino/uvix_ws/build/Uvix_sim/models/aws_robomaker_hospital_elevator_01_car/model.sdf -> /home/chino/uvix_ws/install/Uvix_sim/share/Uvix_sim/models/aws_robomaker_hospital_elevator_01_car
[5.695s] creating /home/chino/uvix_ws/install/Uvix_sim/share/Uvix_sim/models/aws_robomaker_hospital_elevator_01_car/meshes
[5.697s] symbolically linking /home/chino/uvix_ws/build/Uvix_sim/models/aws_robomaker_hospital_elevator_01_car/meshes/aws_robomaker_hospital_elevator_01_low.png -> /home/chino/uvix_ws/install/Uvix_sim/share/Uvix_sim/models/aws_robomaker_hospital_elevator_01_car/meshes
[5.698s] symbolically linking /home/chino/uvix_ws/build/Uvix_sim/models/aws_robomaker_hospital_elevator_01_car/meshes/aws_robomaker_hospital_elevator_01_car_low.dae -> /home/chino/uvix_ws/install/Uvix_sim/share/Uvix_sim/models/aws_robomaker_hospital_elevator_01_car/meshes
[5.700s] symbolically linking /home/chino/uvix_ws/build/Uvix_sim/models/aws_robomaker_hospital_elevator_01_car/meshes/aws_robomaker_hospital_elevator_01_visual.png -> /home/chino/uvix_ws/install/Uvix_sim/share/Uvix_sim/models/aws_robomaker_hospital_elevator_01_car/meshes
[5.701s] symbolically linking /home/chino/uvix_ws/build/Uvix_sim/models/aws_robomaker_hospital_elevator_01_car/meshes/aws_robomaker_hospital_elevator_01_car_collision.dae -> /home/chino/uvix_ws/install/Uvix_sim/share/Uvix_sim/models/aws_robomaker_hospital_elevator_01_car/meshes
[5.703s] symbolically linking /home/chino/uvix_ws/build/Uvix_sim/models/aws_robomaker_hospital_elevator_01_car/meshes/aws_robomaker_hospital_elevator_01_low_normal.png -> /home/chino/uvix_ws/install/Uvix_sim/share/Uvix_sim/models/aws_robomaker_hospital_elevator_01_car/meshes
[5.704s] symbolically linking /home/chino/uvix_ws/build/Uvix_sim/models/aws_robomaker_hospital_elevator_01_car/meshes/aws_robomaker_hospital_elevator_01_visual_normal.png -> /home/chino/uvix_ws/install/Uvix_sim/share/Uvix_sim/models/aws_robomaker_hospital_elevator_01_car/meshes
[5.706s] symbolically linking /home/chino/uvix_ws/build/Uvix_sim/models/aws_robomaker_hospital_elevator_01_car/meshes/aws_robomaker_hospital_elevator_01_car_visual.dae -> /home/chino/uvix_ws/install/Uvix_sim/share/Uvix_sim/models/aws_robomaker_hospital_elevator_01_car/meshes
[5.706s] creating /home/chino/uvix_ws/install/Uvix_sim/share/Uvix_sim/models/aws_robomaker_residential_PortraitB_03
[5.707s] symbolically linking /home/chino/uvix_ws/build/Uvix_sim/models/aws_robomaker_residential_PortraitB_03/model.config -> /home/chino/uvix_ws/install/Uvix_sim/share/Uvix_sim/models/aws_robomaker_residential_PortraitB_03
[5.708s] symbolically linking /home/chino/uvix_ws/build/Uvix_sim/models/aws_robomaker_residential_PortraitB_03/model.sdf -> /home/chino/uvix_ws/install/Uvix_sim/share/Uvix_sim/models/aws_robomaker_residential_PortraitB_03
[5.709s] creating /home/chino/uvix_ws/install/Uvix_sim/share/Uvix_sim/models/aws_robomaker_residential_PortraitB_03/meshes
[5.709s] symbolically linking /home/chino/uvix_ws/build/Uvix_sim/models/aws_robomaker_residential_PortraitB_03/meshes/aws_PortraitB_01_visual.DAE -> /home/chino/uvix_ws/install/Uvix_sim/share/Uvix_sim/models/aws_robomaker_residential_PortraitB_03/meshes
[5.710s] symbolically linking /home/chino/uvix_ws/build/Uvix_sim/models/aws_robomaker_residential_PortraitB_03/meshes/aws_PortraitB_01_collision.DAE -> /home/chino/uvix_ws/install/Uvix_sim/share/Uvix_sim/models/aws_robomaker_residential_PortraitB_03/meshes
[5.711s] creating /home/chino/uvix_ws/install/Uvix_sim/share/Uvix_sim/models/aws_robomaker_residential_PortraitB_03/materials
[5.713s] creating /home/chino/uvix_ws/install/Uvix_sim/share/Uvix_sim/models/aws_robomaker_residential_PortraitB_03/materials/textures
[5.714s] symbolically linking /home/chino/uvix_ws/build/Uvix_sim/models/aws_robomaker_residential_PortraitB_03/materials/textures/aws_PortraitB_02.png -> /home/chino/uvix_ws/install/Uvix_sim/share/Uvix_sim/models/aws_robomaker_residential_PortraitB_03/materials/textures
[5.716s] symbolically linking /home/chino/uvix_ws/build/Uvix_sim/models/aws_robomaker_residential_PortraitB_03/materials/textures/aws_PortraitB_01.png -> /home/chino/uvix_ws/install/Uvix_sim/share/Uvix_sim/models/aws_robomaker_residential_PortraitB_03/materials/textures
[5.718s] creating /home/chino/uvix_ws/install/Uvix_sim/share/Uvix_sim/models/aws_robomaker_hospital_curtain_closed_01
[5.720s] symbolically linking /home/chino/uvix_ws/build/Uvix_sim/models/aws_robomaker_hospital_curtain_closed_01/model.config -> /home/chino/uvix_ws/install/Uvix_sim/share/Uvix_sim/models/aws_robomaker_hospital_curtain_closed_01
[5.722s] symbolically linking /home/chino/uvix_ws/build/Uvix_sim/models/aws_robomaker_hospital_curtain_closed_01/model.sdf -> /home/chino/uvix_ws/install/Uvix_sim/share/Uvix_sim/models/aws_robomaker_hospital_curtain_closed_01
[5.724s] creating /home/chino/uvix_ws/install/Uvix_sim/share/Uvix_sim/models/aws_robomaker_hospital_curtain_closed_01/meshes
[5.725s] symbolically linking /home/chino/uvix_ws/build/Uvix_sim/models/aws_robomaker_hospital_curtain_closed_01/meshes/aws_robomaker_hospital_curtain_closed_01_visual.png -> /home/chino/uvix_ws/install/Uvix_sim/share/Uvix_sim/models/aws_robomaker_hospital_curtain_closed_01/meshes
[5.726s] symbolically linking /home/chino/uvix_ws/build/Uvix_sim/models/aws_robomaker_hospital_curtain_closed_01/meshes/aws_robomaker_hospital_curtainrail_01_low_normal.png -> /home/chino/uvix_ws/install/Uvix_sim/share/Uvix_sim/models/aws_robomaker_hospital_curtain_closed_01/meshes
[5.728s] symbolically linking /home/chino/uvix_ws/build/Uvix_sim/models/aws_robomaker_hospital_curtain_closed_01/meshes/aws_robomaker_hospital_curtain_closed_01_low.png -> /home/chino/uvix_ws/install/Uvix_sim/share/Uvix_sim/models/aws_robomaker_hospital_curtain_closed_01/meshes
[5.729s] symbolically linking /home/chino/uvix_ws/build/Uvix_sim/models/aws_robomaker_hospital_curtain_closed_01/meshes/aws_robomaker_hospital_curtain_closed_01_low_normal.png -> /home/chino/uvix_ws/install/Uvix_sim/share/Uvix_sim/models/aws_robomaker_hospital_curtain_closed_01/meshes
[5.732s] symbolically linking /home/chino/uvix_ws/build/Uvix_sim/models/aws_robomaker_hospital_curtain_closed_01/meshes/aws_robomaker_hospital_curtain_closed_01_visual_normal.png -> /home/chino/uvix_ws/install/Uvix_sim/share/Uvix_sim/models/aws_robomaker_hospital_curtain_closed_01/meshes
[5.733s] symbolically linking /home/chino/uvix_ws/build/Uvix_sim/models/aws_robomaker_hospital_curtain_closed_01/meshes/aws_robomaker_hospital_curtain_closed_01_collision.dae -> /home/chino/uvix_ws/install/Uvix_sim/share/Uvix_sim/models/aws_robomaker_hospital_curtain_closed_01/meshes
[5.734s] symbolically linking /home/chino/uvix_ws/build/Uvix_sim/models/aws_robomaker_hospital_curtain_closed_01/meshes/aws_robomaker_hospital_curtainrail_01_low.png -> /home/chino/uvix_ws/install/Uvix_sim/share/Uvix_sim/models/aws_robomaker_hospital_curtain_closed_01/meshes
[5.735s] symbolically linking /home/chino/uvix_ws/build/Uvix_sim/models/aws_robomaker_hospital_curtain_closed_01/meshes/aws_robomaker_hospital_curtainrail_01_visual.png -> /home/chino/uvix_ws/install/Uvix_sim/share/Uvix_sim/models/aws_robomaker_hospital_curtain_closed_01/meshes
[5.737s] symbolically linking /home/chino/uvix_ws/build/Uvix_sim/models/aws_robomaker_hospital_curtain_closed_01/meshes/aws_robomaker_hospital_curtain_closed_01_visual.dae -> /home/chino/uvix_ws/install/Uvix_sim/share/Uvix_sim/models/aws_robomaker_hospital_curtain_closed_01/meshes
[5.738s] symbolically linking /home/chino/uvix_ws/build/Uvix_sim/models/aws_robomaker_hospital_curtain_closed_01/meshes/aws_robomaker_hospital_curtainrail_01_visual_normal.png -> /home/chino/uvix_ws/install/Uvix_sim/share/Uvix_sim/models/aws_robomaker_hospital_curtain_closed_01/meshes
[5.739s] creating /home/chino/uvix_ws/install/Uvix_sim/share/Uvix_sim/models/aws_robomaker_residential_PortraitD_02
[5.740s] symbolically linking /home/chino/uvix_ws/build/Uvix_sim/models/aws_robomaker_residential_PortraitD_02/model.config -> /home/chino/uvix_ws/install/Uvix_sim/share/Uvix_sim/models/aws_robomaker_residential_PortraitD_02
[5.741s] symbolically linking /home/chino/uvix_ws/build/Uvix_sim/models/aws_robomaker_residential_PortraitD_02/model.sdf -> /home/chino/uvix_ws/install/Uvix_sim/share/Uvix_sim/models/aws_robomaker_residential_PortraitD_02
[5.743s] creating /home/chino/uvix_ws/install/Uvix_sim/share/Uvix_sim/models/aws_robomaker_residential_PortraitD_02/meshes
[5.744s] symbolically linking /home/chino/uvix_ws/build/Uvix_sim/models/aws_robomaker_residential_PortraitD_02/meshes/aws_PortraitD_01_visual.DAE -> /home/chino/uvix_ws/install/Uvix_sim/share/Uvix_sim/models/aws_robomaker_residential_PortraitD_02/meshes
[5.745s] symbolically linking /home/chino/uvix_ws/build/Uvix_sim/models/aws_robomaker_residential_PortraitD_02/meshes/aws_PortraitD_01_collision.DAE -> /home/chino/uvix_ws/install/Uvix_sim/share/Uvix_sim/models/aws_robomaker_residential_PortraitD_02/meshes
[5.745s] creating /home/chino/uvix_ws/install/Uvix_sim/share/Uvix_sim/models/aws_robomaker_residential_PortraitD_02/materials
[5.746s] creating /home/chino/uvix_ws/install/Uvix_sim/share/Uvix_sim/models/aws_robomaker_residential_PortraitD_02/materials/textures
[5.747s] symbolically linking /home/chino/uvix_ws/build/Uvix_sim/models/aws_robomaker_residential_PortraitD_02/materials/textures/aws_PortraitD_02.png -> /home/chino/uvix_ws/install/Uvix_sim/share/Uvix_sim/models/aws_robomaker_residential_PortraitD_02/materials/textures
[5.748s] symbolically linking /home/chino/uvix_ws/build/Uvix_sim/models/aws_robomaker_residential_PortraitD_02/materials/textures/aws_PortraitD_01.png -> /home/chino/uvix_ws/install/Uvix_sim/share/Uvix_sim/models/aws_robomaker_residential_PortraitD_02/materials/textures
[5.750s] creating /home/chino/uvix_ws/install/Uvix_sim/share/Uvix_sim/models/aws_robomaker_residential_Carpet_01
[5.752s] symbolically linking /home/chino/uvix_ws/build/Uvix_sim/models/aws_robomaker_residential_Carpet_01/model.config -> /home/chino/uvix_ws/install/Uvix_sim/share/Uvix_sim/models/aws_robomaker_residential_Carpet_01
[5.752s] symbolically linking /home/chino/uvix_ws/build/Uvix_sim/models/aws_robomaker_residential_Carpet_01/model.sdf -> /home/chino/uvix_ws/install/Uvix_sim/share/Uvix_sim/models/aws_robomaker_residential_Carpet_01
[5.754s] creating /home/chino/uvix_ws/install/Uvix_sim/share/Uvix_sim/models/aws_robomaker_residential_Carpet_01/meshes
[5.755s] symbolically linking /home/chino/uvix_ws/build/Uvix_sim/models/aws_robomaker_residential_Carpet_01/meshes/aws_Carpet_01_collision.DAE -> /home/chino/uvix_ws/install/Uvix_sim/share/Uvix_sim/models/aws_robomaker_residential_Carpet_01/meshes
[5.755s] symbolically linking /home/chino/uvix_ws/build/Uvix_sim/models/aws_robomaker_residential_Carpet_01/meshes/aws_Carpet_01_visual.DAE -> /home/chino/uvix_ws/install/Uvix_sim/share/Uvix_sim/models/aws_robomaker_residential_Carpet_01/meshes
[5.756s] creating /home/chino/uvix_ws/install/Uvix_sim/share/Uvix_sim/models/aws_robomaker_residential_Carpet_01/materials
[5.757s] creating /home/chino/uvix_ws/install/Uvix_sim/share/Uvix_sim/models/aws_robomaker_residential_Carpet_01/materials/textures
[5.757s] symbolically linking /home/chino/uvix_ws/build/Uvix_sim/models/aws_robomaker_residential_Carpet_01/materials/textures/aws_Carpet_01.png -> /home/chino/uvix_ws/install/Uvix_sim/share/Uvix_sim/models/aws_robomaker_residential_Carpet_01/materials/textures
[5.758s] creating /home/chino/uvix_ws/install/Uvix_sim/share/Uvix_sim/models/aws_robomaker_residential_PortraitD_01
[5.759s] symbolically linking /home/chino/uvix_ws/build/Uvix_sim/models/aws_robomaker_residential_PortraitD_01/model.config -> /home/chino/uvix_ws/install/Uvix_sim/share/Uvix_sim/models/aws_robomaker_residential_PortraitD_01
[5.760s] symbolically linking /home/chino/uvix_ws/build/Uvix_sim/models/aws_robomaker_residential_PortraitD_01/model.sdf -> /home/chino/uvix_ws/install/Uvix_sim/share/Uvix_sim/models/aws_robomaker_residential_PortraitD_01
[5.761s] creating /home/chino/uvix_ws/install/Uvix_sim/share/Uvix_sim/models/aws_robomaker_residential_PortraitD_01/meshes
[5.762s] symbolically linking /home/chino/uvix_ws/build/Uvix_sim/models/aws_robomaker_residential_PortraitD_01/meshes/aws_PortraitD_01_visual.DAE -> /home/chino/uvix_ws/install/Uvix_sim/share/Uvix_sim/models/aws_robomaker_residential_PortraitD_01/meshes
[5.762s] symbolically linking /home/chino/uvix_ws/build/Uvix_sim/models/aws_robomaker_residential_PortraitD_01/meshes/aws_PortraitD_01_collision.DAE -> /home/chino/uvix_ws/install/Uvix_sim/share/Uvix_sim/models/aws_robomaker_residential_PortraitD_01/meshes
[5.763s] creating /home/chino/uvix_ws/install/Uvix_sim/share/Uvix_sim/models/aws_robomaker_residential_PortraitD_01/materials
[5.764s] creating /home/chino/uvix_ws/install/Uvix_sim/share/Uvix_sim/models/aws_robomaker_residential_PortraitD_01/materials/textures
[5.765s] symbolically linking /home/chino/uvix_ws/build/Uvix_sim/models/aws_robomaker_residential_PortraitD_01/materials/textures/aws_PortraitD_02.png -> /home/chino/uvix_ws/install/Uvix_sim/share/Uvix_sim/models/aws_robomaker_residential_PortraitD_01/materials/textures
[5.765s] symbolically linking /home/chino/uvix_ws/build/Uvix_sim/models/aws_robomaker_residential_PortraitD_01/materials/textures/aws_PortraitD_01.png -> /home/chino/uvix_ws/install/Uvix_sim/share/Uvix_sim/models/aws_robomaker_residential_PortraitD_01/materials/textures
[5.768s] creating /home/chino/uvix_ws/install/Uvix_sim/share/Uvix_sim/models/aws_robomaker_residential_Trash_01
[5.769s] symbolically linking /home/chino/uvix_ws/build/Uvix_sim/models/aws_robomaker_residential_Trash_01/model.config -> /home/chino/uvix_ws/install/Uvix_sim/share/Uvix_sim/models/aws_robomaker_residential_Trash_01
[5.770s] symbolically linking /home/chino/uvix_ws/build/Uvix_sim/models/aws_robomaker_residential_Trash_01/model.sdf -> /home/chino/uvix_ws/install/Uvix_sim/share/Uvix_sim/models/aws_robomaker_residential_Trash_01
[5.771s] creating /home/chino/uvix_ws/install/Uvix_sim/share/Uvix_sim/models/aws_robomaker_residential_Trash_01/meshes
[5.773s] symbolically linking /home/chino/uvix_ws/build/Uvix_sim/models/aws_robomaker_residential_Trash_01/meshes/aws_Trash_01_collision.DAE -> /home/chino/uvix_ws/install/Uvix_sim/share/Uvix_sim/models/aws_robomaker_residential_Trash_01/meshes
[5.775s] symbolically linking /home/chino/uvix_ws/build/Uvix_sim/models/aws_robomaker_residential_Trash_01/meshes/aws_Trash_01_visual.DAE -> /home/chino/uvix_ws/install/Uvix_sim/share/Uvix_sim/models/aws_robomaker_residential_Trash_01/meshes
[5.776s] creating /home/chino/uvix_ws/install/Uvix_sim/share/Uvix_sim/models/aws_robomaker_residential_Trash_01/materials
[5.776s] creating /home/chino/uvix_ws/install/Uvix_sim/share/Uvix_sim/models/aws_robomaker_residential_Trash_01/materials/textures
[5.777s] symbolically linking /home/chino/uvix_ws/build/Uvix_sim/models/aws_robomaker_residential_Trash_01/materials/textures/aws_Trash_01.png -> /home/chino/uvix_ws/install/Uvix_sim/share/Uvix_sim/models/aws_robomaker_residential_Trash_01/materials/textures
[5.781s] creating /home/chino/uvix_ws/install/Uvix_sim/share/Uvix_sim/models/aws_robomaker_residential_PortraitA_01
[5.781s] symbolically linking /home/chino/uvix_ws/build/Uvix_sim/models/aws_robomaker_residential_PortraitA_01/model.config -> /home/chino/uvix_ws/install/Uvix_sim/share/Uvix_sim/models/aws_robomaker_residential_PortraitA_01
[5.782s] symbolically linking /home/chino/uvix_ws/build/Uvix_sim/models/aws_robomaker_residential_PortraitA_01/model.sdf -> /home/chino/uvix_ws/install/Uvix_sim/share/Uvix_sim/models/aws_robomaker_residential_PortraitA_01
[5.786s] creating /home/chino/uvix_ws/install/Uvix_sim/share/Uvix_sim/models/aws_robomaker_residential_PortraitA_01/meshes
[5.788s] symbolically linking /home/chino/uvix_ws/build/Uvix_sim/models/aws_robomaker_residential_PortraitA_01/meshes/aws_PortraitA_01_collision.DAE -> /home/chino/uvix_ws/install/Uvix_sim/share/Uvix_sim/models/aws_robomaker_residential_PortraitA_01/meshes
[5.789s] symbolically linking /home/chino/uvix_ws/build/Uvix_sim/models/aws_robomaker_residential_PortraitA_01/meshes/aws_PortraitA_01_visual.DAE -> /home/chino/uvix_ws/install/Uvix_sim/share/Uvix_sim/models/aws_robomaker_residential_PortraitA_01/meshes
[5.791s] creating /home/chino/uvix_ws/install/Uvix_sim/share/Uvix_sim/models/aws_robomaker_residential_PortraitA_01/materials
[5.791s] creating /home/chino/uvix_ws/install/Uvix_sim/share/Uvix_sim/models/aws_robomaker_residential_PortraitA_01/materials/textures
[5.792s] symbolically linking /home/chino/uvix_ws/build/Uvix_sim/models/aws_robomaker_residential_PortraitA_01/materials/textures/aws_PortraitA_02.png -> /home/chino/uvix_ws/install/Uvix_sim/share/Uvix_sim/models/aws_robomaker_residential_PortraitA_01/materials/textures
[5.792s] symbolically linking /home/chino/uvix_ws/build/Uvix_sim/models/aws_robomaker_residential_PortraitA_01/materials/textures/aws_PortraitA_01.png -> /home/chino/uvix_ws/install/Uvix_sim/share/Uvix_sim/models/aws_robomaker_residential_PortraitA_01/materials/textures
[5.795s] creating /home/chino/uvix_ws/install/Uvix_sim/share/Uvix_sim/models/aws_robomaker_hospital_floor_01_ceiling
[5.796s] symbolically linking /home/chino/uvix_ws/build/Uvix_sim/models/aws_robomaker_hospital_floor_01_ceiling/model.config -> /home/chino/uvix_ws/install/Uvix_sim/share/Uvix_sim/models/aws_robomaker_hospital_floor_01_ceiling
[5.797s] symbolically linking /home/chino/uvix_ws/build/Uvix_sim/models/aws_robomaker_hospital_floor_01_ceiling/model.sdf -> /home/chino/uvix_ws/install/Uvix_sim/share/Uvix_sim/models/aws_robomaker_hospital_floor_01_ceiling
[5.797s] creating /home/chino/uvix_ws/install/Uvix_sim/share/Uvix_sim/models/aws_robomaker_hospital_floor_01_ceiling/meshes
[5.802s] symbolically linking /home/chino/uvix_ws/build/Uvix_sim/models/aws_robomaker_hospital_floor_01_ceiling/meshes/aws_robomaker_hospital_floor_01_ceiling.png -> /home/chino/uvix_ws/install/Uvix_sim/share/Uvix_sim/models/aws_robomaker_hospital_floor_01_ceiling/meshes
[5.804s] symbolically linking /home/chino/uvix_ws/build/Uvix_sim/models/aws_robomaker_hospital_floor_01_ceiling/meshes/aws_robomaker_hospital_floor_01_ceiling_normal.png -> /home/chino/uvix_ws/install/Uvix_sim/share/Uvix_sim/models/aws_robomaker_hospital_floor_01_ceiling/meshes
[5.805s] symbolically linking /home/chino/uvix_ws/build/Uvix_sim/models/aws_robomaker_hospital_floor_01_ceiling/meshes/aws_robomaker_hospital_floor_01_ceiling_collision.dae -> /home/chino/uvix_ws/install/Uvix_sim/share/Uvix_sim/models/aws_robomaker_hospital_floor_01_ceiling/meshes
[5.806s] symbolically linking /home/chino/uvix_ws/build/Uvix_sim/models/aws_robomaker_hospital_floor_01_ceiling/meshes/aws_robomaker_hospital_floor_01_ceiling_visual.dae -> /home/chino/uvix_ws/install/Uvix_sim/share/Uvix_sim/models/aws_robomaker_hospital_floor_01_ceiling/meshes
[5.806s] creating /home/chino/uvix_ws/install/Uvix_sim/share/Uvix_sim/models/aws_robomaker_residential_PortraitE_01
[5.807s] symbolically linking /home/chino/uvix_ws/build/Uvix_sim/models/aws_robomaker_residential_PortraitE_01/model.config -> /home/chino/uvix_ws/install/Uvix_sim/share/Uvix_sim/models/aws_robomaker_residential_PortraitE_01
[5.808s] symbolically linking /home/chino/uvix_ws/build/Uvix_sim/models/aws_robomaker_residential_PortraitE_01/model.sdf -> /home/chino/uvix_ws/install/Uvix_sim/share/Uvix_sim/models/aws_robomaker_residential_PortraitE_01
[5.809s] creating /home/chino/uvix_ws/install/Uvix_sim/share/Uvix_sim/models/aws_robomaker_residential_PortraitE_01/meshes
[5.810s] symbolically linking /home/chino/uvix_ws/build/Uvix_sim/models/aws_robomaker_residential_PortraitE_01/meshes/aws_PortraitE_01_collision.DAE -> /home/chino/uvix_ws/install/Uvix_sim/share/Uvix_sim/models/aws_robomaker_residential_PortraitE_01/meshes
[5.811s] symbolically linking /home/chino/uvix_ws/build/Uvix_sim/models/aws_robomaker_residential_PortraitE_01/meshes/aws_PortraitE_01_visual.DAE -> /home/chino/uvix_ws/install/Uvix_sim/share/Uvix_sim/models/aws_robomaker_residential_PortraitE_01/meshes
[5.812s] creating /home/chino/uvix_ws/install/Uvix_sim/share/Uvix_sim/models/aws_robomaker_residential_PortraitE_01/materials
[5.816s] creating /home/chino/uvix_ws/install/Uvix_sim/share/Uvix_sim/models/aws_robomaker_residential_PortraitE_01/materials/textures
[5.816s] symbolically linking /home/chino/uvix_ws/build/Uvix_sim/models/aws_robomaker_residential_PortraitE_01/materials/textures/aws_PortraitE_01.png -> /home/chino/uvix_ws/install/Uvix_sim/share/Uvix_sim/models/aws_robomaker_residential_PortraitE_01/materials/textures
[5.817s] symbolically linking /home/chino/uvix_ws/build/Uvix_sim/models/aws_robomaker_residential_PortraitE_01/materials/textures/aws_PortraitE_02.png -> /home/chino/uvix_ws/install/Uvix_sim/share/Uvix_sim/models/aws_robomaker_residential_PortraitE_01/materials/textures
[5.818s] creating /home/chino/uvix_ws/install/Uvix_sim/share/Uvix_sim/models/aws_robomaker_residential_PortraitA_02
[5.820s] symbolically linking /home/chino/uvix_ws/build/Uvix_sim/models/aws_robomaker_residential_PortraitA_02/model.config -> /home/chino/uvix_ws/install/Uvix_sim/share/Uvix_sim/models/aws_robomaker_residential_PortraitA_02
[5.822s] symbolically linking /home/chino/uvix_ws/build/Uvix_sim/models/aws_robomaker_residential_PortraitA_02/model.sdf -> /home/chino/uvix_ws/install/Uvix_sim/share/Uvix_sim/models/aws_robomaker_residential_PortraitA_02
[5.823s] creating /home/chino/uvix_ws/install/Uvix_sim/share/Uvix_sim/models/aws_robomaker_residential_PortraitA_02/meshes
[5.825s] symbolically linking /home/chino/uvix_ws/build/Uvix_sim/models/aws_robomaker_residential_PortraitA_02/meshes/aws_PortraitA_01_collision.DAE -> /home/chino/uvix_ws/install/Uvix_sim/share/Uvix_sim/models/aws_robomaker_residential_PortraitA_02/meshes
[5.827s] symbolically linking /home/chino/uvix_ws/build/Uvix_sim/models/aws_robomaker_residential_PortraitA_02/meshes/aws_PortraitA_01_visual.DAE -> /home/chino/uvix_ws/install/Uvix_sim/share/Uvix_sim/models/aws_robomaker_residential_PortraitA_02/meshes
[5.828s] creating /home/chino/uvix_ws/install/Uvix_sim/share/Uvix_sim/models/aws_robomaker_residential_PortraitA_02/materials
[5.829s] creating /home/chino/uvix_ws/install/Uvix_sim/share/Uvix_sim/models/aws_robomaker_residential_PortraitA_02/materials/textures
[5.831s] symbolically linking /home/chino/uvix_ws/build/Uvix_sim/models/aws_robomaker_residential_PortraitA_02/materials/textures/aws_PortraitA_02.png -> /home/chino/uvix_ws/install/Uvix_sim/share/Uvix_sim/models/aws_robomaker_residential_PortraitA_02/materials/textures
[5.837s] symbolically linking /home/chino/uvix_ws/build/Uvix_sim/models/aws_robomaker_residential_PortraitA_02/materials/textures/aws_PortraitA_01.png -> /home/chino/uvix_ws/install/Uvix_sim/share/Uvix_sim/models/aws_robomaker_residential_PortraitA_02/materials/textures
[5.838s] creating /home/chino/uvix_ws/install/Uvix_sim/share/Uvix_sim/models/aws_robomaker_residential_PortraitE_02
[5.840s] symbolically linking /home/chino/uvix_ws/build/Uvix_sim/models/aws_robomaker_residential_PortraitE_02/model.config -> /home/chino/uvix_ws/install/Uvix_sim/share/Uvix_sim/models/aws_robomaker_residential_PortraitE_02
[5.841s] symbolically linking /home/chino/uvix_ws/build/Uvix_sim/models/aws_robomaker_residential_PortraitE_02/model.sdf -> /home/chino/uvix_ws/install/Uvix_sim/share/Uvix_sim/models/aws_robomaker_residential_PortraitE_02
[5.843s] creating /home/chino/uvix_ws/install/Uvix_sim/share/Uvix_sim/models/aws_robomaker_residential_PortraitE_02/meshes
[5.843s] symbolically linking /home/chino/uvix_ws/build/Uvix_sim/models/aws_robomaker_residential_PortraitE_02/meshes/aws_PortraitE_01_collision.DAE -> /home/chino/uvix_ws/install/Uvix_sim/share/Uvix_sim/models/aws_robomaker_residential_PortraitE_02/meshes
[5.846s] symbolically linking /home/chino/uvix_ws/build/Uvix_sim/models/aws_robomaker_residential_PortraitE_02/meshes/aws_PortraitE_01_visual.DAE -> /home/chino/uvix_ws/install/Uvix_sim/share/Uvix_sim/models/aws_robomaker_residential_PortraitE_02/meshes
[5.849s] creating /home/chino/uvix_ws/install/Uvix_sim/share/Uvix_sim/models/aws_robomaker_residential_PortraitE_02/materials
[5.853s] creating /home/chino/uvix_ws/install/Uvix_sim/share/Uvix_sim/models/aws_robomaker_residential_PortraitE_02/materials/textures
[5.855s] symbolically linking /home/chino/uvix_ws/build/Uvix_sim/models/aws_robomaker_residential_PortraitE_02/materials/textures/aws_PortraitE_01.png -> /home/chino/uvix_ws/install/Uvix_sim/share/Uvix_sim/models/aws_robomaker_residential_PortraitE_02/materials/textures
[5.857s] symbolically linking /home/chino/uvix_ws/build/Uvix_sim/models/aws_robomaker_residential_PortraitE_02/materials/textures/aws_PortraitE_02.png -> /home/chino/uvix_ws/install/Uvix_sim/share/Uvix_sim/models/aws_robomaker_residential_PortraitE_02/materials/textures
[5.858s] creating /home/chino/uvix_ws/install/Uvix_sim/share/Uvix_sim/models/aws_robomaker_hospital_curtain_open_01
[5.858s] symbolically linking /home/chino/uvix_ws/build/Uvix_sim/models/aws_robomaker_hospital_curtain_open_01/model.config -> /home/chino/uvix_ws/install/Uvix_sim/share/Uvix_sim/models/aws_robomaker_hospital_curtain_open_01
[5.859s] symbolically linking /home/chino/uvix_ws/build/Uvix_sim/models/aws_robomaker_hospital_curtain_open_01/model.sdf -> /home/chino/uvix_ws/install/Uvix_sim/share/Uvix_sim/models/aws_robomaker_hospital_curtain_open_01
[5.860s] creating /home/chino/uvix_ws/install/Uvix_sim/share/Uvix_sim/models/aws_robomaker_hospital_curtain_open_01/meshes
[5.861s] symbolically linking /home/chino/uvix_ws/build/Uvix_sim/models/aws_robomaker_hospital_curtain_open_01/meshes/aws_robomaker_hospital_curtain_open_01_visual_normal.png -> /home/chino/uvix_ws/install/Uvix_sim/share/Uvix_sim/models/aws_robomaker_hospital_curtain_open_01/meshes
[5.862s] symbolically linking /home/chino/uvix_ws/build/Uvix_sim/models/aws_robomaker_hospital_curtain_open_01/meshes/aws_robomaker_hospital_curtain_open_01_low_normal.png -> /home/chino/uvix_ws/install/Uvix_sim/share/Uvix_sim/models/aws_robomaker_hospital_curtain_open_01/meshes
[5.864s] symbolically linking /home/chino/uvix_ws/build/Uvix_sim/models/aws_robomaker_hospital_curtain_open_01/meshes/aws_robomaker_hospital_curtainrail_01_low_normal.png -> /home/chino/uvix_ws/install/Uvix_sim/share/Uvix_sim/models/aws_robomaker_hospital_curtain_open_01/meshes
[5.866s] symbolically linking /home/chino/uvix_ws/build/Uvix_sim/models/aws_robomaker_hospital_curtain_open_01/meshes/aws_robomaker_hospital_curtain_open_01_collision.dae -> /home/chino/uvix_ws/install/Uvix_sim/share/Uvix_sim/models/aws_robomaker_hospital_curtain_open_01/meshes
[5.867s] symbolically linking /home/chino/uvix_ws/build/Uvix_sim/models/aws_robomaker_hospital_curtain_open_01/meshes/aws_robomaker_hospital_curtain_open_01_visual.dae -> /home/chino/uvix_ws/install/Uvix_sim/share/Uvix_sim/models/aws_robomaker_hospital_curtain_open_01/meshes
[5.868s] symbolically linking /home/chino/uvix_ws/build/Uvix_sim/models/aws_robomaker_hospital_curtain_open_01/meshes/aws_robomaker_hospital_curtain_open_01_visual.png -> /home/chino/uvix_ws/install/Uvix_sim/share/Uvix_sim/models/aws_robomaker_hospital_curtain_open_01/meshes
[5.869s] symbolically linking /home/chino/uvix_ws/build/Uvix_sim/models/aws_robomaker_hospital_curtain_open_01/meshes/aws_robomaker_hospital_curtainrail_01_low.png -> /home/chino/uvix_ws/install/Uvix_sim/share/Uvix_sim/models/aws_robomaker_hospital_curtain_open_01/meshes
[5.872s] symbolically linking /home/chino/uvix_ws/build/Uvix_sim/models/aws_robomaker_hospital_curtain_open_01/meshes/aws_robomaker_hospital_curtain_open_01_low.png -> /home/chino/uvix_ws/install/Uvix_sim/share/Uvix_sim/models/aws_robomaker_hospital_curtain_open_01/meshes
[5.873s] symbolically linking /home/chino/uvix_ws/build/Uvix_sim/models/aws_robomaker_hospital_curtain_open_01/meshes/aws_robomaker_hospital_curtainrail_01_visual.png -> /home/chino/uvix_ws/install/Uvix_sim/share/Uvix_sim/models/aws_robomaker_hospital_curtain_open_01/meshes
[5.874s] symbolically linking /home/chino/uvix_ws/build/Uvix_sim/models/aws_robomaker_hospital_curtain_open_01/meshes/aws_robomaker_hospital_curtainrail_01_visual_normal.png -> /home/chino/uvix_ws/install/Uvix_sim/share/Uvix_sim/models/aws_robomaker_hospital_curtain_open_01/meshes
[5.875s] creating /home/chino/uvix_ws/install/Uvix_sim/share/Uvix_sim/models/aws_robomaker_residential_KitchenCabinet_01
[5.877s] symbolically linking /home/chino/uvix_ws/build/Uvix_sim/models/aws_robomaker_residential_KitchenCabinet_01/model.config -> /home/chino/uvix_ws/install/Uvix_sim/share/Uvix_sim/models/aws_robomaker_residential_KitchenCabinet_01
[5.878s] symbolically linking /home/chino/uvix_ws/build/Uvix_sim/models/aws_robomaker_residential_KitchenCabinet_01/model.sdf -> /home/chino/uvix_ws/install/Uvix_sim/share/Uvix_sim/models/aws_robomaker_residential_KitchenCabinet_01
[5.880s] creating /home/chino/uvix_ws/install/Uvix_sim/share/Uvix_sim/models/aws_robomaker_residential_KitchenCabinet_01/meshes
[5.881s] symbolically linking /home/chino/uvix_ws/build/Uvix_sim/models/aws_robomaker_residential_KitchenCabinet_01/meshes/aws_KitchenCabinet_01_collision.DAE -> /home/chino/uvix_ws/install/Uvix_sim/share/Uvix_sim/models/aws_robomaker_residential_KitchenCabinet_01/meshes
[5.883s] symbolically linking /home/chino/uvix_ws/build/Uvix_sim/models/aws_robomaker_residential_KitchenCabinet_01/meshes/aws_KitchenCabinet_01_visual.DAE -> /home/chino/uvix_ws/install/Uvix_sim/share/Uvix_sim/models/aws_robomaker_residential_KitchenCabinet_01/meshes
[5.884s] creating /home/chino/uvix_ws/install/Uvix_sim/share/Uvix_sim/models/aws_robomaker_residential_KitchenCabinet_01/materials
[5.885s] creating /home/chino/uvix_ws/install/Uvix_sim/share/Uvix_sim/models/aws_robomaker_residential_KitchenCabinet_01/materials/textures
[5.886s] symbolically linking /home/chino/uvix_ws/build/Uvix_sim/models/aws_robomaker_residential_KitchenCabinet_01/materials/textures/aws_KitchenCabinet_01.png -> /home/chino/uvix_ws/install/Uvix_sim/share/Uvix_sim/models/aws_robomaker_residential_KitchenCabinet_01/materials/textures
[5.887s] creating /home/chino/uvix_ws/install/Uvix_sim/share/Uvix_sim/models/aws_robomaker_hospital_nursesstation_01
[5.889s] symbolically linking /home/chino/uvix_ws/build/Uvix_sim/models/aws_robomaker_hospital_nursesstation_01/model.config -> /home/chino/uvix_ws/install/Uvix_sim/share/Uvix_sim/models/aws_robomaker_hospital_nursesstation_01
[5.890s] symbolically linking /home/chino/uvix_ws/build/Uvix_sim/models/aws_robomaker_hospital_nursesstation_01/model.sdf -> /home/chino/uvix_ws/install/Uvix_sim/share/Uvix_sim/models/aws_robomaker_hospital_nursesstation_01
[5.891s] creating /home/chino/uvix_ws/install/Uvix_sim/share/Uvix_sim/models/aws_robomaker_hospital_nursesstation_01/meshes
[5.892s] symbolically linking /home/chino/uvix_ws/build/Uvix_sim/models/aws_robomaker_hospital_nursesstation_01/meshes/aws_robomaker_hospital_nursesstation_01_visual.dae -> /home/chino/uvix_ws/install/Uvix_sim/share/Uvix_sim/models/aws_robomaker_hospital_nursesstation_01/meshes
[5.893s] symbolically linking /home/chino/uvix_ws/build/Uvix_sim/models/aws_robomaker_hospital_nursesstation_01/meshes/aws_robomaker_hospital_nursesstation_01_low.dae -> /home/chino/uvix_ws/install/Uvix_sim/share/Uvix_sim/models/aws_robomaker_hospital_nursesstation_01/meshes
[5.894s] symbolically linking /home/chino/uvix_ws/build/Uvix_sim/models/aws_robomaker_hospital_nursesstation_01/meshes/aws_robomaker_hospital_nursesstation_01_visual_normal.png -> /home/chino/uvix_ws/install/Uvix_sim/share/Uvix_sim/models/aws_robomaker_hospital_nursesstation_01/meshes
[5.895s] symbolically linking /home/chino/uvix_ws/build/Uvix_sim/models/aws_robomaker_hospital_nursesstation_01/meshes/aws_robomaker_hospital_nursesstation_01_low.png -> /home/chino/uvix_ws/install/Uvix_sim/share/Uvix_sim/models/aws_robomaker_hospital_nursesstation_01/meshes
[5.897s] symbolically linking /home/chino/uvix_ws/build/Uvix_sim/models/aws_robomaker_hospital_nursesstation_01/meshes/aws_robomaker_hospital_nursesstation_01_collision.dae -> /home/chino/uvix_ws/install/Uvix_sim/share/Uvix_sim/models/aws_robomaker_hospital_nursesstation_01/meshes
[5.898s] symbolically linking /home/chino/uvix_ws/build/Uvix_sim/models/aws_robomaker_hospital_nursesstation_01/meshes/aws_robomaker_hospital_nursesstation_01_visual.png -> /home/chino/uvix_ws/install/Uvix_sim/share/Uvix_sim/models/aws_robomaker_hospital_nursesstation_01/meshes
[5.900s] symbolically linking /home/chino/uvix_ws/build/Uvix_sim/models/aws_robomaker_hospital_nursesstation_01/meshes/aws_robomaker_hospital_nursesstation_01_low_normal.png -> /home/chino/uvix_ws/install/Uvix_sim/share/Uvix_sim/models/aws_robomaker_hospital_nursesstation_01/meshes
[5.902s] creating /home/chino/uvix_ws/install/Uvix_sim/share/Uvix_sim/models/aws_robomaker_hospital_floor_02_walls
[5.904s] symbolically linking /home/chino/uvix_ws/build/Uvix_sim/models/aws_robomaker_hospital_floor_02_walls/model.config -> /home/chino/uvix_ws/install/Uvix_sim/share/Uvix_sim/models/aws_robomaker_hospital_floor_02_walls
[5.905s] symbolically linking /home/chino/uvix_ws/build/Uvix_sim/models/aws_robomaker_hospital_floor_02_walls/model.sdf -> /home/chino/uvix_ws/install/Uvix_sim/share/Uvix_sim/models/aws_robomaker_hospital_floor_02_walls
[5.906s] creating /home/chino/uvix_ws/install/Uvix_sim/share/Uvix_sim/models/aws_robomaker_hospital_floor_02_walls/meshes
[5.908s] symbolically linking /home/chino/uvix_ws/build/Uvix_sim/models/aws_robomaker_hospital_floor_02_walls/meshes/aws_robomaker_hospital_floor_02_windows.png -> /home/chino/uvix_ws/install/Uvix_sim/share/Uvix_sim/models/aws_robomaker_hospital_floor_02_walls/meshes
[5.909s] symbolically linking /home/chino/uvix_ws/build/Uvix_sim/models/aws_robomaker_hospital_floor_02_walls/meshes/aws_robomaker_hospital_floor_02_doorframes_small.png -> /home/chino/uvix_ws/install/Uvix_sim/share/Uvix_sim/models/aws_robomaker_hospital_floor_02_walls/meshes
[5.910s] symbolically linking /home/chino/uvix_ws/build/Uvix_sim/models/aws_robomaker_hospital_floor_02_walls/meshes/aws_robomaker_hospital_floor_02_handrail.png -> /home/chino/uvix_ws/install/Uvix_sim/share/Uvix_sim/models/aws_robomaker_hospital_floor_02_walls/meshes
[5.911s] symbolically linking /home/chino/uvix_ws/build/Uvix_sim/models/aws_robomaker_hospital_floor_02_walls/meshes/aws_robomaker_hospital_floor_02_doorsign.png -> /home/chino/uvix_ws/install/Uvix_sim/share/Uvix_sim/models/aws_robomaker_hospital_floor_02_walls/meshes
[5.913s] symbolically linking /home/chino/uvix_ws/build/Uvix_sim/models/aws_robomaker_hospital_floor_02_walls/meshes/aws_robomaker_hospital_floor_02_bumprail.png -> /home/chino/uvix_ws/install/Uvix_sim/share/Uvix_sim/models/aws_robomaker_hospital_floor_02_walls/meshes
[5.914s] symbolically linking /home/chino/uvix_ws/build/Uvix_sim/models/aws_robomaker_hospital_floor_02_walls/meshes/aws_robomaker_hospital_floor_02_walls_visual.dae -> /home/chino/uvix_ws/install/Uvix_sim/share/Uvix_sim/models/aws_robomaker_hospital_floor_02_walls/meshes
[5.915s] symbolically linking /home/chino/uvix_ws/build/Uvix_sim/models/aws_robomaker_hospital_floor_02_walls/meshes/aws_robomaker_hospital_floor_02_walls_collision.dae -> /home/chino/uvix_ws/install/Uvix_sim/share/Uvix_sim/models/aws_robomaker_hospital_floor_02_walls/meshes
[5.916s] symbolically linking /home/chino/uvix_ws/build/Uvix_sim/models/aws_robomaker_hospital_floor_02_walls/meshes/aws_robomaker_hospital_floor_02_walls.png -> /home/chino/uvix_ws/install/Uvix_sim/share/Uvix_sim/models/aws_robomaker_hospital_floor_02_walls/meshes
[5.918s] symbolically linking /home/chino/uvix_ws/build/Uvix_sim/models/aws_robomaker_hospital_floor_02_walls/meshes/aws_robomaker_hospital_floor_02_doorframes_big.png -> /home/chino/uvix_ws/install/Uvix_sim/share/Uvix_sim/models/aws_robomaker_hospital_floor_02_walls/meshes
[5.919s] symbolically linking /home/chino/uvix_ws/build/Uvix_sim/models/aws_robomaker_hospital_floor_02_walls/meshes/aws_robomaker_hospital_floor_02_stairs.png -> /home/chino/uvix_ws/install/Uvix_sim/share/Uvix_sim/models/aws_robomaker_hospital_floor_02_walls/meshes
[5.920s] creating /home/chino/uvix_ws/install/Uvix_sim/share/Uvix_sim/models/aws_robomaker_residential_SofaB_01
[5.921s] symbolically linking /home/chino/uvix_ws/build/Uvix_sim/models/aws_robomaker_residential_SofaB_01/model.config -> /home/chino/uvix_ws/install/Uvix_sim/share/Uvix_sim/models/aws_robomaker_residential_SofaB_01
[5.923s] symbolically linking /home/chino/uvix_ws/build/Uvix_sim/models/aws_robomaker_residential_SofaB_01/model.sdf -> /home/chino/uvix_ws/install/Uvix_sim/share/Uvix_sim/models/aws_robomaker_residential_SofaB_01
[5.924s] creating /home/chino/uvix_ws/install/Uvix_sim/share/Uvix_sim/models/aws_robomaker_residential_SofaB_01/meshes
[5.925s] symbolically linking /home/chino/uvix_ws/build/Uvix_sim/models/aws_robomaker_residential_SofaB_01/meshes/aws_SofaB_01_collision.DAE -> /home/chino/uvix_ws/install/Uvix_sim/share/Uvix_sim/models/aws_robomaker_residential_SofaB_01/meshes
[5.926s] symbolically linking /home/chino/uvix_ws/build/Uvix_sim/models/aws_robomaker_residential_SofaB_01/meshes/aws_SofaB_01_visual.DAE -> /home/chino/uvix_ws/install/Uvix_sim/share/Uvix_sim/models/aws_robomaker_residential_SofaB_01/meshes
[5.927s] creating /home/chino/uvix_ws/install/Uvix_sim/share/Uvix_sim/models/aws_robomaker_residential_SofaB_01/materials
[5.928s] creating /home/chino/uvix_ws/install/Uvix_sim/share/Uvix_sim/models/aws_robomaker_residential_SofaB_01/materials/textures
[5.929s] symbolically linking /home/chino/uvix_ws/build/Uvix_sim/models/aws_robomaker_residential_SofaB_01/materials/textures/aws_SofaB_01.png -> /home/chino/uvix_ws/install/Uvix_sim/share/Uvix_sim/models/aws_robomaker_residential_SofaB_01/materials/textures
[5.930s] creating /home/chino/uvix_ws/install/Uvix_sim/share/Uvix_sim/models/aws_robomaker_hospital_hospitalsign_01
[5.931s] symbolically linking /home/chino/uvix_ws/build/Uvix_sim/models/aws_robomaker_hospital_hospitalsign_01/model.config -> /home/chino/uvix_ws/install/Uvix_sim/share/Uvix_sim/models/aws_robomaker_hospital_hospitalsign_01
[5.933s] symbolically linking /home/chino/uvix_ws/build/Uvix_sim/models/aws_robomaker_hospital_hospitalsign_01/model.sdf -> /home/chino/uvix_ws/install/Uvix_sim/share/Uvix_sim/models/aws_robomaker_hospital_hospitalsign_01
[5.934s] creating /home/chino/uvix_ws/install/Uvix_sim/share/Uvix_sim/models/aws_robomaker_hospital_hospitalsign_01/meshes
[5.935s] symbolically linking /home/chino/uvix_ws/build/Uvix_sim/models/aws_robomaker_hospital_hospitalsign_01/meshes/aws_robomaker_hospital_hospitalsign_01_collision.dae -> /home/chino/uvix_ws/install/Uvix_sim/share/Uvix_sim/models/aws_robomaker_hospital_hospitalsign_01/meshes
[5.936s] symbolically linking /home/chino/uvix_ws/build/Uvix_sim/models/aws_robomaker_hospital_hospitalsign_01/meshes/aws_robomaker_hospital_hospitalsign_01_normal.png -> /home/chino/uvix_ws/install/Uvix_sim/share/Uvix_sim/models/aws_robomaker_hospital_hospitalsign_01/meshes
[5.937s] symbolically linking /home/chino/uvix_ws/build/Uvix_sim/models/aws_robomaker_hospital_hospitalsign_01/meshes/aws_robomaker_hospital_hospitalsign_01.png -> /home/chino/uvix_ws/install/Uvix_sim/share/Uvix_sim/models/aws_robomaker_hospital_hospitalsign_01/meshes
[5.938s] symbolically linking /home/chino/uvix_ws/build/Uvix_sim/models/aws_robomaker_hospital_hospitalsign_01/meshes/aws_robomaker_hospital_hospitalsign_01_visual.dae -> /home/chino/uvix_ws/install/Uvix_sim/share/Uvix_sim/models/aws_robomaker_hospital_hospitalsign_01/meshes
[5.939s] creating /home/chino/uvix_ws/install/Uvix_sim/share/Uvix_sim/models/aws_robomaker_warehouse_ClutteringA_01
[5.940s] symbolically linking /home/chino/uvix_ws/build/Uvix_sim/models/aws_robomaker_warehouse_ClutteringA_01/model.config -> /home/chino/uvix_ws/install/Uvix_sim/share/Uvix_sim/models/aws_robomaker_warehouse_ClutteringA_01
[5.941s] symbolically linking /home/chino/uvix_ws/build/Uvix_sim/models/aws_robomaker_warehouse_ClutteringA_01/model.sdf -> /home/chino/uvix_ws/install/Uvix_sim/share/Uvix_sim/models/aws_robomaker_warehouse_ClutteringA_01
[5.942s] creating /home/chino/uvix_ws/install/Uvix_sim/share/Uvix_sim/models/aws_robomaker_warehouse_ClutteringA_01/meshes
[5.944s] symbolically linking /home/chino/uvix_ws/build/Uvix_sim/models/aws_robomaker_warehouse_ClutteringA_01/meshes/aws_robomaker_warehouse_ClutteringA_01_collision.DAE -> /home/chino/uvix_ws/install/Uvix_sim/share/Uvix_sim/models/aws_robomaker_warehouse_ClutteringA_01/meshes
[5.945s] symbolically linking /home/chino/uvix_ws/build/Uvix_sim/models/aws_robomaker_warehouse_ClutteringA_01/meshes/aws_robomaker_warehouse_ClutteringA_01_visual.DAE -> /home/chino/uvix_ws/install/Uvix_sim/share/Uvix_sim/models/aws_robomaker_warehouse_ClutteringA_01/meshes
[5.947s] creating /home/chino/uvix_ws/install/Uvix_sim/share/Uvix_sim/models/aws_robomaker_warehouse_ClutteringA_01/materials
[5.948s] creating /home/chino/uvix_ws/install/Uvix_sim/share/Uvix_sim/models/aws_robomaker_warehouse_ClutteringA_01/materials/textures
[5.949s] symbolically linking /home/chino/uvix_ws/build/Uvix_sim/models/aws_robomaker_warehouse_ClutteringA_01/materials/textures/aws_robomaker_warehouse_ClutteringA_03.png -> /home/chino/uvix_ws/install/Uvix_sim/share/Uvix_sim/models/aws_robomaker_warehouse_ClutteringA_01/materials/textures
[5.950s] symbolically linking /home/chino/uvix_ws/build/Uvix_sim/models/aws_robomaker_warehouse_ClutteringA_01/materials/textures/aws_robomaker_warehouse_ClutteringA_01.png -> /home/chino/uvix_ws/install/Uvix_sim/share/Uvix_sim/models/aws_robomaker_warehouse_ClutteringA_01/materials/textures
[5.952s] symbolically linking /home/chino/uvix_ws/build/Uvix_sim/models/aws_robomaker_warehouse_ClutteringA_01/materials/textures/aws_robomaker_warehouse_ClutteringA_02.png -> /home/chino/uvix_ws/install/Uvix_sim/share/Uvix_sim/models/aws_robomaker_warehouse_ClutteringA_01/materials/textures
[5.954s] creating /home/chino/uvix_ws/install/Uvix_sim/share/Uvix_sim/models/aws_robomaker_hospital_floor_01_floor
[5.955s] symbolically linking /home/chino/uvix_ws/build/Uvix_sim/models/aws_robomaker_hospital_floor_01_floor/model.config -> /home/chino/uvix_ws/install/Uvix_sim/share/Uvix_sim/models/aws_robomaker_hospital_floor_01_floor
[5.957s] symbolically linking /home/chino/uvix_ws/build/Uvix_sim/models/aws_robomaker_hospital_floor_01_floor/model.sdf -> /home/chino/uvix_ws/install/Uvix_sim/share/Uvix_sim/models/aws_robomaker_hospital_floor_01_floor
[5.959s] creating /home/chino/uvix_ws/install/Uvix_sim/share/Uvix_sim/models/aws_robomaker_hospital_floor_01_floor/meshes
[5.960s] symbolically linking /home/chino/uvix_ws/build/Uvix_sim/models/aws_robomaker_hospital_floor_01_floor/meshes/aws_robomaker_hospital_floor_01_floor.png -> /home/chino/uvix_ws/install/Uvix_sim/share/Uvix_sim/models/aws_robomaker_hospital_floor_01_floor/meshes
[5.962s] symbolically linking /home/chino/uvix_ws/build/Uvix_sim/models/aws_robomaker_hospital_floor_01_floor/meshes/aws_robomaker_hospital_floor_01_floor_collision.dae -> /home/chino/uvix_ws/install/Uvix_sim/share/Uvix_sim/models/aws_robomaker_hospital_floor_01_floor/meshes
[5.963s] symbolically linking /home/chino/uvix_ws/build/Uvix_sim/models/aws_robomaker_hospital_floor_01_floor/meshes/aws_robomaker_hospital_floor_01_floor_visual.dae -> /home/chino/uvix_ws/install/Uvix_sim/share/Uvix_sim/models/aws_robomaker_hospital_floor_01_floor/meshes
[5.965s] symbolically linking /home/chino/uvix_ws/build/Uvix_sim/models/aws_robomaker_hospital_floor_01_floor/meshes/aws_robomaker_hospital_floor_01_floor_normal.png -> /home/chino/uvix_ws/install/Uvix_sim/share/Uvix_sim/models/aws_robomaker_hospital_floor_01_floor/meshes
[5.966s] creating /home/chino/uvix_ws/install/Uvix_sim/share/Uvix_sim/models/aws_robomaker_hospital_floor_02_ceiling
[5.968s] symbolically linking /home/chino/uvix_ws/build/Uvix_sim/models/aws_robomaker_hospital_floor_02_ceiling/model.config -> /home/chino/uvix_ws/install/Uvix_sim/share/Uvix_sim/models/aws_robomaker_hospital_floor_02_ceiling
[5.969s] symbolically linking /home/chino/uvix_ws/build/Uvix_sim/models/aws_robomaker_hospital_floor_02_ceiling/model.sdf -> /home/chino/uvix_ws/install/Uvix_sim/share/Uvix_sim/models/aws_robomaker_hospital_floor_02_ceiling
[5.970s] creating /home/chino/uvix_ws/install/Uvix_sim/share/Uvix_sim/models/aws_robomaker_hospital_floor_02_ceiling/meshes
[5.972s] symbolically linking /home/chino/uvix_ws/build/Uvix_sim/models/aws_robomaker_hospital_floor_02_ceiling/meshes/aws_robomaker_hospital_floor_02_ceiling_normal.png -> /home/chino/uvix_ws/install/Uvix_sim/share/Uvix_sim/models/aws_robomaker_hospital_floor_02_ceiling/meshes
[5.973s] symbolically linking /home/chino/uvix_ws/build/Uvix_sim/models/aws_robomaker_hospital_floor_02_ceiling/meshes/aws_robomaker_hospital_floor_02_ceiling.png -> /home/chino/uvix_ws/install/Uvix_sim/share/Uvix_sim/models/aws_robomaker_hospital_floor_02_ceiling/meshes
[5.974s] symbolically linking /home/chino/uvix_ws/build/Uvix_sim/models/aws_robomaker_hospital_floor_02_ceiling/meshes/aws_robomaker_hospital_floor_02_ceiling_collision.dae -> /home/chino/uvix_ws/install/Uvix_sim/share/Uvix_sim/models/aws_robomaker_hospital_floor_02_ceiling/meshes
[5.975s] symbolically linking /home/chino/uvix_ws/build/Uvix_sim/models/aws_robomaker_hospital_floor_02_ceiling/meshes/aws_robomaker_hospital_floor_02_ceiling_visual.dae -> /home/chino/uvix_ws/install/Uvix_sim/share/Uvix_sim/models/aws_robomaker_hospital_floor_02_ceiling/meshes
[5.976s] creating /home/chino/uvix_ws/install/Uvix_sim/share/Uvix_sim/models/aws_robomaker_hospital_floor_02_ceiling/materials
[5.978s] symbolically linking /home/chino/uvix_ws/build/Uvix_sim/models/aws_robomaker_hospital_floor_02_ceiling/materials/model.sdf -> /home/chino/uvix_ws/install/Uvix_sim/share/Uvix_sim/models/aws_robomaker_hospital_floor_02_ceiling/materials
[5.979s] creating /home/chino/uvix_ws/install/Uvix_sim/share/Uvix_sim/models/aws_robomaker_residential_PortraitB_02
[5.980s] symbolically linking /home/chino/uvix_ws/build/Uvix_sim/models/aws_robomaker_residential_PortraitB_02/model.config -> /home/chino/uvix_ws/install/Uvix_sim/share/Uvix_sim/models/aws_robomaker_residential_PortraitB_02
[5.982s] symbolically linking /home/chino/uvix_ws/build/Uvix_sim/models/aws_robomaker_residential_PortraitB_02/model.sdf -> /home/chino/uvix_ws/install/Uvix_sim/share/Uvix_sim/models/aws_robomaker_residential_PortraitB_02
[5.983s] creating /home/chino/uvix_ws/install/Uvix_sim/share/Uvix_sim/models/aws_robomaker_residential_PortraitB_02/meshes
[5.984s] symbolically linking /home/chino/uvix_ws/build/Uvix_sim/models/aws_robomaker_residential_PortraitB_02/meshes/aws_PortraitB_01_visual.DAE -> /home/chino/uvix_ws/install/Uvix_sim/share/Uvix_sim/models/aws_robomaker_residential_PortraitB_02/meshes
[5.985s] symbolically linking /home/chino/uvix_ws/build/Uvix_sim/models/aws_robomaker_residential_PortraitB_02/meshes/aws_PortraitB_01_collision.DAE -> /home/chino/uvix_ws/install/Uvix_sim/share/Uvix_sim/models/aws_robomaker_residential_PortraitB_02/meshes
[5.986s] creating /home/chino/uvix_ws/install/Uvix_sim/share/Uvix_sim/models/aws_robomaker_residential_PortraitB_02/materials
[5.987s] creating /home/chino/uvix_ws/install/Uvix_sim/share/Uvix_sim/models/aws_robomaker_residential_PortraitB_02/materials/textures
[5.988s] symbolically linking /home/chino/uvix_ws/build/Uvix_sim/models/aws_robomaker_residential_PortraitB_02/materials/textures/aws_PortraitB_02.png -> /home/chino/uvix_ws/install/Uvix_sim/share/Uvix_sim/models/aws_robomaker_residential_PortraitB_02/materials/textures
[5.989s] symbolically linking /home/chino/uvix_ws/build/Uvix_sim/models/aws_robomaker_residential_PortraitB_02/materials/textures/aws_PortraitB_01.png -> /home/chino/uvix_ws/install/Uvix_sim/share/Uvix_sim/models/aws_robomaker_residential_PortraitB_02/materials/textures
[5.990s] creating /home/chino/uvix_ws/install/Uvix_sim/share/Uvix_sim/models/aws_robomaker_residential_PortraitC_01
[5.992s] symbolically linking /home/chino/uvix_ws/build/Uvix_sim/models/aws_robomaker_residential_PortraitC_01/model.config -> /home/chino/uvix_ws/install/Uvix_sim/share/Uvix_sim/models/aws_robomaker_residential_PortraitC_01
[5.993s] symbolically linking /home/chino/uvix_ws/build/Uvix_sim/models/aws_robomaker_residential_PortraitC_01/model.sdf -> /home/chino/uvix_ws/install/Uvix_sim/share/Uvix_sim/models/aws_robomaker_residential_PortraitC_01
[5.994s] creating /home/chino/uvix_ws/install/Uvix_sim/share/Uvix_sim/models/aws_robomaker_residential_PortraitC_01/meshes
[5.995s] symbolically linking /home/chino/uvix_ws/build/Uvix_sim/models/aws_robomaker_residential_PortraitC_01/meshes/aws_PortraitC_01_visual.DAE -> /home/chino/uvix_ws/install/Uvix_sim/share/Uvix_sim/models/aws_robomaker_residential_PortraitC_01/meshes
[5.996s] symbolically linking /home/chino/uvix_ws/build/Uvix_sim/models/aws_robomaker_residential_PortraitC_01/meshes/aws_PortraitC_01_collision.DAE -> /home/chino/uvix_ws/install/Uvix_sim/share/Uvix_sim/models/aws_robomaker_residential_PortraitC_01/meshes
[5.997s] creating /home/chino/uvix_ws/install/Uvix_sim/share/Uvix_sim/models/aws_robomaker_residential_PortraitC_01/materials
[5.998s] creating /home/chino/uvix_ws/install/Uvix_sim/share/Uvix_sim/models/aws_robomaker_residential_PortraitC_01/materials/textures
[5.999s] symbolically linking /home/chino/uvix_ws/build/Uvix_sim/models/aws_robomaker_residential_PortraitC_01/materials/textures/aws_PortraitC_02.png -> /home/chino/uvix_ws/install/Uvix_sim/share/Uvix_sim/models/aws_robomaker_residential_PortraitC_01/materials/textures
[6.000s] symbolically linking /home/chino/uvix_ws/build/Uvix_sim/models/aws_robomaker_residential_PortraitC_01/materials/textures/aws_PortraitC_01.png -> /home/chino/uvix_ws/install/Uvix_sim/share/Uvix_sim/models/aws_robomaker_residential_PortraitC_01/materials/textures
[6.002s] creating /home/chino/uvix_ws/install/Uvix_sim/share/Uvix_sim/models/aws_robomaker_retail_Computer_01
[6.003s] symbolically linking /home/chino/uvix_ws/build/Uvix_sim/models/aws_robomaker_retail_Computer_01/model.config -> /home/chino/uvix_ws/install/Uvix_sim/share/Uvix_sim/models/aws_robomaker_retail_Computer_01
[6.004s] symbolically linking /home/chino/uvix_ws/build/Uvix_sim/models/aws_robomaker_retail_Computer_01/model.sdf -> /home/chino/uvix_ws/install/Uvix_sim/share/Uvix_sim/models/aws_robomaker_retail_Computer_01
[6.005s] creating /home/chino/uvix_ws/install/Uvix_sim/share/Uvix_sim/models/aws_robomaker_retail_Computer_01/meshes
[6.006s] symbolically linking /home/chino/uvix_ws/build/Uvix_sim/models/aws_robomaker_retail_Computer_01/meshes/aws_Computer_01_visual.DAE -> /home/chino/uvix_ws/install/Uvix_sim/share/Uvix_sim/models/aws_robomaker_retail_Computer_01/meshes
[6.008s] symbolically linking /home/chino/uvix_ws/build/Uvix_sim/models/aws_robomaker_retail_Computer_01/meshes/aws_Computer_01_collision.DAE -> /home/chino/uvix_ws/install/Uvix_sim/share/Uvix_sim/models/aws_robomaker_retail_Computer_01/meshes
[6.009s] creating /home/chino/uvix_ws/install/Uvix_sim/share/Uvix_sim/models/aws_robomaker_retail_Computer_01/materials
[6.010s] creating /home/chino/uvix_ws/install/Uvix_sim/share/Uvix_sim/models/aws_robomaker_retail_Computer_01/materials/textures
[6.011s] symbolically linking /home/chino/uvix_ws/build/Uvix_sim/models/aws_robomaker_retail_Computer_01/materials/textures/aws_Computer_01.png -> /home/chino/uvix_ws/install/Uvix_sim/share/Uvix_sim/models/aws_robomaker_retail_Computer_01/materials/textures
[6.013s] creating /home/chino/uvix_ws/install/Uvix_sim/share/Uvix_sim/models/aws_robomaker_hospital_ramp_01
[6.014s] symbolically linking /home/chino/uvix_ws/build/Uvix_sim/models/aws_robomaker_hospital_ramp_01/model.config -> /home/chino/uvix_ws/install/Uvix_sim/share/Uvix_sim/models/aws_robomaker_hospital_ramp_01
[6.015s] symbolically linking /home/chino/uvix_ws/build/Uvix_sim/models/aws_robomaker_hospital_ramp_01/model.sdf -> /home/chino/uvix_ws/install/Uvix_sim/share/Uvix_sim/models/aws_robomaker_hospital_ramp_01
[6.016s] creating /home/chino/uvix_ws/install/Uvix_sim/share/Uvix_sim/models/aws_robomaker_hospital_ramp_01/meshes
[6.018s] symbolically linking /home/chino/uvix_ws/build/Uvix_sim/models/aws_robomaker_hospital_ramp_01/meshes/aws_robomaker_hospital_ramp_01_visual.dae -> /home/chino/uvix_ws/install/Uvix_sim/share/Uvix_sim/models/aws_robomaker_hospital_ramp_01/meshes
[6.018s] symbolically linking /home/chino/uvix_ws/build/Uvix_sim/models/aws_robomaker_hospital_ramp_01/meshes/aws_robomaker_hospital_ramp_01_collision.dae -> /home/chino/uvix_ws/install/Uvix_sim/share/Uvix_sim/models/aws_robomaker_hospital_ramp_01/meshes
[6.020s] symbolically linking /home/chino/uvix_ws/build/Uvix_sim/models/aws_robomaker_hospital_ramp_01/meshes/aws_robomaker_hospital_ramp_01_normal.png -> /home/chino/uvix_ws/install/Uvix_sim/share/Uvix_sim/models/aws_robomaker_hospital_ramp_01/meshes
[6.021s] symbolically linking /home/chino/uvix_ws/build/Uvix_sim/models/aws_robomaker_hospital_ramp_01/meshes/aws_robomaker_hospital_ramp_01.png -> /home/chino/uvix_ws/install/Uvix_sim/share/Uvix_sim/models/aws_robomaker_hospital_ramp_01/meshes
[6.022s] creating /home/chino/uvix_ws/install/Uvix_sim/share/Uvix_sim/models/aws_robomaker_hospital_elevator_01_door
[6.024s] symbolically linking /home/chino/uvix_ws/build/Uvix_sim/models/aws_robomaker_hospital_elevator_01_door/model.config -> /home/chino/uvix_ws/install/Uvix_sim/share/Uvix_sim/models/aws_robomaker_hospital_elevator_01_door
[6.025s] symbolically linking /home/chino/uvix_ws/build/Uvix_sim/models/aws_robomaker_hospital_elevator_01_door/model.sdf -> /home/chino/uvix_ws/install/Uvix_sim/share/Uvix_sim/models/aws_robomaker_hospital_elevator_01_door
[6.026s] creating /home/chino/uvix_ws/install/Uvix_sim/share/Uvix_sim/models/aws_robomaker_hospital_elevator_01_door/meshes
[6.028s] symbolically linking /home/chino/uvix_ws/build/Uvix_sim/models/aws_robomaker_hospital_elevator_01_door/meshes/aws_robomaker_hospital_elevator_01_low.png -> /home/chino/uvix_ws/install/Uvix_sim/share/Uvix_sim/models/aws_robomaker_hospital_elevator_01_door/meshes
[6.029s] symbolically linking /home/chino/uvix_ws/build/Uvix_sim/models/aws_robomaker_hospital_elevator_01_door/meshes/aws_robomaker_hospital_elevator_01_door_visual.dae -> /home/chino/uvix_ws/install/Uvix_sim/share/Uvix_sim/models/aws_robomaker_hospital_elevator_01_door/meshes
[6.030s] symbolically linking /home/chino/uvix_ws/build/Uvix_sim/models/aws_robomaker_hospital_elevator_01_door/meshes/aws_robomaker_hospital_elevator_01_visual.png -> /home/chino/uvix_ws/install/Uvix_sim/share/Uvix_sim/models/aws_robomaker_hospital_elevator_01_door/meshes
[6.032s] symbolically linking /home/chino/uvix_ws/build/Uvix_sim/models/aws_robomaker_hospital_elevator_01_door/meshes/aws_robomaker_hospital_elevator_01_door_collision.dae -> /home/chino/uvix_ws/install/Uvix_sim/share/Uvix_sim/models/aws_robomaker_hospital_elevator_01_door/meshes
[6.033s] symbolically linking /home/chino/uvix_ws/build/Uvix_sim/models/aws_robomaker_hospital_elevator_01_door/meshes/aws_robomaker_hospital_elevator_01_low_normal.png -> /home/chino/uvix_ws/install/Uvix_sim/share/Uvix_sim/models/aws_robomaker_hospital_elevator_01_door/meshes
[6.034s] symbolically linking /home/chino/uvix_ws/build/Uvix_sim/models/aws_robomaker_hospital_elevator_01_door/meshes/aws_robomaker_hospital_elevator_01_door_low.dae -> /home/chino/uvix_ws/install/Uvix_sim/share/Uvix_sim/models/aws_robomaker_hospital_elevator_01_door/meshes
[6.036s] symbolically linking /home/chino/uvix_ws/build/Uvix_sim/models/aws_robomaker_hospital_elevator_01_door/meshes/aws_robomaker_hospital_elevator_01_visual_normal.png -> /home/chino/uvix_ws/install/Uvix_sim/share/Uvix_sim/models/aws_robomaker_hospital_elevator_01_door/meshes
[6.099s] Invoked command in '/home/chino/uvix_ws/build/Uvix_sim' returned '0': PYTHONPATH=/home/chino/uvix_ws/build/Uvix_sim/prefix_override:/usr/lib/python3/dist-packages/colcon_core/task/python/colcon_distutils_commands:/home/chino/uvix_ws/install/Uvix_sim/lib/python3.10/site-packages:${PYTHONPATH} /usr/bin/python3 -W ignore:setup.py install is deprecated -W ignore:easy_install command is deprecated setup.py develop --editable --build-directory /home/chino/uvix_ws/build/Uvix_sim/build --no-deps symlink_data
