[3.748s] Invoking command in '/home/chino/uvix_ws/build/joy_bridge': PYTHONPATH=/home/chino/uvix_ws/build/joy_bridge/prefix_override:/usr/lib/python3/dist-packages/colcon_core/task/python/colcon_distutils_commands:/home/chino/uvix_ws/install/joy_bridge/lib/python3.10/site-packages:${PYTHONPATH} /usr/bin/python3 -W ignore:setup.py install is deprecated -W ignore:easy_install command is deprecated setup.py develop --editable --build-directory /home/chino/uvix_ws/build/joy_bridge/build --no-deps symlink_data
[4.477s] running develop
[4.921s] running egg_info
[4.921s] creating joy_bridge.egg-info
[4.922s] writing joy_bridge.egg-info/PKG-INFO
[4.923s] writing dependency_links to joy_bridge.egg-info/dependency_links.txt
[4.924s] writing entry points to joy_bridge.egg-info/entry_points.txt
[4.925s] writing requirements to joy_bridge.egg-info/requires.txt
[4.925s] writing top-level names to joy_bridge.egg-info/top_level.txt
[4.925s] writing manifest file 'joy_bridge.egg-info/SOURCES.txt'
[4.929s] reading manifest file 'joy_bridge.egg-info/SOURCES.txt'
[4.930s] writing manifest file 'joy_bridge.egg-info/SOURCES.txt'
[4.935s] running build_ext
[4.935s] Creating /home/chino/uvix_ws/install/joy_bridge/lib/python3.10/site-packages/joy-bridge.egg-link (link to .)
[4.936s] Installing joy_udp script to /home/chino/uvix_ws/install/joy_bridge/lib/joy_bridge
[4.938s] 
[4.938s] Installed /home/chino/uvix_ws/build/joy_bridge
[4.938s] running symlink_data
[4.939s] creating /home/chino/uvix_ws/install/joy_bridge/share/ament_index
[4.939s] creating /home/chino/uvix_ws/install/joy_bridge/share/ament_index/resource_index
[4.941s] creating /home/chino/uvix_ws/install/joy_bridge/share/ament_index/resource_index/packages
[4.942s] symbolically linking /home/chino/uvix_ws/build/joy_bridge/resource/joy_bridge -> /home/chino/uvix_ws/install/joy_bridge/share/ament_index/resource_index/packages
[4.942s] symbolically linking /home/chino/uvix_ws/build/joy_bridge/package.xml -> /home/chino/uvix_ws/install/joy_bridge/share/joy_bridge
[5.010s] Invoked command in '/home/chino/uvix_ws/build/joy_bridge' returned '0': PYTHONPATH=/home/chino/uvix_ws/build/joy_bridge/prefix_override:/usr/lib/python3/dist-packages/colcon_core/task/python/colcon_distutils_commands:/home/chino/uvix_ws/install/joy_bridge/lib/python3.10/site-packages:${PYTHONPATH} /usr/bin/python3 -W ignore:setup.py install is deprecated -W ignore:easy_install command is deprecated setup.py develop --editable --build-directory /home/chino/uvix_ws/build/joy_bridge/build --no-deps symlink_data
