[3.122s] Invoking command in '/home/chino/uvix_ws/build/bobert_sim': PYTHONPATH=/home/chino/uvix_ws/build/bobert_sim/prefix_override:/usr/lib/python3/dist-packages/colcon_core/task/python/colcon_distutils_commands:/home/chino/uvix_ws/install/bobert_sim/lib/python3.10/site-packages:${PYTHONPATH} /usr/bin/python3 -W ignore:setup.py install is deprecated -W ignore:easy_install command is deprecated setup.py develop --uninstall --editable --build-directory /home/chino/uvix_ws/build/bobert_sim/build
[3.929s] running develop
[4.365s] Removing /home/chino/uvix_ws/install/bobert_sim/lib/python3.10/site-packages/bobert-sim.egg-link (link to .)
[4.424s] Invoked command in '/home/chino/uvix_ws/build/bobert_sim' returned '0': PYTHONPATH=/home/chino/uvix_ws/build/bobert_sim/prefix_override:/usr/lib/python3/dist-packages/colcon_core/task/python/colcon_distutils_commands:/home/chino/uvix_ws/install/bobert_sim/lib/python3.10/site-packages:${PYTHONPATH} /usr/bin/python3 -W ignore:setup.py install is deprecated -W ignore:easy_install command is deprecated setup.py develop --uninstall --editable --build-directory /home/chino/uvix_ws/build/bobert_sim/build
[4.429s] Invoking command in '/home/chino/uvix_ws/src/bobert_sim': PYTHONPATH=/home/chino/uvix_ws/build/bobert_sim/prefix_override:/usr/lib/python3/dist-packages/colcon_core/task/python/colcon_distutils_commands:/home/chino/uvix_ws/install/bobert_sim/lib/python3.10/site-packages:${PYTHONPATH} /usr/bin/python3 -W ignore:setup.py install is deprecated -W ignore:easy_install command is deprecated setup.py egg_info --egg-base ../../build/bobert_sim build --build-base /home/chino/uvix_ws/build/bobert_sim/build install --record /home/chino/uvix_ws/build/bobert_sim/install.log --single-version-externally-managed install_data --force
[4.985s] running egg_info
[4.986s] writing ../../build/bobert_sim/bobert_sim.egg-info/PKG-INFO
[4.989s] writing dependency_links to ../../build/bobert_sim/bobert_sim.egg-info/dependency_links.txt
[4.989s] writing entry points to ../../build/bobert_sim/bobert_sim.egg-info/entry_points.txt
[4.990s] writing requirements to ../../build/bobert_sim/bobert_sim.egg-info/requires.txt
[4.990s] writing top-level names to ../../build/bobert_sim/bobert_sim.egg-info/top_level.txt
[4.998s] reading manifest file '../../build/bobert_sim/bobert_sim.egg-info/SOURCES.txt'
[5.010s] writing manifest file '../../build/bobert_sim/bobert_sim.egg-info/SOURCES.txt'
[5.011s] running build
[5.011s] running build_py
[5.012s] creating /home/chino/uvix_ws/build/bobert_sim/build
[5.012s] creating /home/chino/uvix_ws/build/bobert_sim/build/lib
[5.013s] creating /home/chino/uvix_ws/build/bobert_sim/build/lib/bobert_sim
[5.014s] copying bobert_sim/GazeboReadyWatcher.py -> /home/chino/uvix_ws/build/bobert_sim/build/lib/bobert_sim
[5.015s] copying bobert_sim/__init__.py -> /home/chino/uvix_ws/build/bobert_sim/build/lib/bobert_sim
[5.015s] copying bobert_sim/Chek_time.py -> /home/chino/uvix_ws/build/bobert_sim/build/lib/bobert_sim
[5.016s] running install
[5.017s] running install_lib
[5.019s] creating /home/chino/uvix_ws/install/bobert_sim/lib/python3.10/site-packages/bobert_sim
[5.020s] copying /home/chino/uvix_ws/build/bobert_sim/build/lib/bobert_sim/GazeboReadyWatcher.py -> /home/chino/uvix_ws/install/bobert_sim/lib/python3.10/site-packages/bobert_sim
[5.020s] copying /home/chino/uvix_ws/build/bobert_sim/build/lib/bobert_sim/__init__.py -> /home/chino/uvix_ws/install/bobert_sim/lib/python3.10/site-packages/bobert_sim
[5.020s] copying /home/chino/uvix_ws/build/bobert_sim/build/lib/bobert_sim/Chek_time.py -> /home/chino/uvix_ws/install/bobert_sim/lib/python3.10/site-packages/bobert_sim
[5.021s] byte-compiling /home/chino/uvix_ws/install/bobert_sim/lib/python3.10/site-packages/bobert_sim/GazeboReadyWatcher.py to GazeboReadyWatcher.cpython-310.pyc
[5.024s] byte-compiling /home/chino/uvix_ws/install/bobert_sim/lib/python3.10/site-packages/bobert_sim/__init__.py to __init__.cpython-310.pyc
[5.025s] byte-compiling /home/chino/uvix_ws/install/bobert_sim/lib/python3.10/site-packages/bobert_sim/Chek_time.py to Chek_time.cpython-310.pyc
[5.027s] running install_data
[5.034s] copying resource/bobert_sim -> /home/chino/uvix_ws/install/bobert_sim/share/ament_index/resource_index/packages
[5.035s] copying package.xml -> /home/chino/uvix_ws/install/bobert_sim/share/bobert_sim
[5.038s] copying worlds/hospital.world -> /home/chino/uvix_ws/install/bobert_sim/share/bobert_sim/worlds
[5.040s] copying worlds/hospital_two_floors.world -> /home/chino/uvix_ws/install/bobert_sim/share/bobert_sim/worlds
[5.044s] copying worlds/hospital_three_floors.world -> /home/chino/uvix_ws/install/bobert_sim/share/bobert_sim/worlds
[5.049s] copying meshes/base_link.dae -> /home/chino/uvix_ws/install/bobert_sim/share/bobert_sim/meshes
[5.094s] copying meshes/base_link.stl -> /home/chino/uvix_ws/install/bobert_sim/share/bobert_sim/meshes
[5.152s] copying meshes/rear_caster_link.stl -> /home/chino/uvix_ws/install/bobert_sim/share/bobert_sim/meshes
[5.176s] copying meshes/camera_link.stl -> /home/chino/uvix_ws/install/bobert_sim/share/bobert_sim/meshes
[5.176s] copying meshes/rear_road_link.stl -> /home/chino/uvix_ws/install/bobert_sim/share/bobert_sim/meshes
[5.181s] copying meshes/right_wheel_link.stl -> /home/chino/uvix_ws/install/bobert_sim/share/bobert_sim/meshes
[5.278s] copying meshes/imu_link.stl -> /home/chino/uvix_ws/install/bobert_sim/share/bobert_sim/meshes
[5.278s] copying meshes/lidar_link.stl -> /home/chino/uvix_ws/install/bobert_sim/share/bobert_sim/meshes
[5.281s] copying meshes/front_road_link.stl -> /home/chino/uvix_ws/install/bobert_sim/share/bobert_sim/meshes
[5.285s] copying meshes/front_caster_link.stl -> /home/chino/uvix_ws/install/bobert_sim/share/bobert_sim/meshes
[5.289s] copying meshes/left_wheel_link.stl -> /home/chino/uvix_ws/install/bobert_sim/share/bobert_sim/meshes
[5.321s] copying urdf/bobert.gazebo -> /home/chino/uvix_ws/install/bobert_sim/share/bobert_sim/urdf
[5.323s] copying urdf/materials.xacro -> /home/chino/uvix_ws/install/bobert_sim/share/bobert_sim/urdf
[5.323s] copying urdf/bobert.xacro -> /home/chino/uvix_ws/install/bobert_sim/share/bobert_sim/urdf
[5.324s] copying launch/sim_launch.py -> /home/chino/uvix_ws/install/bobert_sim/share/bobert_sim/launch
[5.326s] copying launch/test_mundo.launch.py -> /home/chino/uvix_ws/install/bobert_sim/share/bobert_sim/launch
[5.328s] copying config/bobert_controllers.yaml -> /home/chino/uvix_ws/install/bobert_sim/share/bobert_sim/config
[5.330s] copying config/main.rviz -> /home/chino/uvix_ws/install/bobert_sim/share/bobert_sim/config
[5.331s] copying config/ekf.yaml -> /home/chino/uvix_ws/install/bobert_sim/share/bobert_sim/config
[5.331s] copying config/mapper_params_online_async.yaml -> /home/chino/uvix_ws/install/bobert_sim/share/bobert_sim/config
[5.334s] copying models/aws_robomaker_warehouse_ClutteringC_01/model.config -> /home/chino/uvix_ws/install/bobert_sim/share/bobert_sim/models/aws_robomaker_warehouse_ClutteringC_01
[5.335s] copying models/aws_robomaker_warehouse_ClutteringC_01/model.sdf -> /home/chino/uvix_ws/install/bobert_sim/share/bobert_sim/models/aws_robomaker_warehouse_ClutteringC_01
[5.337s] copying models/aws_robomaker_warehouse_ClutteringC_01/meshes/aws_robomaker_warehouse_ClutteringC_01_collision.DAE -> /home/chino/uvix_ws/install/bobert_sim/share/bobert_sim/models/aws_robomaker_warehouse_ClutteringC_01/meshes
[5.339s] copying models/aws_robomaker_warehouse_ClutteringC_01/meshes/aws_robomaker_warehouse_ClutteringC_01_visual.DAE -> /home/chino/uvix_ws/install/bobert_sim/share/bobert_sim/models/aws_robomaker_warehouse_ClutteringC_01/meshes
[5.341s] copying models/aws_robomaker_warehouse_ClutteringC_01/materials/textures/aws_robomaker_warehouse_ClutteringC_02.png -> /home/chino/uvix_ws/install/bobert_sim/share/bobert_sim/models/aws_robomaker_warehouse_ClutteringC_01/materials/textures
[5.344s] copying models/aws_robomaker_warehouse_ClutteringC_01/materials/textures/aws_robomaker_warehouse_ClutteringC_01.png -> /home/chino/uvix_ws/install/bobert_sim/share/bobert_sim/models/aws_robomaker_warehouse_ClutteringC_01/materials/textures
[5.347s] copying models/aws_robomaker_residential_Sofa_01/model.config -> /home/chino/uvix_ws/install/bobert_sim/share/bobert_sim/models/aws_robomaker_residential_Sofa_01
[5.349s] copying models/aws_robomaker_residential_Sofa_01/model.sdf -> /home/chino/uvix_ws/install/bobert_sim/share/bobert_sim/models/aws_robomaker_residential_Sofa_01
[5.351s] copying models/aws_robomaker_residential_Sofa_01/meshes/aws_Sofa_01_collision.DAE -> /home/chino/uvix_ws/install/bobert_sim/share/bobert_sim/models/aws_robomaker_residential_Sofa_01/meshes
[5.354s] copying models/aws_robomaker_residential_Sofa_01/meshes/aws_Sofa_01.DAE -> /home/chino/uvix_ws/install/bobert_sim/share/bobert_sim/models/aws_robomaker_residential_Sofa_01/meshes
[5.376s] copying models/aws_robomaker_residential_Sofa_01/meshes/aws_Sofa_01_visual.DAE -> /home/chino/uvix_ws/install/bobert_sim/share/bobert_sim/models/aws_robomaker_residential_Sofa_01/meshes
[5.387s] copying models/aws_robomaker_residential_Sofa_01/materials/textures/aws_Sofa_01.png -> /home/chino/uvix_ws/install/bobert_sim/share/bobert_sim/models/aws_robomaker_residential_Sofa_01/materials/textures
[5.392s] copying models/aws_robomaker_hospital_elevator_01_portal/model.config -> /home/chino/uvix_ws/install/bobert_sim/share/bobert_sim/models/aws_robomaker_hospital_elevator_01_portal
[5.393s] copying models/aws_robomaker_hospital_elevator_01_portal/model.sdf -> /home/chino/uvix_ws/install/bobert_sim/share/bobert_sim/models/aws_robomaker_hospital_elevator_01_portal
[5.395s] copying models/aws_robomaker_hospital_elevator_01_portal/meshes/aws_robomaker_hospital_elevator_01_low.png -> /home/chino/uvix_ws/install/bobert_sim/share/bobert_sim/models/aws_robomaker_hospital_elevator_01_portal/meshes
[5.400s] copying models/aws_robomaker_hospital_elevator_01_portal/meshes/aws_robomaker_hospital_elevator_01_portal_collision.dae -> /home/chino/uvix_ws/install/bobert_sim/share/bobert_sim/models/aws_robomaker_hospital_elevator_01_portal/meshes
[5.405s] copying models/aws_robomaker_hospital_elevator_01_portal/meshes/aws_robomaker_hospital_elevator_01_visual.png -> /home/chino/uvix_ws/install/bobert_sim/share/bobert_sim/models/aws_robomaker_hospital_elevator_01_portal/meshes
[5.410s] copying models/aws_robomaker_hospital_elevator_01_portal/meshes/aws_robomaker_hospital_elevator_01_portal_visual.dae -> /home/chino/uvix_ws/install/bobert_sim/share/bobert_sim/models/aws_robomaker_hospital_elevator_01_portal/meshes
[5.411s] copying models/aws_robomaker_hospital_elevator_01_portal/meshes/aws_robomaker_hospital_elevator_01_portal_low.dae -> /home/chino/uvix_ws/install/bobert_sim/share/bobert_sim/models/aws_robomaker_hospital_elevator_01_portal/meshes
[5.413s] copying models/aws_robomaker_hospital_elevator_01_portal/meshes/aws_robomaker_hospital_elevator_01_low_normal.png -> /home/chino/uvix_ws/install/bobert_sim/share/bobert_sim/models/aws_robomaker_hospital_elevator_01_portal/meshes
[5.416s] copying models/aws_robomaker_hospital_elevator_01_portal/meshes/aws_robomaker_hospital_elevator_01_visual_normal.png -> /home/chino/uvix_ws/install/bobert_sim/share/bobert_sim/models/aws_robomaker_hospital_elevator_01_portal/meshes
[5.418s] copying models/aws_robomaker_residential_CoffeeTable_01/model.config -> /home/chino/uvix_ws/install/bobert_sim/share/bobert_sim/models/aws_robomaker_residential_CoffeeTable_01
[5.419s] copying models/aws_robomaker_residential_CoffeeTable_01/model.sdf -> /home/chino/uvix_ws/install/bobert_sim/share/bobert_sim/models/aws_robomaker_residential_CoffeeTable_01
[5.421s] copying models/aws_robomaker_residential_CoffeeTable_01/meshes/aws_CoffeeTable_01_collision.DAE -> /home/chino/uvix_ws/install/bobert_sim/share/bobert_sim/models/aws_robomaker_residential_CoffeeTable_01/meshes
[5.423s] copying models/aws_robomaker_residential_CoffeeTable_01/meshes/aws_CoffeeTable_01_visual.DAE -> /home/chino/uvix_ws/install/bobert_sim/share/bobert_sim/models/aws_robomaker_residential_CoffeeTable_01/meshes
[5.425s] copying models/aws_robomaker_residential_CoffeeTable_01/materials/textures/aws_CoffeeTable_01.png -> /home/chino/uvix_ws/install/bobert_sim/share/bobert_sim/models/aws_robomaker_residential_CoffeeTable_01/materials/textures
[5.432s] copying models/aws_robomaker_hospital_curtain_half_open_01/model.config -> /home/chino/uvix_ws/install/bobert_sim/share/bobert_sim/models/aws_robomaker_hospital_curtain_half_open_01
[5.434s] copying models/aws_robomaker_hospital_curtain_half_open_01/model.sdf -> /home/chino/uvix_ws/install/bobert_sim/share/bobert_sim/models/aws_robomaker_hospital_curtain_half_open_01
[5.435s] copying models/aws_robomaker_hospital_curtain_half_open_01/meshes/aws_robomaker_hospital_curtain_half_open_01_visual_normal.png -> /home/chino/uvix_ws/install/bobert_sim/share/bobert_sim/models/aws_robomaker_hospital_curtain_half_open_01/meshes
[5.438s] copying models/aws_robomaker_hospital_curtain_half_open_01/meshes/aws_robomaker_hospital_curtain_half_open_01_low_normal.png -> /home/chino/uvix_ws/install/bobert_sim/share/bobert_sim/models/aws_robomaker_hospital_curtain_half_open_01/meshes
[5.441s] copying models/aws_robomaker_hospital_curtain_half_open_01/meshes/aws_robomaker_hospital_curtain_half_open_01_visual.png -> /home/chino/uvix_ws/install/bobert_sim/share/bobert_sim/models/aws_robomaker_hospital_curtain_half_open_01/meshes
[5.451s] copying models/aws_robomaker_hospital_curtain_half_open_01/meshes/aws_robomaker_hospital_curtainrail_01_low_normal.png -> /home/chino/uvix_ws/install/bobert_sim/share/bobert_sim/models/aws_robomaker_hospital_curtain_half_open_01/meshes
[5.454s] copying models/aws_robomaker_hospital_curtain_half_open_01/meshes/aws_robomaker_hospital_curtain_half_open_01_collision.dae -> /home/chino/uvix_ws/install/bobert_sim/share/bobert_sim/models/aws_robomaker_hospital_curtain_half_open_01/meshes
[5.456s] copying models/aws_robomaker_hospital_curtain_half_open_01/meshes/aws_robomaker_hospital_curtain_half_open_01_low.png -> /home/chino/uvix_ws/install/bobert_sim/share/bobert_sim/models/aws_robomaker_hospital_curtain_half_open_01/meshes
[5.465s] copying models/aws_robomaker_hospital_curtain_half_open_01/meshes/aws_robomaker_hospital_curtainrail_01_low.png -> /home/chino/uvix_ws/install/bobert_sim/share/bobert_sim/models/aws_robomaker_hospital_curtain_half_open_01/meshes
[5.467s] copying models/aws_robomaker_hospital_curtain_half_open_01/meshes/aws_robomaker_hospital_curtain_half_open_01_visual.dae -> /home/chino/uvix_ws/install/bobert_sim/share/bobert_sim/models/aws_robomaker_hospital_curtain_half_open_01/meshes
[5.470s] copying models/aws_robomaker_hospital_curtain_half_open_01/meshes/aws_robomaker_hospital_curtainrail_01_visual.png -> /home/chino/uvix_ws/install/bobert_sim/share/bobert_sim/models/aws_robomaker_hospital_curtain_half_open_01/meshes
[5.472s] copying models/aws_robomaker_hospital_curtain_half_open_01/meshes/aws_robomaker_hospital_curtainrail_01_visual_normal.png -> /home/chino/uvix_ws/install/bobert_sim/share/bobert_sim/models/aws_robomaker_hospital_curtain_half_open_01/meshes
[5.474s] copying models/aws_robomaker_hospital_floor_02_floor/model.config -> /home/chino/uvix_ws/install/bobert_sim/share/bobert_sim/models/aws_robomaker_hospital_floor_02_floor
[5.476s] copying models/aws_robomaker_hospital_floor_02_floor/model.sdf -> /home/chino/uvix_ws/install/bobert_sim/share/bobert_sim/models/aws_robomaker_hospital_floor_02_floor
[5.477s] copying models/aws_robomaker_hospital_floor_02_floor/meshes/aws_robomaker_hospital_floor_02_floor_collision.dae -> /home/chino/uvix_ws/install/bobert_sim/share/bobert_sim/models/aws_robomaker_hospital_floor_02_floor/meshes
[5.479s] copying models/aws_robomaker_hospital_floor_02_floor/meshes/aws_robomaker_hospital_floor_02_floor_normal.png -> /home/chino/uvix_ws/install/bobert_sim/share/bobert_sim/models/aws_robomaker_hospital_floor_02_floor/meshes
[5.487s] copying models/aws_robomaker_hospital_floor_02_floor/meshes/aws_robomaker_hospital_floor_02_floor.png -> /home/chino/uvix_ws/install/bobert_sim/share/bobert_sim/models/aws_robomaker_hospital_floor_02_floor/meshes
[5.527s] copying models/aws_robomaker_hospital_floor_02_floor/meshes/aws_robomaker_hospital_floor_02_floor_visual.dae -> /home/chino/uvix_ws/install/bobert_sim/share/bobert_sim/models/aws_robomaker_hospital_floor_02_floor/meshes
[5.528s] copying models/aws_robomaker_hospital_floor_01_walls/model.config -> /home/chino/uvix_ws/install/bobert_sim/share/bobert_sim/models/aws_robomaker_hospital_floor_01_walls
[5.530s] copying models/aws_robomaker_hospital_floor_01_walls/model.sdf -> /home/chino/uvix_ws/install/bobert_sim/share/bobert_sim/models/aws_robomaker_hospital_floor_01_walls
[5.534s] copying models/aws_robomaker_hospital_floor_01_walls/meshes/aws_robomaker_hospital_floor_01_doorsign.png -> /home/chino/uvix_ws/install/bobert_sim/share/bobert_sim/models/aws_robomaker_hospital_floor_01_walls/meshes
[5.536s] copying models/aws_robomaker_hospital_floor_01_walls/meshes/aws_robomaker_hospital_floor_01_doorframes_small.png -> /home/chino/uvix_ws/install/bobert_sim/share/bobert_sim/models/aws_robomaker_hospital_floor_01_walls/meshes
[5.540s] copying models/aws_robomaker_hospital_floor_01_walls/meshes/aws_robomaker_hospital_floor_01_handrail.png -> /home/chino/uvix_ws/install/bobert_sim/share/bobert_sim/models/aws_robomaker_hospital_floor_01_walls/meshes
[5.543s] copying models/aws_robomaker_hospital_floor_01_walls/meshes/aws_robomaker_hospital_floor_01_doorframes_big.png -> /home/chino/uvix_ws/install/bobert_sim/share/bobert_sim/models/aws_robomaker_hospital_floor_01_walls/meshes
[5.546s] copying models/aws_robomaker_hospital_floor_01_walls/meshes/aws_robomaker_hospital_floor_01_stairs.png -> /home/chino/uvix_ws/install/bobert_sim/share/bobert_sim/models/aws_robomaker_hospital_floor_01_walls/meshes
[5.556s] copying models/aws_robomaker_hospital_floor_01_walls/meshes/aws_robomaker_hospital_floor_01_walls_visual.dae -> /home/chino/uvix_ws/install/bobert_sim/share/bobert_sim/models/aws_robomaker_hospital_floor_01_walls/meshes
[5.562s] copying models/aws_robomaker_hospital_floor_01_walls/meshes/aws_robomaker_hospital_floor_01_bumprail.png -> /home/chino/uvix_ws/install/bobert_sim/share/bobert_sim/models/aws_robomaker_hospital_floor_01_walls/meshes
[5.565s] copying models/aws_robomaker_hospital_floor_01_walls/meshes/aws_robomaker_hospital_floor_01_windows.png -> /home/chino/uvix_ws/install/bobert_sim/share/bobert_sim/models/aws_robomaker_hospital_floor_01_walls/meshes
[5.568s] copying models/aws_robomaker_hospital_floor_01_walls/meshes/aws_robomaker_hospital_floor_01_walls_collision.dae -> /home/chino/uvix_ws/install/bobert_sim/share/bobert_sim/models/aws_robomaker_hospital_floor_01_walls/meshes
[5.571s] copying models/aws_robomaker_hospital_floor_01_walls/meshes/aws_robomaker_hospital_floor_01_walls.png -> /home/chino/uvix_ws/install/bobert_sim/share/bobert_sim/models/aws_robomaker_hospital_floor_01_walls/meshes
[5.582s] copying models/aws_robomaker_retail_BookshelfB_01/model.config -> /home/chino/uvix_ws/install/bobert_sim/share/bobert_sim/models/aws_robomaker_retail_BookshelfB_01
[5.584s] copying models/aws_robomaker_retail_BookshelfB_01/model.sdf -> /home/chino/uvix_ws/install/bobert_sim/share/bobert_sim/models/aws_robomaker_retail_BookshelfB_01
[5.585s] copying models/aws_robomaker_retail_BookshelfB_01/meshes/aws_BookshelfB_01_collision.DAE -> /home/chino/uvix_ws/install/bobert_sim/share/bobert_sim/models/aws_robomaker_retail_BookshelfB_01/meshes
[5.587s] copying models/aws_robomaker_retail_BookshelfB_01/meshes/aws_BookshelfB_01_visual.DAE -> /home/chino/uvix_ws/install/bobert_sim/share/bobert_sim/models/aws_robomaker_retail_BookshelfB_01/meshes
[5.591s] copying models/aws_robomaker_retail_BookshelfB_01/materials/textures/aws_BookshelfB_02.png -> /home/chino/uvix_ws/install/bobert_sim/share/bobert_sim/models/aws_robomaker_retail_BookshelfB_01/materials/textures
[5.594s] copying models/aws_robomaker_retail_BookshelfB_01/materials/textures/aws_BookshelfB_01.png -> /home/chino/uvix_ws/install/bobert_sim/share/bobert_sim/models/aws_robomaker_retail_BookshelfB_01/materials/textures
[5.611s] copying models/aws_robomaker_residential_PortraitB_01/model.config -> /home/chino/uvix_ws/install/bobert_sim/share/bobert_sim/models/aws_robomaker_residential_PortraitB_01
[5.613s] copying models/aws_robomaker_residential_PortraitB_01/model.sdf -> /home/chino/uvix_ws/install/bobert_sim/share/bobert_sim/models/aws_robomaker_residential_PortraitB_01
[5.614s] copying models/aws_robomaker_residential_PortraitB_01/meshes/aws_PortraitB_01_visual.DAE -> /home/chino/uvix_ws/install/bobert_sim/share/bobert_sim/models/aws_robomaker_residential_PortraitB_01/meshes
[5.617s] copying models/aws_robomaker_residential_PortraitB_01/meshes/aws_PortraitB_01_collision.DAE -> /home/chino/uvix_ws/install/bobert_sim/share/bobert_sim/models/aws_robomaker_residential_PortraitB_01/meshes
[5.621s] copying models/aws_robomaker_residential_PortraitB_01/materials/textures/aws_PortraitB_02.png -> /home/chino/uvix_ws/install/bobert_sim/share/bobert_sim/models/aws_robomaker_residential_PortraitB_01/materials/textures
[5.626s] copying models/aws_robomaker_residential_PortraitB_01/materials/textures/aws_PortraitB_01.png -> /home/chino/uvix_ws/install/bobert_sim/share/bobert_sim/models/aws_robomaker_residential_PortraitB_01/materials/textures
[5.627s] copying models/aws_robomaker_residential_TV_02/model.config -> /home/chino/uvix_ws/install/bobert_sim/share/bobert_sim/models/aws_robomaker_residential_TV_02
[5.629s] copying models/aws_robomaker_residential_TV_02/model.sdf -> /home/chino/uvix_ws/install/bobert_sim/share/bobert_sim/models/aws_robomaker_residential_TV_02
[5.631s] copying models/aws_robomaker_residential_TV_02/meshes/aws_TV_01_collision.DAE -> /home/chino/uvix_ws/install/bobert_sim/share/bobert_sim/models/aws_robomaker_residential_TV_02/meshes
[5.633s] copying models/aws_robomaker_residential_TV_02/meshes/aws_TV_01_visual.DAE -> /home/chino/uvix_ws/install/bobert_sim/share/bobert_sim/models/aws_robomaker_residential_TV_02/meshes
[5.635s] copying models/aws_robomaker_residential_TV_02/materials/textures/aws_TV_01.png -> /home/chino/uvix_ws/install/bobert_sim/share/bobert_sim/models/aws_robomaker_residential_TV_02/materials/textures
[5.645s] copying models/aws_robomaker_residential_Refrigerator_01/model.config -> /home/chino/uvix_ws/install/bobert_sim/share/bobert_sim/models/aws_robomaker_residential_Refrigerator_01
[5.646s] copying models/aws_robomaker_residential_Refrigerator_01/model.sdf -> /home/chino/uvix_ws/install/bobert_sim/share/bobert_sim/models/aws_robomaker_residential_Refrigerator_01
[5.647s] copying models/aws_robomaker_residential_Refrigerator_01/meshes/aws_Refrigerator_01.DAE -> /home/chino/uvix_ws/install/bobert_sim/share/bobert_sim/models/aws_robomaker_residential_Refrigerator_01/meshes
[5.651s] copying models/aws_robomaker_residential_Refrigerator_01/meshes/aws_Refrigerator_01_collision.DAE -> /home/chino/uvix_ws/install/bobert_sim/share/bobert_sim/models/aws_robomaker_residential_Refrigerator_01/meshes
[5.652s] copying models/aws_robomaker_residential_Refrigerator_01/meshes/aws_Refrigerator_01_visual.DAE -> /home/chino/uvix_ws/install/bobert_sim/share/bobert_sim/models/aws_robomaker_residential_Refrigerator_01/meshes
[5.657s] copying models/aws_robomaker_residential_Refrigerator_01/materials/textures/aws_Refrigerator_01.png -> /home/chino/uvix_ws/install/bobert_sim/share/bobert_sim/models/aws_robomaker_residential_Refrigerator_01/materials/textures
[5.662s] copying models/aws_robomaker_residential_Refrigerator_01/materials/textures/aws_Refrigerator_02.png -> /home/chino/uvix_ws/install/bobert_sim/share/bobert_sim/models/aws_robomaker_residential_Refrigerator_01/materials/textures
[5.665s] copying models/aws_robomaker_hospital_elevator_01_car/model.config -> /home/chino/uvix_ws/install/bobert_sim/share/bobert_sim/models/aws_robomaker_hospital_elevator_01_car
[5.666s] copying models/aws_robomaker_hospital_elevator_01_car/model.sdf -> /home/chino/uvix_ws/install/bobert_sim/share/bobert_sim/models/aws_robomaker_hospital_elevator_01_car
[5.668s] copying models/aws_robomaker_hospital_elevator_01_car/meshes/aws_robomaker_hospital_elevator_01_low.png -> /home/chino/uvix_ws/install/bobert_sim/share/bobert_sim/models/aws_robomaker_hospital_elevator_01_car/meshes
[5.674s] copying models/aws_robomaker_hospital_elevator_01_car/meshes/aws_robomaker_hospital_elevator_01_car_low.dae -> /home/chino/uvix_ws/install/bobert_sim/share/bobert_sim/models/aws_robomaker_hospital_elevator_01_car/meshes
[5.676s] copying models/aws_robomaker_hospital_elevator_01_car/meshes/aws_robomaker_hospital_elevator_01_visual.png -> /home/chino/uvix_ws/install/bobert_sim/share/bobert_sim/models/aws_robomaker_hospital_elevator_01_car/meshes
[5.680s] copying models/aws_robomaker_hospital_elevator_01_car/meshes/aws_robomaker_hospital_elevator_01_car_collision.dae -> /home/chino/uvix_ws/install/bobert_sim/share/bobert_sim/models/aws_robomaker_hospital_elevator_01_car/meshes
[5.682s] copying models/aws_robomaker_hospital_elevator_01_car/meshes/aws_robomaker_hospital_elevator_01_low_normal.png -> /home/chino/uvix_ws/install/bobert_sim/share/bobert_sim/models/aws_robomaker_hospital_elevator_01_car/meshes
[5.685s] copying models/aws_robomaker_hospital_elevator_01_car/meshes/aws_robomaker_hospital_elevator_01_visual_normal.png -> /home/chino/uvix_ws/install/bobert_sim/share/bobert_sim/models/aws_robomaker_hospital_elevator_01_car/meshes
[5.687s] copying models/aws_robomaker_hospital_elevator_01_car/meshes/aws_robomaker_hospital_elevator_01_car_visual.dae -> /home/chino/uvix_ws/install/bobert_sim/share/bobert_sim/models/aws_robomaker_hospital_elevator_01_car/meshes
[5.691s] copying models/aws_robomaker_residential_PortraitB_03/model.config -> /home/chino/uvix_ws/install/bobert_sim/share/bobert_sim/models/aws_robomaker_residential_PortraitB_03
[5.692s] copying models/aws_robomaker_residential_PortraitB_03/model.sdf -> /home/chino/uvix_ws/install/bobert_sim/share/bobert_sim/models/aws_robomaker_residential_PortraitB_03
[5.694s] copying models/aws_robomaker_residential_PortraitB_03/meshes/aws_PortraitB_01_visual.DAE -> /home/chino/uvix_ws/install/bobert_sim/share/bobert_sim/models/aws_robomaker_residential_PortraitB_03/meshes
[5.697s] copying models/aws_robomaker_residential_PortraitB_03/meshes/aws_PortraitB_01_collision.DAE -> /home/chino/uvix_ws/install/bobert_sim/share/bobert_sim/models/aws_robomaker_residential_PortraitB_03/meshes
[5.699s] copying models/aws_robomaker_residential_PortraitB_03/materials/textures/aws_PortraitB_02.png -> /home/chino/uvix_ws/install/bobert_sim/share/bobert_sim/models/aws_robomaker_residential_PortraitB_03/materials/textures
[5.705s] copying models/aws_robomaker_residential_PortraitB_03/materials/textures/aws_PortraitB_01.png -> /home/chino/uvix_ws/install/bobert_sim/share/bobert_sim/models/aws_robomaker_residential_PortraitB_03/materials/textures
[5.706s] copying models/aws_robomaker_hospital_curtain_closed_01/model.config -> /home/chino/uvix_ws/install/bobert_sim/share/bobert_sim/models/aws_robomaker_hospital_curtain_closed_01
[5.708s] copying models/aws_robomaker_hospital_curtain_closed_01/model.sdf -> /home/chino/uvix_ws/install/bobert_sim/share/bobert_sim/models/aws_robomaker_hospital_curtain_closed_01
[5.709s] copying models/aws_robomaker_hospital_curtain_closed_01/meshes/aws_robomaker_hospital_curtain_closed_01_visual.png -> /home/chino/uvix_ws/install/bobert_sim/share/bobert_sim/models/aws_robomaker_hospital_curtain_closed_01/meshes
[5.718s] copying models/aws_robomaker_hospital_curtain_closed_01/meshes/aws_robomaker_hospital_curtainrail_01_low_normal.png -> /home/chino/uvix_ws/install/bobert_sim/share/bobert_sim/models/aws_robomaker_hospital_curtain_closed_01/meshes
[5.721s] copying models/aws_robomaker_hospital_curtain_closed_01/meshes/aws_robomaker_hospital_curtain_closed_01_low.png -> /home/chino/uvix_ws/install/bobert_sim/share/bobert_sim/models/aws_robomaker_hospital_curtain_closed_01/meshes
[5.730s] copying models/aws_robomaker_hospital_curtain_closed_01/meshes/aws_robomaker_hospital_curtain_closed_01_low_normal.png -> /home/chino/uvix_ws/install/bobert_sim/share/bobert_sim/models/aws_robomaker_hospital_curtain_closed_01/meshes
[5.733s] copying models/aws_robomaker_hospital_curtain_closed_01/meshes/aws_robomaker_hospital_curtain_closed_01_visual_normal.png -> /home/chino/uvix_ws/install/bobert_sim/share/bobert_sim/models/aws_robomaker_hospital_curtain_closed_01/meshes
[5.735s] copying models/aws_robomaker_hospital_curtain_closed_01/meshes/aws_robomaker_hospital_curtain_closed_01_collision.dae -> /home/chino/uvix_ws/install/bobert_sim/share/bobert_sim/models/aws_robomaker_hospital_curtain_closed_01/meshes
[5.738s] copying models/aws_robomaker_hospital_curtain_closed_01/meshes/aws_robomaker_hospital_curtainrail_01_low.png -> /home/chino/uvix_ws/install/bobert_sim/share/bobert_sim/models/aws_robomaker_hospital_curtain_closed_01/meshes
[5.740s] copying models/aws_robomaker_hospital_curtain_closed_01/meshes/aws_robomaker_hospital_curtainrail_01_visual.png -> /home/chino/uvix_ws/install/bobert_sim/share/bobert_sim/models/aws_robomaker_hospital_curtain_closed_01/meshes
[5.743s] copying models/aws_robomaker_hospital_curtain_closed_01/meshes/aws_robomaker_hospital_curtain_closed_01_visual.dae -> /home/chino/uvix_ws/install/bobert_sim/share/bobert_sim/models/aws_robomaker_hospital_curtain_closed_01/meshes
[5.747s] copying models/aws_robomaker_hospital_curtain_closed_01/meshes/aws_robomaker_hospital_curtainrail_01_visual_normal.png -> /home/chino/uvix_ws/install/bobert_sim/share/bobert_sim/models/aws_robomaker_hospital_curtain_closed_01/meshes
[5.749s] copying models/aws_robomaker_residential_PortraitD_02/model.config -> /home/chino/uvix_ws/install/bobert_sim/share/bobert_sim/models/aws_robomaker_residential_PortraitD_02
[5.751s] copying models/aws_robomaker_residential_PortraitD_02/model.sdf -> /home/chino/uvix_ws/install/bobert_sim/share/bobert_sim/models/aws_robomaker_residential_PortraitD_02
[5.753s] copying models/aws_robomaker_residential_PortraitD_02/meshes/aws_PortraitD_01_visual.DAE -> /home/chino/uvix_ws/install/bobert_sim/share/bobert_sim/models/aws_robomaker_residential_PortraitD_02/meshes
[5.755s] copying models/aws_robomaker_residential_PortraitD_02/meshes/aws_PortraitD_01_collision.DAE -> /home/chino/uvix_ws/install/bobert_sim/share/bobert_sim/models/aws_robomaker_residential_PortraitD_02/meshes
[5.757s] copying models/aws_robomaker_residential_PortraitD_02/materials/textures/aws_PortraitD_02.png -> /home/chino/uvix_ws/install/bobert_sim/share/bobert_sim/models/aws_robomaker_residential_PortraitD_02/materials/textures
[5.764s] copying models/aws_robomaker_residential_PortraitD_02/materials/textures/aws_PortraitD_01.png -> /home/chino/uvix_ws/install/bobert_sim/share/bobert_sim/models/aws_robomaker_residential_PortraitD_02/materials/textures
[5.766s] copying models/aws_robomaker_residential_Carpet_01/model.config -> /home/chino/uvix_ws/install/bobert_sim/share/bobert_sim/models/aws_robomaker_residential_Carpet_01
[5.767s] copying models/aws_robomaker_residential_Carpet_01/model.sdf -> /home/chino/uvix_ws/install/bobert_sim/share/bobert_sim/models/aws_robomaker_residential_Carpet_01
[5.768s] copying models/aws_robomaker_residential_Carpet_01/meshes/aws_Carpet_01_collision.DAE -> /home/chino/uvix_ws/install/bobert_sim/share/bobert_sim/models/aws_robomaker_residential_Carpet_01/meshes
[5.770s] copying models/aws_robomaker_residential_Carpet_01/meshes/aws_Carpet_01_visual.DAE -> /home/chino/uvix_ws/install/bobert_sim/share/bobert_sim/models/aws_robomaker_residential_Carpet_01/meshes
[5.772s] copying models/aws_robomaker_residential_Carpet_01/materials/textures/aws_Carpet_01.png -> /home/chino/uvix_ws/install/bobert_sim/share/bobert_sim/models/aws_robomaker_residential_Carpet_01/materials/textures
[5.818s] copying models/aws_robomaker_residential_PortraitD_01/model.config -> /home/chino/uvix_ws/install/bobert_sim/share/bobert_sim/models/aws_robomaker_residential_PortraitD_01
[5.820s] copying models/aws_robomaker_residential_PortraitD_01/model.sdf -> /home/chino/uvix_ws/install/bobert_sim/share/bobert_sim/models/aws_robomaker_residential_PortraitD_01
[5.821s] copying models/aws_robomaker_residential_PortraitD_01/meshes/aws_PortraitD_01_visual.DAE -> /home/chino/uvix_ws/install/bobert_sim/share/bobert_sim/models/aws_robomaker_residential_PortraitD_01/meshes
[5.822s] copying models/aws_robomaker_residential_PortraitD_01/meshes/aws_PortraitD_01_collision.DAE -> /home/chino/uvix_ws/install/bobert_sim/share/bobert_sim/models/aws_robomaker_residential_PortraitD_01/meshes
[5.824s] copying models/aws_robomaker_residential_PortraitD_01/materials/textures/aws_PortraitD_02.png -> /home/chino/uvix_ws/install/bobert_sim/share/bobert_sim/models/aws_robomaker_residential_PortraitD_01/materials/textures
[5.832s] copying models/aws_robomaker_residential_PortraitD_01/materials/textures/aws_PortraitD_01.png -> /home/chino/uvix_ws/install/bobert_sim/share/bobert_sim/models/aws_robomaker_residential_PortraitD_01/materials/textures
[5.833s] copying models/aws_robomaker_residential_Trash_01/model.config -> /home/chino/uvix_ws/install/bobert_sim/share/bobert_sim/models/aws_robomaker_residential_Trash_01
[5.834s] copying models/aws_robomaker_residential_Trash_01/model.sdf -> /home/chino/uvix_ws/install/bobert_sim/share/bobert_sim/models/aws_robomaker_residential_Trash_01
[5.837s] copying models/aws_robomaker_residential_Trash_01/meshes/aws_Trash_01_collision.DAE -> /home/chino/uvix_ws/install/bobert_sim/share/bobert_sim/models/aws_robomaker_residential_Trash_01/meshes
[5.839s] copying models/aws_robomaker_residential_Trash_01/meshes/aws_Trash_01_visual.DAE -> /home/chino/uvix_ws/install/bobert_sim/share/bobert_sim/models/aws_robomaker_residential_Trash_01/meshes
[5.843s] copying models/aws_robomaker_residential_Trash_01/materials/textures/aws_Trash_01.png -> /home/chino/uvix_ws/install/bobert_sim/share/bobert_sim/models/aws_robomaker_residential_Trash_01/materials/textures
[5.846s] copying models/aws_robomaker_residential_PortraitA_01/model.config -> /home/chino/uvix_ws/install/bobert_sim/share/bobert_sim/models/aws_robomaker_residential_PortraitA_01
[5.848s] copying models/aws_robomaker_residential_PortraitA_01/model.sdf -> /home/chino/uvix_ws/install/bobert_sim/share/bobert_sim/models/aws_robomaker_residential_PortraitA_01
[5.849s] copying models/aws_robomaker_residential_PortraitA_01/meshes/aws_PortraitA_01_collision.DAE -> /home/chino/uvix_ws/install/bobert_sim/share/bobert_sim/models/aws_robomaker_residential_PortraitA_01/meshes
[5.852s] copying models/aws_robomaker_residential_PortraitA_01/meshes/aws_PortraitA_01_visual.DAE -> /home/chino/uvix_ws/install/bobert_sim/share/bobert_sim/models/aws_robomaker_residential_PortraitA_01/meshes
[5.853s] copying models/aws_robomaker_residential_PortraitA_01/materials/textures/aws_PortraitA_02.png -> /home/chino/uvix_ws/install/bobert_sim/share/bobert_sim/models/aws_robomaker_residential_PortraitA_01/materials/textures
[5.859s] copying models/aws_robomaker_residential_PortraitA_01/materials/textures/aws_PortraitA_01.png -> /home/chino/uvix_ws/install/bobert_sim/share/bobert_sim/models/aws_robomaker_residential_PortraitA_01/materials/textures
[5.861s] copying models/aws_robomaker_hospital_floor_01_ceiling/model.config -> /home/chino/uvix_ws/install/bobert_sim/share/bobert_sim/models/aws_robomaker_hospital_floor_01_ceiling
[5.862s] copying models/aws_robomaker_hospital_floor_01_ceiling/model.sdf -> /home/chino/uvix_ws/install/bobert_sim/share/bobert_sim/models/aws_robomaker_hospital_floor_01_ceiling
[5.863s] copying models/aws_robomaker_hospital_floor_01_ceiling/meshes/aws_robomaker_hospital_floor_01_ceiling.png -> /home/chino/uvix_ws/install/bobert_sim/share/bobert_sim/models/aws_robomaker_hospital_floor_01_ceiling/meshes
[5.873s] copying models/aws_robomaker_hospital_floor_01_ceiling/meshes/aws_robomaker_hospital_floor_01_ceiling_normal.png -> /home/chino/uvix_ws/install/bobert_sim/share/bobert_sim/models/aws_robomaker_hospital_floor_01_ceiling/meshes
[5.879s] copying models/aws_robomaker_hospital_floor_01_ceiling/meshes/aws_robomaker_hospital_floor_01_ceiling_collision.dae -> /home/chino/uvix_ws/install/bobert_sim/share/bobert_sim/models/aws_robomaker_hospital_floor_01_ceiling/meshes
[5.880s] copying models/aws_robomaker_hospital_floor_01_ceiling/meshes/aws_robomaker_hospital_floor_01_ceiling_visual.dae -> /home/chino/uvix_ws/install/bobert_sim/share/bobert_sim/models/aws_robomaker_hospital_floor_01_ceiling/meshes
[5.881s] copying models/aws_robomaker_residential_PortraitE_01/model.config -> /home/chino/uvix_ws/install/bobert_sim/share/bobert_sim/models/aws_robomaker_residential_PortraitE_01
[5.883s] copying models/aws_robomaker_residential_PortraitE_01/model.sdf -> /home/chino/uvix_ws/install/bobert_sim/share/bobert_sim/models/aws_robomaker_residential_PortraitE_01
[5.884s] copying models/aws_robomaker_residential_PortraitE_01/meshes/aws_PortraitE_01_collision.DAE -> /home/chino/uvix_ws/install/bobert_sim/share/bobert_sim/models/aws_robomaker_residential_PortraitE_01/meshes
[5.886s] copying models/aws_robomaker_residential_PortraitE_01/meshes/aws_PortraitE_01_visual.DAE -> /home/chino/uvix_ws/install/bobert_sim/share/bobert_sim/models/aws_robomaker_residential_PortraitE_01/meshes
[5.889s] copying models/aws_robomaker_residential_PortraitE_01/materials/textures/aws_PortraitE_01.png -> /home/chino/uvix_ws/install/bobert_sim/share/bobert_sim/models/aws_robomaker_residential_PortraitE_01/materials/textures
[5.890s] copying models/aws_robomaker_residential_PortraitE_01/materials/textures/aws_PortraitE_02.png -> /home/chino/uvix_ws/install/bobert_sim/share/bobert_sim/models/aws_robomaker_residential_PortraitE_01/materials/textures
[5.901s] copying models/aws_robomaker_residential_PortraitA_02/model.config -> /home/chino/uvix_ws/install/bobert_sim/share/bobert_sim/models/aws_robomaker_residential_PortraitA_02
[5.902s] copying models/aws_robomaker_residential_PortraitA_02/model.sdf -> /home/chino/uvix_ws/install/bobert_sim/share/bobert_sim/models/aws_robomaker_residential_PortraitA_02
[5.904s] copying models/aws_robomaker_residential_PortraitA_02/meshes/aws_PortraitA_01_collision.DAE -> /home/chino/uvix_ws/install/bobert_sim/share/bobert_sim/models/aws_robomaker_residential_PortraitA_02/meshes
[5.905s] copying models/aws_robomaker_residential_PortraitA_02/meshes/aws_PortraitA_01_visual.DAE -> /home/chino/uvix_ws/install/bobert_sim/share/bobert_sim/models/aws_robomaker_residential_PortraitA_02/meshes
[5.909s] copying models/aws_robomaker_residential_PortraitA_02/materials/textures/aws_PortraitA_02.png -> /home/chino/uvix_ws/install/bobert_sim/share/bobert_sim/models/aws_robomaker_residential_PortraitA_02/materials/textures
[5.915s] copying models/aws_robomaker_residential_PortraitA_02/materials/textures/aws_PortraitA_01.png -> /home/chino/uvix_ws/install/bobert_sim/share/bobert_sim/models/aws_robomaker_residential_PortraitA_02/materials/textures
[5.917s] copying models/aws_robomaker_residential_PortraitE_02/model.config -> /home/chino/uvix_ws/install/bobert_sim/share/bobert_sim/models/aws_robomaker_residential_PortraitE_02
[5.919s] copying models/aws_robomaker_residential_PortraitE_02/model.sdf -> /home/chino/uvix_ws/install/bobert_sim/share/bobert_sim/models/aws_robomaker_residential_PortraitE_02
[5.920s] copying models/aws_robomaker_residential_PortraitE_02/meshes/aws_PortraitE_01_collision.DAE -> /home/chino/uvix_ws/install/bobert_sim/share/bobert_sim/models/aws_robomaker_residential_PortraitE_02/meshes
[5.922s] copying models/aws_robomaker_residential_PortraitE_02/meshes/aws_PortraitE_01_visual.DAE -> /home/chino/uvix_ws/install/bobert_sim/share/bobert_sim/models/aws_robomaker_residential_PortraitE_02/meshes
[5.925s] copying models/aws_robomaker_residential_PortraitE_02/materials/textures/aws_PortraitE_01.png -> /home/chino/uvix_ws/install/bobert_sim/share/bobert_sim/models/aws_robomaker_residential_PortraitE_02/materials/textures
[5.928s] copying models/aws_robomaker_residential_PortraitE_02/materials/textures/aws_PortraitE_02.png -> /home/chino/uvix_ws/install/bobert_sim/share/bobert_sim/models/aws_robomaker_residential_PortraitE_02/materials/textures
[5.938s] copying models/aws_robomaker_hospital_curtain_open_01/model.config -> /home/chino/uvix_ws/install/bobert_sim/share/bobert_sim/models/aws_robomaker_hospital_curtain_open_01
[5.940s] copying models/aws_robomaker_hospital_curtain_open_01/model.sdf -> /home/chino/uvix_ws/install/bobert_sim/share/bobert_sim/models/aws_robomaker_hospital_curtain_open_01
[5.942s] copying models/aws_robomaker_hospital_curtain_open_01/meshes/aws_robomaker_hospital_curtain_open_01_visual_normal.png -> /home/chino/uvix_ws/install/bobert_sim/share/bobert_sim/models/aws_robomaker_hospital_curtain_open_01/meshes
[5.945s] copying models/aws_robomaker_hospital_curtain_open_01/meshes/aws_robomaker_hospital_curtain_open_01_low_normal.png -> /home/chino/uvix_ws/install/bobert_sim/share/bobert_sim/models/aws_robomaker_hospital_curtain_open_01/meshes
[5.948s] copying models/aws_robomaker_hospital_curtain_open_01/meshes/aws_robomaker_hospital_curtainrail_01_low_normal.png -> /home/chino/uvix_ws/install/bobert_sim/share/bobert_sim/models/aws_robomaker_hospital_curtain_open_01/meshes
[5.952s] copying models/aws_robomaker_hospital_curtain_open_01/meshes/aws_robomaker_hospital_curtain_open_01_collision.dae -> /home/chino/uvix_ws/install/bobert_sim/share/bobert_sim/models/aws_robomaker_hospital_curtain_open_01/meshes
[5.954s] copying models/aws_robomaker_hospital_curtain_open_01/meshes/aws_robomaker_hospital_curtain_open_01_visual.dae -> /home/chino/uvix_ws/install/bobert_sim/share/bobert_sim/models/aws_robomaker_hospital_curtain_open_01/meshes
[5.961s] copying models/aws_robomaker_hospital_curtain_open_01/meshes/aws_robomaker_hospital_curtain_open_01_visual.png -> /home/chino/uvix_ws/install/bobert_sim/share/bobert_sim/models/aws_robomaker_hospital_curtain_open_01/meshes
[5.970s] copying models/aws_robomaker_hospital_curtain_open_01/meshes/aws_robomaker_hospital_curtainrail_01_low.png -> /home/chino/uvix_ws/install/bobert_sim/share/bobert_sim/models/aws_robomaker_hospital_curtain_open_01/meshes
[5.972s] copying models/aws_robomaker_hospital_curtain_open_01/meshes/aws_robomaker_hospital_curtain_open_01_low.png -> /home/chino/uvix_ws/install/bobert_sim/share/bobert_sim/models/aws_robomaker_hospital_curtain_open_01/meshes
[5.982s] copying models/aws_robomaker_hospital_curtain_open_01/meshes/aws_robomaker_hospital_curtainrail_01_visual.png -> /home/chino/uvix_ws/install/bobert_sim/share/bobert_sim/models/aws_robomaker_hospital_curtain_open_01/meshes
[5.985s] copying models/aws_robomaker_hospital_curtain_open_01/meshes/aws_robomaker_hospital_curtainrail_01_visual_normal.png -> /home/chino/uvix_ws/install/bobert_sim/share/bobert_sim/models/aws_robomaker_hospital_curtain_open_01/meshes
[5.988s] copying models/aws_robomaker_residential_KitchenCabinet_01/model.config -> /home/chino/uvix_ws/install/bobert_sim/share/bobert_sim/models/aws_robomaker_residential_KitchenCabinet_01
[5.990s] copying models/aws_robomaker_residential_KitchenCabinet_01/model.sdf -> /home/chino/uvix_ws/install/bobert_sim/share/bobert_sim/models/aws_robomaker_residential_KitchenCabinet_01
[5.991s] copying models/aws_robomaker_residential_KitchenCabinet_01/meshes/aws_KitchenCabinet_01_collision.DAE -> /home/chino/uvix_ws/install/bobert_sim/share/bobert_sim/models/aws_robomaker_residential_KitchenCabinet_01/meshes
[5.993s] copying models/aws_robomaker_residential_KitchenCabinet_01/meshes/aws_KitchenCabinet_01_visual.DAE -> /home/chino/uvix_ws/install/bobert_sim/share/bobert_sim/models/aws_robomaker_residential_KitchenCabinet_01/meshes
[6.010s] copying models/aws_robomaker_residential_KitchenCabinet_01/materials/textures/aws_KitchenCabinet_01.png -> /home/chino/uvix_ws/install/bobert_sim/share/bobert_sim/models/aws_robomaker_residential_KitchenCabinet_01/materials/textures
[6.014s] copying models/aws_robomaker_hospital_nursesstation_01/model.config -> /home/chino/uvix_ws/install/bobert_sim/share/bobert_sim/models/aws_robomaker_hospital_nursesstation_01
[6.017s] copying models/aws_robomaker_hospital_nursesstation_01/model.sdf -> /home/chino/uvix_ws/install/bobert_sim/share/bobert_sim/models/aws_robomaker_hospital_nursesstation_01
[6.018s] copying models/aws_robomaker_hospital_nursesstation_01/meshes/aws_robomaker_hospital_nursesstation_01_visual.dae -> /home/chino/uvix_ws/install/bobert_sim/share/bobert_sim/models/aws_robomaker_hospital_nursesstation_01/meshes
[6.039s] copying models/aws_robomaker_hospital_nursesstation_01/meshes/aws_robomaker_hospital_nursesstation_01_low.dae -> /home/chino/uvix_ws/install/bobert_sim/share/bobert_sim/models/aws_robomaker_hospital_nursesstation_01/meshes
[6.045s] copying models/aws_robomaker_hospital_nursesstation_01/meshes/aws_robomaker_hospital_nursesstation_01_visual_normal.png -> /home/chino/uvix_ws/install/bobert_sim/share/bobert_sim/models/aws_robomaker_hospital_nursesstation_01/meshes
[6.053s] copying models/aws_robomaker_hospital_nursesstation_01/meshes/aws_robomaker_hospital_nursesstation_01_low.png -> /home/chino/uvix_ws/install/bobert_sim/share/bobert_sim/models/aws_robomaker_hospital_nursesstation_01/meshes
[6.067s] copying models/aws_robomaker_hospital_nursesstation_01/meshes/aws_robomaker_hospital_nursesstation_01_collision.dae -> /home/chino/uvix_ws/install/bobert_sim/share/bobert_sim/models/aws_robomaker_hospital_nursesstation_01/meshes
[6.068s] copying models/aws_robomaker_hospital_nursesstation_01/meshes/aws_robomaker_hospital_nursesstation_01_visual.png -> /home/chino/uvix_ws/install/bobert_sim/share/bobert_sim/models/aws_robomaker_hospital_nursesstation_01/meshes
[6.081s] copying models/aws_robomaker_hospital_nursesstation_01/meshes/aws_robomaker_hospital_nursesstation_01_low_normal.png -> /home/chino/uvix_ws/install/bobert_sim/share/bobert_sim/models/aws_robomaker_hospital_nursesstation_01/meshes
[6.086s] copying models/aws_robomaker_hospital_floor_02_walls/model.config -> /home/chino/uvix_ws/install/bobert_sim/share/bobert_sim/models/aws_robomaker_hospital_floor_02_walls
[6.088s] copying models/aws_robomaker_hospital_floor_02_walls/model.sdf -> /home/chino/uvix_ws/install/bobert_sim/share/bobert_sim/models/aws_robomaker_hospital_floor_02_walls
[6.089s] copying models/aws_robomaker_hospital_floor_02_walls/meshes/aws_robomaker_hospital_floor_02_windows.png -> /home/chino/uvix_ws/install/bobert_sim/share/bobert_sim/models/aws_robomaker_hospital_floor_02_walls/meshes
[6.092s] copying models/aws_robomaker_hospital_floor_02_walls/meshes/aws_robomaker_hospital_floor_02_doorframes_small.png -> /home/chino/uvix_ws/install/bobert_sim/share/bobert_sim/models/aws_robomaker_hospital_floor_02_walls/meshes
[6.096s] copying models/aws_robomaker_hospital_floor_02_walls/meshes/aws_robomaker_hospital_floor_02_handrail.png -> /home/chino/uvix_ws/install/bobert_sim/share/bobert_sim/models/aws_robomaker_hospital_floor_02_walls/meshes
[6.099s] copying models/aws_robomaker_hospital_floor_02_walls/meshes/aws_robomaker_hospital_floor_02_doorsign.png -> /home/chino/uvix_ws/install/bobert_sim/share/bobert_sim/models/aws_robomaker_hospital_floor_02_walls/meshes
[6.101s] copying models/aws_robomaker_hospital_floor_02_walls/meshes/aws_robomaker_hospital_floor_02_bumprail.png -> /home/chino/uvix_ws/install/bobert_sim/share/bobert_sim/models/aws_robomaker_hospital_floor_02_walls/meshes
[6.104s] copying models/aws_robomaker_hospital_floor_02_walls/meshes/aws_robomaker_hospital_floor_02_walls_visual.dae -> /home/chino/uvix_ws/install/bobert_sim/share/bobert_sim/models/aws_robomaker_hospital_floor_02_walls/meshes
[6.108s] copying models/aws_robomaker_hospital_floor_02_walls/meshes/aws_robomaker_hospital_floor_02_walls_collision.dae -> /home/chino/uvix_ws/install/bobert_sim/share/bobert_sim/models/aws_robomaker_hospital_floor_02_walls/meshes
[6.111s] copying models/aws_robomaker_hospital_floor_02_walls/meshes/aws_robomaker_hospital_floor_02_walls.png -> /home/chino/uvix_ws/install/bobert_sim/share/bobert_sim/models/aws_robomaker_hospital_floor_02_walls/meshes
[6.118s] copying models/aws_robomaker_hospital_floor_02_walls/meshes/aws_robomaker_hospital_floor_02_doorframes_big.png -> /home/chino/uvix_ws/install/bobert_sim/share/bobert_sim/models/aws_robomaker_hospital_floor_02_walls/meshes
[6.122s] copying models/aws_robomaker_hospital_floor_02_walls/meshes/aws_robomaker_hospital_floor_02_stairs.png -> /home/chino/uvix_ws/install/bobert_sim/share/bobert_sim/models/aws_robomaker_hospital_floor_02_walls/meshes
[6.132s] copying models/aws_robomaker_residential_SofaB_01/model.config -> /home/chino/uvix_ws/install/bobert_sim/share/bobert_sim/models/aws_robomaker_residential_SofaB_01
[6.133s] copying models/aws_robomaker_residential_SofaB_01/model.sdf -> /home/chino/uvix_ws/install/bobert_sim/share/bobert_sim/models/aws_robomaker_residential_SofaB_01
[6.135s] copying models/aws_robomaker_residential_SofaB_01/meshes/aws_SofaB_01_collision.DAE -> /home/chino/uvix_ws/install/bobert_sim/share/bobert_sim/models/aws_robomaker_residential_SofaB_01/meshes
[6.136s] copying models/aws_robomaker_residential_SofaB_01/meshes/aws_SofaB_01_visual.DAE -> /home/chino/uvix_ws/install/bobert_sim/share/bobert_sim/models/aws_robomaker_residential_SofaB_01/meshes
[6.139s] copying models/aws_robomaker_residential_SofaB_01/materials/textures/aws_SofaB_01.png -> /home/chino/uvix_ws/install/bobert_sim/share/bobert_sim/models/aws_robomaker_residential_SofaB_01/materials/textures
[6.141s] copying models/aws_robomaker_hospital_hospitalsign_01/model.config -> /home/chino/uvix_ws/install/bobert_sim/share/bobert_sim/models/aws_robomaker_hospital_hospitalsign_01
[6.143s] copying models/aws_robomaker_hospital_hospitalsign_01/model.sdf -> /home/chino/uvix_ws/install/bobert_sim/share/bobert_sim/models/aws_robomaker_hospital_hospitalsign_01
[6.144s] copying models/aws_robomaker_hospital_hospitalsign_01/meshes/aws_robomaker_hospital_hospitalsign_01_collision.dae -> /home/chino/uvix_ws/install/bobert_sim/share/bobert_sim/models/aws_robomaker_hospital_hospitalsign_01/meshes
[6.146s] copying models/aws_robomaker_hospital_hospitalsign_01/meshes/aws_robomaker_hospital_hospitalsign_01_normal.png -> /home/chino/uvix_ws/install/bobert_sim/share/bobert_sim/models/aws_robomaker_hospital_hospitalsign_01/meshes
[6.147s] copying models/aws_robomaker_hospital_hospitalsign_01/meshes/aws_robomaker_hospital_hospitalsign_01.png -> /home/chino/uvix_ws/install/bobert_sim/share/bobert_sim/models/aws_robomaker_hospital_hospitalsign_01/meshes
[6.148s] copying models/aws_robomaker_hospital_hospitalsign_01/meshes/aws_robomaker_hospital_hospitalsign_01_visual.dae -> /home/chino/uvix_ws/install/bobert_sim/share/bobert_sim/models/aws_robomaker_hospital_hospitalsign_01/meshes
[6.150s] copying models/aws_robomaker_warehouse_ClutteringA_01/model.config -> /home/chino/uvix_ws/install/bobert_sim/share/bobert_sim/models/aws_robomaker_warehouse_ClutteringA_01
[6.151s] copying models/aws_robomaker_warehouse_ClutteringA_01/model.sdf -> /home/chino/uvix_ws/install/bobert_sim/share/bobert_sim/models/aws_robomaker_warehouse_ClutteringA_01
[6.152s] copying models/aws_robomaker_warehouse_ClutteringA_01/meshes/aws_robomaker_warehouse_ClutteringA_01_collision.DAE -> /home/chino/uvix_ws/install/bobert_sim/share/bobert_sim/models/aws_robomaker_warehouse_ClutteringA_01/meshes
[6.154s] copying models/aws_robomaker_warehouse_ClutteringA_01/meshes/aws_robomaker_warehouse_ClutteringA_01_visual.DAE -> /home/chino/uvix_ws/install/bobert_sim/share/bobert_sim/models/aws_robomaker_warehouse_ClutteringA_01/meshes
[6.157s] copying models/aws_robomaker_warehouse_ClutteringA_01/materials/textures/aws_robomaker_warehouse_ClutteringA_03.png -> /home/chino/uvix_ws/install/bobert_sim/share/bobert_sim/models/aws_robomaker_warehouse_ClutteringA_01/materials/textures
[6.161s] copying models/aws_robomaker_warehouse_ClutteringA_01/materials/textures/aws_robomaker_warehouse_ClutteringA_01.png -> /home/chino/uvix_ws/install/bobert_sim/share/bobert_sim/models/aws_robomaker_warehouse_ClutteringA_01/materials/textures
[6.164s] copying models/aws_robomaker_warehouse_ClutteringA_01/materials/textures/aws_robomaker_warehouse_ClutteringA_02.png -> /home/chino/uvix_ws/install/bobert_sim/share/bobert_sim/models/aws_robomaker_warehouse_ClutteringA_01/materials/textures
[6.167s] copying models/aws_robomaker_hospital_floor_01_floor/model.config -> /home/chino/uvix_ws/install/bobert_sim/share/bobert_sim/models/aws_robomaker_hospital_floor_01_floor
[6.169s] copying models/aws_robomaker_hospital_floor_01_floor/model.sdf -> /home/chino/uvix_ws/install/bobert_sim/share/bobert_sim/models/aws_robomaker_hospital_floor_01_floor
[6.170s] copying models/aws_robomaker_hospital_floor_01_floor/meshes/aws_robomaker_hospital_floor_01_floor.png -> /home/chino/uvix_ws/install/bobert_sim/share/bobert_sim/models/aws_robomaker_hospital_floor_01_floor/meshes
[6.211s] copying models/aws_robomaker_hospital_floor_01_floor/meshes/aws_robomaker_hospital_floor_01_floor_collision.dae -> /home/chino/uvix_ws/install/bobert_sim/share/bobert_sim/models/aws_robomaker_hospital_floor_01_floor/meshes
[6.212s] copying models/aws_robomaker_hospital_floor_01_floor/meshes/aws_robomaker_hospital_floor_01_floor_visual.dae -> /home/chino/uvix_ws/install/bobert_sim/share/bobert_sim/models/aws_robomaker_hospital_floor_01_floor/meshes
[6.214s] copying models/aws_robomaker_hospital_floor_01_floor/meshes/aws_robomaker_hospital_floor_01_floor_normal.png -> /home/chino/uvix_ws/install/bobert_sim/share/bobert_sim/models/aws_robomaker_hospital_floor_01_floor/meshes
[6.221s] copying models/aws_robomaker_hospital_floor_02_ceiling/model.config -> /home/chino/uvix_ws/install/bobert_sim/share/bobert_sim/models/aws_robomaker_hospital_floor_02_ceiling
[6.223s] copying models/aws_robomaker_hospital_floor_02_ceiling/model.sdf -> /home/chino/uvix_ws/install/bobert_sim/share/bobert_sim/models/aws_robomaker_hospital_floor_02_ceiling
[6.224s] copying models/aws_robomaker_hospital_floor_02_ceiling/meshes/aws_robomaker_hospital_floor_02_ceiling_normal.png -> /home/chino/uvix_ws/install/bobert_sim/share/bobert_sim/models/aws_robomaker_hospital_floor_02_ceiling/meshes
[6.230s] copying models/aws_robomaker_hospital_floor_02_ceiling/meshes/aws_robomaker_hospital_floor_02_ceiling.png -> /home/chino/uvix_ws/install/bobert_sim/share/bobert_sim/models/aws_robomaker_hospital_floor_02_ceiling/meshes
[6.239s] copying models/aws_robomaker_hospital_floor_02_ceiling/meshes/aws_robomaker_hospital_floor_02_ceiling_collision.dae -> /home/chino/uvix_ws/install/bobert_sim/share/bobert_sim/models/aws_robomaker_hospital_floor_02_ceiling/meshes
[6.240s] copying models/aws_robomaker_hospital_floor_02_ceiling/meshes/aws_robomaker_hospital_floor_02_ceiling_visual.dae -> /home/chino/uvix_ws/install/bobert_sim/share/bobert_sim/models/aws_robomaker_hospital_floor_02_ceiling/meshes
[6.242s] copying models/aws_robomaker_hospital_floor_02_ceiling/materials/model.sdf -> /home/chino/uvix_ws/install/bobert_sim/share/bobert_sim/models/aws_robomaker_hospital_floor_02_ceiling/materials
[6.243s] copying models/aws_robomaker_residential_PortraitB_02/model.config -> /home/chino/uvix_ws/install/bobert_sim/share/bobert_sim/models/aws_robomaker_residential_PortraitB_02
[6.245s] copying models/aws_robomaker_residential_PortraitB_02/model.sdf -> /home/chino/uvix_ws/install/bobert_sim/share/bobert_sim/models/aws_robomaker_residential_PortraitB_02
[6.246s] copying models/aws_robomaker_residential_PortraitB_02/meshes/aws_PortraitB_01_visual.DAE -> /home/chino/uvix_ws/install/bobert_sim/share/bobert_sim/models/aws_robomaker_residential_PortraitB_02/meshes
[6.248s] copying models/aws_robomaker_residential_PortraitB_02/meshes/aws_PortraitB_01_collision.DAE -> /home/chino/uvix_ws/install/bobert_sim/share/bobert_sim/models/aws_robomaker_residential_PortraitB_02/meshes
[6.253s] copying models/aws_robomaker_residential_PortraitB_02/materials/textures/aws_PortraitB_02.png -> /home/chino/uvix_ws/install/bobert_sim/share/bobert_sim/models/aws_robomaker_residential_PortraitB_02/materials/textures
[6.261s] copying models/aws_robomaker_residential_PortraitB_02/materials/textures/aws_PortraitB_01.png -> /home/chino/uvix_ws/install/bobert_sim/share/bobert_sim/models/aws_robomaker_residential_PortraitB_02/materials/textures
[6.262s] copying models/aws_robomaker_residential_PortraitC_01/model.config -> /home/chino/uvix_ws/install/bobert_sim/share/bobert_sim/models/aws_robomaker_residential_PortraitC_01
[6.264s] copying models/aws_robomaker_residential_PortraitC_01/model.sdf -> /home/chino/uvix_ws/install/bobert_sim/share/bobert_sim/models/aws_robomaker_residential_PortraitC_01
[6.265s] copying models/aws_robomaker_residential_PortraitC_01/meshes/aws_PortraitC_01_visual.DAE -> /home/chino/uvix_ws/install/bobert_sim/share/bobert_sim/models/aws_robomaker_residential_PortraitC_01/meshes
[6.267s] copying models/aws_robomaker_residential_PortraitC_01/meshes/aws_PortraitC_01_collision.DAE -> /home/chino/uvix_ws/install/bobert_sim/share/bobert_sim/models/aws_robomaker_residential_PortraitC_01/meshes
[6.268s] copying models/aws_robomaker_residential_PortraitC_01/materials/textures/aws_PortraitC_02.png -> /home/chino/uvix_ws/install/bobert_sim/share/bobert_sim/models/aws_robomaker_residential_PortraitC_01/materials/textures
[6.280s] copying models/aws_robomaker_residential_PortraitC_01/materials/textures/aws_PortraitC_01.png -> /home/chino/uvix_ws/install/bobert_sim/share/bobert_sim/models/aws_robomaker_residential_PortraitC_01/materials/textures
[6.282s] copying models/aws_robomaker_retail_Computer_01/model.config -> /home/chino/uvix_ws/install/bobert_sim/share/bobert_sim/models/aws_robomaker_retail_Computer_01
[6.284s] copying models/aws_robomaker_retail_Computer_01/model.sdf -> /home/chino/uvix_ws/install/bobert_sim/share/bobert_sim/models/aws_robomaker_retail_Computer_01
[6.285s] copying models/aws_robomaker_retail_Computer_01/meshes/aws_Computer_01_visual.DAE -> /home/chino/uvix_ws/install/bobert_sim/share/bobert_sim/models/aws_robomaker_retail_Computer_01/meshes
[6.290s] copying models/aws_robomaker_retail_Computer_01/meshes/aws_Computer_01_collision.DAE -> /home/chino/uvix_ws/install/bobert_sim/share/bobert_sim/models/aws_robomaker_retail_Computer_01/meshes
[6.292s] copying models/aws_robomaker_retail_Computer_01/materials/textures/aws_Computer_01.png -> /home/chino/uvix_ws/install/bobert_sim/share/bobert_sim/models/aws_robomaker_retail_Computer_01/materials/textures
[6.295s] copying models/aws_robomaker_hospital_ramp_01/model.config -> /home/chino/uvix_ws/install/bobert_sim/share/bobert_sim/models/aws_robomaker_hospital_ramp_01
[6.296s] copying models/aws_robomaker_hospital_ramp_01/model.sdf -> /home/chino/uvix_ws/install/bobert_sim/share/bobert_sim/models/aws_robomaker_hospital_ramp_01
[6.297s] copying models/aws_robomaker_hospital_ramp_01/meshes/aws_robomaker_hospital_ramp_01_visual.dae -> /home/chino/uvix_ws/install/bobert_sim/share/bobert_sim/models/aws_robomaker_hospital_ramp_01/meshes
[6.299s] copying models/aws_robomaker_hospital_ramp_01/meshes/aws_robomaker_hospital_ramp_01_collision.dae -> /home/chino/uvix_ws/install/bobert_sim/share/bobert_sim/models/aws_robomaker_hospital_ramp_01/meshes
[6.300s] copying models/aws_robomaker_hospital_ramp_01/meshes/aws_robomaker_hospital_ramp_01_normal.png -> /home/chino/uvix_ws/install/bobert_sim/share/bobert_sim/models/aws_robomaker_hospital_ramp_01/meshes
[6.303s] copying models/aws_robomaker_hospital_ramp_01/meshes/aws_robomaker_hospital_ramp_01.png -> /home/chino/uvix_ws/install/bobert_sim/share/bobert_sim/models/aws_robomaker_hospital_ramp_01/meshes
[6.305s] copying models/aws_robomaker_hospital_elevator_01_door/model.config -> /home/chino/uvix_ws/install/bobert_sim/share/bobert_sim/models/aws_robomaker_hospital_elevator_01_door
[6.307s] copying models/aws_robomaker_hospital_elevator_01_door/model.sdf -> /home/chino/uvix_ws/install/bobert_sim/share/bobert_sim/models/aws_robomaker_hospital_elevator_01_door
[6.308s] copying models/aws_robomaker_hospital_elevator_01_door/meshes/aws_robomaker_hospital_elevator_01_low.png -> /home/chino/uvix_ws/install/bobert_sim/share/bobert_sim/models/aws_robomaker_hospital_elevator_01_door/meshes
[6.314s] copying models/aws_robomaker_hospital_elevator_01_door/meshes/aws_robomaker_hospital_elevator_01_door_visual.dae -> /home/chino/uvix_ws/install/bobert_sim/share/bobert_sim/models/aws_robomaker_hospital_elevator_01_door/meshes
[6.316s] copying models/aws_robomaker_hospital_elevator_01_door/meshes/aws_robomaker_hospital_elevator_01_visual.png -> /home/chino/uvix_ws/install/bobert_sim/share/bobert_sim/models/aws_robomaker_hospital_elevator_01_door/meshes
[6.320s] copying models/aws_robomaker_hospital_elevator_01_door/meshes/aws_robomaker_hospital_elevator_01_door_collision.dae -> /home/chino/uvix_ws/install/bobert_sim/share/bobert_sim/models/aws_robomaker_hospital_elevator_01_door/meshes
[6.322s] copying models/aws_robomaker_hospital_elevator_01_door/meshes/aws_robomaker_hospital_elevator_01_low_normal.png -> /home/chino/uvix_ws/install/bobert_sim/share/bobert_sim/models/aws_robomaker_hospital_elevator_01_door/meshes
[6.325s] copying models/aws_robomaker_hospital_elevator_01_door/meshes/aws_robomaker_hospital_elevator_01_door_low.dae -> /home/chino/uvix_ws/install/bobert_sim/share/bobert_sim/models/aws_robomaker_hospital_elevator_01_door/meshes
[6.326s] copying models/aws_robomaker_hospital_elevator_01_door/meshes/aws_robomaker_hospital_elevator_01_visual_normal.png -> /home/chino/uvix_ws/install/bobert_sim/share/bobert_sim/models/aws_robomaker_hospital_elevator_01_door/meshes
[6.328s] running install_egg_info
[6.332s] Copying ../../build/bobert_sim/bobert_sim.egg-info to /home/chino/uvix_ws/install/bobert_sim/lib/python3.10/site-packages/bobert_sim-0.0.0-py3.10.egg-info
[6.336s] running install_scripts
[6.381s] Installing gazebo_ready_watcher script to /home/chino/uvix_ws/install/bobert_sim/lib/bobert_sim
[6.382s] Installing slam_prereq_checker script to /home/chino/uvix_ws/install/bobert_sim/lib/bobert_sim
[6.383s] writing list of installed files to '/home/chino/uvix_ws/build/bobert_sim/install.log'
[6.437s] Invoked command in '/home/chino/uvix_ws/src/bobert_sim' returned '0': PYTHONPATH=/home/chino/uvix_ws/build/bobert_sim/prefix_override:/usr/lib/python3/dist-packages/colcon_core/task/python/colcon_distutils_commands:/home/chino/uvix_ws/install/bobert_sim/lib/python3.10/site-packages:${PYTHONPATH} /usr/bin/python3 -W ignore:setup.py install is deprecated -W ignore:easy_install command is deprecated setup.py egg_info --egg-base ../../build/bobert_sim build --build-base /home/chino/uvix_ws/build/bobert_sim/build install --record /home/chino/uvix_ws/build/bobert_sim/install.log --single-version-externally-managed install_data --force
