running egg_info
writing ../../build/Uvix_sim/Uvix_sim.egg-info/PKG-INFO
writing dependency_links to ../../build/Uvix_sim/Uvix_sim.egg-info/dependency_links.txt
writing entry points to ../../build/Uvix_sim/Uvix_sim.egg-info/entry_points.txt
writing requirements to ../../build/Uvix_sim/Uvix_sim.egg-info/requires.txt
writing top-level names to ../../build/Uvix_sim/Uvix_sim.egg-info/top_level.txt
reading manifest file '../../build/Uvix_sim/Uvix_sim.egg-info/SOURCES.txt'
adding license file 'LICENSE'
writing manifest file '../../build/Uvix_sim/Uvix_sim.egg-info/SOURCES.txt'
running build
running build_py
running install
running install_lib
running install_data
running install_egg_info
removing '/home/chino/uvix_ws/install/Uvix_sim/lib/python3.10/site-packages/Uvix_sim-0.0.0-py3.10.egg-info' (and everything under it)
Copying ../../build/Uvix_sim/Uvix_sim.egg-info to /home/chino/uvix_ws/install/Uvix_sim/lib/python3.10/site-packages/Uvix_sim-0.0.0-py3.10.egg-info
running install_scripts
Installing gazebo_ready_watcher script to /home/chino/uvix_ws/install/Uvix_sim/lib/Uvix_sim
Installing slam_prereq_checker script to /home/chino/uvix_ws/install/Uvix_sim/lib/Uvix_sim
writing list of installed files to '/home/chino/uvix_ws/build/Uvix_sim/install.log'
