[5.730s] Invoking command in '/home/chino/uvix_ws/src/Uvix_sim': PYTHONPATH=/home/chino/uvix_ws/build/Uvix_sim/prefix_override:/usr/lib/python3/dist-packages/colcon_core/task/python/colcon_distutils_commands:/home/chino/uvix_ws/install/Uvix_sim/lib/python3.10/site-packages:${PYTHONPATH} /usr/bin/python3 -W ignore:setup.py install is deprecated -W ignore:easy_install command is deprecated setup.py egg_info --egg-base ../../build/Uvix_sim build --build-base /home/chino/uvix_ws/build/Uvix_sim/build install --record /home/chino/uvix_ws/build/Uvix_sim/install.log --single-version-externally-managed install_data
[7.063s] running egg_info
[7.067s] writing ../../build/Uvix_sim/Uvix_sim.egg-info/PKG-INFO
[7.069s] writing dependency_links to ../../build/Uvix_sim/Uvix_sim.egg-info/dependency_links.txt
[7.070s] writing entry points to ../../build/Uvix_sim/Uvix_sim.egg-info/entry_points.txt
[7.073s] writing requirements to ../../build/Uvix_sim/Uvix_sim.egg-info/requires.txt
[7.074s] writing top-level names to ../../build/Uvix_sim/Uvix_sim.egg-info/top_level.txt
[7.097s] reading manifest file '../../build/Uvix_sim/Uvix_sim.egg-info/SOURCES.txt'
[7.103s] adding license file 'LICENSE'
[7.121s] writing manifest file '../../build/Uvix_sim/Uvix_sim.egg-info/SOURCES.txt'
[7.123s] running build
[7.123s] running build_py
[7.125s] running install
[7.126s] running install_lib
[7.132s] running install_data
[7.182s] running install_egg_info
[7.188s] removing '/home/chino/uvix_ws/install/Uvix_sim/lib/python3.10/site-packages/Uvix_sim-0.0.0-py3.10.egg-info' (and everything under it)
[7.193s] Copying ../../build/Uvix_sim/Uvix_sim.egg-info to /home/chino/uvix_ws/install/Uvix_sim/lib/python3.10/site-packages/Uvix_sim-0.0.0-py3.10.egg-info
[7.200s] running install_scripts
[7.285s] Installing gazebo_ready_watcher script to /home/chino/uvix_ws/install/Uvix_sim/lib/Uvix_sim
[7.286s] Installing slam_prereq_checker script to /home/chino/uvix_ws/install/Uvix_sim/lib/Uvix_sim
[7.288s] writing list of installed files to '/home/chino/uvix_ws/build/Uvix_sim/install.log'
[7.520s] Invoked command in '/home/chino/uvix_ws/src/Uvix_sim' returned '0': PYTHONPATH=/home/chino/uvix_ws/build/Uvix_sim/prefix_override:/usr/lib/python3/dist-packages/colcon_core/task/python/colcon_distutils_commands:/home/chino/uvix_ws/install/Uvix_sim/lib/python3.10/site-packages:${PYTHONPATH} /usr/bin/python3 -W ignore:setup.py install is deprecated -W ignore:easy_install command is deprecated setup.py egg_info --egg-base ../../build/Uvix_sim build --build-base /home/chino/uvix_ws/build/Uvix_sim/build install --record /home/chino/uvix_ws/build/Uvix_sim/install.log --single-version-externally-managed install_data
