[0.988s] DEBUG:colcon:Command line arguments: ['/usr/bin/colcon', 'build']
[0.988s] DEBUG:colcon:Parsed command line arguments: Namespace(log_base=None, log_level=None, verb_name='build', build_base='build', install_base='install', merge_install=False, symlink_install=False, test_result_base=None, continue_on_error=False, executor='parallel', parallel_workers=16, event_handlers=None, ignore_user_meta=False, metas=['./colcon.meta'], base_paths=['.'], packages_ignore=None, packages_ignore_regex=None, paths=None, packages_up_to=None, packages_up_to_regex=None, packages_above=None, packages_above_and_dependencies=None, packages_above_depth=None, packages_select_by_dep=None, packages_skip_by_dep=None, packages_skip_up_to=None, packages_select_build_failed=False, packages_skip_build_finished=False, packages_select_test_failures=False, packages_skip_test_passed=False, packages_select=None, packages_skip=None, packages_select_regex=None, packages_skip_regex=None, packages_start=None, packages_end=None, allow_overriding=[], cmake_args=None, cmake_target=None, cmake_target_skip_unavailable=False, cmake_clean_cache=False, cmake_clean_first=False, cmake_force_configure=False, ament_cmake_args=None, catkin_cmake_args=None, catkin_skip_building_tests=False, verb_parser=<colcon_defaults.argument_parser.defaults.DefaultArgumentsDecorator object at 0x71db054117b0>, verb_extension=<colcon_core.verb.build.BuildVerb object at 0x71db055e6e30>, main=<bound method BuildVerb.main of <colcon_core.verb.build.BuildVerb object at 0x71db055e6e30>>)
[1.697s] Level 1:colcon.colcon_core.package_discovery:discover_packages(colcon_meta) check parameters
[1.698s] Level 1:colcon.colcon_core.package_discovery:discover_packages(recursive) check parameters
[1.698s] Level 1:colcon.colcon_core.package_discovery:discover_packages(ignore) check parameters
[1.698s] Level 1:colcon.colcon_core.package_discovery:discover_packages(path) check parameters
[1.698s] Level 1:colcon.colcon_core.package_discovery:discover_packages(colcon_meta) discover
[1.698s] Level 1:colcon.colcon_core.package_discovery:discover_packages(recursive) discover
[1.699s] INFO:colcon.colcon_core.package_discovery:Crawling recursively for packages in '/home/chino/uvix_ws'
[1.699s] Level 1:colcon.colcon_core.package_identification:_identify(.) by extensions ['ignore', 'ignore_ament_install']
[1.699s] Level 1:colcon.colcon_core.package_identification:_identify(.) by extension 'ignore'
[1.699s] Level 1:colcon.colcon_core.package_identification:_identify(.) by extension 'ignore_ament_install'
[1.699s] Level 1:colcon.colcon_core.package_identification:_identify(.) by extensions ['colcon_pkg']
[1.699s] Level 1:colcon.colcon_core.package_identification:_identify(.) by extension 'colcon_pkg'
[1.699s] Level 1:colcon.colcon_core.package_identification:_identify(.) by extensions ['colcon_meta']
[1.699s] Level 1:colcon.colcon_core.package_identification:_identify(.) by extension 'colcon_meta'
[1.699s] Level 1:colcon.colcon_core.package_identification:_identify(.) by extensions ['ros']
[1.700s] Level 1:colcon.colcon_core.package_identification:_identify(.) by extension 'ros'
[1.732s] Level 1:colcon.colcon_core.package_identification:_identify(.) by extensions ['cmake', 'python']
[1.733s] Level 1:colcon.colcon_core.package_identification:_identify(.) by extension 'cmake'
[1.733s] Level 1:colcon.colcon_core.package_identification:_identify(.) by extension 'python'
[1.733s] Level 1:colcon.colcon_core.package_identification:_identify(.) by extensions ['python_setup_py']
[1.733s] Level 1:colcon.colcon_core.package_identification:_identify(.) by extension 'python_setup_py'
[1.733s] Level 1:colcon.colcon_core.package_identification:_identify(build) by extensions ['ignore', 'ignore_ament_install']
[1.733s] Level 1:colcon.colcon_core.package_identification:_identify(build) by extension 'ignore'
[1.733s] Level 1:colcon.colcon_core.package_identification:_identify(build) ignored
[1.734s] Level 1:colcon.colcon_core.package_identification:_identify(install) by extensions ['ignore', 'ignore_ament_install']
[1.734s] Level 1:colcon.colcon_core.package_identification:_identify(install) by extension 'ignore'
[1.734s] Level 1:colcon.colcon_core.package_identification:_identify(install) ignored
[1.734s] Level 1:colcon.colcon_core.package_identification:_identify(log) by extensions ['ignore', 'ignore_ament_install']
[1.734s] Level 1:colcon.colcon_core.package_identification:_identify(log) by extension 'ignore'
[1.734s] Level 1:colcon.colcon_core.package_identification:_identify(log) ignored
[1.735s] Level 1:colcon.colcon_core.package_identification:_identify(src) by extensions ['ignore', 'ignore_ament_install']
[1.735s] Level 1:colcon.colcon_core.package_identification:_identify(src) by extension 'ignore'
[1.735s] Level 1:colcon.colcon_core.package_identification:_identify(src) by extension 'ignore_ament_install'
[1.735s] Level 1:colcon.colcon_core.package_identification:_identify(src) by extensions ['colcon_pkg']
[1.735s] Level 1:colcon.colcon_core.package_identification:_identify(src) by extension 'colcon_pkg'
[1.735s] Level 1:colcon.colcon_core.package_identification:_identify(src) by extensions ['colcon_meta']
[1.735s] Level 1:colcon.colcon_core.package_identification:_identify(src) by extension 'colcon_meta'
[1.735s] Level 1:colcon.colcon_core.package_identification:_identify(src) by extensions ['ros']
[1.735s] Level 1:colcon.colcon_core.package_identification:_identify(src) by extension 'ros'
[1.735s] Level 1:colcon.colcon_core.package_identification:_identify(src) by extensions ['cmake', 'python']
[1.736s] Level 1:colcon.colcon_core.package_identification:_identify(src) by extension 'cmake'
[1.736s] Level 1:colcon.colcon_core.package_identification:_identify(src) by extension 'python'
[1.736s] Level 1:colcon.colcon_core.package_identification:_identify(src) by extensions ['python_setup_py']
[1.736s] Level 1:colcon.colcon_core.package_identification:_identify(src) by extension 'python_setup_py'
[1.737s] Level 1:colcon.colcon_core.package_identification:_identify(src/Uvix_sim) by extensions ['ignore', 'ignore_ament_install']
[1.737s] Level 1:colcon.colcon_core.package_identification:_identify(src/Uvix_sim) by extension 'ignore'
[1.737s] Level 1:colcon.colcon_core.package_identification:_identify(src/Uvix_sim) by extension 'ignore_ament_install'
[1.737s] Level 1:colcon.colcon_core.package_identification:_identify(src/Uvix_sim) by extensions ['colcon_pkg']
[1.737s] Level 1:colcon.colcon_core.package_identification:_identify(src/Uvix_sim) by extension 'colcon_pkg'
[1.737s] Level 1:colcon.colcon_core.package_identification:_identify(src/Uvix_sim) by extensions ['colcon_meta']
[1.737s] Level 1:colcon.colcon_core.package_identification:_identify(src/Uvix_sim) by extension 'colcon_meta'
[1.737s] Level 1:colcon.colcon_core.package_identification:_identify(src/Uvix_sim) by extensions ['ros']
[1.737s] Level 1:colcon.colcon_core.package_identification:_identify(src/Uvix_sim) by extension 'ros'
[1.747s] DEBUG:colcon.colcon_core.package_identification:Package 'src/Uvix_sim' with type 'ros.ament_python' and name 'Uvix_sim'
[1.748s] Level 1:colcon.colcon_core.package_identification:_identify(src/bobert_sim) by extensions ['ignore', 'ignore_ament_install']
[1.748s] Level 1:colcon.colcon_core.package_identification:_identify(src/bobert_sim) by extension 'ignore'
[1.749s] Level 1:colcon.colcon_core.package_identification:_identify(src/bobert_sim) by extension 'ignore_ament_install'
[1.749s] Level 1:colcon.colcon_core.package_identification:_identify(src/bobert_sim) by extensions ['colcon_pkg']
[1.749s] Level 1:colcon.colcon_core.package_identification:_identify(src/bobert_sim) by extension 'colcon_pkg'
[1.749s] Level 1:colcon.colcon_core.package_identification:_identify(src/bobert_sim) by extensions ['colcon_meta']
[1.749s] Level 1:colcon.colcon_core.package_identification:_identify(src/bobert_sim) by extension 'colcon_meta'
[1.749s] Level 1:colcon.colcon_core.package_identification:_identify(src/bobert_sim) by extensions ['ros']
[1.749s] Level 1:colcon.colcon_core.package_identification:_identify(src/bobert_sim) by extension 'ros'
[1.751s] DEBUG:colcon.colcon_core.package_identification:Package 'src/bobert_sim' with type 'ros.ament_python' and name 'bobert_sim'
[1.752s] Level 1:colcon.colcon_core.package_identification:_identify(src/joy_bridge) by extensions ['ignore', 'ignore_ament_install']
[1.752s] Level 1:colcon.colcon_core.package_identification:_identify(src/joy_bridge) by extension 'ignore'
[1.752s] Level 1:colcon.colcon_core.package_identification:_identify(src/joy_bridge) by extension 'ignore_ament_install'
[1.752s] Level 1:colcon.colcon_core.package_identification:_identify(src/joy_bridge) by extensions ['colcon_pkg']
[1.752s] Level 1:colcon.colcon_core.package_identification:_identify(src/joy_bridge) by extension 'colcon_pkg'
[1.752s] Level 1:colcon.colcon_core.package_identification:_identify(src/joy_bridge) by extensions ['colcon_meta']
[1.752s] Level 1:colcon.colcon_core.package_identification:_identify(src/joy_bridge) by extension 'colcon_meta'
[1.752s] Level 1:colcon.colcon_core.package_identification:_identify(src/joy_bridge) by extensions ['ros']
[1.752s] Level 1:colcon.colcon_core.package_identification:_identify(src/joy_bridge) by extension 'ros'
[1.754s] DEBUG:colcon.colcon_core.package_identification:Package 'src/joy_bridge' with type 'ros.ament_python' and name 'joy_bridge'
[1.754s] Level 1:colcon.colcon_core.package_discovery:discover_packages(recursive) using defaults
[1.754s] Level 1:colcon.colcon_core.package_discovery:discover_packages(ignore) discover
[1.754s] Level 1:colcon.colcon_core.package_discovery:discover_packages(ignore) using defaults
[1.754s] Level 1:colcon.colcon_core.package_discovery:discover_packages(path) discover
[1.754s] Level 1:colcon.colcon_core.package_discovery:discover_packages(path) using defaults
[1.846s] Level 1:colcon.colcon_core.package_discovery:discover_packages(prefix_path) check parameters
[1.846s] Level 1:colcon.colcon_core.package_discovery:discover_packages(prefix_path) discover
[1.857s] DEBUG:colcon.colcon_installed_package_information.package_discovery:Found 499 installed packages in /opt/ros/humble
[1.862s] Level 1:colcon.colcon_core.package_discovery:discover_packages(prefix_path) using defaults
[1.996s] Level 5:colcon.colcon_core.verb:set package 'Uvix_sim' build argument 'cmake_args' from command line to 'None'
[1.996s] Level 5:colcon.colcon_core.verb:set package 'Uvix_sim' build argument 'cmake_target' from command line to 'None'
[1.997s] Level 5:colcon.colcon_core.verb:set package 'Uvix_sim' build argument 'cmake_target_skip_unavailable' from command line to 'False'
[1.997s] Level 5:colcon.colcon_core.verb:set package 'Uvix_sim' build argument 'cmake_clean_cache' from command line to 'False'
[1.997s] Level 5:colcon.colcon_core.verb:set package 'Uvix_sim' build argument 'cmake_clean_first' from command line to 'False'
[1.997s] Level 5:colcon.colcon_core.verb:set package 'Uvix_sim' build argument 'cmake_force_configure' from command line to 'False'
[1.997s] Level 5:colcon.colcon_core.verb:set package 'Uvix_sim' build argument 'ament_cmake_args' from command line to 'None'
[1.997s] Level 5:colcon.colcon_core.verb:set package 'Uvix_sim' build argument 'catkin_cmake_args' from command line to 'None'
[1.997s] Level 5:colcon.colcon_core.verb:set package 'Uvix_sim' build argument 'catkin_skip_building_tests' from command line to 'False'
[1.997s] DEBUG:colcon.colcon_core.verb:Building package 'Uvix_sim' with the following arguments: {'ament_cmake_args': None, 'build_base': '/home/chino/uvix_ws/build/Uvix_sim', 'catkin_cmake_args': None, 'catkin_skip_building_tests': False, 'cmake_args': None, 'cmake_clean_cache': False, 'cmake_clean_first': False, 'cmake_force_configure': False, 'cmake_target': None, 'cmake_target_skip_unavailable': False, 'install_base': '/home/chino/uvix_ws/install/Uvix_sim', 'merge_install': False, 'path': '/home/chino/uvix_ws/src/Uvix_sim', 'symlink_install': False, 'test_result_base': None}
[1.998s] Level 5:colcon.colcon_core.verb:set package 'bobert_sim' build argument 'cmake_args' from command line to 'None'
[1.998s] Level 5:colcon.colcon_core.verb:set package 'bobert_sim' build argument 'cmake_target' from command line to 'None'
[1.998s] Level 5:colcon.colcon_core.verb:set package 'bobert_sim' build argument 'cmake_target_skip_unavailable' from command line to 'False'
[1.998s] Level 5:colcon.colcon_core.verb:set package 'bobert_sim' build argument 'cmake_clean_cache' from command line to 'False'
[1.998s] Level 5:colcon.colcon_core.verb:set package 'bobert_sim' build argument 'cmake_clean_first' from command line to 'False'
[1.998s] Level 5:colcon.colcon_core.verb:set package 'bobert_sim' build argument 'cmake_force_configure' from command line to 'False'
[1.998s] Level 5:colcon.colcon_core.verb:set package 'bobert_sim' build argument 'ament_cmake_args' from command line to 'None'
[1.998s] Level 5:colcon.colcon_core.verb:set package 'bobert_sim' build argument 'catkin_cmake_args' from command line to 'None'
[1.998s] Level 5:colcon.colcon_core.verb:set package 'bobert_sim' build argument 'catkin_skip_building_tests' from command line to 'False'
[1.998s] DEBUG:colcon.colcon_core.verb:Building package 'bobert_sim' with the following arguments: {'ament_cmake_args': None, 'build_base': '/home/chino/uvix_ws/build/bobert_sim', 'catkin_cmake_args': None, 'catkin_skip_building_tests': False, 'cmake_args': None, 'cmake_clean_cache': False, 'cmake_clean_first': False, 'cmake_force_configure': False, 'cmake_target': None, 'cmake_target_skip_unavailable': False, 'install_base': '/home/chino/uvix_ws/install/bobert_sim', 'merge_install': False, 'path': '/home/chino/uvix_ws/src/bobert_sim', 'symlink_install': False, 'test_result_base': None}
[1.999s] Level 5:colcon.colcon_core.verb:set package 'joy_bridge' build argument 'cmake_args' from command line to 'None'
[1.999s] Level 5:colcon.colcon_core.verb:set package 'joy_bridge' build argument 'cmake_target' from command line to 'None'
[1.999s] Level 5:colcon.colcon_core.verb:set package 'joy_bridge' build argument 'cmake_target_skip_unavailable' from command line to 'False'
[1.999s] Level 5:colcon.colcon_core.verb:set package 'joy_bridge' build argument 'cmake_clean_cache' from command line to 'False'
[1.999s] Level 5:colcon.colcon_core.verb:set package 'joy_bridge' build argument 'cmake_clean_first' from command line to 'False'
[1.999s] Level 5:colcon.colcon_core.verb:set package 'joy_bridge' build argument 'cmake_force_configure' from command line to 'False'
[1.999s] Level 5:colcon.colcon_core.verb:set package 'joy_bridge' build argument 'ament_cmake_args' from command line to 'None'
[1.999s] Level 5:colcon.colcon_core.verb:set package 'joy_bridge' build argument 'catkin_cmake_args' from command line to 'None'
[1.999s] Level 5:colcon.colcon_core.verb:set package 'joy_bridge' build argument 'catkin_skip_building_tests' from command line to 'False'
[1.999s] DEBUG:colcon.colcon_core.verb:Building package 'joy_bridge' with the following arguments: {'ament_cmake_args': None, 'build_base': '/home/chino/uvix_ws/build/joy_bridge', 'catkin_cmake_args': None, 'catkin_skip_building_tests': False, 'cmake_args': None, 'cmake_clean_cache': False, 'cmake_clean_first': False, 'cmake_force_configure': False, 'cmake_target': None, 'cmake_target_skip_unavailable': False, 'install_base': '/home/chino/uvix_ws/install/joy_bridge', 'merge_install': False, 'path': '/home/chino/uvix_ws/src/joy_bridge', 'symlink_install': False, 'test_result_base': None}
[1.999s] INFO:colcon.colcon_core.executor:Executing jobs using 'parallel' executor
[2.004s] DEBUG:colcon.colcon_parallel_executor.executor.parallel:run_until_complete
[2.005s] INFO:colcon.colcon_ros.task.ament_python.build:Building ROS package in '/home/chino/uvix_ws/src/Uvix_sim' with build type 'ament_python'
[2.006s] Level 1:colcon.colcon_core.shell:create_environment_hook('Uvix_sim', 'ament_prefix_path')
[2.019s] INFO:colcon.colcon_core.plugin_system:Skipping extension 'colcon_core.shell.bat': Not used on non-Windows systems
[2.020s] INFO:colcon.colcon_core.shell:Creating environment hook '/home/chino/uvix_ws/install/Uvix_sim/share/Uvix_sim/hook/ament_prefix_path.ps1'
[2.031s] INFO:colcon.colcon_core.shell:Creating environment descriptor '/home/chino/uvix_ws/install/Uvix_sim/share/Uvix_sim/hook/ament_prefix_path.dsv'
[2.033s] INFO:colcon.colcon_core.shell:Creating environment hook '/home/chino/uvix_ws/install/Uvix_sim/share/Uvix_sim/hook/ament_prefix_path.sh'
[2.036s] INFO:colcon.colcon_core.shell:Skip shell extension 'powershell' for command environment: Not usable outside of PowerShell
[2.036s] DEBUG:colcon.colcon_core.shell:Skip shell extension 'dsv' for command environment
[2.046s] INFO:colcon.colcon_ros.task.ament_python.build:Building ROS package in '/home/chino/uvix_ws/src/bobert_sim' with build type 'ament_python'
[2.046s] Level 1:colcon.colcon_core.shell:create_environment_hook('bobert_sim', 'ament_prefix_path')
[2.047s] INFO:colcon.colcon_core.shell:Creating environment hook '/home/chino/uvix_ws/install/bobert_sim/share/bobert_sim/hook/ament_prefix_path.ps1'
[2.053s] INFO:colcon.colcon_core.shell:Creating environment descriptor '/home/chino/uvix_ws/install/bobert_sim/share/bobert_sim/hook/ament_prefix_path.dsv'
[2.057s] INFO:colcon.colcon_core.shell:Creating environment hook '/home/chino/uvix_ws/install/bobert_sim/share/bobert_sim/hook/ament_prefix_path.sh'
[2.059s] INFO:colcon.colcon_core.shell:Skip shell extension 'powershell' for command environment: Not usable outside of PowerShell
[2.059s] DEBUG:colcon.colcon_core.shell:Skip shell extension 'dsv' for command environment
[2.069s] INFO:colcon.colcon_ros.task.ament_python.build:Building ROS package in '/home/chino/uvix_ws/src/joy_bridge' with build type 'ament_python'
[2.070s] Level 1:colcon.colcon_core.shell:create_environment_hook('joy_bridge', 'ament_prefix_path')
[2.070s] INFO:colcon.colcon_core.shell:Creating environment hook '/home/chino/uvix_ws/install/joy_bridge/share/joy_bridge/hook/ament_prefix_path.ps1'
[2.074s] INFO:colcon.colcon_core.shell:Creating environment descriptor '/home/chino/uvix_ws/install/joy_bridge/share/joy_bridge/hook/ament_prefix_path.dsv'
[2.074s] INFO:colcon.colcon_core.shell:Creating environment hook '/home/chino/uvix_ws/install/joy_bridge/share/joy_bridge/hook/ament_prefix_path.sh'
[2.076s] INFO:colcon.colcon_core.shell:Skip shell extension 'powershell' for command environment: Not usable outside of PowerShell
[2.076s] DEBUG:colcon.colcon_core.shell:Skip shell extension 'dsv' for command environment
[2.741s] INFO:colcon.colcon_core.task.python.build:Building Python package in '/home/chino/uvix_ws/src/Uvix_sim'
[2.742s] INFO:colcon.colcon_core.shell:Skip shell extension 'powershell' for command environment: Not usable outside of PowerShell
[2.742s] DEBUG:colcon.colcon_core.shell:Skip shell extension 'dsv' for command environment
[3.383s] INFO:colcon.colcon_core.task.python.build:Building Python package in '/home/chino/uvix_ws/src/bobert_sim'
[3.384s] INFO:colcon.colcon_core.shell:Skip shell extension 'powershell' for command environment: Not usable outside of PowerShell
[3.384s] DEBUG:colcon.colcon_core.shell:Skip shell extension 'dsv' for command environment
[3.942s] INFO:colcon.colcon_core.task.python.build:Building Python package in '/home/chino/uvix_ws/src/joy_bridge'
[3.943s] INFO:colcon.colcon_core.shell:Skip shell extension 'powershell' for command environment: Not usable outside of PowerShell
[3.943s] DEBUG:colcon.colcon_core.shell:Skip shell extension 'dsv' for command environment
[5.162s] DEBUG:colcon.colcon_core.event_handler.log_command:Invoking command in '/home/chino/uvix_ws/build/Uvix_sim': PYTHONPATH=/home/chino/uvix_ws/build/Uvix_sim/prefix_override:/usr/lib/python3/dist-packages/colcon_core/task/python/colcon_distutils_commands:/home/chino/uvix_ws/install/Uvix_sim/lib/python3.10/site-packages:${PYTHONPATH} /usr/bin/python3 -W ignore:setup.py install is deprecated -W ignore:easy_install command is deprecated setup.py develop --uninstall --editable --build-directory /home/chino/uvix_ws/build/Uvix_sim/build
[5.169s] DEBUG:colcon.colcon_core.event_handler.log_command:Invoking command in '/home/chino/uvix_ws/build/bobert_sim': PYTHONPATH=/home/chino/uvix_ws/build/bobert_sim/prefix_override:/usr/lib/python3/dist-packages/colcon_core/task/python/colcon_distutils_commands:/home/chino/uvix_ws/install/bobert_sim/lib/python3.10/site-packages:${PYTHONPATH} /usr/bin/python3 -W ignore:setup.py install is deprecated -W ignore:easy_install command is deprecated setup.py develop --uninstall --editable --build-directory /home/chino/uvix_ws/build/bobert_sim/build
[5.185s] DEBUG:colcon.colcon_core.event_handler.log_command:Invoking command in '/home/chino/uvix_ws/build/joy_bridge': PYTHONPATH=/home/chino/uvix_ws/build/joy_bridge/prefix_override:/usr/lib/python3/dist-packages/colcon_core/task/python/colcon_distutils_commands:/home/chino/uvix_ws/install/joy_bridge/lib/python3.10/site-packages:${PYTHONPATH} /usr/bin/python3 -W ignore:setup.py install is deprecated -W ignore:easy_install command is deprecated setup.py develop --uninstall --editable --build-directory /home/chino/uvix_ws/build/joy_bridge/build
[6.262s] DEBUG:colcon.colcon_core.event_handler.log_command:Invoked command in '/home/chino/uvix_ws/build/joy_bridge' returned '0': PYTHONPATH=/home/chino/uvix_ws/build/joy_bridge/prefix_override:/usr/lib/python3/dist-packages/colcon_core/task/python/colcon_distutils_commands:/home/chino/uvix_ws/install/joy_bridge/lib/python3.10/site-packages:${PYTHONPATH} /usr/bin/python3 -W ignore:setup.py install is deprecated -W ignore:easy_install command is deprecated setup.py develop --uninstall --editable --build-directory /home/chino/uvix_ws/build/joy_bridge/build
[6.268s] DEBUG:colcon.colcon_core.event_handler.log_command:Invoking command in '/home/chino/uvix_ws/src/joy_bridge': PYTHONPATH=/home/chino/uvix_ws/build/joy_bridge/prefix_override:/usr/lib/python3/dist-packages/colcon_core/task/python/colcon_distutils_commands:/home/chino/uvix_ws/install/joy_bridge/lib/python3.10/site-packages:${PYTHONPATH} /usr/bin/python3 -W ignore:setup.py install is deprecated -W ignore:easy_install command is deprecated setup.py egg_info --egg-base ../../build/joy_bridge build --build-base /home/chino/uvix_ws/build/joy_bridge/build install --record /home/chino/uvix_ws/build/joy_bridge/install.log --single-version-externally-managed install_data --force
[6.472s] DEBUG:colcon.colcon_core.event_handler.log_command:Invoked command in '/home/chino/uvix_ws/build/bobert_sim' returned '0': PYTHONPATH=/home/chino/uvix_ws/build/bobert_sim/prefix_override:/usr/lib/python3/dist-packages/colcon_core/task/python/colcon_distutils_commands:/home/chino/uvix_ws/install/bobert_sim/lib/python3.10/site-packages:${PYTHONPATH} /usr/bin/python3 -W ignore:setup.py install is deprecated -W ignore:easy_install command is deprecated setup.py develop --uninstall --editable --build-directory /home/chino/uvix_ws/build/bobert_sim/build
[6.476s] DEBUG:colcon.colcon_core.event_handler.log_command:Invoking command in '/home/chino/uvix_ws/src/bobert_sim': PYTHONPATH=/home/chino/uvix_ws/build/bobert_sim/prefix_override:/usr/lib/python3/dist-packages/colcon_core/task/python/colcon_distutils_commands:/home/chino/uvix_ws/install/bobert_sim/lib/python3.10/site-packages:${PYTHONPATH} /usr/bin/python3 -W ignore:setup.py install is deprecated -W ignore:easy_install command is deprecated setup.py egg_info --egg-base ../../build/bobert_sim build --build-base /home/chino/uvix_ws/build/bobert_sim/build install --record /home/chino/uvix_ws/build/bobert_sim/install.log --single-version-externally-managed install_data --force
[6.543s] DEBUG:colcon.colcon_core.event_handler.log_command:Invoked command in '/home/chino/uvix_ws/build/Uvix_sim' returned '0': PYTHONPATH=/home/chino/uvix_ws/build/Uvix_sim/prefix_override:/usr/lib/python3/dist-packages/colcon_core/task/python/colcon_distutils_commands:/home/chino/uvix_ws/install/Uvix_sim/lib/python3.10/site-packages:${PYTHONPATH} /usr/bin/python3 -W ignore:setup.py install is deprecated -W ignore:easy_install command is deprecated setup.py develop --uninstall --editable --build-directory /home/chino/uvix_ws/build/Uvix_sim/build
[6.547s] DEBUG:colcon.colcon_core.event_handler.log_command:Invoking command in '/home/chino/uvix_ws/src/Uvix_sim': PYTHONPATH=/home/chino/uvix_ws/build/Uvix_sim/prefix_override:/usr/lib/python3/dist-packages/colcon_core/task/python/colcon_distutils_commands:/home/chino/uvix_ws/install/Uvix_sim/lib/python3.10/site-packages:${PYTHONPATH} /usr/bin/python3 -W ignore:setup.py install is deprecated -W ignore:easy_install command is deprecated setup.py egg_info --egg-base ../../build/Uvix_sim build --build-base /home/chino/uvix_ws/build/Uvix_sim/build install --record /home/chino/uvix_ws/build/Uvix_sim/install.log --single-version-externally-managed install_data --force
[6.937s] DEBUG:colcon.colcon_core.event_handler.log_command:Invoked command in '/home/chino/uvix_ws/src/joy_bridge' returned '0': PYTHONPATH=/home/chino/uvix_ws/build/joy_bridge/prefix_override:/usr/lib/python3/dist-packages/colcon_core/task/python/colcon_distutils_commands:/home/chino/uvix_ws/install/joy_bridge/lib/python3.10/site-packages:${PYTHONPATH} /usr/bin/python3 -W ignore:setup.py install is deprecated -W ignore:easy_install command is deprecated setup.py egg_info --egg-base ../../build/joy_bridge build --build-base /home/chino/uvix_ws/build/joy_bridge/build install --record /home/chino/uvix_ws/build/joy_bridge/install.log --single-version-externally-managed install_data --force
[6.952s] Level 1:colcon.colcon_core.environment:checking '/home/chino/uvix_ws/install/joy_bridge' for CMake module files
[6.958s] Level 1:colcon.colcon_core.environment:checking '/home/chino/uvix_ws/install/joy_bridge' for CMake config files
[6.961s] Level 1:colcon.colcon_core.environment:checking '/home/chino/uvix_ws/install/joy_bridge/lib'
[6.962s] Level 1:colcon.colcon_core.environment:checking '/home/chino/uvix_ws/install/joy_bridge/bin'
[6.962s] Level 1:colcon.colcon_core.environment:checking '/home/chino/uvix_ws/install/joy_bridge/lib/pkgconfig/joy_bridge.pc'
[6.962s] Level 1:colcon.colcon_core.environment:checking '/home/chino/uvix_ws/install/joy_bridge/lib/python3.10/site-packages'
[6.962s] Level 1:colcon.colcon_core.shell:create_environment_hook('joy_bridge', 'pythonpath')
[6.963s] INFO:colcon.colcon_core.shell:Creating environment hook '/home/chino/uvix_ws/install/joy_bridge/share/joy_bridge/hook/pythonpath.ps1'
[6.966s] INFO:colcon.colcon_core.shell:Creating environment descriptor '/home/chino/uvix_ws/install/joy_bridge/share/joy_bridge/hook/pythonpath.dsv'
[6.967s] INFO:colcon.colcon_core.shell:Creating environment hook '/home/chino/uvix_ws/install/joy_bridge/share/joy_bridge/hook/pythonpath.sh'
[6.969s] Level 1:colcon.colcon_core.environment:checking '/home/chino/uvix_ws/install/joy_bridge/bin'
[6.969s] Level 1:colcon.colcon_core.environment:create_environment_scripts_only(joy_bridge)
[6.970s] INFO:colcon.colcon_core.shell:Creating package script '/home/chino/uvix_ws/install/joy_bridge/share/joy_bridge/package.ps1'
[6.973s] INFO:colcon.colcon_core.shell:Creating package descriptor '/home/chino/uvix_ws/install/joy_bridge/share/joy_bridge/package.dsv'
[6.975s] INFO:colcon.colcon_core.shell:Creating package script '/home/chino/uvix_ws/install/joy_bridge/share/joy_bridge/package.sh'
[6.976s] INFO:colcon.colcon_core.shell:Creating package script '/home/chino/uvix_ws/install/joy_bridge/share/joy_bridge/package.bash'
[6.979s] INFO:colcon.colcon_core.shell:Creating package script '/home/chino/uvix_ws/install/joy_bridge/share/joy_bridge/package.zsh'
[6.981s] Level 1:colcon.colcon_core.environment:create_file_with_runtime_dependencies(/home/chino/uvix_ws/install/joy_bridge/share/colcon-core/packages/joy_bridge)
[8.483s] Level 1:colcon.colcon_core.environment:checking '/home/chino/uvix_ws/install/bobert_sim' for CMake module files
[8.484s] DEBUG:colcon.colcon_core.event_handler.log_command:Invoked command in '/home/chino/uvix_ws/src/bobert_sim' returned '0': PYTHONPATH=/home/chino/uvix_ws/build/bobert_sim/prefix_override:/usr/lib/python3/dist-packages/colcon_core/task/python/colcon_distutils_commands:/home/chino/uvix_ws/install/bobert_sim/lib/python3.10/site-packages:${PYTHONPATH} /usr/bin/python3 -W ignore:setup.py install is deprecated -W ignore:easy_install command is deprecated setup.py egg_info --egg-base ../../build/bobert_sim build --build-base /home/chino/uvix_ws/build/bobert_sim/build install --record /home/chino/uvix_ws/build/bobert_sim/install.log --single-version-externally-managed install_data --force
[8.486s] Level 1:colcon.colcon_core.environment:checking '/home/chino/uvix_ws/install/bobert_sim' for CMake config files
[8.501s] Level 1:colcon.colcon_core.environment:checking '/home/chino/uvix_ws/install/bobert_sim/lib'
[8.501s] Level 1:colcon.colcon_core.environment:checking '/home/chino/uvix_ws/install/bobert_sim/bin'
[8.501s] Level 1:colcon.colcon_core.environment:checking '/home/chino/uvix_ws/install/bobert_sim/lib/pkgconfig/bobert_sim.pc'
[8.501s] Level 1:colcon.colcon_core.environment:checking '/home/chino/uvix_ws/install/bobert_sim/lib/python3.10/site-packages'
[8.502s] Level 1:colcon.colcon_core.shell:create_environment_hook('bobert_sim', 'pythonpath')
[8.502s] INFO:colcon.colcon_core.shell:Creating environment hook '/home/chino/uvix_ws/install/bobert_sim/share/bobert_sim/hook/pythonpath.ps1'
[8.504s] INFO:colcon.colcon_core.shell:Creating environment descriptor '/home/chino/uvix_ws/install/bobert_sim/share/bobert_sim/hook/pythonpath.dsv'
[8.505s] INFO:colcon.colcon_core.shell:Creating environment hook '/home/chino/uvix_ws/install/bobert_sim/share/bobert_sim/hook/pythonpath.sh'
[8.506s] Level 1:colcon.colcon_core.environment:checking '/home/chino/uvix_ws/install/bobert_sim/bin'
[8.506s] Level 1:colcon.colcon_core.environment:create_environment_scripts_only(bobert_sim)
[8.507s] INFO:colcon.colcon_core.shell:Creating package script '/home/chino/uvix_ws/install/bobert_sim/share/bobert_sim/package.ps1'
[8.510s] INFO:colcon.colcon_core.shell:Creating package descriptor '/home/chino/uvix_ws/install/bobert_sim/share/bobert_sim/package.dsv'
[8.511s] INFO:colcon.colcon_core.shell:Creating package script '/home/chino/uvix_ws/install/bobert_sim/share/bobert_sim/package.sh'
[8.511s] INFO:colcon.colcon_core.shell:Creating package script '/home/chino/uvix_ws/install/bobert_sim/share/bobert_sim/package.bash'
[8.512s] INFO:colcon.colcon_core.shell:Creating package script '/home/chino/uvix_ws/install/bobert_sim/share/bobert_sim/package.zsh'
[8.513s] Level 1:colcon.colcon_core.environment:create_file_with_runtime_dependencies(/home/chino/uvix_ws/install/bobert_sim/share/colcon-core/packages/bobert_sim)
[8.596s] Level 1:colcon.colcon_core.environment:checking '/home/chino/uvix_ws/install/Uvix_sim' for CMake module files
[8.597s] DEBUG:colcon.colcon_core.event_handler.log_command:Invoked command in '/home/chino/uvix_ws/src/Uvix_sim' returned '0': PYTHONPATH=/home/chino/uvix_ws/build/Uvix_sim/prefix_override:/usr/lib/python3/dist-packages/colcon_core/task/python/colcon_distutils_commands:/home/chino/uvix_ws/install/Uvix_sim/lib/python3.10/site-packages:${PYTHONPATH} /usr/bin/python3 -W ignore:setup.py install is deprecated -W ignore:easy_install command is deprecated setup.py egg_info --egg-base ../../build/Uvix_sim build --build-base /home/chino/uvix_ws/build/Uvix_sim/build install --record /home/chino/uvix_ws/build/Uvix_sim/install.log --single-version-externally-managed install_data --force
[8.598s] Level 1:colcon.colcon_core.environment:checking '/home/chino/uvix_ws/install/Uvix_sim' for CMake config files
[8.612s] Level 1:colcon.colcon_core.environment:checking '/home/chino/uvix_ws/install/Uvix_sim/lib'
[8.612s] Level 1:colcon.colcon_core.environment:checking '/home/chino/uvix_ws/install/Uvix_sim/bin'
[8.612s] Level 1:colcon.colcon_core.environment:checking '/home/chino/uvix_ws/install/Uvix_sim/lib/pkgconfig/Uvix_sim.pc'
[8.613s] Level 1:colcon.colcon_core.environment:checking '/home/chino/uvix_ws/install/Uvix_sim/lib/python3.10/site-packages'
[8.613s] Level 1:colcon.colcon_core.shell:create_environment_hook('Uvix_sim', 'pythonpath')
[8.613s] INFO:colcon.colcon_core.shell:Creating environment hook '/home/chino/uvix_ws/install/Uvix_sim/share/Uvix_sim/hook/pythonpath.ps1'
[8.614s] INFO:colcon.colcon_core.shell:Creating environment descriptor '/home/chino/uvix_ws/install/Uvix_sim/share/Uvix_sim/hook/pythonpath.dsv'
[8.615s] INFO:colcon.colcon_core.shell:Creating environment hook '/home/chino/uvix_ws/install/Uvix_sim/share/Uvix_sim/hook/pythonpath.sh'
[8.616s] Level 1:colcon.colcon_core.environment:checking '/home/chino/uvix_ws/install/Uvix_sim/bin'
[8.616s] Level 1:colcon.colcon_core.environment:create_environment_scripts_only(Uvix_sim)
[8.617s] INFO:colcon.colcon_core.shell:Creating package script '/home/chino/uvix_ws/install/Uvix_sim/share/Uvix_sim/package.ps1'
[8.618s] INFO:colcon.colcon_core.shell:Creating package descriptor '/home/chino/uvix_ws/install/Uvix_sim/share/Uvix_sim/package.dsv'
[8.619s] INFO:colcon.colcon_core.shell:Creating package script '/home/chino/uvix_ws/install/Uvix_sim/share/Uvix_sim/package.sh'
[8.619s] INFO:colcon.colcon_core.shell:Creating package script '/home/chino/uvix_ws/install/Uvix_sim/share/Uvix_sim/package.bash'
[8.620s] INFO:colcon.colcon_core.shell:Creating package script '/home/chino/uvix_ws/install/Uvix_sim/share/Uvix_sim/package.zsh'
[8.621s] Level 1:colcon.colcon_core.environment:create_file_with_runtime_dependencies(/home/chino/uvix_ws/install/Uvix_sim/share/colcon-core/packages/Uvix_sim)
[8.622s] DEBUG:colcon.colcon_parallel_executor.executor.parallel:closing loop
[8.623s] DEBUG:colcon.colcon_parallel_executor.executor.parallel:loop closed
[8.623s] DEBUG:colcon.colcon_parallel_executor.executor.parallel:run_until_complete finished with '0'
[8.623s] DEBUG:colcon.colcon_core.event_reactor:joining thread
[8.940s] INFO:colcon.colcon_core.plugin_system:Skipping extension 'colcon_notification.desktop_notification.notify_send': Could not find 'notify-send'
[8.940s] INFO:colcon.colcon_core.plugin_system:Skipping extension 'colcon_notification.desktop_notification.terminal_notifier': Not used on non-Darwin systems
[8.940s] INFO:colcon.colcon_core.plugin_system:Skipping extension 'colcon_notification.desktop_notification.win32': Not used on non-Windows systems
[8.940s] INFO:colcon.colcon_notification.desktop_notification:Sending desktop notification using 'notify2'
[8.942s] DEBUG:colcon.colcon_notification.desktop_notification.notify2:Failed to initialize notify2: org.freedesktop.DBus.Error.FileNotFound: Failed to connect to socket /run/user/1000/bus: No such file or directory
[8.942s] DEBUG:colcon.colcon_core.event_reactor:joined thread
[8.942s] INFO:colcon.colcon_core.shell:Creating prefix script '/home/chino/uvix_ws/install/local_setup.ps1'
[8.944s] INFO:colcon.colcon_core.shell:Creating prefix util module '/home/chino/uvix_ws/install/_local_setup_util_ps1.py'
[8.947s] INFO:colcon.colcon_core.shell:Creating prefix chain script '/home/chino/uvix_ws/install/setup.ps1'
[8.950s] INFO:colcon.colcon_core.shell:Creating prefix script '/home/chino/uvix_ws/install/local_setup.sh'
[8.951s] INFO:colcon.colcon_core.shell:Creating prefix util module '/home/chino/uvix_ws/install/_local_setup_util_sh.py'
[8.953s] INFO:colcon.colcon_core.shell:Creating prefix chain script '/home/chino/uvix_ws/install/setup.sh'
[8.955s] INFO:colcon.colcon_core.shell:Creating prefix script '/home/chino/uvix_ws/install/local_setup.bash'
[8.957s] INFO:colcon.colcon_core.shell:Creating prefix chain script '/home/chino/uvix_ws/install/setup.bash'
[8.960s] INFO:colcon.colcon_core.shell:Creating prefix script '/home/chino/uvix_ws/install/local_setup.zsh'
[8.961s] INFO:colcon.colcon_core.shell:Creating prefix chain script '/home/chino/uvix_ws/install/setup.zsh'
