[1.284s] DEBUG:colcon:Command line arguments: ['/usr/bin/colcon', 'build']
[1.285s] DEBUG:colcon:Parsed command line arguments: Namespace(log_base=None, log_level=None, verb_name='build', build_base='build', install_base='install', merge_install=False, symlink_install=False, test_result_base=None, continue_on_error=False, executor='parallel', parallel_workers=16, event_handlers=None, ignore_user_meta=False, metas=['./colcon.meta'], base_paths=['.'], packages_ignore=None, packages_ignore_regex=None, paths=None, packages_up_to=None, packages_up_to_regex=None, packages_above=None, packages_above_and_dependencies=None, packages_above_depth=None, packages_select_by_dep=None, packages_skip_by_dep=None, packages_skip_up_to=None, packages_select_build_failed=False, packages_skip_build_finished=False, packages_select_test_failures=False, packages_skip_test_passed=False, packages_select=None, packages_skip=None, packages_select_regex=None, packages_skip_regex=None, packages_start=None, packages_end=None, allow_overriding=[], cmake_args=None, cmake_target=None, cmake_target_skip_unavailable=False, cmake_clean_cache=False, cmake_clean_first=False, cmake_force_configure=False, ament_cmake_args=None, catkin_cmake_args=None, catkin_skip_building_tests=False, verb_parser=<colcon_defaults.argument_parser.defaults.DefaultArgumentsDecorator object at 0x74dcd7d3e710>, verb_extension=<colcon_core.verb.build.BuildVerb object at 0x74dcd7edbe20>, main=<bound method BuildVerb.main of <colcon_core.verb.build.BuildVerb object at 0x74dcd7edbe20>>)
[2.007s] Level 1:colcon.colcon_core.package_discovery:discover_packages(colcon_meta) check parameters
[2.008s] Level 1:colcon.colcon_core.package_discovery:discover_packages(recursive) check parameters
[2.008s] Level 1:colcon.colcon_core.package_discovery:discover_packages(ignore) check parameters
[2.008s] Level 1:colcon.colcon_core.package_discovery:discover_packages(path) check parameters
[2.008s] Level 1:colcon.colcon_core.package_discovery:discover_packages(colcon_meta) discover
[2.008s] Level 1:colcon.colcon_core.package_discovery:discover_packages(recursive) discover
[2.008s] INFO:colcon.colcon_core.package_discovery:Crawling recursively for packages in '/home/chino/uvix_ws'
[2.009s] Level 1:colcon.colcon_core.package_identification:_identify(.) by extensions ['ignore', 'ignore_ament_install']
[2.010s] Level 1:colcon.colcon_core.package_identification:_identify(.) by extension 'ignore'
[2.010s] Level 1:colcon.colcon_core.package_identification:_identify(.) by extension 'ignore_ament_install'
[2.010s] Level 1:colcon.colcon_core.package_identification:_identify(.) by extensions ['colcon_pkg']
[2.010s] Level 1:colcon.colcon_core.package_identification:_identify(.) by extension 'colcon_pkg'
[2.010s] Level 1:colcon.colcon_core.package_identification:_identify(.) by extensions ['colcon_meta']
[2.011s] Level 1:colcon.colcon_core.package_identification:_identify(.) by extension 'colcon_meta'
[2.011s] Level 1:colcon.colcon_core.package_identification:_identify(.) by extensions ['ros']
[2.011s] Level 1:colcon.colcon_core.package_identification:_identify(.) by extension 'ros'
[2.059s] Level 1:colcon.colcon_core.package_identification:_identify(.) by extensions ['cmake', 'python']
[2.059s] Level 1:colcon.colcon_core.package_identification:_identify(.) by extension 'cmake'
[2.060s] Level 1:colcon.colcon_core.package_identification:_identify(.) by extension 'python'
[2.060s] Level 1:colcon.colcon_core.package_identification:_identify(.) by extensions ['python_setup_py']
[2.060s] Level 1:colcon.colcon_core.package_identification:_identify(.) by extension 'python_setup_py'
[2.060s] Level 1:colcon.colcon_core.package_identification:_identify(build) by extensions ['ignore', 'ignore_ament_install']
[2.061s] Level 1:colcon.colcon_core.package_identification:_identify(build) by extension 'ignore'
[2.061s] Level 1:colcon.colcon_core.package_identification:_identify(build) ignored
[2.061s] Level 1:colcon.colcon_core.package_identification:_identify(install) by extensions ['ignore', 'ignore_ament_install']
[2.062s] Level 1:colcon.colcon_core.package_identification:_identify(install) by extension 'ignore'
[2.062s] Level 1:colcon.colcon_core.package_identification:_identify(install) ignored
[2.062s] Level 1:colcon.colcon_core.package_identification:_identify(log) by extensions ['ignore', 'ignore_ament_install']
[2.062s] Level 1:colcon.colcon_core.package_identification:_identify(log) by extension 'ignore'
[2.063s] Level 1:colcon.colcon_core.package_identification:_identify(log) ignored
[2.063s] Level 1:colcon.colcon_core.package_identification:_identify(src) by extensions ['ignore', 'ignore_ament_install']
[2.063s] Level 1:colcon.colcon_core.package_identification:_identify(src) by extension 'ignore'
[2.063s] Level 1:colcon.colcon_core.package_identification:_identify(src) by extension 'ignore_ament_install'
[2.063s] Level 1:colcon.colcon_core.package_identification:_identify(src) by extensions ['colcon_pkg']
[2.064s] Level 1:colcon.colcon_core.package_identification:_identify(src) by extension 'colcon_pkg'
[2.064s] Level 1:colcon.colcon_core.package_identification:_identify(src) by extensions ['colcon_meta']
[2.064s] Level 1:colcon.colcon_core.package_identification:_identify(src) by extension 'colcon_meta'
[2.064s] Level 1:colcon.colcon_core.package_identification:_identify(src) by extensions ['ros']
[2.064s] Level 1:colcon.colcon_core.package_identification:_identify(src) by extension 'ros'
[2.064s] Level 1:colcon.colcon_core.package_identification:_identify(src) by extensions ['cmake', 'python']
[2.065s] Level 1:colcon.colcon_core.package_identification:_identify(src) by extension 'cmake'
[2.065s] Level 1:colcon.colcon_core.package_identification:_identify(src) by extension 'python'
[2.065s] Level 1:colcon.colcon_core.package_identification:_identify(src) by extensions ['python_setup_py']
[2.065s] Level 1:colcon.colcon_core.package_identification:_identify(src) by extension 'python_setup_py'
[2.065s] Level 1:colcon.colcon_core.package_identification:_identify(src/Uvix_sim) by extensions ['ignore', 'ignore_ament_install']
[2.066s] Level 1:colcon.colcon_core.package_identification:_identify(src/Uvix_sim) by extension 'ignore'
[2.066s] Level 1:colcon.colcon_core.package_identification:_identify(src/Uvix_sim) by extension 'ignore_ament_install'
[2.066s] Level 1:colcon.colcon_core.package_identification:_identify(src/Uvix_sim) by extensions ['colcon_pkg']
[2.066s] Level 1:colcon.colcon_core.package_identification:_identify(src/Uvix_sim) by extension 'colcon_pkg'
[2.067s] Level 1:colcon.colcon_core.package_identification:_identify(src/Uvix_sim) by extensions ['colcon_meta']
[2.067s] Level 1:colcon.colcon_core.package_identification:_identify(src/Uvix_sim) by extension 'colcon_meta'
[2.067s] Level 1:colcon.colcon_core.package_identification:_identify(src/Uvix_sim) by extensions ['ros']
[2.067s] Level 1:colcon.colcon_core.package_identification:_identify(src/Uvix_sim) by extension 'ros'
[2.074s] DEBUG:colcon.colcon_core.package_identification:Package 'src/Uvix_sim' with type 'ros.ament_python' and name 'Uvix_sim'
[2.075s] Level 1:colcon.colcon_core.package_identification:_identify(src/bobert_sim) by extensions ['ignore', 'ignore_ament_install']
[2.076s] Level 1:colcon.colcon_core.package_identification:_identify(src/bobert_sim) by extension 'ignore'
[2.076s] Level 1:colcon.colcon_core.package_identification:_identify(src/bobert_sim) by extension 'ignore_ament_install'
[2.076s] Level 1:colcon.colcon_core.package_identification:_identify(src/bobert_sim) by extensions ['colcon_pkg']
[2.076s] Level 1:colcon.colcon_core.package_identification:_identify(src/bobert_sim) by extension 'colcon_pkg'
[2.076s] Level 1:colcon.colcon_core.package_identification:_identify(src/bobert_sim) by extensions ['colcon_meta']
[2.077s] Level 1:colcon.colcon_core.package_identification:_identify(src/bobert_sim) by extension 'colcon_meta'
[2.077s] Level 1:colcon.colcon_core.package_identification:_identify(src/bobert_sim) by extensions ['ros']
[2.077s] Level 1:colcon.colcon_core.package_identification:_identify(src/bobert_sim) by extension 'ros'
[2.106s] DEBUG:colcon.colcon_core.package_identification:Package 'src/bobert_sim' with type 'ros.ament_python' and name 'bobert_sim'
[2.107s] Level 1:colcon.colcon_core.package_identification:_identify(src/joy_bridge) by extensions ['ignore', 'ignore_ament_install']
[2.108s] Level 1:colcon.colcon_core.package_identification:_identify(src/joy_bridge) by extension 'ignore'
[2.108s] Level 1:colcon.colcon_core.package_identification:_identify(src/joy_bridge) by extension 'ignore_ament_install'
[2.108s] Level 1:colcon.colcon_core.package_identification:_identify(src/joy_bridge) by extensions ['colcon_pkg']
[2.109s] Level 1:colcon.colcon_core.package_identification:_identify(src/joy_bridge) by extension 'colcon_pkg'
[2.109s] Level 1:colcon.colcon_core.package_identification:_identify(src/joy_bridge) by extensions ['colcon_meta']
[2.109s] Level 1:colcon.colcon_core.package_identification:_identify(src/joy_bridge) by extension 'colcon_meta'
[2.109s] Level 1:colcon.colcon_core.package_identification:_identify(src/joy_bridge) by extensions ['ros']
[2.110s] Level 1:colcon.colcon_core.package_identification:_identify(src/joy_bridge) by extension 'ros'
[2.112s] DEBUG:colcon.colcon_core.package_identification:Package 'src/joy_bridge' with type 'ros.ament_python' and name 'joy_bridge'
[2.112s] Level 1:colcon.colcon_core.package_discovery:discover_packages(recursive) using defaults
[2.113s] Level 1:colcon.colcon_core.package_discovery:discover_packages(ignore) discover
[2.113s] Level 1:colcon.colcon_core.package_discovery:discover_packages(ignore) using defaults
[2.113s] Level 1:colcon.colcon_core.package_discovery:discover_packages(path) discover
[2.113s] Level 1:colcon.colcon_core.package_discovery:discover_packages(path) using defaults
[2.199s] Level 1:colcon.colcon_core.package_discovery:discover_packages(prefix_path) check parameters
[2.199s] Level 1:colcon.colcon_core.package_discovery:discover_packages(prefix_path) discover
[2.214s] DEBUG:colcon.colcon_installed_package_information.package_discovery:Found 3 installed packages in /home/chino/uvix_ws/install
[2.223s] DEBUG:colcon.colcon_installed_package_information.package_discovery:Found 499 installed packages in /opt/ros/humble
[2.230s] Level 1:colcon.colcon_core.package_discovery:discover_packages(prefix_path) using defaults
[2.496s] Level 5:colcon.colcon_core.verb:set package 'Uvix_sim' build argument 'cmake_args' from command line to 'None'
[2.497s] Level 5:colcon.colcon_core.verb:set package 'Uvix_sim' build argument 'cmake_target' from command line to 'None'
[2.497s] Level 5:colcon.colcon_core.verb:set package 'Uvix_sim' build argument 'cmake_target_skip_unavailable' from command line to 'False'
[2.497s] Level 5:colcon.colcon_core.verb:set package 'Uvix_sim' build argument 'cmake_clean_cache' from command line to 'False'
[2.497s] Level 5:colcon.colcon_core.verb:set package 'Uvix_sim' build argument 'cmake_clean_first' from command line to 'False'
[2.497s] Level 5:colcon.colcon_core.verb:set package 'Uvix_sim' build argument 'cmake_force_configure' from command line to 'False'
[2.498s] Level 5:colcon.colcon_core.verb:set package 'Uvix_sim' build argument 'ament_cmake_args' from command line to 'None'
[2.498s] Level 5:colcon.colcon_core.verb:set package 'Uvix_sim' build argument 'catkin_cmake_args' from command line to 'None'
[2.498s] Level 5:colcon.colcon_core.verb:set package 'Uvix_sim' build argument 'catkin_skip_building_tests' from command line to 'False'
[2.498s] DEBUG:colcon.colcon_core.verb:Building package 'Uvix_sim' with the following arguments: {'ament_cmake_args': None, 'build_base': '/home/chino/uvix_ws/build/Uvix_sim', 'catkin_cmake_args': None, 'catkin_skip_building_tests': False, 'cmake_args': None, 'cmake_clean_cache': False, 'cmake_clean_first': False, 'cmake_force_configure': False, 'cmake_target': None, 'cmake_target_skip_unavailable': False, 'install_base': '/home/chino/uvix_ws/install/Uvix_sim', 'merge_install': False, 'path': '/home/chino/uvix_ws/src/Uvix_sim', 'symlink_install': False, 'test_result_base': None}
[2.499s] Level 5:colcon.colcon_core.verb:set package 'bobert_sim' build argument 'cmake_args' from command line to 'None'
[2.499s] Level 5:colcon.colcon_core.verb:set package 'bobert_sim' build argument 'cmake_target' from command line to 'None'
[2.500s] Level 5:colcon.colcon_core.verb:set package 'bobert_sim' build argument 'cmake_target_skip_unavailable' from command line to 'False'
[2.500s] Level 5:colcon.colcon_core.verb:set package 'bobert_sim' build argument 'cmake_clean_cache' from command line to 'False'
[2.500s] Level 5:colcon.colcon_core.verb:set package 'bobert_sim' build argument 'cmake_clean_first' from command line to 'False'
[2.500s] Level 5:colcon.colcon_core.verb:set package 'bobert_sim' build argument 'cmake_force_configure' from command line to 'False'
[2.500s] Level 5:colcon.colcon_core.verb:set package 'bobert_sim' build argument 'ament_cmake_args' from command line to 'None'
[2.500s] Level 5:colcon.colcon_core.verb:set package 'bobert_sim' build argument 'catkin_cmake_args' from command line to 'None'
[2.500s] Level 5:colcon.colcon_core.verb:set package 'bobert_sim' build argument 'catkin_skip_building_tests' from command line to 'False'
[2.500s] DEBUG:colcon.colcon_core.verb:Building package 'bobert_sim' with the following arguments: {'ament_cmake_args': None, 'build_base': '/home/chino/uvix_ws/build/bobert_sim', 'catkin_cmake_args': None, 'catkin_skip_building_tests': False, 'cmake_args': None, 'cmake_clean_cache': False, 'cmake_clean_first': False, 'cmake_force_configure': False, 'cmake_target': None, 'cmake_target_skip_unavailable': False, 'install_base': '/home/chino/uvix_ws/install/bobert_sim', 'merge_install': False, 'path': '/home/chino/uvix_ws/src/bobert_sim', 'symlink_install': False, 'test_result_base': None}
[2.501s] Level 5:colcon.colcon_core.verb:set package 'joy_bridge' build argument 'cmake_args' from command line to 'None'
[2.501s] Level 5:colcon.colcon_core.verb:set package 'joy_bridge' build argument 'cmake_target' from command line to 'None'
[2.501s] Level 5:colcon.colcon_core.verb:set package 'joy_bridge' build argument 'cmake_target_skip_unavailable' from command line to 'False'
[2.501s] Level 5:colcon.colcon_core.verb:set package 'joy_bridge' build argument 'cmake_clean_cache' from command line to 'False'
[2.501s] Level 5:colcon.colcon_core.verb:set package 'joy_bridge' build argument 'cmake_clean_first' from command line to 'False'
[2.501s] Level 5:colcon.colcon_core.verb:set package 'joy_bridge' build argument 'cmake_force_configure' from command line to 'False'
[2.502s] Level 5:colcon.colcon_core.verb:set package 'joy_bridge' build argument 'ament_cmake_args' from command line to 'None'
[2.502s] Level 5:colcon.colcon_core.verb:set package 'joy_bridge' build argument 'catkin_cmake_args' from command line to 'None'
[2.502s] Level 5:colcon.colcon_core.verb:set package 'joy_bridge' build argument 'catkin_skip_building_tests' from command line to 'False'
[2.502s] DEBUG:colcon.colcon_core.verb:Building package 'joy_bridge' with the following arguments: {'ament_cmake_args': None, 'build_base': '/home/chino/uvix_ws/build/joy_bridge', 'catkin_cmake_args': None, 'catkin_skip_building_tests': False, 'cmake_args': None, 'cmake_clean_cache': False, 'cmake_clean_first': False, 'cmake_force_configure': False, 'cmake_target': None, 'cmake_target_skip_unavailable': False, 'install_base': '/home/chino/uvix_ws/install/joy_bridge', 'merge_install': False, 'path': '/home/chino/uvix_ws/src/joy_bridge', 'symlink_install': False, 'test_result_base': None}
[2.502s] INFO:colcon.colcon_core.executor:Executing jobs using 'parallel' executor
[2.505s] DEBUG:colcon.colcon_parallel_executor.executor.parallel:run_until_complete
[2.509s] INFO:colcon.colcon_ros.task.ament_python.build:Building ROS package in '/home/chino/uvix_ws/src/Uvix_sim' with build type 'ament_python'
[2.510s] Level 1:colcon.colcon_core.shell:create_environment_hook('Uvix_sim', 'ament_prefix_path')
[2.529s] INFO:colcon.colcon_core.plugin_system:Skipping extension 'colcon_core.shell.bat': Not used on non-Windows systems
[2.530s] INFO:colcon.colcon_core.shell:Creating environment hook '/home/chino/uvix_ws/install/Uvix_sim/share/Uvix_sim/hook/ament_prefix_path.ps1'
[2.535s] INFO:colcon.colcon_core.shell:Creating environment descriptor '/home/chino/uvix_ws/install/Uvix_sim/share/Uvix_sim/hook/ament_prefix_path.dsv'
[2.538s] INFO:colcon.colcon_core.shell:Creating environment hook '/home/chino/uvix_ws/install/Uvix_sim/share/Uvix_sim/hook/ament_prefix_path.sh'
[2.543s] INFO:colcon.colcon_core.shell:Skip shell extension 'powershell' for command environment: Not usable outside of PowerShell
[2.544s] DEBUG:colcon.colcon_core.shell:Skip shell extension 'dsv' for command environment
[2.560s] INFO:colcon.colcon_ros.task.ament_python.build:Building ROS package in '/home/chino/uvix_ws/src/bobert_sim' with build type 'ament_python'
[2.561s] Level 1:colcon.colcon_core.shell:create_environment_hook('bobert_sim', 'ament_prefix_path')
[2.562s] INFO:colcon.colcon_core.shell:Creating environment hook '/home/chino/uvix_ws/install/bobert_sim/share/bobert_sim/hook/ament_prefix_path.ps1'
[2.564s] INFO:colcon.colcon_core.shell:Creating environment descriptor '/home/chino/uvix_ws/install/bobert_sim/share/bobert_sim/hook/ament_prefix_path.dsv'
[2.565s] INFO:colcon.colcon_core.shell:Creating environment hook '/home/chino/uvix_ws/install/bobert_sim/share/bobert_sim/hook/ament_prefix_path.sh'
[2.568s] INFO:colcon.colcon_core.shell:Skip shell extension 'powershell' for command environment: Not usable outside of PowerShell
[2.568s] DEBUG:colcon.colcon_core.shell:Skip shell extension 'dsv' for command environment
[2.582s] INFO:colcon.colcon_ros.task.ament_python.build:Building ROS package in '/home/chino/uvix_ws/src/joy_bridge' with build type 'ament_python'
[2.583s] Level 1:colcon.colcon_core.shell:create_environment_hook('joy_bridge', 'ament_prefix_path')
[2.584s] INFO:colcon.colcon_core.shell:Creating environment hook '/home/chino/uvix_ws/install/joy_bridge/share/joy_bridge/hook/ament_prefix_path.ps1'
[2.586s] INFO:colcon.colcon_core.shell:Creating environment descriptor '/home/chino/uvix_ws/install/joy_bridge/share/joy_bridge/hook/ament_prefix_path.dsv'
[2.588s] INFO:colcon.colcon_core.shell:Creating environment hook '/home/chino/uvix_ws/install/joy_bridge/share/joy_bridge/hook/ament_prefix_path.sh'
[2.589s] INFO:colcon.colcon_core.shell:Skip shell extension 'powershell' for command environment: Not usable outside of PowerShell
[2.590s] DEBUG:colcon.colcon_core.shell:Skip shell extension 'dsv' for command environment
[3.666s] INFO:colcon.colcon_core.task.python.build:Building Python package in '/home/chino/uvix_ws/src/Uvix_sim'
[3.667s] INFO:colcon.colcon_core.shell:Skip shell extension 'powershell' for command environment: Not usable outside of PowerShell
[3.667s] DEBUG:colcon.colcon_core.shell:Skip shell extension 'dsv' for command environment
[4.895s] INFO:colcon.colcon_core.task.python.build:Building Python package in '/home/chino/uvix_ws/src/bobert_sim'
[4.897s] INFO:colcon.colcon_core.shell:Skip shell extension 'powershell' for command environment: Not usable outside of PowerShell
[4.899s] DEBUG:colcon.colcon_core.shell:Skip shell extension 'dsv' for command environment
[6.055s] INFO:colcon.colcon_core.task.python.build:Building Python package in '/home/chino/uvix_ws/src/joy_bridge'
[6.056s] INFO:colcon.colcon_core.shell:Skip shell extension 'powershell' for command environment: Not usable outside of PowerShell
[6.056s] DEBUG:colcon.colcon_core.shell:Skip shell extension 'dsv' for command environment
[8.214s] DEBUG:colcon.colcon_core.event_handler.log_command:Invoking command in '/home/chino/uvix_ws/src/bobert_sim': PYTHONPATH=/home/chino/uvix_ws/build/bobert_sim/prefix_override:/usr/lib/python3/dist-packages/colcon_core/task/python/colcon_distutils_commands:/home/chino/uvix_ws/install/bobert_sim/lib/python3.10/site-packages:${PYTHONPATH} /usr/bin/python3 -W ignore:setup.py install is deprecated -W ignore:easy_install command is deprecated setup.py egg_info --egg-base ../../build/bobert_sim build --build-base /home/chino/uvix_ws/build/bobert_sim/build install --record /home/chino/uvix_ws/build/bobert_sim/install.log --single-version-externally-managed install_data
[8.239s] DEBUG:colcon.colcon_core.event_handler.log_command:Invoking command in '/home/chino/uvix_ws/src/joy_bridge': PYTHONPATH=/home/chino/uvix_ws/build/joy_bridge/prefix_override:/usr/lib/python3/dist-packages/colcon_core/task/python/colcon_distutils_commands:/home/chino/uvix_ws/install/joy_bridge/lib/python3.10/site-packages:${PYTHONPATH} /usr/bin/python3 -W ignore:setup.py install is deprecated -W ignore:easy_install command is deprecated setup.py egg_info --egg-base ../../build/joy_bridge build --build-base /home/chino/uvix_ws/build/joy_bridge/build install --record /home/chino/uvix_ws/build/joy_bridge/install.log --single-version-externally-managed install_data
[8.244s] DEBUG:colcon.colcon_core.event_handler.log_command:Invoking command in '/home/chino/uvix_ws/src/Uvix_sim': PYTHONPATH=/home/chino/uvix_ws/build/Uvix_sim/prefix_override:/usr/lib/python3/dist-packages/colcon_core/task/python/colcon_distutils_commands:/home/chino/uvix_ws/install/Uvix_sim/lib/python3.10/site-packages:${PYTHONPATH} /usr/bin/python3 -W ignore:setup.py install is deprecated -W ignore:easy_install command is deprecated setup.py egg_info --egg-base ../../build/Uvix_sim build --build-base /home/chino/uvix_ws/build/Uvix_sim/build install --record /home/chino/uvix_ws/build/Uvix_sim/install.log --single-version-externally-managed install_data
[9.923s] DEBUG:colcon.colcon_core.event_handler.log_command:Invoked command in '/home/chino/uvix_ws/src/joy_bridge' returned '0': PYTHONPATH=/home/chino/uvix_ws/build/joy_bridge/prefix_override:/usr/lib/python3/dist-packages/colcon_core/task/python/colcon_distutils_commands:/home/chino/uvix_ws/install/joy_bridge/lib/python3.10/site-packages:${PYTHONPATH} /usr/bin/python3 -W ignore:setup.py install is deprecated -W ignore:easy_install command is deprecated setup.py egg_info --egg-base ../../build/joy_bridge build --build-base /home/chino/uvix_ws/build/joy_bridge/build install --record /home/chino/uvix_ws/build/joy_bridge/install.log --single-version-externally-managed install_data
[9.952s] Level 1:colcon.colcon_core.environment:checking '/home/chino/uvix_ws/install/joy_bridge' for CMake module files
[9.955s] Level 1:colcon.colcon_core.environment:checking '/home/chino/uvix_ws/install/joy_bridge' for CMake config files
[9.958s] Level 1:colcon.colcon_core.environment:checking '/home/chino/uvix_ws/install/joy_bridge/lib'
[9.959s] Level 1:colcon.colcon_core.environment:checking '/home/chino/uvix_ws/install/joy_bridge/bin'
[9.959s] Level 1:colcon.colcon_core.environment:checking '/home/chino/uvix_ws/install/joy_bridge/lib/pkgconfig/joy_bridge.pc'
[9.960s] Level 1:colcon.colcon_core.environment:checking '/home/chino/uvix_ws/install/joy_bridge/lib/python3.10/site-packages'
[9.961s] Level 1:colcon.colcon_core.shell:create_environment_hook('joy_bridge', 'pythonpath')
[9.962s] INFO:colcon.colcon_core.shell:Creating environment hook '/home/chino/uvix_ws/install/joy_bridge/share/joy_bridge/hook/pythonpath.ps1'
[9.966s] INFO:colcon.colcon_core.shell:Creating environment descriptor '/home/chino/uvix_ws/install/joy_bridge/share/joy_bridge/hook/pythonpath.dsv'
[9.974s] INFO:colcon.colcon_core.shell:Creating environment hook '/home/chino/uvix_ws/install/joy_bridge/share/joy_bridge/hook/pythonpath.sh'
[9.978s] Level 1:colcon.colcon_core.environment:checking '/home/chino/uvix_ws/install/joy_bridge/bin'
[9.979s] Level 1:colcon.colcon_core.environment:create_environment_scripts_only(joy_bridge)
[9.980s] INFO:colcon.colcon_core.shell:Creating package script '/home/chino/uvix_ws/install/joy_bridge/share/joy_bridge/package.ps1'
[9.985s] INFO:colcon.colcon_core.shell:Creating package descriptor '/home/chino/uvix_ws/install/joy_bridge/share/joy_bridge/package.dsv'
[9.998s] INFO:colcon.colcon_core.shell:Creating package script '/home/chino/uvix_ws/install/joy_bridge/share/joy_bridge/package.sh'
[10.003s] INFO:colcon.colcon_core.shell:Creating package script '/home/chino/uvix_ws/install/joy_bridge/share/joy_bridge/package.bash'
[10.014s] INFO:colcon.colcon_core.shell:Creating package script '/home/chino/uvix_ws/install/joy_bridge/share/joy_bridge/package.zsh'
[10.020s] Level 1:colcon.colcon_core.environment:create_file_with_runtime_dependencies(/home/chino/uvix_ws/install/joy_bridge/share/colcon-core/packages/joy_bridge)
[10.030s] Level 1:colcon.colcon_core.environment:checking '/home/chino/uvix_ws/install/Uvix_sim' for CMake module files
[10.034s] DEBUG:colcon.colcon_core.event_handler.log_command:Invoked command in '/home/chino/uvix_ws/src/Uvix_sim' returned '0': PYTHONPATH=/home/chino/uvix_ws/build/Uvix_sim/prefix_override:/usr/lib/python3/dist-packages/colcon_core/task/python/colcon_distutils_commands:/home/chino/uvix_ws/install/Uvix_sim/lib/python3.10/site-packages:${PYTHONPATH} /usr/bin/python3 -W ignore:setup.py install is deprecated -W ignore:easy_install command is deprecated setup.py egg_info --egg-base ../../build/Uvix_sim build --build-base /home/chino/uvix_ws/build/Uvix_sim/build install --record /home/chino/uvix_ws/build/Uvix_sim/install.log --single-version-externally-managed install_data
[10.036s] Level 1:colcon.colcon_core.environment:checking '/home/chino/uvix_ws/install/Uvix_sim' for CMake config files
[10.063s] Level 1:colcon.colcon_core.environment:checking '/home/chino/uvix_ws/install/Uvix_sim/lib'
[10.064s] Level 1:colcon.colcon_core.environment:checking '/home/chino/uvix_ws/install/Uvix_sim/bin'
[10.064s] Level 1:colcon.colcon_core.environment:checking '/home/chino/uvix_ws/install/Uvix_sim/lib/pkgconfig/Uvix_sim.pc'
[10.065s] Level 1:colcon.colcon_core.environment:checking '/home/chino/uvix_ws/install/Uvix_sim/lib/python3.10/site-packages'
[10.065s] Level 1:colcon.colcon_core.shell:create_environment_hook('Uvix_sim', 'pythonpath')
[10.066s] INFO:colcon.colcon_core.shell:Creating environment hook '/home/chino/uvix_ws/install/Uvix_sim/share/Uvix_sim/hook/pythonpath.ps1'
[10.069s] INFO:colcon.colcon_core.shell:Creating environment descriptor '/home/chino/uvix_ws/install/Uvix_sim/share/Uvix_sim/hook/pythonpath.dsv'
[10.073s] INFO:colcon.colcon_core.shell:Creating environment hook '/home/chino/uvix_ws/install/Uvix_sim/share/Uvix_sim/hook/pythonpath.sh'
[10.077s] Level 1:colcon.colcon_core.environment:checking '/home/chino/uvix_ws/install/Uvix_sim/bin'
[10.078s] Level 1:colcon.colcon_core.environment:create_environment_scripts_only(Uvix_sim)
[10.079s] INFO:colcon.colcon_core.shell:Creating package script '/home/chino/uvix_ws/install/Uvix_sim/share/Uvix_sim/package.ps1'
[10.081s] INFO:colcon.colcon_core.shell:Creating package descriptor '/home/chino/uvix_ws/install/Uvix_sim/share/Uvix_sim/package.dsv'
[10.084s] INFO:colcon.colcon_core.shell:Creating package script '/home/chino/uvix_ws/install/Uvix_sim/share/Uvix_sim/package.sh'
[10.087s] INFO:colcon.colcon_core.shell:Creating package script '/home/chino/uvix_ws/install/Uvix_sim/share/Uvix_sim/package.bash'
[10.089s] INFO:colcon.colcon_core.shell:Creating package script '/home/chino/uvix_ws/install/Uvix_sim/share/Uvix_sim/package.zsh'
[10.091s] Level 1:colcon.colcon_core.environment:create_file_with_runtime_dependencies(/home/chino/uvix_ws/install/Uvix_sim/share/colcon-core/packages/Uvix_sim)
[10.098s] Level 1:colcon.colcon_core.environment:checking '/home/chino/uvix_ws/install/bobert_sim' for CMake module files
[10.108s] DEBUG:colcon.colcon_core.event_handler.log_command:Invoked command in '/home/chino/uvix_ws/src/bobert_sim' returned '0': PYTHONPATH=/home/chino/uvix_ws/build/bobert_sim/prefix_override:/usr/lib/python3/dist-packages/colcon_core/task/python/colcon_distutils_commands:/home/chino/uvix_ws/install/bobert_sim/lib/python3.10/site-packages:${PYTHONPATH} /usr/bin/python3 -W ignore:setup.py install is deprecated -W ignore:easy_install command is deprecated setup.py egg_info --egg-base ../../build/bobert_sim build --build-base /home/chino/uvix_ws/build/bobert_sim/build install --record /home/chino/uvix_ws/build/bobert_sim/install.log --single-version-externally-managed install_data
[10.110s] Level 1:colcon.colcon_core.environment:checking '/home/chino/uvix_ws/install/bobert_sim' for CMake config files
[10.146s] Level 1:colcon.colcon_core.environment:checking '/home/chino/uvix_ws/install/bobert_sim/lib'
[10.149s] Level 1:colcon.colcon_core.environment:checking '/home/chino/uvix_ws/install/bobert_sim/bin'
[10.150s] Level 1:colcon.colcon_core.environment:checking '/home/chino/uvix_ws/install/bobert_sim/lib/pkgconfig/bobert_sim.pc'
[10.151s] Level 1:colcon.colcon_core.environment:checking '/home/chino/uvix_ws/install/bobert_sim/lib/python3.10/site-packages'
[10.152s] Level 1:colcon.colcon_core.shell:create_environment_hook('bobert_sim', 'pythonpath')
[10.153s] INFO:colcon.colcon_core.shell:Creating environment hook '/home/chino/uvix_ws/install/bobert_sim/share/bobert_sim/hook/pythonpath.ps1'
[10.156s] INFO:colcon.colcon_core.shell:Creating environment descriptor '/home/chino/uvix_ws/install/bobert_sim/share/bobert_sim/hook/pythonpath.dsv'
[10.159s] INFO:colcon.colcon_core.shell:Creating environment hook '/home/chino/uvix_ws/install/bobert_sim/share/bobert_sim/hook/pythonpath.sh'
[10.161s] Level 1:colcon.colcon_core.environment:checking '/home/chino/uvix_ws/install/bobert_sim/bin'
[10.162s] Level 1:colcon.colcon_core.environment:create_environment_scripts_only(bobert_sim)
[10.165s] INFO:colcon.colcon_core.shell:Creating package script '/home/chino/uvix_ws/install/bobert_sim/share/bobert_sim/package.ps1'
[10.170s] INFO:colcon.colcon_core.shell:Creating package descriptor '/home/chino/uvix_ws/install/bobert_sim/share/bobert_sim/package.dsv'
[10.175s] INFO:colcon.colcon_core.shell:Creating package script '/home/chino/uvix_ws/install/bobert_sim/share/bobert_sim/package.sh'
[10.177s] INFO:colcon.colcon_core.shell:Creating package script '/home/chino/uvix_ws/install/bobert_sim/share/bobert_sim/package.bash'
[10.179s] INFO:colcon.colcon_core.shell:Creating package script '/home/chino/uvix_ws/install/bobert_sim/share/bobert_sim/package.zsh'
[10.182s] Level 1:colcon.colcon_core.environment:create_file_with_runtime_dependencies(/home/chino/uvix_ws/install/bobert_sim/share/colcon-core/packages/bobert_sim)
[10.183s] DEBUG:colcon.colcon_parallel_executor.executor.parallel:closing loop
[10.186s] DEBUG:colcon.colcon_parallel_executor.executor.parallel:loop closed
[10.187s] DEBUG:colcon.colcon_parallel_executor.executor.parallel:run_until_complete finished with '0'
[10.188s] DEBUG:colcon.colcon_core.event_reactor:joining thread
[10.643s] INFO:colcon.colcon_core.plugin_system:Skipping extension 'colcon_notification.desktop_notification.notify_send': Could not find 'notify-send'
[10.644s] INFO:colcon.colcon_core.plugin_system:Skipping extension 'colcon_notification.desktop_notification.terminal_notifier': Not used on non-Darwin systems
[10.644s] INFO:colcon.colcon_core.plugin_system:Skipping extension 'colcon_notification.desktop_notification.win32': Not used on non-Windows systems
[10.644s] INFO:colcon.colcon_notification.desktop_notification:Sending desktop notification using 'notify2'
[10.645s] DEBUG:colcon.colcon_notification.desktop_notification.notify2:Failed to initialize notify2: org.freedesktop.DBus.Error.FileNotFound: Failed to connect to socket /run/user/1000/bus: No such file or directory
[10.645s] DEBUG:colcon.colcon_core.event_reactor:joined thread
[10.646s] INFO:colcon.colcon_core.shell:Creating prefix script '/home/chino/uvix_ws/install/local_setup.ps1'
[10.650s] INFO:colcon.colcon_core.shell:Creating prefix util module '/home/chino/uvix_ws/install/_local_setup_util_ps1.py'
[10.656s] INFO:colcon.colcon_core.shell:Creating prefix chain script '/home/chino/uvix_ws/install/setup.ps1'
[10.661s] INFO:colcon.colcon_core.shell:Creating prefix script '/home/chino/uvix_ws/install/local_setup.sh'
[10.664s] INFO:colcon.colcon_core.shell:Creating prefix util module '/home/chino/uvix_ws/install/_local_setup_util_sh.py'
[10.669s] INFO:colcon.colcon_core.shell:Creating prefix chain script '/home/chino/uvix_ws/install/setup.sh'
[10.674s] INFO:colcon.colcon_core.shell:Creating prefix script '/home/chino/uvix_ws/install/local_setup.bash'
[10.677s] INFO:colcon.colcon_core.shell:Creating prefix chain script '/home/chino/uvix_ws/install/setup.bash'
[10.681s] INFO:colcon.colcon_core.shell:Creating prefix script '/home/chino/uvix_ws/install/local_setup.zsh'
[10.684s] INFO:colcon.colcon_core.shell:Creating prefix chain script '/home/chino/uvix_ws/install/setup.zsh'
