[3.750s] Invoking command in '/home/chino/uvix_ws/build/bobert_sim': PYTHONPATH=/home/chino/uvix_ws/build/bobert_sim/prefix_override:/usr/lib/python3/dist-packages/colcon_core/task/python/colcon_distutils_commands:/home/chino/uvix_ws/install/bobert_sim/lib/python3.10/site-packages:${PYTHONPATH} /usr/bin/python3 -W ignore:setup.py install is deprecated -W ignore:easy_install command is deprecated setup.py develop --editable --build-directory /home/chino/uvix_ws/build/bobert_sim/build --no-deps symlink_data
[4.508s] running develop
[4.988s] running egg_info
[4.989s] creating bobert_sim.egg-info
[4.991s] writing bobert_sim.egg-info/PKG-INFO
[4.992s] writing dependency_links to bobert_sim.egg-info/dependency_links.txt
[4.992s] writing entry points to bobert_sim.egg-info/entry_points.txt
[4.993s] writing requirements to bobert_sim.egg-info/requires.txt
[4.993s] writing top-level names to bobert_sim.egg-info/top_level.txt
[4.994s] writing manifest file 'bobert_sim.egg-info/SOURCES.txt'
[5.005s] reading manifest file 'bobert_sim.egg-info/SOURCES.txt'
[5.012s] writing manifest file 'bobert_sim.egg-info/SOURCES.txt'
[5.017s] running build_ext
[5.017s] Creating /home/chino/uvix_ws/install/bobert_sim/lib/python3.10/site-packages/bobert-sim.egg-link (link to .)
[5.020s] Installing gazebo_ready_watcher script to /home/chino/uvix_ws/install/bobert_sim/lib/bobert_sim
[5.022s] Installing slam_prereq_checker script to /home/chino/uvix_ws/install/bobert_sim/lib/bobert_sim
[5.024s] 
[5.025s] Installed /home/chino/uvix_ws/build/bobert_sim
[5.026s] running symlink_data
[5.027s] creating /home/chino/uvix_ws/install/bobert_sim/share/ament_index
[5.027s] creating /home/chino/uvix_ws/install/bobert_sim/share/ament_index/resource_index
[5.029s] creating /home/chino/uvix_ws/install/bobert_sim/share/ament_index/resource_index/packages
[5.029s] symbolically linking /home/chino/uvix_ws/build/bobert_sim/resource/bobert_sim -> /home/chino/uvix_ws/install/bobert_sim/share/ament_index/resource_index/packages
[5.030s] symbolically linking /home/chino/uvix_ws/build/bobert_sim/package.xml -> /home/chino/uvix_ws/install/bobert_sim/share/bobert_sim
[5.030s] creating /home/chino/uvix_ws/install/bobert_sim/share/bobert_sim/worlds
[5.030s] symbolically linking /home/chino/uvix_ws/build/bobert_sim/worlds/hospital.world -> /home/chino/uvix_ws/install/bobert_sim/share/bobert_sim/worlds
[5.030s] symbolically linking /home/chino/uvix_ws/build/bobert_sim/worlds/hospital_two_floors.world -> /home/chino/uvix_ws/install/bobert_sim/share/bobert_sim/worlds
[5.031s] symbolically linking /home/chino/uvix_ws/build/bobert_sim/worlds/hospital_three_floors.world -> /home/chino/uvix_ws/install/bobert_sim/share/bobert_sim/worlds
[5.031s] creating /home/chino/uvix_ws/install/bobert_sim/share/bobert_sim/meshes
[5.032s] symbolically linking /home/chino/uvix_ws/build/bobert_sim/meshes/base_link.dae -> /home/chino/uvix_ws/install/bobert_sim/share/bobert_sim/meshes
[5.034s] symbolically linking /home/chino/uvix_ws/build/bobert_sim/meshes/base_link.stl -> /home/chino/uvix_ws/install/bobert_sim/share/bobert_sim/meshes
[5.035s] symbolically linking /home/chino/uvix_ws/build/bobert_sim/meshes/rear_caster_link.stl -> /home/chino/uvix_ws/install/bobert_sim/share/bobert_sim/meshes
[5.036s] symbolically linking /home/chino/uvix_ws/build/bobert_sim/meshes/camera_link.stl -> /home/chino/uvix_ws/install/bobert_sim/share/bobert_sim/meshes
[5.037s] symbolically linking /home/chino/uvix_ws/build/bobert_sim/meshes/rear_road_link.stl -> /home/chino/uvix_ws/install/bobert_sim/share/bobert_sim/meshes
[5.038s] symbolically linking /home/chino/uvix_ws/build/bobert_sim/meshes/right_wheel_link.stl -> /home/chino/uvix_ws/install/bobert_sim/share/bobert_sim/meshes
[5.039s] symbolically linking /home/chino/uvix_ws/build/bobert_sim/meshes/imu_link.stl -> /home/chino/uvix_ws/install/bobert_sim/share/bobert_sim/meshes
[5.040s] symbolically linking /home/chino/uvix_ws/build/bobert_sim/meshes/lidar_link.stl -> /home/chino/uvix_ws/install/bobert_sim/share/bobert_sim/meshes
[5.041s] symbolically linking /home/chino/uvix_ws/build/bobert_sim/meshes/front_road_link.stl -> /home/chino/uvix_ws/install/bobert_sim/share/bobert_sim/meshes
[5.041s] symbolically linking /home/chino/uvix_ws/build/bobert_sim/meshes/front_caster_link.stl -> /home/chino/uvix_ws/install/bobert_sim/share/bobert_sim/meshes
[5.041s] symbolically linking /home/chino/uvix_ws/build/bobert_sim/meshes/left_wheel_link.stl -> /home/chino/uvix_ws/install/bobert_sim/share/bobert_sim/meshes
[5.042s] creating /home/chino/uvix_ws/install/bobert_sim/share/bobert_sim/urdf
[5.043s] symbolically linking /home/chino/uvix_ws/build/bobert_sim/urdf/bobert.gazebo -> /home/chino/uvix_ws/install/bobert_sim/share/bobert_sim/urdf
[5.043s] symbolically linking /home/chino/uvix_ws/build/bobert_sim/urdf/materials.xacro -> /home/chino/uvix_ws/install/bobert_sim/share/bobert_sim/urdf
[5.044s] symbolically linking /home/chino/uvix_ws/build/bobert_sim/urdf/bobert.xacro -> /home/chino/uvix_ws/install/bobert_sim/share/bobert_sim/urdf
[5.045s] creating /home/chino/uvix_ws/install/bobert_sim/share/bobert_sim/launch
[5.045s] symbolically linking /home/chino/uvix_ws/build/bobert_sim/launch/sim_launch.py -> /home/chino/uvix_ws/install/bobert_sim/share/bobert_sim/launch
[5.045s] symbolically linking /home/chino/uvix_ws/build/bobert_sim/launch/test_mundo.launch.py -> /home/chino/uvix_ws/install/bobert_sim/share/bobert_sim/launch
[5.047s] creating /home/chino/uvix_ws/install/bobert_sim/share/bobert_sim/config
[5.047s] symbolically linking /home/chino/uvix_ws/build/bobert_sim/config/bobert_controllers.yaml -> /home/chino/uvix_ws/install/bobert_sim/share/bobert_sim/config
[5.049s] symbolically linking /home/chino/uvix_ws/build/bobert_sim/config/main.rviz -> /home/chino/uvix_ws/install/bobert_sim/share/bobert_sim/config
[5.050s] symbolically linking /home/chino/uvix_ws/build/bobert_sim/config/ekf.yaml -> /home/chino/uvix_ws/install/bobert_sim/share/bobert_sim/config
[5.050s] symbolically linking /home/chino/uvix_ws/build/bobert_sim/config/mapper_params_online_async.yaml -> /home/chino/uvix_ws/install/bobert_sim/share/bobert_sim/config
[5.051s] creating /home/chino/uvix_ws/install/bobert_sim/share/bobert_sim/maps
[5.052s] creating /home/chino/uvix_ws/install/bobert_sim/share/bobert_sim/models
[5.054s] creating /home/chino/uvix_ws/install/bobert_sim/share/bobert_sim/models/aws_robomaker_warehouse_ClutteringC_01
[5.055s] symbolically linking /home/chino/uvix_ws/build/bobert_sim/models/aws_robomaker_warehouse_ClutteringC_01/model.config -> /home/chino/uvix_ws/install/bobert_sim/share/bobert_sim/models/aws_robomaker_warehouse_ClutteringC_01
[5.055s] symbolically linking /home/chino/uvix_ws/build/bobert_sim/models/aws_robomaker_warehouse_ClutteringC_01/model.sdf -> /home/chino/uvix_ws/install/bobert_sim/share/bobert_sim/models/aws_robomaker_warehouse_ClutteringC_01
[5.056s] creating /home/chino/uvix_ws/install/bobert_sim/share/bobert_sim/models/aws_robomaker_warehouse_ClutteringC_01/meshes
[5.058s] symbolically linking /home/chino/uvix_ws/build/bobert_sim/models/aws_robomaker_warehouse_ClutteringC_01/meshes/aws_robomaker_warehouse_ClutteringC_01_collision.DAE -> /home/chino/uvix_ws/install/bobert_sim/share/bobert_sim/models/aws_robomaker_warehouse_ClutteringC_01/meshes
[5.058s] symbolically linking /home/chino/uvix_ws/build/bobert_sim/models/aws_robomaker_warehouse_ClutteringC_01/meshes/aws_robomaker_warehouse_ClutteringC_01_visual.DAE -> /home/chino/uvix_ws/install/bobert_sim/share/bobert_sim/models/aws_robomaker_warehouse_ClutteringC_01/meshes
[5.059s] creating /home/chino/uvix_ws/install/bobert_sim/share/bobert_sim/models/aws_robomaker_warehouse_ClutteringC_01/materials
[5.061s] creating /home/chino/uvix_ws/install/bobert_sim/share/bobert_sim/models/aws_robomaker_warehouse_ClutteringC_01/materials/textures
[5.063s] symbolically linking /home/chino/uvix_ws/build/bobert_sim/models/aws_robomaker_warehouse_ClutteringC_01/materials/textures/aws_robomaker_warehouse_ClutteringC_02.png -> /home/chino/uvix_ws/install/bobert_sim/share/bobert_sim/models/aws_robomaker_warehouse_ClutteringC_01/materials/textures
[5.063s] symbolically linking /home/chino/uvix_ws/build/bobert_sim/models/aws_robomaker_warehouse_ClutteringC_01/materials/textures/aws_robomaker_warehouse_ClutteringC_01.png -> /home/chino/uvix_ws/install/bobert_sim/share/bobert_sim/models/aws_robomaker_warehouse_ClutteringC_01/materials/textures
[5.064s] creating /home/chino/uvix_ws/install/bobert_sim/share/bobert_sim/models/aws_robomaker_residential_Sofa_01
[5.066s] symbolically linking /home/chino/uvix_ws/build/bobert_sim/models/aws_robomaker_residential_Sofa_01/model.config -> /home/chino/uvix_ws/install/bobert_sim/share/bobert_sim/models/aws_robomaker_residential_Sofa_01
[5.067s] symbolically linking /home/chino/uvix_ws/build/bobert_sim/models/aws_robomaker_residential_Sofa_01/model.sdf -> /home/chino/uvix_ws/install/bobert_sim/share/bobert_sim/models/aws_robomaker_residential_Sofa_01
[5.068s] creating /home/chino/uvix_ws/install/bobert_sim/share/bobert_sim/models/aws_robomaker_residential_Sofa_01/meshes
[5.070s] symbolically linking /home/chino/uvix_ws/build/bobert_sim/models/aws_robomaker_residential_Sofa_01/meshes/aws_Sofa_01_collision.DAE -> /home/chino/uvix_ws/install/bobert_sim/share/bobert_sim/models/aws_robomaker_residential_Sofa_01/meshes
[5.071s] symbolically linking /home/chino/uvix_ws/build/bobert_sim/models/aws_robomaker_residential_Sofa_01/meshes/aws_Sofa_01.DAE -> /home/chino/uvix_ws/install/bobert_sim/share/bobert_sim/models/aws_robomaker_residential_Sofa_01/meshes
[5.072s] symbolically linking /home/chino/uvix_ws/build/bobert_sim/models/aws_robomaker_residential_Sofa_01/meshes/aws_Sofa_01_visual.DAE -> /home/chino/uvix_ws/install/bobert_sim/share/bobert_sim/models/aws_robomaker_residential_Sofa_01/meshes
[5.073s] creating /home/chino/uvix_ws/install/bobert_sim/share/bobert_sim/models/aws_robomaker_residential_Sofa_01/materials
[5.075s] creating /home/chino/uvix_ws/install/bobert_sim/share/bobert_sim/models/aws_robomaker_residential_Sofa_01/materials/textures
[5.076s] symbolically linking /home/chino/uvix_ws/build/bobert_sim/models/aws_robomaker_residential_Sofa_01/materials/textures/aws_Sofa_01.png -> /home/chino/uvix_ws/install/bobert_sim/share/bobert_sim/models/aws_robomaker_residential_Sofa_01/materials/textures
[5.078s] creating /home/chino/uvix_ws/install/bobert_sim/share/bobert_sim/models/aws_robomaker_hospital_elevator_01_portal
[5.081s] symbolically linking /home/chino/uvix_ws/build/bobert_sim/models/aws_robomaker_hospital_elevator_01_portal/model.config -> /home/chino/uvix_ws/install/bobert_sim/share/bobert_sim/models/aws_robomaker_hospital_elevator_01_portal
[5.082s] symbolically linking /home/chino/uvix_ws/build/bobert_sim/models/aws_robomaker_hospital_elevator_01_portal/model.sdf -> /home/chino/uvix_ws/install/bobert_sim/share/bobert_sim/models/aws_robomaker_hospital_elevator_01_portal
[5.083s] creating /home/chino/uvix_ws/install/bobert_sim/share/bobert_sim/models/aws_robomaker_hospital_elevator_01_portal/meshes
[5.084s] symbolically linking /home/chino/uvix_ws/build/bobert_sim/models/aws_robomaker_hospital_elevator_01_portal/meshes/aws_robomaker_hospital_elevator_01_low.png -> /home/chino/uvix_ws/install/bobert_sim/share/bobert_sim/models/aws_robomaker_hospital_elevator_01_portal/meshes
[5.085s] symbolically linking /home/chino/uvix_ws/build/bobert_sim/models/aws_robomaker_hospital_elevator_01_portal/meshes/aws_robomaker_hospital_elevator_01_portal_collision.dae -> /home/chino/uvix_ws/install/bobert_sim/share/bobert_sim/models/aws_robomaker_hospital_elevator_01_portal/meshes
[5.087s] symbolically linking /home/chino/uvix_ws/build/bobert_sim/models/aws_robomaker_hospital_elevator_01_portal/meshes/aws_robomaker_hospital_elevator_01_visual.png -> /home/chino/uvix_ws/install/bobert_sim/share/bobert_sim/models/aws_robomaker_hospital_elevator_01_portal/meshes
[5.088s] symbolically linking /home/chino/uvix_ws/build/bobert_sim/models/aws_robomaker_hospital_elevator_01_portal/meshes/aws_robomaker_hospital_elevator_01_portal_visual.dae -> /home/chino/uvix_ws/install/bobert_sim/share/bobert_sim/models/aws_robomaker_hospital_elevator_01_portal/meshes
[5.090s] symbolically linking /home/chino/uvix_ws/build/bobert_sim/models/aws_robomaker_hospital_elevator_01_portal/meshes/aws_robomaker_hospital_elevator_01_portal_low.dae -> /home/chino/uvix_ws/install/bobert_sim/share/bobert_sim/models/aws_robomaker_hospital_elevator_01_portal/meshes
[5.091s] symbolically linking /home/chino/uvix_ws/build/bobert_sim/models/aws_robomaker_hospital_elevator_01_portal/meshes/aws_robomaker_hospital_elevator_01_low_normal.png -> /home/chino/uvix_ws/install/bobert_sim/share/bobert_sim/models/aws_robomaker_hospital_elevator_01_portal/meshes
[5.093s] symbolically linking /home/chino/uvix_ws/build/bobert_sim/models/aws_robomaker_hospital_elevator_01_portal/meshes/aws_robomaker_hospital_elevator_01_visual_normal.png -> /home/chino/uvix_ws/install/bobert_sim/share/bobert_sim/models/aws_robomaker_hospital_elevator_01_portal/meshes
[5.094s] creating /home/chino/uvix_ws/install/bobert_sim/share/bobert_sim/models/aws_robomaker_residential_CoffeeTable_01
[5.095s] symbolically linking /home/chino/uvix_ws/build/bobert_sim/models/aws_robomaker_residential_CoffeeTable_01/model.config -> /home/chino/uvix_ws/install/bobert_sim/share/bobert_sim/models/aws_robomaker_residential_CoffeeTable_01
[5.096s] symbolically linking /home/chino/uvix_ws/build/bobert_sim/models/aws_robomaker_residential_CoffeeTable_01/model.sdf -> /home/chino/uvix_ws/install/bobert_sim/share/bobert_sim/models/aws_robomaker_residential_CoffeeTable_01
[5.097s] creating /home/chino/uvix_ws/install/bobert_sim/share/bobert_sim/models/aws_robomaker_residential_CoffeeTable_01/meshes
[5.098s] symbolically linking /home/chino/uvix_ws/build/bobert_sim/models/aws_robomaker_residential_CoffeeTable_01/meshes/aws_CoffeeTable_01_collision.DAE -> /home/chino/uvix_ws/install/bobert_sim/share/bobert_sim/models/aws_robomaker_residential_CoffeeTable_01/meshes
[5.099s] symbolically linking /home/chino/uvix_ws/build/bobert_sim/models/aws_robomaker_residential_CoffeeTable_01/meshes/aws_CoffeeTable_01_visual.DAE -> /home/chino/uvix_ws/install/bobert_sim/share/bobert_sim/models/aws_robomaker_residential_CoffeeTable_01/meshes
[5.100s] creating /home/chino/uvix_ws/install/bobert_sim/share/bobert_sim/models/aws_robomaker_residential_CoffeeTable_01/materials
[5.102s] creating /home/chino/uvix_ws/install/bobert_sim/share/bobert_sim/models/aws_robomaker_residential_CoffeeTable_01/materials/textures
[5.103s] symbolically linking /home/chino/uvix_ws/build/bobert_sim/models/aws_robomaker_residential_CoffeeTable_01/materials/textures/aws_CoffeeTable_01.png -> /home/chino/uvix_ws/install/bobert_sim/share/bobert_sim/models/aws_robomaker_residential_CoffeeTable_01/materials/textures
[5.103s] creating /home/chino/uvix_ws/install/bobert_sim/share/bobert_sim/models/aws_robomaker_hospital_curtain_half_open_01
[5.103s] symbolically linking /home/chino/uvix_ws/build/bobert_sim/models/aws_robomaker_hospital_curtain_half_open_01/model.config -> /home/chino/uvix_ws/install/bobert_sim/share/bobert_sim/models/aws_robomaker_hospital_curtain_half_open_01
[5.105s] symbolically linking /home/chino/uvix_ws/build/bobert_sim/models/aws_robomaker_hospital_curtain_half_open_01/model.sdf -> /home/chino/uvix_ws/install/bobert_sim/share/bobert_sim/models/aws_robomaker_hospital_curtain_half_open_01
[5.106s] creating /home/chino/uvix_ws/install/bobert_sim/share/bobert_sim/models/aws_robomaker_hospital_curtain_half_open_01/meshes
[5.107s] symbolically linking /home/chino/uvix_ws/build/bobert_sim/models/aws_robomaker_hospital_curtain_half_open_01/meshes/aws_robomaker_hospital_curtain_half_open_01_visual_normal.png -> /home/chino/uvix_ws/install/bobert_sim/share/bobert_sim/models/aws_robomaker_hospital_curtain_half_open_01/meshes
[5.107s] symbolically linking /home/chino/uvix_ws/build/bobert_sim/models/aws_robomaker_hospital_curtain_half_open_01/meshes/aws_robomaker_hospital_curtain_half_open_01_low_normal.png -> /home/chino/uvix_ws/install/bobert_sim/share/bobert_sim/models/aws_robomaker_hospital_curtain_half_open_01/meshes
[5.108s] symbolically linking /home/chino/uvix_ws/build/bobert_sim/models/aws_robomaker_hospital_curtain_half_open_01/meshes/aws_robomaker_hospital_curtain_half_open_01_visual.png -> /home/chino/uvix_ws/install/bobert_sim/share/bobert_sim/models/aws_robomaker_hospital_curtain_half_open_01/meshes
[5.109s] symbolically linking /home/chino/uvix_ws/build/bobert_sim/models/aws_robomaker_hospital_curtain_half_open_01/meshes/aws_robomaker_hospital_curtainrail_01_low_normal.png -> /home/chino/uvix_ws/install/bobert_sim/share/bobert_sim/models/aws_robomaker_hospital_curtain_half_open_01/meshes
[5.110s] symbolically linking /home/chino/uvix_ws/build/bobert_sim/models/aws_robomaker_hospital_curtain_half_open_01/meshes/aws_robomaker_hospital_curtain_half_open_01_collision.dae -> /home/chino/uvix_ws/install/bobert_sim/share/bobert_sim/models/aws_robomaker_hospital_curtain_half_open_01/meshes
[5.112s] symbolically linking /home/chino/uvix_ws/build/bobert_sim/models/aws_robomaker_hospital_curtain_half_open_01/meshes/aws_robomaker_hospital_curtain_half_open_01_low.png -> /home/chino/uvix_ws/install/bobert_sim/share/bobert_sim/models/aws_robomaker_hospital_curtain_half_open_01/meshes
[5.112s] symbolically linking /home/chino/uvix_ws/build/bobert_sim/models/aws_robomaker_hospital_curtain_half_open_01/meshes/aws_robomaker_hospital_curtainrail_01_low.png -> /home/chino/uvix_ws/install/bobert_sim/share/bobert_sim/models/aws_robomaker_hospital_curtain_half_open_01/meshes
[5.112s] symbolically linking /home/chino/uvix_ws/build/bobert_sim/models/aws_robomaker_hospital_curtain_half_open_01/meshes/aws_robomaker_hospital_curtain_half_open_01_visual.dae -> /home/chino/uvix_ws/install/bobert_sim/share/bobert_sim/models/aws_robomaker_hospital_curtain_half_open_01/meshes
[5.113s] symbolically linking /home/chino/uvix_ws/build/bobert_sim/models/aws_robomaker_hospital_curtain_half_open_01/meshes/aws_robomaker_hospital_curtainrail_01_visual.png -> /home/chino/uvix_ws/install/bobert_sim/share/bobert_sim/models/aws_robomaker_hospital_curtain_half_open_01/meshes
[5.113s] symbolically linking /home/chino/uvix_ws/build/bobert_sim/models/aws_robomaker_hospital_curtain_half_open_01/meshes/aws_robomaker_hospital_curtainrail_01_visual_normal.png -> /home/chino/uvix_ws/install/bobert_sim/share/bobert_sim/models/aws_robomaker_hospital_curtain_half_open_01/meshes
[5.117s] creating /home/chino/uvix_ws/install/bobert_sim/share/bobert_sim/models/aws_robomaker_hospital_floor_02_floor
[5.118s] symbolically linking /home/chino/uvix_ws/build/bobert_sim/models/aws_robomaker_hospital_floor_02_floor/model.config -> /home/chino/uvix_ws/install/bobert_sim/share/bobert_sim/models/aws_robomaker_hospital_floor_02_floor
[5.120s] symbolically linking /home/chino/uvix_ws/build/bobert_sim/models/aws_robomaker_hospital_floor_02_floor/model.sdf -> /home/chino/uvix_ws/install/bobert_sim/share/bobert_sim/models/aws_robomaker_hospital_floor_02_floor
[5.121s] creating /home/chino/uvix_ws/install/bobert_sim/share/bobert_sim/models/aws_robomaker_hospital_floor_02_floor/meshes
[5.122s] symbolically linking /home/chino/uvix_ws/build/bobert_sim/models/aws_robomaker_hospital_floor_02_floor/meshes/aws_robomaker_hospital_floor_02_floor_collision.dae -> /home/chino/uvix_ws/install/bobert_sim/share/bobert_sim/models/aws_robomaker_hospital_floor_02_floor/meshes
[5.124s] symbolically linking /home/chino/uvix_ws/build/bobert_sim/models/aws_robomaker_hospital_floor_02_floor/meshes/aws_robomaker_hospital_floor_02_floor_normal.png -> /home/chino/uvix_ws/install/bobert_sim/share/bobert_sim/models/aws_robomaker_hospital_floor_02_floor/meshes
[5.125s] symbolically linking /home/chino/uvix_ws/build/bobert_sim/models/aws_robomaker_hospital_floor_02_floor/meshes/aws_robomaker_hospital_floor_02_floor.png -> /home/chino/uvix_ws/install/bobert_sim/share/bobert_sim/models/aws_robomaker_hospital_floor_02_floor/meshes
[5.126s] symbolically linking /home/chino/uvix_ws/build/bobert_sim/models/aws_robomaker_hospital_floor_02_floor/meshes/aws_robomaker_hospital_floor_02_floor_visual.dae -> /home/chino/uvix_ws/install/bobert_sim/share/bobert_sim/models/aws_robomaker_hospital_floor_02_floor/meshes
[5.127s] creating /home/chino/uvix_ws/install/bobert_sim/share/bobert_sim/models/aws_robomaker_hospital_floor_01_walls
[5.128s] symbolically linking /home/chino/uvix_ws/build/bobert_sim/models/aws_robomaker_hospital_floor_01_walls/model.config -> /home/chino/uvix_ws/install/bobert_sim/share/bobert_sim/models/aws_robomaker_hospital_floor_01_walls
[5.129s] symbolically linking /home/chino/uvix_ws/build/bobert_sim/models/aws_robomaker_hospital_floor_01_walls/model.sdf -> /home/chino/uvix_ws/install/bobert_sim/share/bobert_sim/models/aws_robomaker_hospital_floor_01_walls
[5.131s] creating /home/chino/uvix_ws/install/bobert_sim/share/bobert_sim/models/aws_robomaker_hospital_floor_01_walls/meshes
[5.132s] symbolically linking /home/chino/uvix_ws/build/bobert_sim/models/aws_robomaker_hospital_floor_01_walls/meshes/aws_robomaker_hospital_floor_01_doorsign.png -> /home/chino/uvix_ws/install/bobert_sim/share/bobert_sim/models/aws_robomaker_hospital_floor_01_walls/meshes
[5.133s] symbolically linking /home/chino/uvix_ws/build/bobert_sim/models/aws_robomaker_hospital_floor_01_walls/meshes/aws_robomaker_hospital_floor_01_doorframes_small.png -> /home/chino/uvix_ws/install/bobert_sim/share/bobert_sim/models/aws_robomaker_hospital_floor_01_walls/meshes
[5.134s] symbolically linking /home/chino/uvix_ws/build/bobert_sim/models/aws_robomaker_hospital_floor_01_walls/meshes/aws_robomaker_hospital_floor_01_handrail.png -> /home/chino/uvix_ws/install/bobert_sim/share/bobert_sim/models/aws_robomaker_hospital_floor_01_walls/meshes
[5.135s] symbolically linking /home/chino/uvix_ws/build/bobert_sim/models/aws_robomaker_hospital_floor_01_walls/meshes/aws_robomaker_hospital_floor_01_doorframes_big.png -> /home/chino/uvix_ws/install/bobert_sim/share/bobert_sim/models/aws_robomaker_hospital_floor_01_walls/meshes
[5.136s] symbolically linking /home/chino/uvix_ws/build/bobert_sim/models/aws_robomaker_hospital_floor_01_walls/meshes/aws_robomaker_hospital_floor_01_stairs.png -> /home/chino/uvix_ws/install/bobert_sim/share/bobert_sim/models/aws_robomaker_hospital_floor_01_walls/meshes
[5.138s] symbolically linking /home/chino/uvix_ws/build/bobert_sim/models/aws_robomaker_hospital_floor_01_walls/meshes/aws_robomaker_hospital_floor_01_walls_visual.dae -> /home/chino/uvix_ws/install/bobert_sim/share/bobert_sim/models/aws_robomaker_hospital_floor_01_walls/meshes
[5.139s] symbolically linking /home/chino/uvix_ws/build/bobert_sim/models/aws_robomaker_hospital_floor_01_walls/meshes/aws_robomaker_hospital_floor_01_bumprail.png -> /home/chino/uvix_ws/install/bobert_sim/share/bobert_sim/models/aws_robomaker_hospital_floor_01_walls/meshes
[5.140s] symbolically linking /home/chino/uvix_ws/build/bobert_sim/models/aws_robomaker_hospital_floor_01_walls/meshes/aws_robomaker_hospital_floor_01_windows.png -> /home/chino/uvix_ws/install/bobert_sim/share/bobert_sim/models/aws_robomaker_hospital_floor_01_walls/meshes
[5.141s] symbolically linking /home/chino/uvix_ws/build/bobert_sim/models/aws_robomaker_hospital_floor_01_walls/meshes/aws_robomaker_hospital_floor_01_walls_collision.dae -> /home/chino/uvix_ws/install/bobert_sim/share/bobert_sim/models/aws_robomaker_hospital_floor_01_walls/meshes
[5.142s] symbolically linking /home/chino/uvix_ws/build/bobert_sim/models/aws_robomaker_hospital_floor_01_walls/meshes/aws_robomaker_hospital_floor_01_walls.png -> /home/chino/uvix_ws/install/bobert_sim/share/bobert_sim/models/aws_robomaker_hospital_floor_01_walls/meshes
[5.143s] creating /home/chino/uvix_ws/install/bobert_sim/share/bobert_sim/models/aws_robomaker_retail_BookshelfB_01
[5.144s] symbolically linking /home/chino/uvix_ws/build/bobert_sim/models/aws_robomaker_retail_BookshelfB_01/model.config -> /home/chino/uvix_ws/install/bobert_sim/share/bobert_sim/models/aws_robomaker_retail_BookshelfB_01
[5.146s] symbolically linking /home/chino/uvix_ws/build/bobert_sim/models/aws_robomaker_retail_BookshelfB_01/model.sdf -> /home/chino/uvix_ws/install/bobert_sim/share/bobert_sim/models/aws_robomaker_retail_BookshelfB_01
[5.147s] creating /home/chino/uvix_ws/install/bobert_sim/share/bobert_sim/models/aws_robomaker_retail_BookshelfB_01/meshes
[5.148s] symbolically linking /home/chino/uvix_ws/build/bobert_sim/models/aws_robomaker_retail_BookshelfB_01/meshes/aws_BookshelfB_01_collision.DAE -> /home/chino/uvix_ws/install/bobert_sim/share/bobert_sim/models/aws_robomaker_retail_BookshelfB_01/meshes
[5.149s] symbolically linking /home/chino/uvix_ws/build/bobert_sim/models/aws_robomaker_retail_BookshelfB_01/meshes/aws_BookshelfB_01_visual.DAE -> /home/chino/uvix_ws/install/bobert_sim/share/bobert_sim/models/aws_robomaker_retail_BookshelfB_01/meshes
[5.150s] creating /home/chino/uvix_ws/install/bobert_sim/share/bobert_sim/models/aws_robomaker_retail_BookshelfB_01/materials
[5.151s] creating /home/chino/uvix_ws/install/bobert_sim/share/bobert_sim/models/aws_robomaker_retail_BookshelfB_01/materials/textures
[5.153s] symbolically linking /home/chino/uvix_ws/build/bobert_sim/models/aws_robomaker_retail_BookshelfB_01/materials/textures/aws_BookshelfB_02.png -> /home/chino/uvix_ws/install/bobert_sim/share/bobert_sim/models/aws_robomaker_retail_BookshelfB_01/materials/textures
[5.154s] symbolically linking /home/chino/uvix_ws/build/bobert_sim/models/aws_robomaker_retail_BookshelfB_01/materials/textures/aws_BookshelfB_01.png -> /home/chino/uvix_ws/install/bobert_sim/share/bobert_sim/models/aws_robomaker_retail_BookshelfB_01/materials/textures
[5.155s] creating /home/chino/uvix_ws/install/bobert_sim/share/bobert_sim/models/aws_robomaker_residential_PortraitB_01
[5.156s] symbolically linking /home/chino/uvix_ws/build/bobert_sim/models/aws_robomaker_residential_PortraitB_01/model.config -> /home/chino/uvix_ws/install/bobert_sim/share/bobert_sim/models/aws_robomaker_residential_PortraitB_01
[5.158s] symbolically linking /home/chino/uvix_ws/build/bobert_sim/models/aws_robomaker_residential_PortraitB_01/model.sdf -> /home/chino/uvix_ws/install/bobert_sim/share/bobert_sim/models/aws_robomaker_residential_PortraitB_01
[5.159s] creating /home/chino/uvix_ws/install/bobert_sim/share/bobert_sim/models/aws_robomaker_residential_PortraitB_01/meshes
[5.160s] symbolically linking /home/chino/uvix_ws/build/bobert_sim/models/aws_robomaker_residential_PortraitB_01/meshes/aws_PortraitB_01_visual.DAE -> /home/chino/uvix_ws/install/bobert_sim/share/bobert_sim/models/aws_robomaker_residential_PortraitB_01/meshes
[5.161s] symbolically linking /home/chino/uvix_ws/build/bobert_sim/models/aws_robomaker_residential_PortraitB_01/meshes/aws_PortraitB_01_collision.DAE -> /home/chino/uvix_ws/install/bobert_sim/share/bobert_sim/models/aws_robomaker_residential_PortraitB_01/meshes
[5.162s] creating /home/chino/uvix_ws/install/bobert_sim/share/bobert_sim/models/aws_robomaker_residential_PortraitB_01/materials
[5.163s] creating /home/chino/uvix_ws/install/bobert_sim/share/bobert_sim/models/aws_robomaker_residential_PortraitB_01/materials/textures
[5.164s] symbolically linking /home/chino/uvix_ws/build/bobert_sim/models/aws_robomaker_residential_PortraitB_01/materials/textures/aws_PortraitB_02.png -> /home/chino/uvix_ws/install/bobert_sim/share/bobert_sim/models/aws_robomaker_residential_PortraitB_01/materials/textures
[5.166s] symbolically linking /home/chino/uvix_ws/build/bobert_sim/models/aws_robomaker_residential_PortraitB_01/materials/textures/aws_PortraitB_01.png -> /home/chino/uvix_ws/install/bobert_sim/share/bobert_sim/models/aws_robomaker_residential_PortraitB_01/materials/textures
[5.167s] creating /home/chino/uvix_ws/install/bobert_sim/share/bobert_sim/models/aws_robomaker_residential_TV_02
[5.168s] symbolically linking /home/chino/uvix_ws/build/bobert_sim/models/aws_robomaker_residential_TV_02/model.config -> /home/chino/uvix_ws/install/bobert_sim/share/bobert_sim/models/aws_robomaker_residential_TV_02
[5.169s] symbolically linking /home/chino/uvix_ws/build/bobert_sim/models/aws_robomaker_residential_TV_02/model.sdf -> /home/chino/uvix_ws/install/bobert_sim/share/bobert_sim/models/aws_robomaker_residential_TV_02
[5.170s] creating /home/chino/uvix_ws/install/bobert_sim/share/bobert_sim/models/aws_robomaker_residential_TV_02/meshes
[5.171s] symbolically linking /home/chino/uvix_ws/build/bobert_sim/models/aws_robomaker_residential_TV_02/meshes/aws_TV_01_collision.DAE -> /home/chino/uvix_ws/install/bobert_sim/share/bobert_sim/models/aws_robomaker_residential_TV_02/meshes
[5.172s] symbolically linking /home/chino/uvix_ws/build/bobert_sim/models/aws_robomaker_residential_TV_02/meshes/aws_TV_01_visual.DAE -> /home/chino/uvix_ws/install/bobert_sim/share/bobert_sim/models/aws_robomaker_residential_TV_02/meshes
[5.174s] creating /home/chino/uvix_ws/install/bobert_sim/share/bobert_sim/models/aws_robomaker_residential_TV_02/materials
[5.175s] creating /home/chino/uvix_ws/install/bobert_sim/share/bobert_sim/models/aws_robomaker_residential_TV_02/materials/textures
[5.176s] symbolically linking /home/chino/uvix_ws/build/bobert_sim/models/aws_robomaker_residential_TV_02/materials/textures/aws_TV_01.png -> /home/chino/uvix_ws/install/bobert_sim/share/bobert_sim/models/aws_robomaker_residential_TV_02/materials/textures
[5.177s] creating /home/chino/uvix_ws/install/bobert_sim/share/bobert_sim/models/aws_robomaker_residential_Refrigerator_01
[5.178s] symbolically linking /home/chino/uvix_ws/build/bobert_sim/models/aws_robomaker_residential_Refrigerator_01/model.config -> /home/chino/uvix_ws/install/bobert_sim/share/bobert_sim/models/aws_robomaker_residential_Refrigerator_01
[5.179s] symbolically linking /home/chino/uvix_ws/build/bobert_sim/models/aws_robomaker_residential_Refrigerator_01/model.sdf -> /home/chino/uvix_ws/install/bobert_sim/share/bobert_sim/models/aws_robomaker_residential_Refrigerator_01
[5.180s] creating /home/chino/uvix_ws/install/bobert_sim/share/bobert_sim/models/aws_robomaker_residential_Refrigerator_01/meshes
[5.181s] symbolically linking /home/chino/uvix_ws/build/bobert_sim/models/aws_robomaker_residential_Refrigerator_01/meshes/aws_Refrigerator_01.DAE -> /home/chino/uvix_ws/install/bobert_sim/share/bobert_sim/models/aws_robomaker_residential_Refrigerator_01/meshes
[5.183s] symbolically linking /home/chino/uvix_ws/build/bobert_sim/models/aws_robomaker_residential_Refrigerator_01/meshes/aws_Refrigerator_01_collision.DAE -> /home/chino/uvix_ws/install/bobert_sim/share/bobert_sim/models/aws_robomaker_residential_Refrigerator_01/meshes
[5.184s] symbolically linking /home/chino/uvix_ws/build/bobert_sim/models/aws_robomaker_residential_Refrigerator_01/meshes/aws_Refrigerator_01_visual.DAE -> /home/chino/uvix_ws/install/bobert_sim/share/bobert_sim/models/aws_robomaker_residential_Refrigerator_01/meshes
[5.185s] creating /home/chino/uvix_ws/install/bobert_sim/share/bobert_sim/models/aws_robomaker_residential_Refrigerator_01/materials
[5.186s] creating /home/chino/uvix_ws/install/bobert_sim/share/bobert_sim/models/aws_robomaker_residential_Refrigerator_01/materials/textures
[5.187s] symbolically linking /home/chino/uvix_ws/build/bobert_sim/models/aws_robomaker_residential_Refrigerator_01/materials/textures/aws_Refrigerator_01.png -> /home/chino/uvix_ws/install/bobert_sim/share/bobert_sim/models/aws_robomaker_residential_Refrigerator_01/materials/textures
[5.188s] symbolically linking /home/chino/uvix_ws/build/bobert_sim/models/aws_robomaker_residential_Refrigerator_01/materials/textures/aws_Refrigerator_02.png -> /home/chino/uvix_ws/install/bobert_sim/share/bobert_sim/models/aws_robomaker_residential_Refrigerator_01/materials/textures
[5.189s] creating /home/chino/uvix_ws/install/bobert_sim/share/bobert_sim/models/aws_robomaker_hospital_elevator_01_car
[5.190s] symbolically linking /home/chino/uvix_ws/build/bobert_sim/models/aws_robomaker_hospital_elevator_01_car/model.config -> /home/chino/uvix_ws/install/bobert_sim/share/bobert_sim/models/aws_robomaker_hospital_elevator_01_car
[5.192s] symbolically linking /home/chino/uvix_ws/build/bobert_sim/models/aws_robomaker_hospital_elevator_01_car/model.sdf -> /home/chino/uvix_ws/install/bobert_sim/share/bobert_sim/models/aws_robomaker_hospital_elevator_01_car
[5.194s] creating /home/chino/uvix_ws/install/bobert_sim/share/bobert_sim/models/aws_robomaker_hospital_elevator_01_car/meshes
[5.195s] symbolically linking /home/chino/uvix_ws/build/bobert_sim/models/aws_robomaker_hospital_elevator_01_car/meshes/aws_robomaker_hospital_elevator_01_low.png -> /home/chino/uvix_ws/install/bobert_sim/share/bobert_sim/models/aws_robomaker_hospital_elevator_01_car/meshes
[5.196s] symbolically linking /home/chino/uvix_ws/build/bobert_sim/models/aws_robomaker_hospital_elevator_01_car/meshes/aws_robomaker_hospital_elevator_01_car_low.dae -> /home/chino/uvix_ws/install/bobert_sim/share/bobert_sim/models/aws_robomaker_hospital_elevator_01_car/meshes
[5.198s] symbolically linking /home/chino/uvix_ws/build/bobert_sim/models/aws_robomaker_hospital_elevator_01_car/meshes/aws_robomaker_hospital_elevator_01_visual.png -> /home/chino/uvix_ws/install/bobert_sim/share/bobert_sim/models/aws_robomaker_hospital_elevator_01_car/meshes
[5.199s] symbolically linking /home/chino/uvix_ws/build/bobert_sim/models/aws_robomaker_hospital_elevator_01_car/meshes/aws_robomaker_hospital_elevator_01_car_collision.dae -> /home/chino/uvix_ws/install/bobert_sim/share/bobert_sim/models/aws_robomaker_hospital_elevator_01_car/meshes
[5.201s] symbolically linking /home/chino/uvix_ws/build/bobert_sim/models/aws_robomaker_hospital_elevator_01_car/meshes/aws_robomaker_hospital_elevator_01_low_normal.png -> /home/chino/uvix_ws/install/bobert_sim/share/bobert_sim/models/aws_robomaker_hospital_elevator_01_car/meshes
[5.202s] symbolically linking /home/chino/uvix_ws/build/bobert_sim/models/aws_robomaker_hospital_elevator_01_car/meshes/aws_robomaker_hospital_elevator_01_visual_normal.png -> /home/chino/uvix_ws/install/bobert_sim/share/bobert_sim/models/aws_robomaker_hospital_elevator_01_car/meshes
[5.203s] symbolically linking /home/chino/uvix_ws/build/bobert_sim/models/aws_robomaker_hospital_elevator_01_car/meshes/aws_robomaker_hospital_elevator_01_car_visual.dae -> /home/chino/uvix_ws/install/bobert_sim/share/bobert_sim/models/aws_robomaker_hospital_elevator_01_car/meshes
[5.205s] creating /home/chino/uvix_ws/install/bobert_sim/share/bobert_sim/models/aws_robomaker_residential_PortraitB_03
[5.206s] symbolically linking /home/chino/uvix_ws/build/bobert_sim/models/aws_robomaker_residential_PortraitB_03/model.config -> /home/chino/uvix_ws/install/bobert_sim/share/bobert_sim/models/aws_robomaker_residential_PortraitB_03
[5.207s] symbolically linking /home/chino/uvix_ws/build/bobert_sim/models/aws_robomaker_residential_PortraitB_03/model.sdf -> /home/chino/uvix_ws/install/bobert_sim/share/bobert_sim/models/aws_robomaker_residential_PortraitB_03
[5.209s] creating /home/chino/uvix_ws/install/bobert_sim/share/bobert_sim/models/aws_robomaker_residential_PortraitB_03/meshes
[5.211s] symbolically linking /home/chino/uvix_ws/build/bobert_sim/models/aws_robomaker_residential_PortraitB_03/meshes/aws_PortraitB_01_visual.DAE -> /home/chino/uvix_ws/install/bobert_sim/share/bobert_sim/models/aws_robomaker_residential_PortraitB_03/meshes
[5.212s] symbolically linking /home/chino/uvix_ws/build/bobert_sim/models/aws_robomaker_residential_PortraitB_03/meshes/aws_PortraitB_01_collision.DAE -> /home/chino/uvix_ws/install/bobert_sim/share/bobert_sim/models/aws_robomaker_residential_PortraitB_03/meshes
[5.213s] creating /home/chino/uvix_ws/install/bobert_sim/share/bobert_sim/models/aws_robomaker_residential_PortraitB_03/materials
[5.214s] creating /home/chino/uvix_ws/install/bobert_sim/share/bobert_sim/models/aws_robomaker_residential_PortraitB_03/materials/textures
[5.215s] symbolically linking /home/chino/uvix_ws/build/bobert_sim/models/aws_robomaker_residential_PortraitB_03/materials/textures/aws_PortraitB_02.png -> /home/chino/uvix_ws/install/bobert_sim/share/bobert_sim/models/aws_robomaker_residential_PortraitB_03/materials/textures
[5.217s] symbolically linking /home/chino/uvix_ws/build/bobert_sim/models/aws_robomaker_residential_PortraitB_03/materials/textures/aws_PortraitB_01.png -> /home/chino/uvix_ws/install/bobert_sim/share/bobert_sim/models/aws_robomaker_residential_PortraitB_03/materials/textures
[5.218s] creating /home/chino/uvix_ws/install/bobert_sim/share/bobert_sim/models/aws_robomaker_hospital_curtain_closed_01
[5.219s] symbolically linking /home/chino/uvix_ws/build/bobert_sim/models/aws_robomaker_hospital_curtain_closed_01/model.config -> /home/chino/uvix_ws/install/bobert_sim/share/bobert_sim/models/aws_robomaker_hospital_curtain_closed_01
[5.220s] symbolically linking /home/chino/uvix_ws/build/bobert_sim/models/aws_robomaker_hospital_curtain_closed_01/model.sdf -> /home/chino/uvix_ws/install/bobert_sim/share/bobert_sim/models/aws_robomaker_hospital_curtain_closed_01
[5.222s] creating /home/chino/uvix_ws/install/bobert_sim/share/bobert_sim/models/aws_robomaker_hospital_curtain_closed_01/meshes
[5.223s] symbolically linking /home/chino/uvix_ws/build/bobert_sim/models/aws_robomaker_hospital_curtain_closed_01/meshes/aws_robomaker_hospital_curtain_closed_01_visual.png -> /home/chino/uvix_ws/install/bobert_sim/share/bobert_sim/models/aws_robomaker_hospital_curtain_closed_01/meshes
[5.224s] symbolically linking /home/chino/uvix_ws/build/bobert_sim/models/aws_robomaker_hospital_curtain_closed_01/meshes/aws_robomaker_hospital_curtainrail_01_low_normal.png -> /home/chino/uvix_ws/install/bobert_sim/share/bobert_sim/models/aws_robomaker_hospital_curtain_closed_01/meshes
[5.225s] symbolically linking /home/chino/uvix_ws/build/bobert_sim/models/aws_robomaker_hospital_curtain_closed_01/meshes/aws_robomaker_hospital_curtain_closed_01_low.png -> /home/chino/uvix_ws/install/bobert_sim/share/bobert_sim/models/aws_robomaker_hospital_curtain_closed_01/meshes
[5.227s] symbolically linking /home/chino/uvix_ws/build/bobert_sim/models/aws_robomaker_hospital_curtain_closed_01/meshes/aws_robomaker_hospital_curtain_closed_01_low_normal.png -> /home/chino/uvix_ws/install/bobert_sim/share/bobert_sim/models/aws_robomaker_hospital_curtain_closed_01/meshes
[5.228s] symbolically linking /home/chino/uvix_ws/build/bobert_sim/models/aws_robomaker_hospital_curtain_closed_01/meshes/aws_robomaker_hospital_curtain_closed_01_visual_normal.png -> /home/chino/uvix_ws/install/bobert_sim/share/bobert_sim/models/aws_robomaker_hospital_curtain_closed_01/meshes
[5.229s] symbolically linking /home/chino/uvix_ws/build/bobert_sim/models/aws_robomaker_hospital_curtain_closed_01/meshes/aws_robomaker_hospital_curtain_closed_01_collision.dae -> /home/chino/uvix_ws/install/bobert_sim/share/bobert_sim/models/aws_robomaker_hospital_curtain_closed_01/meshes
[5.230s] symbolically linking /home/chino/uvix_ws/build/bobert_sim/models/aws_robomaker_hospital_curtain_closed_01/meshes/aws_robomaker_hospital_curtainrail_01_low.png -> /home/chino/uvix_ws/install/bobert_sim/share/bobert_sim/models/aws_robomaker_hospital_curtain_closed_01/meshes
[5.231s] symbolically linking /home/chino/uvix_ws/build/bobert_sim/models/aws_robomaker_hospital_curtain_closed_01/meshes/aws_robomaker_hospital_curtainrail_01_visual.png -> /home/chino/uvix_ws/install/bobert_sim/share/bobert_sim/models/aws_robomaker_hospital_curtain_closed_01/meshes
[5.232s] symbolically linking /home/chino/uvix_ws/build/bobert_sim/models/aws_robomaker_hospital_curtain_closed_01/meshes/aws_robomaker_hospital_curtain_closed_01_visual.dae -> /home/chino/uvix_ws/install/bobert_sim/share/bobert_sim/models/aws_robomaker_hospital_curtain_closed_01/meshes
[5.234s] symbolically linking /home/chino/uvix_ws/build/bobert_sim/models/aws_robomaker_hospital_curtain_closed_01/meshes/aws_robomaker_hospital_curtainrail_01_visual_normal.png -> /home/chino/uvix_ws/install/bobert_sim/share/bobert_sim/models/aws_robomaker_hospital_curtain_closed_01/meshes
[5.235s] creating /home/chino/uvix_ws/install/bobert_sim/share/bobert_sim/models/aws_robomaker_residential_PortraitD_02
[5.236s] symbolically linking /home/chino/uvix_ws/build/bobert_sim/models/aws_robomaker_residential_PortraitD_02/model.config -> /home/chino/uvix_ws/install/bobert_sim/share/bobert_sim/models/aws_robomaker_residential_PortraitD_02
[5.238s] symbolically linking /home/chino/uvix_ws/build/bobert_sim/models/aws_robomaker_residential_PortraitD_02/model.sdf -> /home/chino/uvix_ws/install/bobert_sim/share/bobert_sim/models/aws_robomaker_residential_PortraitD_02
[5.239s] creating /home/chino/uvix_ws/install/bobert_sim/share/bobert_sim/models/aws_robomaker_residential_PortraitD_02/meshes
[5.240s] symbolically linking /home/chino/uvix_ws/build/bobert_sim/models/aws_robomaker_residential_PortraitD_02/meshes/aws_PortraitD_01_visual.DAE -> /home/chino/uvix_ws/install/bobert_sim/share/bobert_sim/models/aws_robomaker_residential_PortraitD_02/meshes
[5.242s] symbolically linking /home/chino/uvix_ws/build/bobert_sim/models/aws_robomaker_residential_PortraitD_02/meshes/aws_PortraitD_01_collision.DAE -> /home/chino/uvix_ws/install/bobert_sim/share/bobert_sim/models/aws_robomaker_residential_PortraitD_02/meshes
[5.243s] creating /home/chino/uvix_ws/install/bobert_sim/share/bobert_sim/models/aws_robomaker_residential_PortraitD_02/materials
[5.245s] creating /home/chino/uvix_ws/install/bobert_sim/share/bobert_sim/models/aws_robomaker_residential_PortraitD_02/materials/textures
[5.246s] symbolically linking /home/chino/uvix_ws/build/bobert_sim/models/aws_robomaker_residential_PortraitD_02/materials/textures/aws_PortraitD_02.png -> /home/chino/uvix_ws/install/bobert_sim/share/bobert_sim/models/aws_robomaker_residential_PortraitD_02/materials/textures
[5.247s] symbolically linking /home/chino/uvix_ws/build/bobert_sim/models/aws_robomaker_residential_PortraitD_02/materials/textures/aws_PortraitD_01.png -> /home/chino/uvix_ws/install/bobert_sim/share/bobert_sim/models/aws_robomaker_residential_PortraitD_02/materials/textures
[5.249s] creating /home/chino/uvix_ws/install/bobert_sim/share/bobert_sim/models/aws_robomaker_residential_Carpet_01
[5.250s] symbolically linking /home/chino/uvix_ws/build/bobert_sim/models/aws_robomaker_residential_Carpet_01/model.config -> /home/chino/uvix_ws/install/bobert_sim/share/bobert_sim/models/aws_robomaker_residential_Carpet_01
[5.251s] symbolically linking /home/chino/uvix_ws/build/bobert_sim/models/aws_robomaker_residential_Carpet_01/model.sdf -> /home/chino/uvix_ws/install/bobert_sim/share/bobert_sim/models/aws_robomaker_residential_Carpet_01
[5.253s] creating /home/chino/uvix_ws/install/bobert_sim/share/bobert_sim/models/aws_robomaker_residential_Carpet_01/meshes
[5.254s] symbolically linking /home/chino/uvix_ws/build/bobert_sim/models/aws_robomaker_residential_Carpet_01/meshes/aws_Carpet_01_collision.DAE -> /home/chino/uvix_ws/install/bobert_sim/share/bobert_sim/models/aws_robomaker_residential_Carpet_01/meshes
[5.255s] symbolically linking /home/chino/uvix_ws/build/bobert_sim/models/aws_robomaker_residential_Carpet_01/meshes/aws_Carpet_01_visual.DAE -> /home/chino/uvix_ws/install/bobert_sim/share/bobert_sim/models/aws_robomaker_residential_Carpet_01/meshes
[5.256s] creating /home/chino/uvix_ws/install/bobert_sim/share/bobert_sim/models/aws_robomaker_residential_Carpet_01/materials
[5.257s] creating /home/chino/uvix_ws/install/bobert_sim/share/bobert_sim/models/aws_robomaker_residential_Carpet_01/materials/textures
[5.259s] symbolically linking /home/chino/uvix_ws/build/bobert_sim/models/aws_robomaker_residential_Carpet_01/materials/textures/aws_Carpet_01.png -> /home/chino/uvix_ws/install/bobert_sim/share/bobert_sim/models/aws_robomaker_residential_Carpet_01/materials/textures
[5.260s] creating /home/chino/uvix_ws/install/bobert_sim/share/bobert_sim/models/aws_robomaker_residential_PortraitD_01
[5.261s] symbolically linking /home/chino/uvix_ws/build/bobert_sim/models/aws_robomaker_residential_PortraitD_01/model.config -> /home/chino/uvix_ws/install/bobert_sim/share/bobert_sim/models/aws_robomaker_residential_PortraitD_01
[5.263s] symbolically linking /home/chino/uvix_ws/build/bobert_sim/models/aws_robomaker_residential_PortraitD_01/model.sdf -> /home/chino/uvix_ws/install/bobert_sim/share/bobert_sim/models/aws_robomaker_residential_PortraitD_01
[5.264s] creating /home/chino/uvix_ws/install/bobert_sim/share/bobert_sim/models/aws_robomaker_residential_PortraitD_01/meshes
[5.266s] symbolically linking /home/chino/uvix_ws/build/bobert_sim/models/aws_robomaker_residential_PortraitD_01/meshes/aws_PortraitD_01_visual.DAE -> /home/chino/uvix_ws/install/bobert_sim/share/bobert_sim/models/aws_robomaker_residential_PortraitD_01/meshes
[5.268s] symbolically linking /home/chino/uvix_ws/build/bobert_sim/models/aws_robomaker_residential_PortraitD_01/meshes/aws_PortraitD_01_collision.DAE -> /home/chino/uvix_ws/install/bobert_sim/share/bobert_sim/models/aws_robomaker_residential_PortraitD_01/meshes
[5.269s] creating /home/chino/uvix_ws/install/bobert_sim/share/bobert_sim/models/aws_robomaker_residential_PortraitD_01/materials
[5.271s] creating /home/chino/uvix_ws/install/bobert_sim/share/bobert_sim/models/aws_robomaker_residential_PortraitD_01/materials/textures
[5.273s] symbolically linking /home/chino/uvix_ws/build/bobert_sim/models/aws_robomaker_residential_PortraitD_01/materials/textures/aws_PortraitD_02.png -> /home/chino/uvix_ws/install/bobert_sim/share/bobert_sim/models/aws_robomaker_residential_PortraitD_01/materials/textures
[5.274s] symbolically linking /home/chino/uvix_ws/build/bobert_sim/models/aws_robomaker_residential_PortraitD_01/materials/textures/aws_PortraitD_01.png -> /home/chino/uvix_ws/install/bobert_sim/share/bobert_sim/models/aws_robomaker_residential_PortraitD_01/materials/textures
[5.275s] creating /home/chino/uvix_ws/install/bobert_sim/share/bobert_sim/models/aws_robomaker_residential_Trash_01
[5.277s] symbolically linking /home/chino/uvix_ws/build/bobert_sim/models/aws_robomaker_residential_Trash_01/model.config -> /home/chino/uvix_ws/install/bobert_sim/share/bobert_sim/models/aws_robomaker_residential_Trash_01
[5.279s] symbolically linking /home/chino/uvix_ws/build/bobert_sim/models/aws_robomaker_residential_Trash_01/model.sdf -> /home/chino/uvix_ws/install/bobert_sim/share/bobert_sim/models/aws_robomaker_residential_Trash_01
[5.281s] creating /home/chino/uvix_ws/install/bobert_sim/share/bobert_sim/models/aws_robomaker_residential_Trash_01/meshes
[5.282s] symbolically linking /home/chino/uvix_ws/build/bobert_sim/models/aws_robomaker_residential_Trash_01/meshes/aws_Trash_01_collision.DAE -> /home/chino/uvix_ws/install/bobert_sim/share/bobert_sim/models/aws_robomaker_residential_Trash_01/meshes
[5.283s] symbolically linking /home/chino/uvix_ws/build/bobert_sim/models/aws_robomaker_residential_Trash_01/meshes/aws_Trash_01_visual.DAE -> /home/chino/uvix_ws/install/bobert_sim/share/bobert_sim/models/aws_robomaker_residential_Trash_01/meshes
[5.284s] creating /home/chino/uvix_ws/install/bobert_sim/share/bobert_sim/models/aws_robomaker_residential_Trash_01/materials
[5.286s] creating /home/chino/uvix_ws/install/bobert_sim/share/bobert_sim/models/aws_robomaker_residential_Trash_01/materials/textures
[5.288s] symbolically linking /home/chino/uvix_ws/build/bobert_sim/models/aws_robomaker_residential_Trash_01/materials/textures/aws_Trash_01.png -> /home/chino/uvix_ws/install/bobert_sim/share/bobert_sim/models/aws_robomaker_residential_Trash_01/materials/textures
[5.290s] creating /home/chino/uvix_ws/install/bobert_sim/share/bobert_sim/models/aws_robomaker_residential_PortraitA_01
[5.291s] symbolically linking /home/chino/uvix_ws/build/bobert_sim/models/aws_robomaker_residential_PortraitA_01/model.config -> /home/chino/uvix_ws/install/bobert_sim/share/bobert_sim/models/aws_robomaker_residential_PortraitA_01
[5.292s] symbolically linking /home/chino/uvix_ws/build/bobert_sim/models/aws_robomaker_residential_PortraitA_01/model.sdf -> /home/chino/uvix_ws/install/bobert_sim/share/bobert_sim/models/aws_robomaker_residential_PortraitA_01
[5.293s] creating /home/chino/uvix_ws/install/bobert_sim/share/bobert_sim/models/aws_robomaker_residential_PortraitA_01/meshes
[5.295s] symbolically linking /home/chino/uvix_ws/build/bobert_sim/models/aws_robomaker_residential_PortraitA_01/meshes/aws_PortraitA_01_collision.DAE -> /home/chino/uvix_ws/install/bobert_sim/share/bobert_sim/models/aws_robomaker_residential_PortraitA_01/meshes
[5.298s] symbolically linking /home/chino/uvix_ws/build/bobert_sim/models/aws_robomaker_residential_PortraitA_01/meshes/aws_PortraitA_01_visual.DAE -> /home/chino/uvix_ws/install/bobert_sim/share/bobert_sim/models/aws_robomaker_residential_PortraitA_01/meshes
[5.299s] creating /home/chino/uvix_ws/install/bobert_sim/share/bobert_sim/models/aws_robomaker_residential_PortraitA_01/materials
[5.301s] creating /home/chino/uvix_ws/install/bobert_sim/share/bobert_sim/models/aws_robomaker_residential_PortraitA_01/materials/textures
[5.303s] symbolically linking /home/chino/uvix_ws/build/bobert_sim/models/aws_robomaker_residential_PortraitA_01/materials/textures/aws_PortraitA_02.png -> /home/chino/uvix_ws/install/bobert_sim/share/bobert_sim/models/aws_robomaker_residential_PortraitA_01/materials/textures
[5.305s] symbolically linking /home/chino/uvix_ws/build/bobert_sim/models/aws_robomaker_residential_PortraitA_01/materials/textures/aws_PortraitA_01.png -> /home/chino/uvix_ws/install/bobert_sim/share/bobert_sim/models/aws_robomaker_residential_PortraitA_01/materials/textures
[5.306s] creating /home/chino/uvix_ws/install/bobert_sim/share/bobert_sim/models/aws_robomaker_hospital_floor_01_ceiling
[5.308s] symbolically linking /home/chino/uvix_ws/build/bobert_sim/models/aws_robomaker_hospital_floor_01_ceiling/model.config -> /home/chino/uvix_ws/install/bobert_sim/share/bobert_sim/models/aws_robomaker_hospital_floor_01_ceiling
[5.309s] symbolically linking /home/chino/uvix_ws/build/bobert_sim/models/aws_robomaker_hospital_floor_01_ceiling/model.sdf -> /home/chino/uvix_ws/install/bobert_sim/share/bobert_sim/models/aws_robomaker_hospital_floor_01_ceiling
[5.311s] creating /home/chino/uvix_ws/install/bobert_sim/share/bobert_sim/models/aws_robomaker_hospital_floor_01_ceiling/meshes
[5.313s] symbolically linking /home/chino/uvix_ws/build/bobert_sim/models/aws_robomaker_hospital_floor_01_ceiling/meshes/aws_robomaker_hospital_floor_01_ceiling.png -> /home/chino/uvix_ws/install/bobert_sim/share/bobert_sim/models/aws_robomaker_hospital_floor_01_ceiling/meshes
[5.314s] symbolically linking /home/chino/uvix_ws/build/bobert_sim/models/aws_robomaker_hospital_floor_01_ceiling/meshes/aws_robomaker_hospital_floor_01_ceiling_normal.png -> /home/chino/uvix_ws/install/bobert_sim/share/bobert_sim/models/aws_robomaker_hospital_floor_01_ceiling/meshes
[5.315s] symbolically linking /home/chino/uvix_ws/build/bobert_sim/models/aws_robomaker_hospital_floor_01_ceiling/meshes/aws_robomaker_hospital_floor_01_ceiling_collision.dae -> /home/chino/uvix_ws/install/bobert_sim/share/bobert_sim/models/aws_robomaker_hospital_floor_01_ceiling/meshes
[5.317s] symbolically linking /home/chino/uvix_ws/build/bobert_sim/models/aws_robomaker_hospital_floor_01_ceiling/meshes/aws_robomaker_hospital_floor_01_ceiling_visual.dae -> /home/chino/uvix_ws/install/bobert_sim/share/bobert_sim/models/aws_robomaker_hospital_floor_01_ceiling/meshes
[5.318s] creating /home/chino/uvix_ws/install/bobert_sim/share/bobert_sim/models/aws_robomaker_residential_PortraitE_01
[5.320s] symbolically linking /home/chino/uvix_ws/build/bobert_sim/models/aws_robomaker_residential_PortraitE_01/model.config -> /home/chino/uvix_ws/install/bobert_sim/share/bobert_sim/models/aws_robomaker_residential_PortraitE_01
[5.321s] symbolically linking /home/chino/uvix_ws/build/bobert_sim/models/aws_robomaker_residential_PortraitE_01/model.sdf -> /home/chino/uvix_ws/install/bobert_sim/share/bobert_sim/models/aws_robomaker_residential_PortraitE_01
[5.323s] creating /home/chino/uvix_ws/install/bobert_sim/share/bobert_sim/models/aws_robomaker_residential_PortraitE_01/meshes
[5.324s] symbolically linking /home/chino/uvix_ws/build/bobert_sim/models/aws_robomaker_residential_PortraitE_01/meshes/aws_PortraitE_01_collision.DAE -> /home/chino/uvix_ws/install/bobert_sim/share/bobert_sim/models/aws_robomaker_residential_PortraitE_01/meshes
[5.326s] symbolically linking /home/chino/uvix_ws/build/bobert_sim/models/aws_robomaker_residential_PortraitE_01/meshes/aws_PortraitE_01_visual.DAE -> /home/chino/uvix_ws/install/bobert_sim/share/bobert_sim/models/aws_robomaker_residential_PortraitE_01/meshes
[5.327s] creating /home/chino/uvix_ws/install/bobert_sim/share/bobert_sim/models/aws_robomaker_residential_PortraitE_01/materials
[5.328s] creating /home/chino/uvix_ws/install/bobert_sim/share/bobert_sim/models/aws_robomaker_residential_PortraitE_01/materials/textures
[5.330s] symbolically linking /home/chino/uvix_ws/build/bobert_sim/models/aws_robomaker_residential_PortraitE_01/materials/textures/aws_PortraitE_01.png -> /home/chino/uvix_ws/install/bobert_sim/share/bobert_sim/models/aws_robomaker_residential_PortraitE_01/materials/textures
[5.331s] symbolically linking /home/chino/uvix_ws/build/bobert_sim/models/aws_robomaker_residential_PortraitE_01/materials/textures/aws_PortraitE_02.png -> /home/chino/uvix_ws/install/bobert_sim/share/bobert_sim/models/aws_robomaker_residential_PortraitE_01/materials/textures
[5.332s] creating /home/chino/uvix_ws/install/bobert_sim/share/bobert_sim/models/aws_robomaker_residential_PortraitA_02
[5.333s] symbolically linking /home/chino/uvix_ws/build/bobert_sim/models/aws_robomaker_residential_PortraitA_02/model.config -> /home/chino/uvix_ws/install/bobert_sim/share/bobert_sim/models/aws_robomaker_residential_PortraitA_02
[5.334s] symbolically linking /home/chino/uvix_ws/build/bobert_sim/models/aws_robomaker_residential_PortraitA_02/model.sdf -> /home/chino/uvix_ws/install/bobert_sim/share/bobert_sim/models/aws_robomaker_residential_PortraitA_02
[5.335s] creating /home/chino/uvix_ws/install/bobert_sim/share/bobert_sim/models/aws_robomaker_residential_PortraitA_02/meshes
[5.337s] symbolically linking /home/chino/uvix_ws/build/bobert_sim/models/aws_robomaker_residential_PortraitA_02/meshes/aws_PortraitA_01_collision.DAE -> /home/chino/uvix_ws/install/bobert_sim/share/bobert_sim/models/aws_robomaker_residential_PortraitA_02/meshes
[5.338s] symbolically linking /home/chino/uvix_ws/build/bobert_sim/models/aws_robomaker_residential_PortraitA_02/meshes/aws_PortraitA_01_visual.DAE -> /home/chino/uvix_ws/install/bobert_sim/share/bobert_sim/models/aws_robomaker_residential_PortraitA_02/meshes
[5.340s] creating /home/chino/uvix_ws/install/bobert_sim/share/bobert_sim/models/aws_robomaker_residential_PortraitA_02/materials
[5.341s] creating /home/chino/uvix_ws/install/bobert_sim/share/bobert_sim/models/aws_robomaker_residential_PortraitA_02/materials/textures
[5.343s] symbolically linking /home/chino/uvix_ws/build/bobert_sim/models/aws_robomaker_residential_PortraitA_02/materials/textures/aws_PortraitA_02.png -> /home/chino/uvix_ws/install/bobert_sim/share/bobert_sim/models/aws_robomaker_residential_PortraitA_02/materials/textures
[5.344s] symbolically linking /home/chino/uvix_ws/build/bobert_sim/models/aws_robomaker_residential_PortraitA_02/materials/textures/aws_PortraitA_01.png -> /home/chino/uvix_ws/install/bobert_sim/share/bobert_sim/models/aws_robomaker_residential_PortraitA_02/materials/textures
[5.345s] creating /home/chino/uvix_ws/install/bobert_sim/share/bobert_sim/models/aws_robomaker_residential_PortraitE_02
[5.348s] symbolically linking /home/chino/uvix_ws/build/bobert_sim/models/aws_robomaker_residential_PortraitE_02/model.config -> /home/chino/uvix_ws/install/bobert_sim/share/bobert_sim/models/aws_robomaker_residential_PortraitE_02
[5.350s] symbolically linking /home/chino/uvix_ws/build/bobert_sim/models/aws_robomaker_residential_PortraitE_02/model.sdf -> /home/chino/uvix_ws/install/bobert_sim/share/bobert_sim/models/aws_robomaker_residential_PortraitE_02
[5.352s] creating /home/chino/uvix_ws/install/bobert_sim/share/bobert_sim/models/aws_robomaker_residential_PortraitE_02/meshes
[5.354s] symbolically linking /home/chino/uvix_ws/build/bobert_sim/models/aws_robomaker_residential_PortraitE_02/meshes/aws_PortraitE_01_collision.DAE -> /home/chino/uvix_ws/install/bobert_sim/share/bobert_sim/models/aws_robomaker_residential_PortraitE_02/meshes
[5.356s] symbolically linking /home/chino/uvix_ws/build/bobert_sim/models/aws_robomaker_residential_PortraitE_02/meshes/aws_PortraitE_01_visual.DAE -> /home/chino/uvix_ws/install/bobert_sim/share/bobert_sim/models/aws_robomaker_residential_PortraitE_02/meshes
[5.358s] creating /home/chino/uvix_ws/install/bobert_sim/share/bobert_sim/models/aws_robomaker_residential_PortraitE_02/materials
[5.360s] creating /home/chino/uvix_ws/install/bobert_sim/share/bobert_sim/models/aws_robomaker_residential_PortraitE_02/materials/textures
[5.361s] symbolically linking /home/chino/uvix_ws/build/bobert_sim/models/aws_robomaker_residential_PortraitE_02/materials/textures/aws_PortraitE_01.png -> /home/chino/uvix_ws/install/bobert_sim/share/bobert_sim/models/aws_robomaker_residential_PortraitE_02/materials/textures
[5.362s] symbolically linking /home/chino/uvix_ws/build/bobert_sim/models/aws_robomaker_residential_PortraitE_02/materials/textures/aws_PortraitE_02.png -> /home/chino/uvix_ws/install/bobert_sim/share/bobert_sim/models/aws_robomaker_residential_PortraitE_02/materials/textures
[5.364s] creating /home/chino/uvix_ws/install/bobert_sim/share/bobert_sim/models/aws_robomaker_hospital_curtain_open_01
[5.366s] symbolically linking /home/chino/uvix_ws/build/bobert_sim/models/aws_robomaker_hospital_curtain_open_01/model.config -> /home/chino/uvix_ws/install/bobert_sim/share/bobert_sim/models/aws_robomaker_hospital_curtain_open_01
[5.367s] symbolically linking /home/chino/uvix_ws/build/bobert_sim/models/aws_robomaker_hospital_curtain_open_01/model.sdf -> /home/chino/uvix_ws/install/bobert_sim/share/bobert_sim/models/aws_robomaker_hospital_curtain_open_01
[5.368s] creating /home/chino/uvix_ws/install/bobert_sim/share/bobert_sim/models/aws_robomaker_hospital_curtain_open_01/meshes
[5.370s] symbolically linking /home/chino/uvix_ws/build/bobert_sim/models/aws_robomaker_hospital_curtain_open_01/meshes/aws_robomaker_hospital_curtain_open_01_visual_normal.png -> /home/chino/uvix_ws/install/bobert_sim/share/bobert_sim/models/aws_robomaker_hospital_curtain_open_01/meshes
[5.371s] symbolically linking /home/chino/uvix_ws/build/bobert_sim/models/aws_robomaker_hospital_curtain_open_01/meshes/aws_robomaker_hospital_curtain_open_01_low_normal.png -> /home/chino/uvix_ws/install/bobert_sim/share/bobert_sim/models/aws_robomaker_hospital_curtain_open_01/meshes
[5.372s] symbolically linking /home/chino/uvix_ws/build/bobert_sim/models/aws_robomaker_hospital_curtain_open_01/meshes/aws_robomaker_hospital_curtainrail_01_low_normal.png -> /home/chino/uvix_ws/install/bobert_sim/share/bobert_sim/models/aws_robomaker_hospital_curtain_open_01/meshes
[5.374s] symbolically linking /home/chino/uvix_ws/build/bobert_sim/models/aws_robomaker_hospital_curtain_open_01/meshes/aws_robomaker_hospital_curtain_open_01_collision.dae -> /home/chino/uvix_ws/install/bobert_sim/share/bobert_sim/models/aws_robomaker_hospital_curtain_open_01/meshes
[5.375s] symbolically linking /home/chino/uvix_ws/build/bobert_sim/models/aws_robomaker_hospital_curtain_open_01/meshes/aws_robomaker_hospital_curtain_open_01_visual.dae -> /home/chino/uvix_ws/install/bobert_sim/share/bobert_sim/models/aws_robomaker_hospital_curtain_open_01/meshes
[5.377s] symbolically linking /home/chino/uvix_ws/build/bobert_sim/models/aws_robomaker_hospital_curtain_open_01/meshes/aws_robomaker_hospital_curtain_open_01_visual.png -> /home/chino/uvix_ws/install/bobert_sim/share/bobert_sim/models/aws_robomaker_hospital_curtain_open_01/meshes
[5.378s] symbolically linking /home/chino/uvix_ws/build/bobert_sim/models/aws_robomaker_hospital_curtain_open_01/meshes/aws_robomaker_hospital_curtainrail_01_low.png -> /home/chino/uvix_ws/install/bobert_sim/share/bobert_sim/models/aws_robomaker_hospital_curtain_open_01/meshes
[5.379s] symbolically linking /home/chino/uvix_ws/build/bobert_sim/models/aws_robomaker_hospital_curtain_open_01/meshes/aws_robomaker_hospital_curtain_open_01_low.png -> /home/chino/uvix_ws/install/bobert_sim/share/bobert_sim/models/aws_robomaker_hospital_curtain_open_01/meshes
[5.381s] symbolically linking /home/chino/uvix_ws/build/bobert_sim/models/aws_robomaker_hospital_curtain_open_01/meshes/aws_robomaker_hospital_curtainrail_01_visual.png -> /home/chino/uvix_ws/install/bobert_sim/share/bobert_sim/models/aws_robomaker_hospital_curtain_open_01/meshes
[5.382s] symbolically linking /home/chino/uvix_ws/build/bobert_sim/models/aws_robomaker_hospital_curtain_open_01/meshes/aws_robomaker_hospital_curtainrail_01_visual_normal.png -> /home/chino/uvix_ws/install/bobert_sim/share/bobert_sim/models/aws_robomaker_hospital_curtain_open_01/meshes
[5.383s] creating /home/chino/uvix_ws/install/bobert_sim/share/bobert_sim/models/aws_robomaker_residential_KitchenCabinet_01
[5.384s] symbolically linking /home/chino/uvix_ws/build/bobert_sim/models/aws_robomaker_residential_KitchenCabinet_01/model.config -> /home/chino/uvix_ws/install/bobert_sim/share/bobert_sim/models/aws_robomaker_residential_KitchenCabinet_01
[5.386s] symbolically linking /home/chino/uvix_ws/build/bobert_sim/models/aws_robomaker_residential_KitchenCabinet_01/model.sdf -> /home/chino/uvix_ws/install/bobert_sim/share/bobert_sim/models/aws_robomaker_residential_KitchenCabinet_01
[5.387s] creating /home/chino/uvix_ws/install/bobert_sim/share/bobert_sim/models/aws_robomaker_residential_KitchenCabinet_01/meshes
[5.388s] symbolically linking /home/chino/uvix_ws/build/bobert_sim/models/aws_robomaker_residential_KitchenCabinet_01/meshes/aws_KitchenCabinet_01_collision.DAE -> /home/chino/uvix_ws/install/bobert_sim/share/bobert_sim/models/aws_robomaker_residential_KitchenCabinet_01/meshes
[5.390s] symbolically linking /home/chino/uvix_ws/build/bobert_sim/models/aws_robomaker_residential_KitchenCabinet_01/meshes/aws_KitchenCabinet_01_visual.DAE -> /home/chino/uvix_ws/install/bobert_sim/share/bobert_sim/models/aws_robomaker_residential_KitchenCabinet_01/meshes
[5.391s] creating /home/chino/uvix_ws/install/bobert_sim/share/bobert_sim/models/aws_robomaker_residential_KitchenCabinet_01/materials
[5.393s] creating /home/chino/uvix_ws/install/bobert_sim/share/bobert_sim/models/aws_robomaker_residential_KitchenCabinet_01/materials/textures
[5.394s] symbolically linking /home/chino/uvix_ws/build/bobert_sim/models/aws_robomaker_residential_KitchenCabinet_01/materials/textures/aws_KitchenCabinet_01.png -> /home/chino/uvix_ws/install/bobert_sim/share/bobert_sim/models/aws_robomaker_residential_KitchenCabinet_01/materials/textures
[5.395s] creating /home/chino/uvix_ws/install/bobert_sim/share/bobert_sim/models/aws_robomaker_hospital_nursesstation_01
[5.397s] symbolically linking /home/chino/uvix_ws/build/bobert_sim/models/aws_robomaker_hospital_nursesstation_01/model.config -> /home/chino/uvix_ws/install/bobert_sim/share/bobert_sim/models/aws_robomaker_hospital_nursesstation_01
[5.398s] symbolically linking /home/chino/uvix_ws/build/bobert_sim/models/aws_robomaker_hospital_nursesstation_01/model.sdf -> /home/chino/uvix_ws/install/bobert_sim/share/bobert_sim/models/aws_robomaker_hospital_nursesstation_01
[5.399s] creating /home/chino/uvix_ws/install/bobert_sim/share/bobert_sim/models/aws_robomaker_hospital_nursesstation_01/meshes
[5.401s] symbolically linking /home/chino/uvix_ws/build/bobert_sim/models/aws_robomaker_hospital_nursesstation_01/meshes/aws_robomaker_hospital_nursesstation_01_visual.dae -> /home/chino/uvix_ws/install/bobert_sim/share/bobert_sim/models/aws_robomaker_hospital_nursesstation_01/meshes
[5.402s] symbolically linking /home/chino/uvix_ws/build/bobert_sim/models/aws_robomaker_hospital_nursesstation_01/meshes/aws_robomaker_hospital_nursesstation_01_low.dae -> /home/chino/uvix_ws/install/bobert_sim/share/bobert_sim/models/aws_robomaker_hospital_nursesstation_01/meshes
[5.404s] symbolically linking /home/chino/uvix_ws/build/bobert_sim/models/aws_robomaker_hospital_nursesstation_01/meshes/aws_robomaker_hospital_nursesstation_01_visual_normal.png -> /home/chino/uvix_ws/install/bobert_sim/share/bobert_sim/models/aws_robomaker_hospital_nursesstation_01/meshes
[5.405s] symbolically linking /home/chino/uvix_ws/build/bobert_sim/models/aws_robomaker_hospital_nursesstation_01/meshes/aws_robomaker_hospital_nursesstation_01_low.png -> /home/chino/uvix_ws/install/bobert_sim/share/bobert_sim/models/aws_robomaker_hospital_nursesstation_01/meshes
[5.406s] symbolically linking /home/chino/uvix_ws/build/bobert_sim/models/aws_robomaker_hospital_nursesstation_01/meshes/aws_robomaker_hospital_nursesstation_01_collision.dae -> /home/chino/uvix_ws/install/bobert_sim/share/bobert_sim/models/aws_robomaker_hospital_nursesstation_01/meshes
[5.408s] symbolically linking /home/chino/uvix_ws/build/bobert_sim/models/aws_robomaker_hospital_nursesstation_01/meshes/aws_robomaker_hospital_nursesstation_01_visual.png -> /home/chino/uvix_ws/install/bobert_sim/share/bobert_sim/models/aws_robomaker_hospital_nursesstation_01/meshes
[5.410s] symbolically linking /home/chino/uvix_ws/build/bobert_sim/models/aws_robomaker_hospital_nursesstation_01/meshes/aws_robomaker_hospital_nursesstation_01_low_normal.png -> /home/chino/uvix_ws/install/bobert_sim/share/bobert_sim/models/aws_robomaker_hospital_nursesstation_01/meshes
[5.413s] creating /home/chino/uvix_ws/install/bobert_sim/share/bobert_sim/models/aws_robomaker_hospital_floor_02_walls
[5.413s] symbolically linking /home/chino/uvix_ws/build/bobert_sim/models/aws_robomaker_hospital_floor_02_walls/model.config -> /home/chino/uvix_ws/install/bobert_sim/share/bobert_sim/models/aws_robomaker_hospital_floor_02_walls
[5.415s] symbolically linking /home/chino/uvix_ws/build/bobert_sim/models/aws_robomaker_hospital_floor_02_walls/model.sdf -> /home/chino/uvix_ws/install/bobert_sim/share/bobert_sim/models/aws_robomaker_hospital_floor_02_walls
[5.417s] creating /home/chino/uvix_ws/install/bobert_sim/share/bobert_sim/models/aws_robomaker_hospital_floor_02_walls/meshes
[5.419s] symbolically linking /home/chino/uvix_ws/build/bobert_sim/models/aws_robomaker_hospital_floor_02_walls/meshes/aws_robomaker_hospital_floor_02_windows.png -> /home/chino/uvix_ws/install/bobert_sim/share/bobert_sim/models/aws_robomaker_hospital_floor_02_walls/meshes
[5.421s] symbolically linking /home/chino/uvix_ws/build/bobert_sim/models/aws_robomaker_hospital_floor_02_walls/meshes/aws_robomaker_hospital_floor_02_doorframes_small.png -> /home/chino/uvix_ws/install/bobert_sim/share/bobert_sim/models/aws_robomaker_hospital_floor_02_walls/meshes
[5.422s] symbolically linking /home/chino/uvix_ws/build/bobert_sim/models/aws_robomaker_hospital_floor_02_walls/meshes/aws_robomaker_hospital_floor_02_handrail.png -> /home/chino/uvix_ws/install/bobert_sim/share/bobert_sim/models/aws_robomaker_hospital_floor_02_walls/meshes
[5.424s] symbolically linking /home/chino/uvix_ws/build/bobert_sim/models/aws_robomaker_hospital_floor_02_walls/meshes/aws_robomaker_hospital_floor_02_doorsign.png -> /home/chino/uvix_ws/install/bobert_sim/share/bobert_sim/models/aws_robomaker_hospital_floor_02_walls/meshes
[5.426s] symbolically linking /home/chino/uvix_ws/build/bobert_sim/models/aws_robomaker_hospital_floor_02_walls/meshes/aws_robomaker_hospital_floor_02_bumprail.png -> /home/chino/uvix_ws/install/bobert_sim/share/bobert_sim/models/aws_robomaker_hospital_floor_02_walls/meshes
[5.427s] symbolically linking /home/chino/uvix_ws/build/bobert_sim/models/aws_robomaker_hospital_floor_02_walls/meshes/aws_robomaker_hospital_floor_02_walls_visual.dae -> /home/chino/uvix_ws/install/bobert_sim/share/bobert_sim/models/aws_robomaker_hospital_floor_02_walls/meshes
[5.429s] symbolically linking /home/chino/uvix_ws/build/bobert_sim/models/aws_robomaker_hospital_floor_02_walls/meshes/aws_robomaker_hospital_floor_02_walls_collision.dae -> /home/chino/uvix_ws/install/bobert_sim/share/bobert_sim/models/aws_robomaker_hospital_floor_02_walls/meshes
[5.431s] symbolically linking /home/chino/uvix_ws/build/bobert_sim/models/aws_robomaker_hospital_floor_02_walls/meshes/aws_robomaker_hospital_floor_02_walls.png -> /home/chino/uvix_ws/install/bobert_sim/share/bobert_sim/models/aws_robomaker_hospital_floor_02_walls/meshes
[5.433s] symbolically linking /home/chino/uvix_ws/build/bobert_sim/models/aws_robomaker_hospital_floor_02_walls/meshes/aws_robomaker_hospital_floor_02_doorframes_big.png -> /home/chino/uvix_ws/install/bobert_sim/share/bobert_sim/models/aws_robomaker_hospital_floor_02_walls/meshes
[5.434s] symbolically linking /home/chino/uvix_ws/build/bobert_sim/models/aws_robomaker_hospital_floor_02_walls/meshes/aws_robomaker_hospital_floor_02_stairs.png -> /home/chino/uvix_ws/install/bobert_sim/share/bobert_sim/models/aws_robomaker_hospital_floor_02_walls/meshes
[5.435s] creating /home/chino/uvix_ws/install/bobert_sim/share/bobert_sim/models/aws_robomaker_residential_SofaB_01
[5.437s] symbolically linking /home/chino/uvix_ws/build/bobert_sim/models/aws_robomaker_residential_SofaB_01/model.config -> /home/chino/uvix_ws/install/bobert_sim/share/bobert_sim/models/aws_robomaker_residential_SofaB_01
[5.439s] symbolically linking /home/chino/uvix_ws/build/bobert_sim/models/aws_robomaker_residential_SofaB_01/model.sdf -> /home/chino/uvix_ws/install/bobert_sim/share/bobert_sim/models/aws_robomaker_residential_SofaB_01
[5.441s] creating /home/chino/uvix_ws/install/bobert_sim/share/bobert_sim/models/aws_robomaker_residential_SofaB_01/meshes
[5.444s] symbolically linking /home/chino/uvix_ws/build/bobert_sim/models/aws_robomaker_residential_SofaB_01/meshes/aws_SofaB_01_collision.DAE -> /home/chino/uvix_ws/install/bobert_sim/share/bobert_sim/models/aws_robomaker_residential_SofaB_01/meshes
[5.447s] symbolically linking /home/chino/uvix_ws/build/bobert_sim/models/aws_robomaker_residential_SofaB_01/meshes/aws_SofaB_01_visual.DAE -> /home/chino/uvix_ws/install/bobert_sim/share/bobert_sim/models/aws_robomaker_residential_SofaB_01/meshes
[5.449s] creating /home/chino/uvix_ws/install/bobert_sim/share/bobert_sim/models/aws_robomaker_residential_SofaB_01/materials
[5.450s] creating /home/chino/uvix_ws/install/bobert_sim/share/bobert_sim/models/aws_robomaker_residential_SofaB_01/materials/textures
[5.451s] symbolically linking /home/chino/uvix_ws/build/bobert_sim/models/aws_robomaker_residential_SofaB_01/materials/textures/aws_SofaB_01.png -> /home/chino/uvix_ws/install/bobert_sim/share/bobert_sim/models/aws_robomaker_residential_SofaB_01/materials/textures
[5.453s] creating /home/chino/uvix_ws/install/bobert_sim/share/bobert_sim/models/aws_robomaker_hospital_hospitalsign_01
[5.454s] symbolically linking /home/chino/uvix_ws/build/bobert_sim/models/aws_robomaker_hospital_hospitalsign_01/model.config -> /home/chino/uvix_ws/install/bobert_sim/share/bobert_sim/models/aws_robomaker_hospital_hospitalsign_01
[5.455s] symbolically linking /home/chino/uvix_ws/build/bobert_sim/models/aws_robomaker_hospital_hospitalsign_01/model.sdf -> /home/chino/uvix_ws/install/bobert_sim/share/bobert_sim/models/aws_robomaker_hospital_hospitalsign_01
[5.456s] creating /home/chino/uvix_ws/install/bobert_sim/share/bobert_sim/models/aws_robomaker_hospital_hospitalsign_01/meshes
[5.457s] symbolically linking /home/chino/uvix_ws/build/bobert_sim/models/aws_robomaker_hospital_hospitalsign_01/meshes/aws_robomaker_hospital_hospitalsign_01_collision.dae -> /home/chino/uvix_ws/install/bobert_sim/share/bobert_sim/models/aws_robomaker_hospital_hospitalsign_01/meshes
[5.459s] symbolically linking /home/chino/uvix_ws/build/bobert_sim/models/aws_robomaker_hospital_hospitalsign_01/meshes/aws_robomaker_hospital_hospitalsign_01_normal.png -> /home/chino/uvix_ws/install/bobert_sim/share/bobert_sim/models/aws_robomaker_hospital_hospitalsign_01/meshes
[5.460s] symbolically linking /home/chino/uvix_ws/build/bobert_sim/models/aws_robomaker_hospital_hospitalsign_01/meshes/aws_robomaker_hospital_hospitalsign_01.png -> /home/chino/uvix_ws/install/bobert_sim/share/bobert_sim/models/aws_robomaker_hospital_hospitalsign_01/meshes
[5.462s] symbolically linking /home/chino/uvix_ws/build/bobert_sim/models/aws_robomaker_hospital_hospitalsign_01/meshes/aws_robomaker_hospital_hospitalsign_01_visual.dae -> /home/chino/uvix_ws/install/bobert_sim/share/bobert_sim/models/aws_robomaker_hospital_hospitalsign_01/meshes
[5.463s] creating /home/chino/uvix_ws/install/bobert_sim/share/bobert_sim/models/aws_robomaker_warehouse_ClutteringA_01
[5.464s] symbolically linking /home/chino/uvix_ws/build/bobert_sim/models/aws_robomaker_warehouse_ClutteringA_01/model.config -> /home/chino/uvix_ws/install/bobert_sim/share/bobert_sim/models/aws_robomaker_warehouse_ClutteringA_01
[5.465s] symbolically linking /home/chino/uvix_ws/build/bobert_sim/models/aws_robomaker_warehouse_ClutteringA_01/model.sdf -> /home/chino/uvix_ws/install/bobert_sim/share/bobert_sim/models/aws_robomaker_warehouse_ClutteringA_01
[5.466s] creating /home/chino/uvix_ws/install/bobert_sim/share/bobert_sim/models/aws_robomaker_warehouse_ClutteringA_01/meshes
[5.467s] symbolically linking /home/chino/uvix_ws/build/bobert_sim/models/aws_robomaker_warehouse_ClutteringA_01/meshes/aws_robomaker_warehouse_ClutteringA_01_collision.DAE -> /home/chino/uvix_ws/install/bobert_sim/share/bobert_sim/models/aws_robomaker_warehouse_ClutteringA_01/meshes
[5.469s] symbolically linking /home/chino/uvix_ws/build/bobert_sim/models/aws_robomaker_warehouse_ClutteringA_01/meshes/aws_robomaker_warehouse_ClutteringA_01_visual.DAE -> /home/chino/uvix_ws/install/bobert_sim/share/bobert_sim/models/aws_robomaker_warehouse_ClutteringA_01/meshes
[5.470s] creating /home/chino/uvix_ws/install/bobert_sim/share/bobert_sim/models/aws_robomaker_warehouse_ClutteringA_01/materials
[5.472s] creating /home/chino/uvix_ws/install/bobert_sim/share/bobert_sim/models/aws_robomaker_warehouse_ClutteringA_01/materials/textures
[5.473s] symbolically linking /home/chino/uvix_ws/build/bobert_sim/models/aws_robomaker_warehouse_ClutteringA_01/materials/textures/aws_robomaker_warehouse_ClutteringA_03.png -> /home/chino/uvix_ws/install/bobert_sim/share/bobert_sim/models/aws_robomaker_warehouse_ClutteringA_01/materials/textures
[5.474s] symbolically linking /home/chino/uvix_ws/build/bobert_sim/models/aws_robomaker_warehouse_ClutteringA_01/materials/textures/aws_robomaker_warehouse_ClutteringA_01.png -> /home/chino/uvix_ws/install/bobert_sim/share/bobert_sim/models/aws_robomaker_warehouse_ClutteringA_01/materials/textures
[5.475s] symbolically linking /home/chino/uvix_ws/build/bobert_sim/models/aws_robomaker_warehouse_ClutteringA_01/materials/textures/aws_robomaker_warehouse_ClutteringA_02.png -> /home/chino/uvix_ws/install/bobert_sim/share/bobert_sim/models/aws_robomaker_warehouse_ClutteringA_01/materials/textures
[5.477s] creating /home/chino/uvix_ws/install/bobert_sim/share/bobert_sim/models/aws_robomaker_hospital_floor_01_floor
[5.479s] symbolically linking /home/chino/uvix_ws/build/bobert_sim/models/aws_robomaker_hospital_floor_01_floor/model.config -> /home/chino/uvix_ws/install/bobert_sim/share/bobert_sim/models/aws_robomaker_hospital_floor_01_floor
[5.481s] symbolically linking /home/chino/uvix_ws/build/bobert_sim/models/aws_robomaker_hospital_floor_01_floor/model.sdf -> /home/chino/uvix_ws/install/bobert_sim/share/bobert_sim/models/aws_robomaker_hospital_floor_01_floor
[5.482s] creating /home/chino/uvix_ws/install/bobert_sim/share/bobert_sim/models/aws_robomaker_hospital_floor_01_floor/meshes
[5.483s] symbolically linking /home/chino/uvix_ws/build/bobert_sim/models/aws_robomaker_hospital_floor_01_floor/meshes/aws_robomaker_hospital_floor_01_floor.png -> /home/chino/uvix_ws/install/bobert_sim/share/bobert_sim/models/aws_robomaker_hospital_floor_01_floor/meshes
[5.484s] symbolically linking /home/chino/uvix_ws/build/bobert_sim/models/aws_robomaker_hospital_floor_01_floor/meshes/aws_robomaker_hospital_floor_01_floor_collision.dae -> /home/chino/uvix_ws/install/bobert_sim/share/bobert_sim/models/aws_robomaker_hospital_floor_01_floor/meshes
[5.485s] symbolically linking /home/chino/uvix_ws/build/bobert_sim/models/aws_robomaker_hospital_floor_01_floor/meshes/aws_robomaker_hospital_floor_01_floor_visual.dae -> /home/chino/uvix_ws/install/bobert_sim/share/bobert_sim/models/aws_robomaker_hospital_floor_01_floor/meshes
[5.487s] symbolically linking /home/chino/uvix_ws/build/bobert_sim/models/aws_robomaker_hospital_floor_01_floor/meshes/aws_robomaker_hospital_floor_01_floor_normal.png -> /home/chino/uvix_ws/install/bobert_sim/share/bobert_sim/models/aws_robomaker_hospital_floor_01_floor/meshes
[5.488s] creating /home/chino/uvix_ws/install/bobert_sim/share/bobert_sim/models/aws_robomaker_hospital_floor_02_ceiling
[5.491s] symbolically linking /home/chino/uvix_ws/build/bobert_sim/models/aws_robomaker_hospital_floor_02_ceiling/model.config -> /home/chino/uvix_ws/install/bobert_sim/share/bobert_sim/models/aws_robomaker_hospital_floor_02_ceiling
[5.492s] symbolically linking /home/chino/uvix_ws/build/bobert_sim/models/aws_robomaker_hospital_floor_02_ceiling/model.sdf -> /home/chino/uvix_ws/install/bobert_sim/share/bobert_sim/models/aws_robomaker_hospital_floor_02_ceiling
[5.493s] creating /home/chino/uvix_ws/install/bobert_sim/share/bobert_sim/models/aws_robomaker_hospital_floor_02_ceiling/meshes
[5.494s] symbolically linking /home/chino/uvix_ws/build/bobert_sim/models/aws_robomaker_hospital_floor_02_ceiling/meshes/aws_robomaker_hospital_floor_02_ceiling_normal.png -> /home/chino/uvix_ws/install/bobert_sim/share/bobert_sim/models/aws_robomaker_hospital_floor_02_ceiling/meshes
[5.496s] symbolically linking /home/chino/uvix_ws/build/bobert_sim/models/aws_robomaker_hospital_floor_02_ceiling/meshes/aws_robomaker_hospital_floor_02_ceiling.png -> /home/chino/uvix_ws/install/bobert_sim/share/bobert_sim/models/aws_robomaker_hospital_floor_02_ceiling/meshes
[5.497s] symbolically linking /home/chino/uvix_ws/build/bobert_sim/models/aws_robomaker_hospital_floor_02_ceiling/meshes/aws_robomaker_hospital_floor_02_ceiling_collision.dae -> /home/chino/uvix_ws/install/bobert_sim/share/bobert_sim/models/aws_robomaker_hospital_floor_02_ceiling/meshes
[5.498s] symbolically linking /home/chino/uvix_ws/build/bobert_sim/models/aws_robomaker_hospital_floor_02_ceiling/meshes/aws_robomaker_hospital_floor_02_ceiling_visual.dae -> /home/chino/uvix_ws/install/bobert_sim/share/bobert_sim/models/aws_robomaker_hospital_floor_02_ceiling/meshes
[5.499s] creating /home/chino/uvix_ws/install/bobert_sim/share/bobert_sim/models/aws_robomaker_hospital_floor_02_ceiling/materials
[5.501s] symbolically linking /home/chino/uvix_ws/build/bobert_sim/models/aws_robomaker_hospital_floor_02_ceiling/materials/model.sdf -> /home/chino/uvix_ws/install/bobert_sim/share/bobert_sim/models/aws_robomaker_hospital_floor_02_ceiling/materials
[5.503s] creating /home/chino/uvix_ws/install/bobert_sim/share/bobert_sim/models/aws_robomaker_residential_PortraitB_02
[5.504s] symbolically linking /home/chino/uvix_ws/build/bobert_sim/models/aws_robomaker_residential_PortraitB_02/model.config -> /home/chino/uvix_ws/install/bobert_sim/share/bobert_sim/models/aws_robomaker_residential_PortraitB_02
[5.505s] symbolically linking /home/chino/uvix_ws/build/bobert_sim/models/aws_robomaker_residential_PortraitB_02/model.sdf -> /home/chino/uvix_ws/install/bobert_sim/share/bobert_sim/models/aws_robomaker_residential_PortraitB_02
[5.507s] creating /home/chino/uvix_ws/install/bobert_sim/share/bobert_sim/models/aws_robomaker_residential_PortraitB_02/meshes
[5.508s] symbolically linking /home/chino/uvix_ws/build/bobert_sim/models/aws_robomaker_residential_PortraitB_02/meshes/aws_PortraitB_01_visual.DAE -> /home/chino/uvix_ws/install/bobert_sim/share/bobert_sim/models/aws_robomaker_residential_PortraitB_02/meshes
[5.509s] symbolically linking /home/chino/uvix_ws/build/bobert_sim/models/aws_robomaker_residential_PortraitB_02/meshes/aws_PortraitB_01_collision.DAE -> /home/chino/uvix_ws/install/bobert_sim/share/bobert_sim/models/aws_robomaker_residential_PortraitB_02/meshes
[5.511s] creating /home/chino/uvix_ws/install/bobert_sim/share/bobert_sim/models/aws_robomaker_residential_PortraitB_02/materials
[5.512s] creating /home/chino/uvix_ws/install/bobert_sim/share/bobert_sim/models/aws_robomaker_residential_PortraitB_02/materials/textures
[5.514s] symbolically linking /home/chino/uvix_ws/build/bobert_sim/models/aws_robomaker_residential_PortraitB_02/materials/textures/aws_PortraitB_02.png -> /home/chino/uvix_ws/install/bobert_sim/share/bobert_sim/models/aws_robomaker_residential_PortraitB_02/materials/textures
[5.515s] symbolically linking /home/chino/uvix_ws/build/bobert_sim/models/aws_robomaker_residential_PortraitB_02/materials/textures/aws_PortraitB_01.png -> /home/chino/uvix_ws/install/bobert_sim/share/bobert_sim/models/aws_robomaker_residential_PortraitB_02/materials/textures
[5.516s] creating /home/chino/uvix_ws/install/bobert_sim/share/bobert_sim/models/aws_robomaker_residential_PortraitC_01
[5.518s] symbolically linking /home/chino/uvix_ws/build/bobert_sim/models/aws_robomaker_residential_PortraitC_01/model.config -> /home/chino/uvix_ws/install/bobert_sim/share/bobert_sim/models/aws_robomaker_residential_PortraitC_01
[5.519s] symbolically linking /home/chino/uvix_ws/build/bobert_sim/models/aws_robomaker_residential_PortraitC_01/model.sdf -> /home/chino/uvix_ws/install/bobert_sim/share/bobert_sim/models/aws_robomaker_residential_PortraitC_01
[5.521s] creating /home/chino/uvix_ws/install/bobert_sim/share/bobert_sim/models/aws_robomaker_residential_PortraitC_01/meshes
[5.522s] symbolically linking /home/chino/uvix_ws/build/bobert_sim/models/aws_robomaker_residential_PortraitC_01/meshes/aws_PortraitC_01_visual.DAE -> /home/chino/uvix_ws/install/bobert_sim/share/bobert_sim/models/aws_robomaker_residential_PortraitC_01/meshes
[5.523s] symbolically linking /home/chino/uvix_ws/build/bobert_sim/models/aws_robomaker_residential_PortraitC_01/meshes/aws_PortraitC_01_collision.DAE -> /home/chino/uvix_ws/install/bobert_sim/share/bobert_sim/models/aws_robomaker_residential_PortraitC_01/meshes
[5.525s] creating /home/chino/uvix_ws/install/bobert_sim/share/bobert_sim/models/aws_robomaker_residential_PortraitC_01/materials
[5.526s] creating /home/chino/uvix_ws/install/bobert_sim/share/bobert_sim/models/aws_robomaker_residential_PortraitC_01/materials/textures
[5.527s] symbolically linking /home/chino/uvix_ws/build/bobert_sim/models/aws_robomaker_residential_PortraitC_01/materials/textures/aws_PortraitC_02.png -> /home/chino/uvix_ws/install/bobert_sim/share/bobert_sim/models/aws_robomaker_residential_PortraitC_01/materials/textures
[5.528s] symbolically linking /home/chino/uvix_ws/build/bobert_sim/models/aws_robomaker_residential_PortraitC_01/materials/textures/aws_PortraitC_01.png -> /home/chino/uvix_ws/install/bobert_sim/share/bobert_sim/models/aws_robomaker_residential_PortraitC_01/materials/textures
[5.529s] creating /home/chino/uvix_ws/install/bobert_sim/share/bobert_sim/models/aws_robomaker_retail_Computer_01
[5.531s] symbolically linking /home/chino/uvix_ws/build/bobert_sim/models/aws_robomaker_retail_Computer_01/model.config -> /home/chino/uvix_ws/install/bobert_sim/share/bobert_sim/models/aws_robomaker_retail_Computer_01
[5.532s] symbolically linking /home/chino/uvix_ws/build/bobert_sim/models/aws_robomaker_retail_Computer_01/model.sdf -> /home/chino/uvix_ws/install/bobert_sim/share/bobert_sim/models/aws_robomaker_retail_Computer_01
[5.533s] creating /home/chino/uvix_ws/install/bobert_sim/share/bobert_sim/models/aws_robomaker_retail_Computer_01/meshes
[5.535s] symbolically linking /home/chino/uvix_ws/build/bobert_sim/models/aws_robomaker_retail_Computer_01/meshes/aws_Computer_01_visual.DAE -> /home/chino/uvix_ws/install/bobert_sim/share/bobert_sim/models/aws_robomaker_retail_Computer_01/meshes
[5.536s] symbolically linking /home/chino/uvix_ws/build/bobert_sim/models/aws_robomaker_retail_Computer_01/meshes/aws_Computer_01_collision.DAE -> /home/chino/uvix_ws/install/bobert_sim/share/bobert_sim/models/aws_robomaker_retail_Computer_01/meshes
[5.537s] creating /home/chino/uvix_ws/install/bobert_sim/share/bobert_sim/models/aws_robomaker_retail_Computer_01/materials
[5.538s] creating /home/chino/uvix_ws/install/bobert_sim/share/bobert_sim/models/aws_robomaker_retail_Computer_01/materials/textures
[5.540s] symbolically linking /home/chino/uvix_ws/build/bobert_sim/models/aws_robomaker_retail_Computer_01/materials/textures/aws_Computer_01.png -> /home/chino/uvix_ws/install/bobert_sim/share/bobert_sim/models/aws_robomaker_retail_Computer_01/materials/textures
[5.541s] creating /home/chino/uvix_ws/install/bobert_sim/share/bobert_sim/models/aws_robomaker_hospital_ramp_01
[5.542s] symbolically linking /home/chino/uvix_ws/build/bobert_sim/models/aws_robomaker_hospital_ramp_01/model.config -> /home/chino/uvix_ws/install/bobert_sim/share/bobert_sim/models/aws_robomaker_hospital_ramp_01
[5.544s] symbolically linking /home/chino/uvix_ws/build/bobert_sim/models/aws_robomaker_hospital_ramp_01/model.sdf -> /home/chino/uvix_ws/install/bobert_sim/share/bobert_sim/models/aws_robomaker_hospital_ramp_01
[5.545s] creating /home/chino/uvix_ws/install/bobert_sim/share/bobert_sim/models/aws_robomaker_hospital_ramp_01/meshes
[5.547s] symbolically linking /home/chino/uvix_ws/build/bobert_sim/models/aws_robomaker_hospital_ramp_01/meshes/aws_robomaker_hospital_ramp_01_visual.dae -> /home/chino/uvix_ws/install/bobert_sim/share/bobert_sim/models/aws_robomaker_hospital_ramp_01/meshes
[5.548s] symbolically linking /home/chino/uvix_ws/build/bobert_sim/models/aws_robomaker_hospital_ramp_01/meshes/aws_robomaker_hospital_ramp_01_collision.dae -> /home/chino/uvix_ws/install/bobert_sim/share/bobert_sim/models/aws_robomaker_hospital_ramp_01/meshes
[5.549s] symbolically linking /home/chino/uvix_ws/build/bobert_sim/models/aws_robomaker_hospital_ramp_01/meshes/aws_robomaker_hospital_ramp_01_normal.png -> /home/chino/uvix_ws/install/bobert_sim/share/bobert_sim/models/aws_robomaker_hospital_ramp_01/meshes
[5.551s] symbolically linking /home/chino/uvix_ws/build/bobert_sim/models/aws_robomaker_hospital_ramp_01/meshes/aws_robomaker_hospital_ramp_01.png -> /home/chino/uvix_ws/install/bobert_sim/share/bobert_sim/models/aws_robomaker_hospital_ramp_01/meshes
[5.553s] creating /home/chino/uvix_ws/install/bobert_sim/share/bobert_sim/models/aws_robomaker_hospital_elevator_01_door
[5.554s] symbolically linking /home/chino/uvix_ws/build/bobert_sim/models/aws_robomaker_hospital_elevator_01_door/model.config -> /home/chino/uvix_ws/install/bobert_sim/share/bobert_sim/models/aws_robomaker_hospital_elevator_01_door
[5.555s] symbolically linking /home/chino/uvix_ws/build/bobert_sim/models/aws_robomaker_hospital_elevator_01_door/model.sdf -> /home/chino/uvix_ws/install/bobert_sim/share/bobert_sim/models/aws_robomaker_hospital_elevator_01_door
[5.556s] creating /home/chino/uvix_ws/install/bobert_sim/share/bobert_sim/models/aws_robomaker_hospital_elevator_01_door/meshes
[5.558s] symbolically linking /home/chino/uvix_ws/build/bobert_sim/models/aws_robomaker_hospital_elevator_01_door/meshes/aws_robomaker_hospital_elevator_01_low.png -> /home/chino/uvix_ws/install/bobert_sim/share/bobert_sim/models/aws_robomaker_hospital_elevator_01_door/meshes
[5.559s] symbolically linking /home/chino/uvix_ws/build/bobert_sim/models/aws_robomaker_hospital_elevator_01_door/meshes/aws_robomaker_hospital_elevator_01_door_visual.dae -> /home/chino/uvix_ws/install/bobert_sim/share/bobert_sim/models/aws_robomaker_hospital_elevator_01_door/meshes
[5.560s] symbolically linking /home/chino/uvix_ws/build/bobert_sim/models/aws_robomaker_hospital_elevator_01_door/meshes/aws_robomaker_hospital_elevator_01_visual.png -> /home/chino/uvix_ws/install/bobert_sim/share/bobert_sim/models/aws_robomaker_hospital_elevator_01_door/meshes
[5.561s] symbolically linking /home/chino/uvix_ws/build/bobert_sim/models/aws_robomaker_hospital_elevator_01_door/meshes/aws_robomaker_hospital_elevator_01_door_collision.dae -> /home/chino/uvix_ws/install/bobert_sim/share/bobert_sim/models/aws_robomaker_hospital_elevator_01_door/meshes
[5.562s] symbolically linking /home/chino/uvix_ws/build/bobert_sim/models/aws_robomaker_hospital_elevator_01_door/meshes/aws_robomaker_hospital_elevator_01_low_normal.png -> /home/chino/uvix_ws/install/bobert_sim/share/bobert_sim/models/aws_robomaker_hospital_elevator_01_door/meshes
[5.563s] symbolically linking /home/chino/uvix_ws/build/bobert_sim/models/aws_robomaker_hospital_elevator_01_door/meshes/aws_robomaker_hospital_elevator_01_door_low.dae -> /home/chino/uvix_ws/install/bobert_sim/share/bobert_sim/models/aws_robomaker_hospital_elevator_01_door/meshes
[5.564s] symbolically linking /home/chino/uvix_ws/build/bobert_sim/models/aws_robomaker_hospital_elevator_01_door/meshes/aws_robomaker_hospital_elevator_01_visual_normal.png -> /home/chino/uvix_ws/install/bobert_sim/share/bobert_sim/models/aws_robomaker_hospital_elevator_01_door/meshes
[5.648s] Invoked command in '/home/chino/uvix_ws/build/bobert_sim' returned '0': PYTHONPATH=/home/chino/uvix_ws/build/bobert_sim/prefix_override:/usr/lib/python3/dist-packages/colcon_core/task/python/colcon_distutils_commands:/home/chino/uvix_ws/install/bobert_sim/lib/python3.10/site-packages:${PYTHONPATH} /usr/bin/python3 -W ignore:setup.py install is deprecated -W ignore:easy_install command is deprecated setup.py develop --editable --build-directory /home/chino/uvix_ws/build/bobert_sim/build --no-deps symlink_data
