[3.155s] Invoking command in '/home/chino/uvix_ws/build/Uvix_sim': PYTHONPATH=/home/chino/uvix_ws/build/Uvix_sim/prefix_override:/usr/lib/python3/dist-packages/colcon_core/task/python/colcon_distutils_commands:/home/chino/uvix_ws/install/Uvix_sim/lib/python3.10/site-packages:${PYTHONPATH} /usr/bin/python3 -W ignore:setup.py install is deprecated -W ignore:easy_install command is deprecated setup.py develop --uninstall --editable --build-directory /home/chino/uvix_ws/build/Uvix_sim/build
[4.028s] running develop
[4.483s] Removing /home/chino/uvix_ws/install/Uvix_sim/lib/python3.10/site-packages/Uvix-sim.egg-link (link to .)
[4.536s] Invoked command in '/home/chino/uvix_ws/build/Uvix_sim' returned '0': PYTHONPATH=/home/chino/uvix_ws/build/Uvix_sim/prefix_override:/usr/lib/python3/dist-packages/colcon_core/task/python/colcon_distutils_commands:/home/chino/uvix_ws/install/Uvix_sim/lib/python3.10/site-packages:${PYTHONPATH} /usr/bin/python3 -W ignore:setup.py install is deprecated -W ignore:easy_install command is deprecated setup.py develop --uninstall --editable --build-directory /home/chino/uvix_ws/build/Uvix_sim/build
[4.540s] Invoking command in '/home/chino/uvix_ws/src/Uvix_sim': PYTHONPATH=/home/chino/uvix_ws/build/Uvix_sim/prefix_override:/usr/lib/python3/dist-packages/colcon_core/task/python/colcon_distutils_commands:/home/chino/uvix_ws/install/Uvix_sim/lib/python3.10/site-packages:${PYTHONPATH} /usr/bin/python3 -W ignore:setup.py install is deprecated -W ignore:easy_install command is deprecated setup.py egg_info --egg-base ../../build/Uvix_sim build --build-base /home/chino/uvix_ws/build/Uvix_sim/build install --record /home/chino/uvix_ws/build/Uvix_sim/install.log --single-version-externally-managed install_data --force
[5.087s] running egg_info
[5.089s] writing ../../build/Uvix_sim/Uvix_sim.egg-info/PKG-INFO
[5.090s] writing dependency_links to ../../build/Uvix_sim/Uvix_sim.egg-info/dependency_links.txt
[5.090s] writing entry points to ../../build/Uvix_sim/Uvix_sim.egg-info/entry_points.txt
[5.091s] writing requirements to ../../build/Uvix_sim/Uvix_sim.egg-info/requires.txt
[5.091s] writing top-level names to ../../build/Uvix_sim/Uvix_sim.egg-info/top_level.txt
[5.100s] reading manifest file '../../build/Uvix_sim/Uvix_sim.egg-info/SOURCES.txt'
[5.103s] adding license file 'LICENSE'
[5.112s] writing manifest file '../../build/Uvix_sim/Uvix_sim.egg-info/SOURCES.txt'
[5.113s] running build
[5.113s] running build_py
[5.113s] creating /home/chino/uvix_ws/build/Uvix_sim/build
[5.115s] creating /home/chino/uvix_ws/build/Uvix_sim/build/lib
[5.116s] creating /home/chino/uvix_ws/build/Uvix_sim/build/lib/Uvix_sim
[5.117s] copying Uvix_sim/GazeboReadyWatcher.py -> /home/chino/uvix_ws/build/Uvix_sim/build/lib/Uvix_sim
[5.118s] copying Uvix_sim/__init__.py -> /home/chino/uvix_ws/build/Uvix_sim/build/lib/Uvix_sim
[5.118s] copying Uvix_sim/Chek_time.py -> /home/chino/uvix_ws/build/Uvix_sim/build/lib/Uvix_sim
[5.119s] running install
[5.120s] running install_lib
[5.122s] creating /home/chino/uvix_ws/install/Uvix_sim/lib/python3.10/site-packages/Uvix_sim
[5.124s] copying /home/chino/uvix_ws/build/Uvix_sim/build/lib/Uvix_sim/GazeboReadyWatcher.py -> /home/chino/uvix_ws/install/Uvix_sim/lib/python3.10/site-packages/Uvix_sim
[5.124s] copying /home/chino/uvix_ws/build/Uvix_sim/build/lib/Uvix_sim/__init__.py -> /home/chino/uvix_ws/install/Uvix_sim/lib/python3.10/site-packages/Uvix_sim
[5.124s] copying /home/chino/uvix_ws/build/Uvix_sim/build/lib/Uvix_sim/Chek_time.py -> /home/chino/uvix_ws/install/Uvix_sim/lib/python3.10/site-packages/Uvix_sim
[5.125s] byte-compiling /home/chino/uvix_ws/install/Uvix_sim/lib/python3.10/site-packages/Uvix_sim/GazeboReadyWatcher.py to GazeboReadyWatcher.cpython-310.pyc
[5.128s] byte-compiling /home/chino/uvix_ws/install/Uvix_sim/lib/python3.10/site-packages/Uvix_sim/__init__.py to __init__.cpython-310.pyc
[5.129s] byte-compiling /home/chino/uvix_ws/install/Uvix_sim/lib/python3.10/site-packages/Uvix_sim/Chek_time.py to Chek_time.cpython-310.pyc
[5.131s] running install_data
[5.132s] copying resource/Uvix_sim -> /home/chino/uvix_ws/install/Uvix_sim/share/ament_index/resource_index/packages
[5.133s] copying package.xml -> /home/chino/uvix_ws/install/Uvix_sim/share/Uvix_sim
[5.133s] copying worlds/hospital.world -> /home/chino/uvix_ws/install/Uvix_sim/share/Uvix_sim/worlds
[5.135s] copying worlds/hospital_two_floors.world -> /home/chino/uvix_ws/install/Uvix_sim/share/Uvix_sim/worlds
[5.139s] copying worlds/hospital_three_floors.world -> /home/chino/uvix_ws/install/Uvix_sim/share/Uvix_sim/worlds
[5.142s] copying meshes/base_link.dae -> /home/chino/uvix_ws/install/Uvix_sim/share/Uvix_sim/meshes
[5.318s] copying meshes/Cuerpo_robot-v4.stl -> /home/chino/uvix_ws/install/Uvix_sim/share/Uvix_sim/meshes
[5.402s] copying meshes/Rueda_izquierda-v2.stl -> /home/chino/uvix_ws/install/Uvix_sim/share/Uvix_sim/meshes
[5.427s] copying meshes/rotatori_suport_rigth-v3.stl -> /home/chino/uvix_ws/install/Uvix_sim/share/Uvix_sim/meshes
[5.431s] copying meshes/rotatori_suport_left-v3.stl -> /home/chino/uvix_ws/install/Uvix_sim/share/Uvix_sim/meshes
[5.436s] copying meshes/Rueda_derecha-v3.stl -> /home/chino/uvix_ws/install/Uvix_sim/share/Uvix_sim/meshes
[5.460s] copying meshes/LIDAR-v5.stl -> /home/chino/uvix_ws/install/Uvix_sim/share/Uvix_sim/meshes
[5.465s] copying meshes/road_left-v3.stl -> /home/chino/uvix_ws/install/Uvix_sim/share/Uvix_sim/meshes
[5.467s] copying meshes/Camara_1-v4.stl -> /home/chino/uvix_ws/install/Uvix_sim/share/Uvix_sim/meshes
[5.478s] copying meshes/Camara_2-v2.stl -> /home/chino/uvix_ws/install/Uvix_sim/share/Uvix_sim/meshes
[5.491s] copying meshes/road_rigth-v3.stl -> /home/chino/uvix_ws/install/Uvix_sim/share/Uvix_sim/meshes
[5.494s] copying urdf/uvix.xacro -> /home/chino/uvix_ws/install/Uvix_sim/share/Uvix_sim/urdf
[5.496s] copying urdf/uvix.gazebo -> /home/chino/uvix_ws/install/Uvix_sim/share/Uvix_sim/urdf
[5.497s] copying urdf/materials.xacro -> /home/chino/uvix_ws/install/Uvix_sim/share/Uvix_sim/urdf
[5.498s] copying launch/sim_launch.py -> /home/chino/uvix_ws/install/Uvix_sim/share/Uvix_sim/launch
[5.499s] copying launch/test_mundo.launch.py -> /home/chino/uvix_ws/install/Uvix_sim/share/Uvix_sim/launch
[5.504s] copying config/main.rviz -> /home/chino/uvix_ws/install/Uvix_sim/share/Uvix_sim/config
[5.506s] copying config/ekf.yaml -> /home/chino/uvix_ws/install/Uvix_sim/share/Uvix_sim/config
[5.507s] copying config/mapper_params_online_async.yaml -> /home/chino/uvix_ws/install/Uvix_sim/share/Uvix_sim/config
[5.509s] copying config/Uvix_controllers.yaml -> /home/chino/uvix_ws/install/Uvix_sim/share/Uvix_sim/config
[5.514s] copying models/aws_robomaker_warehouse_ClutteringC_01/model.config -> /home/chino/uvix_ws/install/Uvix_sim/share/Uvix_sim/models/aws_robomaker_warehouse_ClutteringC_01
[5.516s] copying models/aws_robomaker_warehouse_ClutteringC_01/model.sdf -> /home/chino/uvix_ws/install/Uvix_sim/share/Uvix_sim/models/aws_robomaker_warehouse_ClutteringC_01
[5.518s] copying models/aws_robomaker_warehouse_ClutteringC_01/meshes/aws_robomaker_warehouse_ClutteringC_01_collision.DAE -> /home/chino/uvix_ws/install/Uvix_sim/share/Uvix_sim/models/aws_robomaker_warehouse_ClutteringC_01/meshes
[5.519s] copying models/aws_robomaker_warehouse_ClutteringC_01/meshes/aws_robomaker_warehouse_ClutteringC_01_visual.DAE -> /home/chino/uvix_ws/install/Uvix_sim/share/Uvix_sim/models/aws_robomaker_warehouse_ClutteringC_01/meshes
[5.522s] copying models/aws_robomaker_warehouse_ClutteringC_01/materials/textures/aws_robomaker_warehouse_ClutteringC_02.png -> /home/chino/uvix_ws/install/Uvix_sim/share/Uvix_sim/models/aws_robomaker_warehouse_ClutteringC_01/materials/textures
[5.526s] copying models/aws_robomaker_warehouse_ClutteringC_01/materials/textures/aws_robomaker_warehouse_ClutteringC_01.png -> /home/chino/uvix_ws/install/Uvix_sim/share/Uvix_sim/models/aws_robomaker_warehouse_ClutteringC_01/materials/textures
[5.529s] copying models/aws_robomaker_residential_Sofa_01/model.config -> /home/chino/uvix_ws/install/Uvix_sim/share/Uvix_sim/models/aws_robomaker_residential_Sofa_01
[5.531s] copying models/aws_robomaker_residential_Sofa_01/model.sdf -> /home/chino/uvix_ws/install/Uvix_sim/share/Uvix_sim/models/aws_robomaker_residential_Sofa_01
[5.532s] copying models/aws_robomaker_residential_Sofa_01/meshes/aws_Sofa_01_collision.DAE -> /home/chino/uvix_ws/install/Uvix_sim/share/Uvix_sim/models/aws_robomaker_residential_Sofa_01/meshes
[5.535s] copying models/aws_robomaker_residential_Sofa_01/meshes/aws_Sofa_01.DAE -> /home/chino/uvix_ws/install/Uvix_sim/share/Uvix_sim/models/aws_robomaker_residential_Sofa_01/meshes
[5.559s] copying models/aws_robomaker_residential_Sofa_01/meshes/aws_Sofa_01_visual.DAE -> /home/chino/uvix_ws/install/Uvix_sim/share/Uvix_sim/models/aws_robomaker_residential_Sofa_01/meshes
[5.571s] copying models/aws_robomaker_residential_Sofa_01/materials/textures/aws_Sofa_01.png -> /home/chino/uvix_ws/install/Uvix_sim/share/Uvix_sim/models/aws_robomaker_residential_Sofa_01/materials/textures
[5.573s] copying models/aws_robomaker_hospital_elevator_01_portal/model.config -> /home/chino/uvix_ws/install/Uvix_sim/share/Uvix_sim/models/aws_robomaker_hospital_elevator_01_portal
[5.575s] copying models/aws_robomaker_hospital_elevator_01_portal/model.sdf -> /home/chino/uvix_ws/install/Uvix_sim/share/Uvix_sim/models/aws_robomaker_hospital_elevator_01_portal
[5.576s] copying models/aws_robomaker_hospital_elevator_01_portal/meshes/aws_robomaker_hospital_elevator_01_low.png -> /home/chino/uvix_ws/install/Uvix_sim/share/Uvix_sim/models/aws_robomaker_hospital_elevator_01_portal/meshes
[5.585s] copying models/aws_robomaker_hospital_elevator_01_portal/meshes/aws_robomaker_hospital_elevator_01_portal_collision.dae -> /home/chino/uvix_ws/install/Uvix_sim/share/Uvix_sim/models/aws_robomaker_hospital_elevator_01_portal/meshes
[5.586s] copying models/aws_robomaker_hospital_elevator_01_portal/meshes/aws_robomaker_hospital_elevator_01_visual.png -> /home/chino/uvix_ws/install/Uvix_sim/share/Uvix_sim/models/aws_robomaker_hospital_elevator_01_portal/meshes
[5.591s] copying models/aws_robomaker_hospital_elevator_01_portal/meshes/aws_robomaker_hospital_elevator_01_portal_visual.dae -> /home/chino/uvix_ws/install/Uvix_sim/share/Uvix_sim/models/aws_robomaker_hospital_elevator_01_portal/meshes
[5.592s] copying models/aws_robomaker_hospital_elevator_01_portal/meshes/aws_robomaker_hospital_elevator_01_portal_low.dae -> /home/chino/uvix_ws/install/Uvix_sim/share/Uvix_sim/models/aws_robomaker_hospital_elevator_01_portal/meshes
[5.593s] copying models/aws_robomaker_hospital_elevator_01_portal/meshes/aws_robomaker_hospital_elevator_01_low_normal.png -> /home/chino/uvix_ws/install/Uvix_sim/share/Uvix_sim/models/aws_robomaker_hospital_elevator_01_portal/meshes
[5.597s] copying models/aws_robomaker_hospital_elevator_01_portal/meshes/aws_robomaker_hospital_elevator_01_visual_normal.png -> /home/chino/uvix_ws/install/Uvix_sim/share/Uvix_sim/models/aws_robomaker_hospital_elevator_01_portal/meshes
[5.599s] copying models/aws_robomaker_residential_CoffeeTable_01/model.config -> /home/chino/uvix_ws/install/Uvix_sim/share/Uvix_sim/models/aws_robomaker_residential_CoffeeTable_01
[5.603s] copying models/aws_robomaker_residential_CoffeeTable_01/model.sdf -> /home/chino/uvix_ws/install/Uvix_sim/share/Uvix_sim/models/aws_robomaker_residential_CoffeeTable_01
[5.605s] copying models/aws_robomaker_residential_CoffeeTable_01/meshes/aws_CoffeeTable_01_collision.DAE -> /home/chino/uvix_ws/install/Uvix_sim/share/Uvix_sim/models/aws_robomaker_residential_CoffeeTable_01/meshes
[5.606s] copying models/aws_robomaker_residential_CoffeeTable_01/meshes/aws_CoffeeTable_01_visual.DAE -> /home/chino/uvix_ws/install/Uvix_sim/share/Uvix_sim/models/aws_robomaker_residential_CoffeeTable_01/meshes
[5.609s] copying models/aws_robomaker_residential_CoffeeTable_01/materials/textures/aws_CoffeeTable_01.png -> /home/chino/uvix_ws/install/Uvix_sim/share/Uvix_sim/models/aws_robomaker_residential_CoffeeTable_01/materials/textures
[5.617s] copying models/aws_robomaker_hospital_curtain_half_open_01/model.config -> /home/chino/uvix_ws/install/Uvix_sim/share/Uvix_sim/models/aws_robomaker_hospital_curtain_half_open_01
[5.619s] copying models/aws_robomaker_hospital_curtain_half_open_01/model.sdf -> /home/chino/uvix_ws/install/Uvix_sim/share/Uvix_sim/models/aws_robomaker_hospital_curtain_half_open_01
[5.620s] copying models/aws_robomaker_hospital_curtain_half_open_01/meshes/aws_robomaker_hospital_curtain_half_open_01_visual_normal.png -> /home/chino/uvix_ws/install/Uvix_sim/share/Uvix_sim/models/aws_robomaker_hospital_curtain_half_open_01/meshes
[5.623s] copying models/aws_robomaker_hospital_curtain_half_open_01/meshes/aws_robomaker_hospital_curtain_half_open_01_low_normal.png -> /home/chino/uvix_ws/install/Uvix_sim/share/Uvix_sim/models/aws_robomaker_hospital_curtain_half_open_01/meshes
[5.626s] copying models/aws_robomaker_hospital_curtain_half_open_01/meshes/aws_robomaker_hospital_curtain_half_open_01_visual.png -> /home/chino/uvix_ws/install/Uvix_sim/share/Uvix_sim/models/aws_robomaker_hospital_curtain_half_open_01/meshes
[5.636s] copying models/aws_robomaker_hospital_curtain_half_open_01/meshes/aws_robomaker_hospital_curtainrail_01_low_normal.png -> /home/chino/uvix_ws/install/Uvix_sim/share/Uvix_sim/models/aws_robomaker_hospital_curtain_half_open_01/meshes
[5.638s] copying models/aws_robomaker_hospital_curtain_half_open_01/meshes/aws_robomaker_hospital_curtain_half_open_01_collision.dae -> /home/chino/uvix_ws/install/Uvix_sim/share/Uvix_sim/models/aws_robomaker_hospital_curtain_half_open_01/meshes
[5.641s] copying models/aws_robomaker_hospital_curtain_half_open_01/meshes/aws_robomaker_hospital_curtain_half_open_01_low.png -> /home/chino/uvix_ws/install/Uvix_sim/share/Uvix_sim/models/aws_robomaker_hospital_curtain_half_open_01/meshes
[5.650s] copying models/aws_robomaker_hospital_curtain_half_open_01/meshes/aws_robomaker_hospital_curtainrail_01_low.png -> /home/chino/uvix_ws/install/Uvix_sim/share/Uvix_sim/models/aws_robomaker_hospital_curtain_half_open_01/meshes
[5.653s] copying models/aws_robomaker_hospital_curtain_half_open_01/meshes/aws_robomaker_hospital_curtain_half_open_01_visual.dae -> /home/chino/uvix_ws/install/Uvix_sim/share/Uvix_sim/models/aws_robomaker_hospital_curtain_half_open_01/meshes
[5.656s] copying models/aws_robomaker_hospital_curtain_half_open_01/meshes/aws_robomaker_hospital_curtainrail_01_visual.png -> /home/chino/uvix_ws/install/Uvix_sim/share/Uvix_sim/models/aws_robomaker_hospital_curtain_half_open_01/meshes
[5.658s] copying models/aws_robomaker_hospital_curtain_half_open_01/meshes/aws_robomaker_hospital_curtainrail_01_visual_normal.png -> /home/chino/uvix_ws/install/Uvix_sim/share/Uvix_sim/models/aws_robomaker_hospital_curtain_half_open_01/meshes
[5.661s] copying models/aws_robomaker_hospital_floor_02_floor/model.config -> /home/chino/uvix_ws/install/Uvix_sim/share/Uvix_sim/models/aws_robomaker_hospital_floor_02_floor
[5.662s] copying models/aws_robomaker_hospital_floor_02_floor/model.sdf -> /home/chino/uvix_ws/install/Uvix_sim/share/Uvix_sim/models/aws_robomaker_hospital_floor_02_floor
[5.663s] copying models/aws_robomaker_hospital_floor_02_floor/meshes/aws_robomaker_hospital_floor_02_floor_collision.dae -> /home/chino/uvix_ws/install/Uvix_sim/share/Uvix_sim/models/aws_robomaker_hospital_floor_02_floor/meshes
[5.665s] copying models/aws_robomaker_hospital_floor_02_floor/meshes/aws_robomaker_hospital_floor_02_floor_normal.png -> /home/chino/uvix_ws/install/Uvix_sim/share/Uvix_sim/models/aws_robomaker_hospital_floor_02_floor/meshes
[5.672s] copying models/aws_robomaker_hospital_floor_02_floor/meshes/aws_robomaker_hospital_floor_02_floor.png -> /home/chino/uvix_ws/install/Uvix_sim/share/Uvix_sim/models/aws_robomaker_hospital_floor_02_floor/meshes
[5.712s] copying models/aws_robomaker_hospital_floor_02_floor/meshes/aws_robomaker_hospital_floor_02_floor_visual.dae -> /home/chino/uvix_ws/install/Uvix_sim/share/Uvix_sim/models/aws_robomaker_hospital_floor_02_floor/meshes
[5.713s] copying models/aws_robomaker_hospital_floor_01_walls/model.config -> /home/chino/uvix_ws/install/Uvix_sim/share/Uvix_sim/models/aws_robomaker_hospital_floor_01_walls
[5.715s] copying models/aws_robomaker_hospital_floor_01_walls/model.sdf -> /home/chino/uvix_ws/install/Uvix_sim/share/Uvix_sim/models/aws_robomaker_hospital_floor_01_walls
[5.716s] copying models/aws_robomaker_hospital_floor_01_walls/meshes/aws_robomaker_hospital_floor_01_doorsign.png -> /home/chino/uvix_ws/install/Uvix_sim/share/Uvix_sim/models/aws_robomaker_hospital_floor_01_walls/meshes
[5.720s] copying models/aws_robomaker_hospital_floor_01_walls/meshes/aws_robomaker_hospital_floor_01_doorframes_small.png -> /home/chino/uvix_ws/install/Uvix_sim/share/Uvix_sim/models/aws_robomaker_hospital_floor_01_walls/meshes
[5.724s] copying models/aws_robomaker_hospital_floor_01_walls/meshes/aws_robomaker_hospital_floor_01_handrail.png -> /home/chino/uvix_ws/install/Uvix_sim/share/Uvix_sim/models/aws_robomaker_hospital_floor_01_walls/meshes
[5.727s] copying models/aws_robomaker_hospital_floor_01_walls/meshes/aws_robomaker_hospital_floor_01_doorframes_big.png -> /home/chino/uvix_ws/install/Uvix_sim/share/Uvix_sim/models/aws_robomaker_hospital_floor_01_walls/meshes
[5.730s] copying models/aws_robomaker_hospital_floor_01_walls/meshes/aws_robomaker_hospital_floor_01_stairs.png -> /home/chino/uvix_ws/install/Uvix_sim/share/Uvix_sim/models/aws_robomaker_hospital_floor_01_walls/meshes
[5.741s] copying models/aws_robomaker_hospital_floor_01_walls/meshes/aws_robomaker_hospital_floor_01_walls_visual.dae -> /home/chino/uvix_ws/install/Uvix_sim/share/Uvix_sim/models/aws_robomaker_hospital_floor_01_walls/meshes
[5.745s] copying models/aws_robomaker_hospital_floor_01_walls/meshes/aws_robomaker_hospital_floor_01_bumprail.png -> /home/chino/uvix_ws/install/Uvix_sim/share/Uvix_sim/models/aws_robomaker_hospital_floor_01_walls/meshes
[5.748s] copying models/aws_robomaker_hospital_floor_01_walls/meshes/aws_robomaker_hospital_floor_01_windows.png -> /home/chino/uvix_ws/install/Uvix_sim/share/Uvix_sim/models/aws_robomaker_hospital_floor_01_walls/meshes
[5.751s] copying models/aws_robomaker_hospital_floor_01_walls/meshes/aws_robomaker_hospital_floor_01_walls_collision.dae -> /home/chino/uvix_ws/install/Uvix_sim/share/Uvix_sim/models/aws_robomaker_hospital_floor_01_walls/meshes
[5.754s] copying models/aws_robomaker_hospital_floor_01_walls/meshes/aws_robomaker_hospital_floor_01_walls.png -> /home/chino/uvix_ws/install/Uvix_sim/share/Uvix_sim/models/aws_robomaker_hospital_floor_01_walls/meshes
[5.762s] copying models/aws_robomaker_retail_BookshelfB_01/model.config -> /home/chino/uvix_ws/install/Uvix_sim/share/Uvix_sim/models/aws_robomaker_retail_BookshelfB_01
[5.763s] copying models/aws_robomaker_retail_BookshelfB_01/model.sdf -> /home/chino/uvix_ws/install/Uvix_sim/share/Uvix_sim/models/aws_robomaker_retail_BookshelfB_01
[5.765s] copying models/aws_robomaker_retail_BookshelfB_01/meshes/aws_BookshelfB_01_collision.DAE -> /home/chino/uvix_ws/install/Uvix_sim/share/Uvix_sim/models/aws_robomaker_retail_BookshelfB_01/meshes
[5.767s] copying models/aws_robomaker_retail_BookshelfB_01/meshes/aws_BookshelfB_01_visual.DAE -> /home/chino/uvix_ws/install/Uvix_sim/share/Uvix_sim/models/aws_robomaker_retail_BookshelfB_01/meshes
[5.771s] copying models/aws_robomaker_retail_BookshelfB_01/materials/textures/aws_BookshelfB_02.png -> /home/chino/uvix_ws/install/Uvix_sim/share/Uvix_sim/models/aws_robomaker_retail_BookshelfB_01/materials/textures
[5.773s] copying models/aws_robomaker_retail_BookshelfB_01/materials/textures/aws_BookshelfB_01.png -> /home/chino/uvix_ws/install/Uvix_sim/share/Uvix_sim/models/aws_robomaker_retail_BookshelfB_01/materials/textures
[5.790s] copying models/aws_robomaker_residential_PortraitB_01/model.config -> /home/chino/uvix_ws/install/Uvix_sim/share/Uvix_sim/models/aws_robomaker_residential_PortraitB_01
[5.792s] copying models/aws_robomaker_residential_PortraitB_01/model.sdf -> /home/chino/uvix_ws/install/Uvix_sim/share/Uvix_sim/models/aws_robomaker_residential_PortraitB_01
[5.793s] copying models/aws_robomaker_residential_PortraitB_01/meshes/aws_PortraitB_01_visual.DAE -> /home/chino/uvix_ws/install/Uvix_sim/share/Uvix_sim/models/aws_robomaker_residential_PortraitB_01/meshes
[5.795s] copying models/aws_robomaker_residential_PortraitB_01/meshes/aws_PortraitB_01_collision.DAE -> /home/chino/uvix_ws/install/Uvix_sim/share/Uvix_sim/models/aws_robomaker_residential_PortraitB_01/meshes
[5.797s] copying models/aws_robomaker_residential_PortraitB_01/materials/textures/aws_PortraitB_02.png -> /home/chino/uvix_ws/install/Uvix_sim/share/Uvix_sim/models/aws_robomaker_residential_PortraitB_01/materials/textures
[5.803s] copying models/aws_robomaker_residential_PortraitB_01/materials/textures/aws_PortraitB_01.png -> /home/chino/uvix_ws/install/Uvix_sim/share/Uvix_sim/models/aws_robomaker_residential_PortraitB_01/materials/textures
[5.806s] copying models/aws_robomaker_residential_TV_02/model.config -> /home/chino/uvix_ws/install/Uvix_sim/share/Uvix_sim/models/aws_robomaker_residential_TV_02
[5.808s] copying models/aws_robomaker_residential_TV_02/model.sdf -> /home/chino/uvix_ws/install/Uvix_sim/share/Uvix_sim/models/aws_robomaker_residential_TV_02
[5.809s] copying models/aws_robomaker_residential_TV_02/meshes/aws_TV_01_collision.DAE -> /home/chino/uvix_ws/install/Uvix_sim/share/Uvix_sim/models/aws_robomaker_residential_TV_02/meshes
[5.811s] copying models/aws_robomaker_residential_TV_02/meshes/aws_TV_01_visual.DAE -> /home/chino/uvix_ws/install/Uvix_sim/share/Uvix_sim/models/aws_robomaker_residential_TV_02/meshes
[5.813s] copying models/aws_robomaker_residential_TV_02/materials/textures/aws_TV_01.png -> /home/chino/uvix_ws/install/Uvix_sim/share/Uvix_sim/models/aws_robomaker_residential_TV_02/materials/textures
[5.823s] copying models/aws_robomaker_residential_Refrigerator_01/model.config -> /home/chino/uvix_ws/install/Uvix_sim/share/Uvix_sim/models/aws_robomaker_residential_Refrigerator_01
[5.824s] copying models/aws_robomaker_residential_Refrigerator_01/model.sdf -> /home/chino/uvix_ws/install/Uvix_sim/share/Uvix_sim/models/aws_robomaker_residential_Refrigerator_01
[5.826s] copying models/aws_robomaker_residential_Refrigerator_01/meshes/aws_Refrigerator_01.DAE -> /home/chino/uvix_ws/install/Uvix_sim/share/Uvix_sim/models/aws_robomaker_residential_Refrigerator_01/meshes
[5.829s] copying models/aws_robomaker_residential_Refrigerator_01/meshes/aws_Refrigerator_01_collision.DAE -> /home/chino/uvix_ws/install/Uvix_sim/share/Uvix_sim/models/aws_robomaker_residential_Refrigerator_01/meshes
[5.830s] copying models/aws_robomaker_residential_Refrigerator_01/meshes/aws_Refrigerator_01_visual.DAE -> /home/chino/uvix_ws/install/Uvix_sim/share/Uvix_sim/models/aws_robomaker_residential_Refrigerator_01/meshes
[5.834s] copying models/aws_robomaker_residential_Refrigerator_01/materials/textures/aws_Refrigerator_01.png -> /home/chino/uvix_ws/install/Uvix_sim/share/Uvix_sim/models/aws_robomaker_residential_Refrigerator_01/materials/textures
[5.837s] copying models/aws_robomaker_residential_Refrigerator_01/materials/textures/aws_Refrigerator_02.png -> /home/chino/uvix_ws/install/Uvix_sim/share/Uvix_sim/models/aws_robomaker_residential_Refrigerator_01/materials/textures
[5.840s] copying models/aws_robomaker_hospital_elevator_01_car/model.config -> /home/chino/uvix_ws/install/Uvix_sim/share/Uvix_sim/models/aws_robomaker_hospital_elevator_01_car
[5.842s] copying models/aws_robomaker_hospital_elevator_01_car/model.sdf -> /home/chino/uvix_ws/install/Uvix_sim/share/Uvix_sim/models/aws_robomaker_hospital_elevator_01_car
[5.843s] copying models/aws_robomaker_hospital_elevator_01_car/meshes/aws_robomaker_hospital_elevator_01_low.png -> /home/chino/uvix_ws/install/Uvix_sim/share/Uvix_sim/models/aws_robomaker_hospital_elevator_01_car/meshes
[5.849s] copying models/aws_robomaker_hospital_elevator_01_car/meshes/aws_robomaker_hospital_elevator_01_car_low.dae -> /home/chino/uvix_ws/install/Uvix_sim/share/Uvix_sim/models/aws_robomaker_hospital_elevator_01_car/meshes
[5.850s] copying models/aws_robomaker_hospital_elevator_01_car/meshes/aws_robomaker_hospital_elevator_01_visual.png -> /home/chino/uvix_ws/install/Uvix_sim/share/Uvix_sim/models/aws_robomaker_hospital_elevator_01_car/meshes
[5.856s] copying models/aws_robomaker_hospital_elevator_01_car/meshes/aws_robomaker_hospital_elevator_01_car_collision.dae -> /home/chino/uvix_ws/install/Uvix_sim/share/Uvix_sim/models/aws_robomaker_hospital_elevator_01_car/meshes
[5.857s] copying models/aws_robomaker_hospital_elevator_01_car/meshes/aws_robomaker_hospital_elevator_01_low_normal.png -> /home/chino/uvix_ws/install/Uvix_sim/share/Uvix_sim/models/aws_robomaker_hospital_elevator_01_car/meshes
[5.859s] copying models/aws_robomaker_hospital_elevator_01_car/meshes/aws_robomaker_hospital_elevator_01_visual_normal.png -> /home/chino/uvix_ws/install/Uvix_sim/share/Uvix_sim/models/aws_robomaker_hospital_elevator_01_car/meshes
[5.861s] copying models/aws_robomaker_hospital_elevator_01_car/meshes/aws_robomaker_hospital_elevator_01_car_visual.dae -> /home/chino/uvix_ws/install/Uvix_sim/share/Uvix_sim/models/aws_robomaker_hospital_elevator_01_car/meshes
[5.865s] copying models/aws_robomaker_residential_PortraitB_03/model.config -> /home/chino/uvix_ws/install/Uvix_sim/share/Uvix_sim/models/aws_robomaker_residential_PortraitB_03
[5.867s] copying models/aws_robomaker_residential_PortraitB_03/model.sdf -> /home/chino/uvix_ws/install/Uvix_sim/share/Uvix_sim/models/aws_robomaker_residential_PortraitB_03
[5.868s] copying models/aws_robomaker_residential_PortraitB_03/meshes/aws_PortraitB_01_visual.DAE -> /home/chino/uvix_ws/install/Uvix_sim/share/Uvix_sim/models/aws_robomaker_residential_PortraitB_03/meshes
[5.870s] copying models/aws_robomaker_residential_PortraitB_03/meshes/aws_PortraitB_01_collision.DAE -> /home/chino/uvix_ws/install/Uvix_sim/share/Uvix_sim/models/aws_robomaker_residential_PortraitB_03/meshes
[5.871s] copying models/aws_robomaker_residential_PortraitB_03/materials/textures/aws_PortraitB_02.png -> /home/chino/uvix_ws/install/Uvix_sim/share/Uvix_sim/models/aws_robomaker_residential_PortraitB_03/materials/textures
[5.877s] copying models/aws_robomaker_residential_PortraitB_03/materials/textures/aws_PortraitB_01.png -> /home/chino/uvix_ws/install/Uvix_sim/share/Uvix_sim/models/aws_robomaker_residential_PortraitB_03/materials/textures
[5.879s] copying models/aws_robomaker_hospital_curtain_closed_01/model.config -> /home/chino/uvix_ws/install/Uvix_sim/share/Uvix_sim/models/aws_robomaker_hospital_curtain_closed_01
[5.881s] copying models/aws_robomaker_hospital_curtain_closed_01/model.sdf -> /home/chino/uvix_ws/install/Uvix_sim/share/Uvix_sim/models/aws_robomaker_hospital_curtain_closed_01
[5.882s] copying models/aws_robomaker_hospital_curtain_closed_01/meshes/aws_robomaker_hospital_curtain_closed_01_visual.png -> /home/chino/uvix_ws/install/Uvix_sim/share/Uvix_sim/models/aws_robomaker_hospital_curtain_closed_01/meshes
[5.891s] copying models/aws_robomaker_hospital_curtain_closed_01/meshes/aws_robomaker_hospital_curtainrail_01_low_normal.png -> /home/chino/uvix_ws/install/Uvix_sim/share/Uvix_sim/models/aws_robomaker_hospital_curtain_closed_01/meshes
[5.893s] copying models/aws_robomaker_hospital_curtain_closed_01/meshes/aws_robomaker_hospital_curtain_closed_01_low.png -> /home/chino/uvix_ws/install/Uvix_sim/share/Uvix_sim/models/aws_robomaker_hospital_curtain_closed_01/meshes
[5.902s] copying models/aws_robomaker_hospital_curtain_closed_01/meshes/aws_robomaker_hospital_curtain_closed_01_low_normal.png -> /home/chino/uvix_ws/install/Uvix_sim/share/Uvix_sim/models/aws_robomaker_hospital_curtain_closed_01/meshes
[5.904s] copying models/aws_robomaker_hospital_curtain_closed_01/meshes/aws_robomaker_hospital_curtain_closed_01_visual_normal.png -> /home/chino/uvix_ws/install/Uvix_sim/share/Uvix_sim/models/aws_robomaker_hospital_curtain_closed_01/meshes
[5.906s] copying models/aws_robomaker_hospital_curtain_closed_01/meshes/aws_robomaker_hospital_curtain_closed_01_collision.dae -> /home/chino/uvix_ws/install/Uvix_sim/share/Uvix_sim/models/aws_robomaker_hospital_curtain_closed_01/meshes
[5.908s] copying models/aws_robomaker_hospital_curtain_closed_01/meshes/aws_robomaker_hospital_curtainrail_01_low.png -> /home/chino/uvix_ws/install/Uvix_sim/share/Uvix_sim/models/aws_robomaker_hospital_curtain_closed_01/meshes
[5.911s] copying models/aws_robomaker_hospital_curtain_closed_01/meshes/aws_robomaker_hospital_curtainrail_01_visual.png -> /home/chino/uvix_ws/install/Uvix_sim/share/Uvix_sim/models/aws_robomaker_hospital_curtain_closed_01/meshes
[5.913s] copying models/aws_robomaker_hospital_curtain_closed_01/meshes/aws_robomaker_hospital_curtain_closed_01_visual.dae -> /home/chino/uvix_ws/install/Uvix_sim/share/Uvix_sim/models/aws_robomaker_hospital_curtain_closed_01/meshes
[5.916s] copying models/aws_robomaker_hospital_curtain_closed_01/meshes/aws_robomaker_hospital_curtainrail_01_visual_normal.png -> /home/chino/uvix_ws/install/Uvix_sim/share/Uvix_sim/models/aws_robomaker_hospital_curtain_closed_01/meshes
[5.920s] copying models/aws_robomaker_residential_PortraitD_02/model.config -> /home/chino/uvix_ws/install/Uvix_sim/share/Uvix_sim/models/aws_robomaker_residential_PortraitD_02
[5.921s] copying models/aws_robomaker_residential_PortraitD_02/model.sdf -> /home/chino/uvix_ws/install/Uvix_sim/share/Uvix_sim/models/aws_robomaker_residential_PortraitD_02
[5.922s] copying models/aws_robomaker_residential_PortraitD_02/meshes/aws_PortraitD_01_visual.DAE -> /home/chino/uvix_ws/install/Uvix_sim/share/Uvix_sim/models/aws_robomaker_residential_PortraitD_02/meshes
[5.924s] copying models/aws_robomaker_residential_PortraitD_02/meshes/aws_PortraitD_01_collision.DAE -> /home/chino/uvix_ws/install/Uvix_sim/share/Uvix_sim/models/aws_robomaker_residential_PortraitD_02/meshes
[5.925s] copying models/aws_robomaker_residential_PortraitD_02/materials/textures/aws_PortraitD_02.png -> /home/chino/uvix_ws/install/Uvix_sim/share/Uvix_sim/models/aws_robomaker_residential_PortraitD_02/materials/textures
[5.933s] copying models/aws_robomaker_residential_PortraitD_02/materials/textures/aws_PortraitD_01.png -> /home/chino/uvix_ws/install/Uvix_sim/share/Uvix_sim/models/aws_robomaker_residential_PortraitD_02/materials/textures
[5.934s] copying models/aws_robomaker_residential_Carpet_01/model.config -> /home/chino/uvix_ws/install/Uvix_sim/share/Uvix_sim/models/aws_robomaker_residential_Carpet_01
[5.936s] copying models/aws_robomaker_residential_Carpet_01/model.sdf -> /home/chino/uvix_ws/install/Uvix_sim/share/Uvix_sim/models/aws_robomaker_residential_Carpet_01
[5.937s] copying models/aws_robomaker_residential_Carpet_01/meshes/aws_Carpet_01_collision.DAE -> /home/chino/uvix_ws/install/Uvix_sim/share/Uvix_sim/models/aws_robomaker_residential_Carpet_01/meshes
[5.939s] copying models/aws_robomaker_residential_Carpet_01/meshes/aws_Carpet_01_visual.DAE -> /home/chino/uvix_ws/install/Uvix_sim/share/Uvix_sim/models/aws_robomaker_residential_Carpet_01/meshes
[5.940s] copying models/aws_robomaker_residential_Carpet_01/materials/textures/aws_Carpet_01.png -> /home/chino/uvix_ws/install/Uvix_sim/share/Uvix_sim/models/aws_robomaker_residential_Carpet_01/materials/textures
[5.987s] copying models/aws_robomaker_residential_PortraitD_01/model.config -> /home/chino/uvix_ws/install/Uvix_sim/share/Uvix_sim/models/aws_robomaker_residential_PortraitD_01
[5.989s] copying models/aws_robomaker_residential_PortraitD_01/model.sdf -> /home/chino/uvix_ws/install/Uvix_sim/share/Uvix_sim/models/aws_robomaker_residential_PortraitD_01
[5.990s] copying models/aws_robomaker_residential_PortraitD_01/meshes/aws_PortraitD_01_visual.DAE -> /home/chino/uvix_ws/install/Uvix_sim/share/Uvix_sim/models/aws_robomaker_residential_PortraitD_01/meshes
[5.992s] copying models/aws_robomaker_residential_PortraitD_01/meshes/aws_PortraitD_01_collision.DAE -> /home/chino/uvix_ws/install/Uvix_sim/share/Uvix_sim/models/aws_robomaker_residential_PortraitD_01/meshes
[5.993s] copying models/aws_robomaker_residential_PortraitD_01/materials/textures/aws_PortraitD_02.png -> /home/chino/uvix_ws/install/Uvix_sim/share/Uvix_sim/models/aws_robomaker_residential_PortraitD_01/materials/textures
[6.001s] copying models/aws_robomaker_residential_PortraitD_01/materials/textures/aws_PortraitD_01.png -> /home/chino/uvix_ws/install/Uvix_sim/share/Uvix_sim/models/aws_robomaker_residential_PortraitD_01/materials/textures
[6.002s] copying models/aws_robomaker_residential_Trash_01/model.config -> /home/chino/uvix_ws/install/Uvix_sim/share/Uvix_sim/models/aws_robomaker_residential_Trash_01
[6.004s] copying models/aws_robomaker_residential_Trash_01/model.sdf -> /home/chino/uvix_ws/install/Uvix_sim/share/Uvix_sim/models/aws_robomaker_residential_Trash_01
[6.008s] copying models/aws_robomaker_residential_Trash_01/meshes/aws_Trash_01_collision.DAE -> /home/chino/uvix_ws/install/Uvix_sim/share/Uvix_sim/models/aws_robomaker_residential_Trash_01/meshes
[6.010s] copying models/aws_robomaker_residential_Trash_01/meshes/aws_Trash_01_visual.DAE -> /home/chino/uvix_ws/install/Uvix_sim/share/Uvix_sim/models/aws_robomaker_residential_Trash_01/meshes
[6.013s] copying models/aws_robomaker_residential_Trash_01/materials/textures/aws_Trash_01.png -> /home/chino/uvix_ws/install/Uvix_sim/share/Uvix_sim/models/aws_robomaker_residential_Trash_01/materials/textures
[6.016s] copying models/aws_robomaker_residential_PortraitA_01/model.config -> /home/chino/uvix_ws/install/Uvix_sim/share/Uvix_sim/models/aws_robomaker_residential_PortraitA_01
[6.018s] copying models/aws_robomaker_residential_PortraitA_01/model.sdf -> /home/chino/uvix_ws/install/Uvix_sim/share/Uvix_sim/models/aws_robomaker_residential_PortraitA_01
[6.020s] copying models/aws_robomaker_residential_PortraitA_01/meshes/aws_PortraitA_01_collision.DAE -> /home/chino/uvix_ws/install/Uvix_sim/share/Uvix_sim/models/aws_robomaker_residential_PortraitA_01/meshes
[6.022s] copying models/aws_robomaker_residential_PortraitA_01/meshes/aws_PortraitA_01_visual.DAE -> /home/chino/uvix_ws/install/Uvix_sim/share/Uvix_sim/models/aws_robomaker_residential_PortraitA_01/meshes
[6.024s] copying models/aws_robomaker_residential_PortraitA_01/materials/textures/aws_PortraitA_02.png -> /home/chino/uvix_ws/install/Uvix_sim/share/Uvix_sim/models/aws_robomaker_residential_PortraitA_01/materials/textures
[6.030s] copying models/aws_robomaker_residential_PortraitA_01/materials/textures/aws_PortraitA_01.png -> /home/chino/uvix_ws/install/Uvix_sim/share/Uvix_sim/models/aws_robomaker_residential_PortraitA_01/materials/textures
[6.031s] copying models/aws_robomaker_hospital_floor_01_ceiling/model.config -> /home/chino/uvix_ws/install/Uvix_sim/share/Uvix_sim/models/aws_robomaker_hospital_floor_01_ceiling
[6.033s] copying models/aws_robomaker_hospital_floor_01_ceiling/model.sdf -> /home/chino/uvix_ws/install/Uvix_sim/share/Uvix_sim/models/aws_robomaker_hospital_floor_01_ceiling
[6.034s] copying models/aws_robomaker_hospital_floor_01_ceiling/meshes/aws_robomaker_hospital_floor_01_ceiling.png -> /home/chino/uvix_ws/install/Uvix_sim/share/Uvix_sim/models/aws_robomaker_hospital_floor_01_ceiling/meshes
[6.043s] copying models/aws_robomaker_hospital_floor_01_ceiling/meshes/aws_robomaker_hospital_floor_01_ceiling_normal.png -> /home/chino/uvix_ws/install/Uvix_sim/share/Uvix_sim/models/aws_robomaker_hospital_floor_01_ceiling/meshes
[6.050s] copying models/aws_robomaker_hospital_floor_01_ceiling/meshes/aws_robomaker_hospital_floor_01_ceiling_collision.dae -> /home/chino/uvix_ws/install/Uvix_sim/share/Uvix_sim/models/aws_robomaker_hospital_floor_01_ceiling/meshes
[6.051s] copying models/aws_robomaker_hospital_floor_01_ceiling/meshes/aws_robomaker_hospital_floor_01_ceiling_visual.dae -> /home/chino/uvix_ws/install/Uvix_sim/share/Uvix_sim/models/aws_robomaker_hospital_floor_01_ceiling/meshes
[6.052s] copying models/aws_robomaker_residential_PortraitE_01/model.config -> /home/chino/uvix_ws/install/Uvix_sim/share/Uvix_sim/models/aws_robomaker_residential_PortraitE_01
[6.054s] copying models/aws_robomaker_residential_PortraitE_01/model.sdf -> /home/chino/uvix_ws/install/Uvix_sim/share/Uvix_sim/models/aws_robomaker_residential_PortraitE_01
[6.055s] copying models/aws_robomaker_residential_PortraitE_01/meshes/aws_PortraitE_01_collision.DAE -> /home/chino/uvix_ws/install/Uvix_sim/share/Uvix_sim/models/aws_robomaker_residential_PortraitE_01/meshes
[6.057s] copying models/aws_robomaker_residential_PortraitE_01/meshes/aws_PortraitE_01_visual.DAE -> /home/chino/uvix_ws/install/Uvix_sim/share/Uvix_sim/models/aws_robomaker_residential_PortraitE_01/meshes
[6.059s] copying models/aws_robomaker_residential_PortraitE_01/materials/textures/aws_PortraitE_01.png -> /home/chino/uvix_ws/install/Uvix_sim/share/Uvix_sim/models/aws_robomaker_residential_PortraitE_01/materials/textures
[6.061s] copying models/aws_robomaker_residential_PortraitE_01/materials/textures/aws_PortraitE_02.png -> /home/chino/uvix_ws/install/Uvix_sim/share/Uvix_sim/models/aws_robomaker_residential_PortraitE_01/materials/textures
[6.072s] copying models/aws_robomaker_residential_PortraitA_02/model.config -> /home/chino/uvix_ws/install/Uvix_sim/share/Uvix_sim/models/aws_robomaker_residential_PortraitA_02
[6.075s] copying models/aws_robomaker_residential_PortraitA_02/model.sdf -> /home/chino/uvix_ws/install/Uvix_sim/share/Uvix_sim/models/aws_robomaker_residential_PortraitA_02
[6.076s] copying models/aws_robomaker_residential_PortraitA_02/meshes/aws_PortraitA_01_collision.DAE -> /home/chino/uvix_ws/install/Uvix_sim/share/Uvix_sim/models/aws_robomaker_residential_PortraitA_02/meshes
[6.078s] copying models/aws_robomaker_residential_PortraitA_02/meshes/aws_PortraitA_01_visual.DAE -> /home/chino/uvix_ws/install/Uvix_sim/share/Uvix_sim/models/aws_robomaker_residential_PortraitA_02/meshes
[6.080s] copying models/aws_robomaker_residential_PortraitA_02/materials/textures/aws_PortraitA_02.png -> /home/chino/uvix_ws/install/Uvix_sim/share/Uvix_sim/models/aws_robomaker_residential_PortraitA_02/materials/textures
[6.086s] copying models/aws_robomaker_residential_PortraitA_02/materials/textures/aws_PortraitA_01.png -> /home/chino/uvix_ws/install/Uvix_sim/share/Uvix_sim/models/aws_robomaker_residential_PortraitA_02/materials/textures
[6.087s] copying models/aws_robomaker_residential_PortraitE_02/model.config -> /home/chino/uvix_ws/install/Uvix_sim/share/Uvix_sim/models/aws_robomaker_residential_PortraitE_02
[6.089s] copying models/aws_robomaker_residential_PortraitE_02/model.sdf -> /home/chino/uvix_ws/install/Uvix_sim/share/Uvix_sim/models/aws_robomaker_residential_PortraitE_02
[6.091s] copying models/aws_robomaker_residential_PortraitE_02/meshes/aws_PortraitE_01_collision.DAE -> /home/chino/uvix_ws/install/Uvix_sim/share/Uvix_sim/models/aws_robomaker_residential_PortraitE_02/meshes
[6.092s] copying models/aws_robomaker_residential_PortraitE_02/meshes/aws_PortraitE_01_visual.DAE -> /home/chino/uvix_ws/install/Uvix_sim/share/Uvix_sim/models/aws_robomaker_residential_PortraitE_02/meshes
[6.095s] copying models/aws_robomaker_residential_PortraitE_02/materials/textures/aws_PortraitE_01.png -> /home/chino/uvix_ws/install/Uvix_sim/share/Uvix_sim/models/aws_robomaker_residential_PortraitE_02/materials/textures
[6.096s] copying models/aws_robomaker_residential_PortraitE_02/materials/textures/aws_PortraitE_02.png -> /home/chino/uvix_ws/install/Uvix_sim/share/Uvix_sim/models/aws_robomaker_residential_PortraitE_02/materials/textures
[6.107s] copying models/aws_robomaker_hospital_curtain_open_01/model.config -> /home/chino/uvix_ws/install/Uvix_sim/share/Uvix_sim/models/aws_robomaker_hospital_curtain_open_01
[6.108s] copying models/aws_robomaker_hospital_curtain_open_01/model.sdf -> /home/chino/uvix_ws/install/Uvix_sim/share/Uvix_sim/models/aws_robomaker_hospital_curtain_open_01
[6.109s] copying models/aws_robomaker_hospital_curtain_open_01/meshes/aws_robomaker_hospital_curtain_open_01_visual_normal.png -> /home/chino/uvix_ws/install/Uvix_sim/share/Uvix_sim/models/aws_robomaker_hospital_curtain_open_01/meshes
[6.112s] copying models/aws_robomaker_hospital_curtain_open_01/meshes/aws_robomaker_hospital_curtain_open_01_low_normal.png -> /home/chino/uvix_ws/install/Uvix_sim/share/Uvix_sim/models/aws_robomaker_hospital_curtain_open_01/meshes
[6.115s] copying models/aws_robomaker_hospital_curtain_open_01/meshes/aws_robomaker_hospital_curtainrail_01_low_normal.png -> /home/chino/uvix_ws/install/Uvix_sim/share/Uvix_sim/models/aws_robomaker_hospital_curtain_open_01/meshes
[6.118s] copying models/aws_robomaker_hospital_curtain_open_01/meshes/aws_robomaker_hospital_curtain_open_01_collision.dae -> /home/chino/uvix_ws/install/Uvix_sim/share/Uvix_sim/models/aws_robomaker_hospital_curtain_open_01/meshes
[6.120s] copying models/aws_robomaker_hospital_curtain_open_01/meshes/aws_robomaker_hospital_curtain_open_01_visual.dae -> /home/chino/uvix_ws/install/Uvix_sim/share/Uvix_sim/models/aws_robomaker_hospital_curtain_open_01/meshes
[6.125s] copying models/aws_robomaker_hospital_curtain_open_01/meshes/aws_robomaker_hospital_curtain_open_01_visual.png -> /home/chino/uvix_ws/install/Uvix_sim/share/Uvix_sim/models/aws_robomaker_hospital_curtain_open_01/meshes
[6.134s] copying models/aws_robomaker_hospital_curtain_open_01/meshes/aws_robomaker_hospital_curtainrail_01_low.png -> /home/chino/uvix_ws/install/Uvix_sim/share/Uvix_sim/models/aws_robomaker_hospital_curtain_open_01/meshes
[6.136s] copying models/aws_robomaker_hospital_curtain_open_01/meshes/aws_robomaker_hospital_curtain_open_01_low.png -> /home/chino/uvix_ws/install/Uvix_sim/share/Uvix_sim/models/aws_robomaker_hospital_curtain_open_01/meshes
[6.147s] copying models/aws_robomaker_hospital_curtain_open_01/meshes/aws_robomaker_hospital_curtainrail_01_visual.png -> /home/chino/uvix_ws/install/Uvix_sim/share/Uvix_sim/models/aws_robomaker_hospital_curtain_open_01/meshes
[6.149s] copying models/aws_robomaker_hospital_curtain_open_01/meshes/aws_robomaker_hospital_curtainrail_01_visual_normal.png -> /home/chino/uvix_ws/install/Uvix_sim/share/Uvix_sim/models/aws_robomaker_hospital_curtain_open_01/meshes
[6.151s] copying models/aws_robomaker_residential_KitchenCabinet_01/model.config -> /home/chino/uvix_ws/install/Uvix_sim/share/Uvix_sim/models/aws_robomaker_residential_KitchenCabinet_01
[6.153s] copying models/aws_robomaker_residential_KitchenCabinet_01/model.sdf -> /home/chino/uvix_ws/install/Uvix_sim/share/Uvix_sim/models/aws_robomaker_residential_KitchenCabinet_01
[6.154s] copying models/aws_robomaker_residential_KitchenCabinet_01/meshes/aws_KitchenCabinet_01_collision.DAE -> /home/chino/uvix_ws/install/Uvix_sim/share/Uvix_sim/models/aws_robomaker_residential_KitchenCabinet_01/meshes
[6.156s] copying models/aws_robomaker_residential_KitchenCabinet_01/meshes/aws_KitchenCabinet_01_visual.DAE -> /home/chino/uvix_ws/install/Uvix_sim/share/Uvix_sim/models/aws_robomaker_residential_KitchenCabinet_01/meshes
[6.173s] copying models/aws_robomaker_residential_KitchenCabinet_01/materials/textures/aws_KitchenCabinet_01.png -> /home/chino/uvix_ws/install/Uvix_sim/share/Uvix_sim/models/aws_robomaker_residential_KitchenCabinet_01/materials/textures
[6.177s] copying models/aws_robomaker_hospital_nursesstation_01/model.config -> /home/chino/uvix_ws/install/Uvix_sim/share/Uvix_sim/models/aws_robomaker_hospital_nursesstation_01
[6.179s] copying models/aws_robomaker_hospital_nursesstation_01/model.sdf -> /home/chino/uvix_ws/install/Uvix_sim/share/Uvix_sim/models/aws_robomaker_hospital_nursesstation_01
[6.180s] copying models/aws_robomaker_hospital_nursesstation_01/meshes/aws_robomaker_hospital_nursesstation_01_visual.dae -> /home/chino/uvix_ws/install/Uvix_sim/share/Uvix_sim/models/aws_robomaker_hospital_nursesstation_01/meshes
[6.200s] copying models/aws_robomaker_hospital_nursesstation_01/meshes/aws_robomaker_hospital_nursesstation_01_low.dae -> /home/chino/uvix_ws/install/Uvix_sim/share/Uvix_sim/models/aws_robomaker_hospital_nursesstation_01/meshes
[6.205s] copying models/aws_robomaker_hospital_nursesstation_01/meshes/aws_robomaker_hospital_nursesstation_01_visual_normal.png -> /home/chino/uvix_ws/install/Uvix_sim/share/Uvix_sim/models/aws_robomaker_hospital_nursesstation_01/meshes
[6.214s] copying models/aws_robomaker_hospital_nursesstation_01/meshes/aws_robomaker_hospital_nursesstation_01_low.png -> /home/chino/uvix_ws/install/Uvix_sim/share/Uvix_sim/models/aws_robomaker_hospital_nursesstation_01/meshes
[6.228s] copying models/aws_robomaker_hospital_nursesstation_01/meshes/aws_robomaker_hospital_nursesstation_01_collision.dae -> /home/chino/uvix_ws/install/Uvix_sim/share/Uvix_sim/models/aws_robomaker_hospital_nursesstation_01/meshes
[6.230s] copying models/aws_robomaker_hospital_nursesstation_01/meshes/aws_robomaker_hospital_nursesstation_01_visual.png -> /home/chino/uvix_ws/install/Uvix_sim/share/Uvix_sim/models/aws_robomaker_hospital_nursesstation_01/meshes
[6.244s] copying models/aws_robomaker_hospital_nursesstation_01/meshes/aws_robomaker_hospital_nursesstation_01_low_normal.png -> /home/chino/uvix_ws/install/Uvix_sim/share/Uvix_sim/models/aws_robomaker_hospital_nursesstation_01/meshes
[6.249s] copying models/aws_robomaker_hospital_floor_02_walls/model.config -> /home/chino/uvix_ws/install/Uvix_sim/share/Uvix_sim/models/aws_robomaker_hospital_floor_02_walls
[6.251s] copying models/aws_robomaker_hospital_floor_02_walls/model.sdf -> /home/chino/uvix_ws/install/Uvix_sim/share/Uvix_sim/models/aws_robomaker_hospital_floor_02_walls
[6.252s] copying models/aws_robomaker_hospital_floor_02_walls/meshes/aws_robomaker_hospital_floor_02_windows.png -> /home/chino/uvix_ws/install/Uvix_sim/share/Uvix_sim/models/aws_robomaker_hospital_floor_02_walls/meshes
[6.256s] copying models/aws_robomaker_hospital_floor_02_walls/meshes/aws_robomaker_hospital_floor_02_doorframes_small.png -> /home/chino/uvix_ws/install/Uvix_sim/share/Uvix_sim/models/aws_robomaker_hospital_floor_02_walls/meshes
[6.259s] copying models/aws_robomaker_hospital_floor_02_walls/meshes/aws_robomaker_hospital_floor_02_handrail.png -> /home/chino/uvix_ws/install/Uvix_sim/share/Uvix_sim/models/aws_robomaker_hospital_floor_02_walls/meshes
[6.262s] copying models/aws_robomaker_hospital_floor_02_walls/meshes/aws_robomaker_hospital_floor_02_doorsign.png -> /home/chino/uvix_ws/install/Uvix_sim/share/Uvix_sim/models/aws_robomaker_hospital_floor_02_walls/meshes
[6.265s] copying models/aws_robomaker_hospital_floor_02_walls/meshes/aws_robomaker_hospital_floor_02_bumprail.png -> /home/chino/uvix_ws/install/Uvix_sim/share/Uvix_sim/models/aws_robomaker_hospital_floor_02_walls/meshes
[6.268s] copying models/aws_robomaker_hospital_floor_02_walls/meshes/aws_robomaker_hospital_floor_02_walls_visual.dae -> /home/chino/uvix_ws/install/Uvix_sim/share/Uvix_sim/models/aws_robomaker_hospital_floor_02_walls/meshes
[6.271s] copying models/aws_robomaker_hospital_floor_02_walls/meshes/aws_robomaker_hospital_floor_02_walls_collision.dae -> /home/chino/uvix_ws/install/Uvix_sim/share/Uvix_sim/models/aws_robomaker_hospital_floor_02_walls/meshes
[6.276s] copying models/aws_robomaker_hospital_floor_02_walls/meshes/aws_robomaker_hospital_floor_02_walls.png -> /home/chino/uvix_ws/install/Uvix_sim/share/Uvix_sim/models/aws_robomaker_hospital_floor_02_walls/meshes
[6.283s] copying models/aws_robomaker_hospital_floor_02_walls/meshes/aws_robomaker_hospital_floor_02_doorframes_big.png -> /home/chino/uvix_ws/install/Uvix_sim/share/Uvix_sim/models/aws_robomaker_hospital_floor_02_walls/meshes
[6.286s] copying models/aws_robomaker_hospital_floor_02_walls/meshes/aws_robomaker_hospital_floor_02_stairs.png -> /home/chino/uvix_ws/install/Uvix_sim/share/Uvix_sim/models/aws_robomaker_hospital_floor_02_walls/meshes
[6.301s] copying models/aws_robomaker_residential_SofaB_01/model.config -> /home/chino/uvix_ws/install/Uvix_sim/share/Uvix_sim/models/aws_robomaker_residential_SofaB_01
[6.303s] copying models/aws_robomaker_residential_SofaB_01/model.sdf -> /home/chino/uvix_ws/install/Uvix_sim/share/Uvix_sim/models/aws_robomaker_residential_SofaB_01
[6.306s] copying models/aws_robomaker_residential_SofaB_01/meshes/aws_SofaB_01_collision.DAE -> /home/chino/uvix_ws/install/Uvix_sim/share/Uvix_sim/models/aws_robomaker_residential_SofaB_01/meshes
[6.308s] copying models/aws_robomaker_residential_SofaB_01/meshes/aws_SofaB_01_visual.DAE -> /home/chino/uvix_ws/install/Uvix_sim/share/Uvix_sim/models/aws_robomaker_residential_SofaB_01/meshes
[6.311s] copying models/aws_robomaker_residential_SofaB_01/materials/textures/aws_SofaB_01.png -> /home/chino/uvix_ws/install/Uvix_sim/share/Uvix_sim/models/aws_robomaker_residential_SofaB_01/materials/textures
[6.313s] copying models/aws_robomaker_hospital_hospitalsign_01/model.config -> /home/chino/uvix_ws/install/Uvix_sim/share/Uvix_sim/models/aws_robomaker_hospital_hospitalsign_01
[6.315s] copying models/aws_robomaker_hospital_hospitalsign_01/model.sdf -> /home/chino/uvix_ws/install/Uvix_sim/share/Uvix_sim/models/aws_robomaker_hospital_hospitalsign_01
[6.317s] copying models/aws_robomaker_hospital_hospitalsign_01/meshes/aws_robomaker_hospital_hospitalsign_01_collision.dae -> /home/chino/uvix_ws/install/Uvix_sim/share/Uvix_sim/models/aws_robomaker_hospital_hospitalsign_01/meshes
[6.319s] copying models/aws_robomaker_hospital_hospitalsign_01/meshes/aws_robomaker_hospital_hospitalsign_01_normal.png -> /home/chino/uvix_ws/install/Uvix_sim/share/Uvix_sim/models/aws_robomaker_hospital_hospitalsign_01/meshes
[6.320s] copying models/aws_robomaker_hospital_hospitalsign_01/meshes/aws_robomaker_hospital_hospitalsign_01.png -> /home/chino/uvix_ws/install/Uvix_sim/share/Uvix_sim/models/aws_robomaker_hospital_hospitalsign_01/meshes
[6.322s] copying models/aws_robomaker_hospital_hospitalsign_01/meshes/aws_robomaker_hospital_hospitalsign_01_visual.dae -> /home/chino/uvix_ws/install/Uvix_sim/share/Uvix_sim/models/aws_robomaker_hospital_hospitalsign_01/meshes
[6.323s] copying models/aws_robomaker_warehouse_ClutteringA_01/model.config -> /home/chino/uvix_ws/install/Uvix_sim/share/Uvix_sim/models/aws_robomaker_warehouse_ClutteringA_01
[6.325s] copying models/aws_robomaker_warehouse_ClutteringA_01/model.sdf -> /home/chino/uvix_ws/install/Uvix_sim/share/Uvix_sim/models/aws_robomaker_warehouse_ClutteringA_01
[6.326s] copying models/aws_robomaker_warehouse_ClutteringA_01/meshes/aws_robomaker_warehouse_ClutteringA_01_collision.DAE -> /home/chino/uvix_ws/install/Uvix_sim/share/Uvix_sim/models/aws_robomaker_warehouse_ClutteringA_01/meshes
[6.328s] copying models/aws_robomaker_warehouse_ClutteringA_01/meshes/aws_robomaker_warehouse_ClutteringA_01_visual.DAE -> /home/chino/uvix_ws/install/Uvix_sim/share/Uvix_sim/models/aws_robomaker_warehouse_ClutteringA_01/meshes
[6.331s] copying models/aws_robomaker_warehouse_ClutteringA_01/materials/textures/aws_robomaker_warehouse_ClutteringA_03.png -> /home/chino/uvix_ws/install/Uvix_sim/share/Uvix_sim/models/aws_robomaker_warehouse_ClutteringA_01/materials/textures
[6.335s] copying models/aws_robomaker_warehouse_ClutteringA_01/materials/textures/aws_robomaker_warehouse_ClutteringA_01.png -> /home/chino/uvix_ws/install/Uvix_sim/share/Uvix_sim/models/aws_robomaker_warehouse_ClutteringA_01/materials/textures
[6.338s] copying models/aws_robomaker_warehouse_ClutteringA_01/materials/textures/aws_robomaker_warehouse_ClutteringA_02.png -> /home/chino/uvix_ws/install/Uvix_sim/share/Uvix_sim/models/aws_robomaker_warehouse_ClutteringA_01/materials/textures
[6.341s] copying models/aws_robomaker_hospital_floor_01_floor/model.config -> /home/chino/uvix_ws/install/Uvix_sim/share/Uvix_sim/models/aws_robomaker_hospital_floor_01_floor
[6.342s] copying models/aws_robomaker_hospital_floor_01_floor/model.sdf -> /home/chino/uvix_ws/install/Uvix_sim/share/Uvix_sim/models/aws_robomaker_hospital_floor_01_floor
[6.344s] copying models/aws_robomaker_hospital_floor_01_floor/meshes/aws_robomaker_hospital_floor_01_floor.png -> /home/chino/uvix_ws/install/Uvix_sim/share/Uvix_sim/models/aws_robomaker_hospital_floor_01_floor/meshes
[6.381s] copying models/aws_robomaker_hospital_floor_01_floor/meshes/aws_robomaker_hospital_floor_01_floor_collision.dae -> /home/chino/uvix_ws/install/Uvix_sim/share/Uvix_sim/models/aws_robomaker_hospital_floor_01_floor/meshes
[6.382s] copying models/aws_robomaker_hospital_floor_01_floor/meshes/aws_robomaker_hospital_floor_01_floor_visual.dae -> /home/chino/uvix_ws/install/Uvix_sim/share/Uvix_sim/models/aws_robomaker_hospital_floor_01_floor/meshes
[6.384s] copying models/aws_robomaker_hospital_floor_01_floor/meshes/aws_robomaker_hospital_floor_01_floor_normal.png -> /home/chino/uvix_ws/install/Uvix_sim/share/Uvix_sim/models/aws_robomaker_hospital_floor_01_floor/meshes
[6.391s] copying models/aws_robomaker_hospital_floor_02_ceiling/model.config -> /home/chino/uvix_ws/install/Uvix_sim/share/Uvix_sim/models/aws_robomaker_hospital_floor_02_ceiling
[6.392s] copying models/aws_robomaker_hospital_floor_02_ceiling/model.sdf -> /home/chino/uvix_ws/install/Uvix_sim/share/Uvix_sim/models/aws_robomaker_hospital_floor_02_ceiling
[6.394s] copying models/aws_robomaker_hospital_floor_02_ceiling/meshes/aws_robomaker_hospital_floor_02_ceiling_normal.png -> /home/chino/uvix_ws/install/Uvix_sim/share/Uvix_sim/models/aws_robomaker_hospital_floor_02_ceiling/meshes
[6.401s] copying models/aws_robomaker_hospital_floor_02_ceiling/meshes/aws_robomaker_hospital_floor_02_ceiling.png -> /home/chino/uvix_ws/install/Uvix_sim/share/Uvix_sim/models/aws_robomaker_hospital_floor_02_ceiling/meshes
[6.409s] copying models/aws_robomaker_hospital_floor_02_ceiling/meshes/aws_robomaker_hospital_floor_02_ceiling_collision.dae -> /home/chino/uvix_ws/install/Uvix_sim/share/Uvix_sim/models/aws_robomaker_hospital_floor_02_ceiling/meshes
[6.411s] copying models/aws_robomaker_hospital_floor_02_ceiling/meshes/aws_robomaker_hospital_floor_02_ceiling_visual.dae -> /home/chino/uvix_ws/install/Uvix_sim/share/Uvix_sim/models/aws_robomaker_hospital_floor_02_ceiling/meshes
[6.412s] copying models/aws_robomaker_hospital_floor_02_ceiling/materials/model.sdf -> /home/chino/uvix_ws/install/Uvix_sim/share/Uvix_sim/models/aws_robomaker_hospital_floor_02_ceiling/materials
[6.414s] copying models/aws_robomaker_residential_PortraitB_02/model.config -> /home/chino/uvix_ws/install/Uvix_sim/share/Uvix_sim/models/aws_robomaker_residential_PortraitB_02
[6.416s] copying models/aws_robomaker_residential_PortraitB_02/model.sdf -> /home/chino/uvix_ws/install/Uvix_sim/share/Uvix_sim/models/aws_robomaker_residential_PortraitB_02
[6.417s] copying models/aws_robomaker_residential_PortraitB_02/meshes/aws_PortraitB_01_visual.DAE -> /home/chino/uvix_ws/install/Uvix_sim/share/Uvix_sim/models/aws_robomaker_residential_PortraitB_02/meshes
[6.419s] copying models/aws_robomaker_residential_PortraitB_02/meshes/aws_PortraitB_01_collision.DAE -> /home/chino/uvix_ws/install/Uvix_sim/share/Uvix_sim/models/aws_robomaker_residential_PortraitB_02/meshes
[6.421s] copying models/aws_robomaker_residential_PortraitB_02/materials/textures/aws_PortraitB_02.png -> /home/chino/uvix_ws/install/Uvix_sim/share/Uvix_sim/models/aws_robomaker_residential_PortraitB_02/materials/textures
[6.426s] copying models/aws_robomaker_residential_PortraitB_02/materials/textures/aws_PortraitB_01.png -> /home/chino/uvix_ws/install/Uvix_sim/share/Uvix_sim/models/aws_robomaker_residential_PortraitB_02/materials/textures
[6.428s] copying models/aws_robomaker_residential_PortraitC_01/model.config -> /home/chino/uvix_ws/install/Uvix_sim/share/Uvix_sim/models/aws_robomaker_residential_PortraitC_01
[6.429s] copying models/aws_robomaker_residential_PortraitC_01/model.sdf -> /home/chino/uvix_ws/install/Uvix_sim/share/Uvix_sim/models/aws_robomaker_residential_PortraitC_01
[6.431s] copying models/aws_robomaker_residential_PortraitC_01/meshes/aws_PortraitC_01_visual.DAE -> /home/chino/uvix_ws/install/Uvix_sim/share/Uvix_sim/models/aws_robomaker_residential_PortraitC_01/meshes
[6.433s] copying models/aws_robomaker_residential_PortraitC_01/meshes/aws_PortraitC_01_collision.DAE -> /home/chino/uvix_ws/install/Uvix_sim/share/Uvix_sim/models/aws_robomaker_residential_PortraitC_01/meshes
[6.435s] copying models/aws_robomaker_residential_PortraitC_01/materials/textures/aws_PortraitC_02.png -> /home/chino/uvix_ws/install/Uvix_sim/share/Uvix_sim/models/aws_robomaker_residential_PortraitC_01/materials/textures
[6.445s] copying models/aws_robomaker_residential_PortraitC_01/materials/textures/aws_PortraitC_01.png -> /home/chino/uvix_ws/install/Uvix_sim/share/Uvix_sim/models/aws_robomaker_residential_PortraitC_01/materials/textures
[6.447s] copying models/aws_robomaker_retail_Computer_01/model.config -> /home/chino/uvix_ws/install/Uvix_sim/share/Uvix_sim/models/aws_robomaker_retail_Computer_01
[6.450s] copying models/aws_robomaker_retail_Computer_01/model.sdf -> /home/chino/uvix_ws/install/Uvix_sim/share/Uvix_sim/models/aws_robomaker_retail_Computer_01
[6.451s] copying models/aws_robomaker_retail_Computer_01/meshes/aws_Computer_01_visual.DAE -> /home/chino/uvix_ws/install/Uvix_sim/share/Uvix_sim/models/aws_robomaker_retail_Computer_01/meshes
[6.456s] copying models/aws_robomaker_retail_Computer_01/meshes/aws_Computer_01_collision.DAE -> /home/chino/uvix_ws/install/Uvix_sim/share/Uvix_sim/models/aws_robomaker_retail_Computer_01/meshes
[6.457s] copying models/aws_robomaker_retail_Computer_01/materials/textures/aws_Computer_01.png -> /home/chino/uvix_ws/install/Uvix_sim/share/Uvix_sim/models/aws_robomaker_retail_Computer_01/materials/textures
[6.461s] copying models/aws_robomaker_hospital_ramp_01/model.config -> /home/chino/uvix_ws/install/Uvix_sim/share/Uvix_sim/models/aws_robomaker_hospital_ramp_01
[6.462s] copying models/aws_robomaker_hospital_ramp_01/model.sdf -> /home/chino/uvix_ws/install/Uvix_sim/share/Uvix_sim/models/aws_robomaker_hospital_ramp_01
[6.463s] copying models/aws_robomaker_hospital_ramp_01/meshes/aws_robomaker_hospital_ramp_01_visual.dae -> /home/chino/uvix_ws/install/Uvix_sim/share/Uvix_sim/models/aws_robomaker_hospital_ramp_01/meshes
[6.465s] copying models/aws_robomaker_hospital_ramp_01/meshes/aws_robomaker_hospital_ramp_01_collision.dae -> /home/chino/uvix_ws/install/Uvix_sim/share/Uvix_sim/models/aws_robomaker_hospital_ramp_01/meshes
[6.466s] copying models/aws_robomaker_hospital_ramp_01/meshes/aws_robomaker_hospital_ramp_01_normal.png -> /home/chino/uvix_ws/install/Uvix_sim/share/Uvix_sim/models/aws_robomaker_hospital_ramp_01/meshes
[6.469s] copying models/aws_robomaker_hospital_ramp_01/meshes/aws_robomaker_hospital_ramp_01.png -> /home/chino/uvix_ws/install/Uvix_sim/share/Uvix_sim/models/aws_robomaker_hospital_ramp_01/meshes
[6.471s] copying models/aws_robomaker_hospital_elevator_01_door/model.config -> /home/chino/uvix_ws/install/Uvix_sim/share/Uvix_sim/models/aws_robomaker_hospital_elevator_01_door
[6.473s] copying models/aws_robomaker_hospital_elevator_01_door/model.sdf -> /home/chino/uvix_ws/install/Uvix_sim/share/Uvix_sim/models/aws_robomaker_hospital_elevator_01_door
[6.474s] copying models/aws_robomaker_hospital_elevator_01_door/meshes/aws_robomaker_hospital_elevator_01_low.png -> /home/chino/uvix_ws/install/Uvix_sim/share/Uvix_sim/models/aws_robomaker_hospital_elevator_01_door/meshes
[6.479s] copying models/aws_robomaker_hospital_elevator_01_door/meshes/aws_robomaker_hospital_elevator_01_door_visual.dae -> /home/chino/uvix_ws/install/Uvix_sim/share/Uvix_sim/models/aws_robomaker_hospital_elevator_01_door/meshes
[6.480s] copying models/aws_robomaker_hospital_elevator_01_door/meshes/aws_robomaker_hospital_elevator_01_visual.png -> /home/chino/uvix_ws/install/Uvix_sim/share/Uvix_sim/models/aws_robomaker_hospital_elevator_01_door/meshes
[6.484s] copying models/aws_robomaker_hospital_elevator_01_door/meshes/aws_robomaker_hospital_elevator_01_door_collision.dae -> /home/chino/uvix_ws/install/Uvix_sim/share/Uvix_sim/models/aws_robomaker_hospital_elevator_01_door/meshes
[6.485s] copying models/aws_robomaker_hospital_elevator_01_door/meshes/aws_robomaker_hospital_elevator_01_low_normal.png -> /home/chino/uvix_ws/install/Uvix_sim/share/Uvix_sim/models/aws_robomaker_hospital_elevator_01_door/meshes
[6.488s] copying models/aws_robomaker_hospital_elevator_01_door/meshes/aws_robomaker_hospital_elevator_01_door_low.dae -> /home/chino/uvix_ws/install/Uvix_sim/share/Uvix_sim/models/aws_robomaker_hospital_elevator_01_door/meshes
[6.489s] copying models/aws_robomaker_hospital_elevator_01_door/meshes/aws_robomaker_hospital_elevator_01_visual_normal.png -> /home/chino/uvix_ws/install/Uvix_sim/share/Uvix_sim/models/aws_robomaker_hospital_elevator_01_door/meshes
[6.492s] running install_egg_info
[6.496s] Copying ../../build/Uvix_sim/Uvix_sim.egg-info to /home/chino/uvix_ws/install/Uvix_sim/lib/python3.10/site-packages/Uvix_sim-0.0.0-py3.10.egg-info
[6.501s] running install_scripts
[6.543s] Installing gazebo_ready_watcher script to /home/chino/uvix_ws/install/Uvix_sim/lib/Uvix_sim
[6.544s] Installing slam_prereq_checker script to /home/chino/uvix_ws/install/Uvix_sim/lib/Uvix_sim
[6.546s] writing list of installed files to '/home/chino/uvix_ws/build/Uvix_sim/install.log'
[6.590s] Invoked command in '/home/chino/uvix_ws/src/Uvix_sim' returned '0': PYTHONPATH=/home/chino/uvix_ws/build/Uvix_sim/prefix_override:/usr/lib/python3/dist-packages/colcon_core/task/python/colcon_distutils_commands:/home/chino/uvix_ws/install/Uvix_sim/lib/python3.10/site-packages:${PYTHONPATH} /usr/bin/python3 -W ignore:setup.py install is deprecated -W ignore:easy_install command is deprecated setup.py egg_info --egg-base ../../build/Uvix_sim build --build-base /home/chino/uvix_ws/build/Uvix_sim/build install --record /home/chino/uvix_ws/build/Uvix_sim/install.log --single-version-externally-managed install_data --force
