running develop
Removing /home/chino/uvix_ws/install/joy_bridge/lib/python3.10/site-packages/joy-bridge.egg-link (link to .)
running egg_info
writing ../../build/joy_bridge/joy_bridge.egg-info/PKG-INFO
writing dependency_links to ../../build/joy_bridge/joy_bridge.egg-info/dependency_links.txt
writing entry points to ../../build/joy_bridge/joy_bridge.egg-info/entry_points.txt
writing requirements to ../../build/joy_bridge/joy_bridge.egg-info/requires.txt
writing top-level names to ../../build/joy_bridge/joy_bridge.egg-info/top_level.txt
reading manifest file '../../build/joy_bridge/joy_bridge.egg-info/SOURCES.txt'
writing manifest file '../../build/joy_bridge/joy_bridge.egg-info/SOURCES.txt'
running build
running build_py
creating /home/chino/uvix_ws/build/joy_bridge/build
creating /home/chino/uvix_ws/build/joy_bridge/build/lib
creating /home/chino/uvix_ws/build/joy_bridge/build/lib/joy_bridge
copying joy_bridge/joy_udp_node.py -> /home/chino/uvix_ws/build/joy_bridge/build/lib/joy_bridge
copying joy_bridge/__init__.py -> /home/chino/uvix_ws/build/joy_bridge/build/lib/joy_bridge
running install
running install_lib
creating /home/chino/uvix_ws/install/joy_bridge/lib/python3.10/site-packages/joy_bridge
copying /home/chino/uvix_ws/build/joy_bridge/build/lib/joy_bridge/joy_udp_node.py -> /home/chino/uvix_ws/install/joy_bridge/lib/python3.10/site-packages/joy_bridge
copying /home/chino/uvix_ws/build/joy_bridge/build/lib/joy_bridge/__init__.py -> /home/chino/uvix_ws/install/joy_bridge/lib/python3.10/site-packages/joy_bridge
byte-compiling /home/chino/uvix_ws/install/joy_bridge/lib/python3.10/site-packages/joy_bridge/joy_udp_node.py to joy_udp_node.cpython-310.pyc
byte-compiling /home/chino/uvix_ws/install/joy_bridge/lib/python3.10/site-packages/joy_bridge/__init__.py to __init__.cpython-310.pyc
running install_data
copying resource/joy_bridge -> /home/chino/uvix_ws/install/joy_bridge/share/ament_index/resource_index/packages
copying package.xml -> /home/chino/uvix_ws/install/joy_bridge/share/joy_bridge
running install_egg_info
Copying ../../build/joy_bridge/joy_bridge.egg-info to /home/chino/uvix_ws/install/joy_bridge/lib/python3.10/site-packages/joy_bridge-0.0.0-py3.10.egg-info
running install_scripts
Installing joy_udp script to /home/chino/uvix_ws/install/joy_bridge/lib/joy_bridge
writing list of installed files to '/home/chino/uvix_ws/build/joy_bridge/install.log'
