[3.114s] Invoking command in '/home/chino/uvix_ws/build/joy_bridge': PYTHONPATH=/home/chino/uvix_ws/build/joy_bridge/prefix_override:/usr/lib/python3/dist-packages/colcon_core/task/python/colcon_distutils_commands:/home/chino/uvix_ws/install/joy_bridge/lib/python3.10/site-packages:${PYTHONPATH} /usr/bin/python3 -W ignore:setup.py install is deprecated -W ignore:easy_install command is deprecated setup.py develop --uninstall --editable --build-directory /home/chino/uvix_ws/build/joy_bridge/build
[3.700s] running develop
[4.140s] Removing /home/chino/uvix_ws/install/joy_bridge/lib/python3.10/site-packages/joy-bridge.egg-link (link to .)
[4.192s] Invoked command in '/home/chino/uvix_ws/build/joy_bridge' returned '0': PYTHONPATH=/home/chino/uvix_ws/build/joy_bridge/prefix_override:/usr/lib/python3/dist-packages/colcon_core/task/python/colcon_distutils_commands:/home/chino/uvix_ws/install/joy_bridge/lib/python3.10/site-packages:${PYTHONPATH} /usr/bin/python3 -W ignore:setup.py install is deprecated -W ignore:easy_install command is deprecated setup.py develop --uninstall --editable --build-directory /home/chino/uvix_ws/build/joy_bridge/build
[4.197s] Invoking command in '/home/chino/uvix_ws/src/joy_bridge': PYTHONPATH=/home/chino/uvix_ws/build/joy_bridge/prefix_override:/usr/lib/python3/dist-packages/colcon_core/task/python/colcon_distutils_commands:/home/chino/uvix_ws/install/joy_bridge/lib/python3.10/site-packages:${PYTHONPATH} /usr/bin/python3 -W ignore:setup.py install is deprecated -W ignore:easy_install command is deprecated setup.py egg_info --egg-base ../../build/joy_bridge build --build-base /home/chino/uvix_ws/build/joy_bridge/build install --record /home/chino/uvix_ws/build/joy_bridge/install.log --single-version-externally-managed install_data --force
[4.731s] running egg_info
[4.732s] writing ../../build/joy_bridge/joy_bridge.egg-info/PKG-INFO
[4.737s] writing dependency_links to ../../build/joy_bridge/joy_bridge.egg-info/dependency_links.txt
[4.738s] writing entry points to ../../build/joy_bridge/joy_bridge.egg-info/entry_points.txt
[4.738s] writing requirements to ../../build/joy_bridge/joy_bridge.egg-info/requires.txt
[4.741s] writing top-level names to ../../build/joy_bridge/joy_bridge.egg-info/top_level.txt
[4.748s] reading manifest file '../../build/joy_bridge/joy_bridge.egg-info/SOURCES.txt'
[4.750s] writing manifest file '../../build/joy_bridge/joy_bridge.egg-info/SOURCES.txt'
[4.750s] running build
[4.750s] running build_py
[4.751s] creating /home/chino/uvix_ws/build/joy_bridge/build
[4.752s] creating /home/chino/uvix_ws/build/joy_bridge/build/lib
[4.753s] creating /home/chino/uvix_ws/build/joy_bridge/build/lib/joy_bridge
[4.754s] copying joy_bridge/joy_udp_node.py -> /home/chino/uvix_ws/build/joy_bridge/build/lib/joy_bridge
[4.755s] copying joy_bridge/__init__.py -> /home/chino/uvix_ws/build/joy_bridge/build/lib/joy_bridge
[4.755s] running install
[4.756s] running install_lib
[4.758s] creating /home/chino/uvix_ws/install/joy_bridge/lib/python3.10/site-packages/joy_bridge
[4.759s] copying /home/chino/uvix_ws/build/joy_bridge/build/lib/joy_bridge/joy_udp_node.py -> /home/chino/uvix_ws/install/joy_bridge/lib/python3.10/site-packages/joy_bridge
[4.759s] copying /home/chino/uvix_ws/build/joy_bridge/build/lib/joy_bridge/__init__.py -> /home/chino/uvix_ws/install/joy_bridge/lib/python3.10/site-packages/joy_bridge
[4.761s] byte-compiling /home/chino/uvix_ws/install/joy_bridge/lib/python3.10/site-packages/joy_bridge/joy_udp_node.py to joy_udp_node.cpython-310.pyc
[4.763s] byte-compiling /home/chino/uvix_ws/install/joy_bridge/lib/python3.10/site-packages/joy_bridge/__init__.py to __init__.cpython-310.pyc
[4.763s] running install_data
[4.764s] copying resource/joy_bridge -> /home/chino/uvix_ws/install/joy_bridge/share/ament_index/resource_index/packages
[4.765s] copying package.xml -> /home/chino/uvix_ws/install/joy_bridge/share/joy_bridge
[4.766s] running install_egg_info
[4.769s] Copying ../../build/joy_bridge/joy_bridge.egg-info to /home/chino/uvix_ws/install/joy_bridge/lib/python3.10/site-packages/joy_bridge-0.0.0-py3.10.egg-info
[4.774s] running install_scripts
[4.818s] Installing joy_udp script to /home/chino/uvix_ws/install/joy_bridge/lib/joy_bridge
[4.818s] writing list of installed files to '/home/chino/uvix_ws/build/joy_bridge/install.log'
[4.866s] Invoked command in '/home/chino/uvix_ws/src/joy_bridge' returned '0': PYTHONPATH=/home/chino/uvix_ws/build/joy_bridge/prefix_override:/usr/lib/python3/dist-packages/colcon_core/task/python/colcon_distutils_commands:/home/chino/uvix_ws/install/joy_bridge/lib/python3.10/site-packages:${PYTHONPATH} /usr/bin/python3 -W ignore:setup.py install is deprecated -W ignore:easy_install command is deprecated setup.py egg_info --egg-base ../../build/joy_bridge build --build-base /home/chino/uvix_ws/build/joy_bridge/build install --record /home/chino/uvix_ws/build/joy_bridge/install.log --single-version-externally-managed install_data --force
